[0.016s] Invoking command in '/home/farah/ws_farah/build/ros2_control_demo_example_8': AMENT_PREFIX_PATH=/home/farah/ws_farah/install/joint_state_broadcaster:/home/farah/ws_farah/install/forward_command_controller:/home/farah/ws_farah/install/transmission_interface:/home/farah/ws_farah/install/hardware_interface_testing:/home/farah/ws_farah/install/controller_interface:/home/farah/ws_farah/install/ros2controlcli:/home/farah/ws_farah/install/hardware_interface:/home/farah/ws_farah/install/ros2_controllers_test_nodes:/home/farah/ws_farah/install/ros2_control_test_assets:/home/farah/ws_farah/install/ros2_control_demo_description:/home/farah/ws_farah/install/controller_manager_msgs:${AMENT_PREFIX_PATH} CMAKE_PREFIX_PATH=/home/farah/ws_farah/install/joint_state_broadcaster:/home/farah/ws_farah/install/forward_command_controller:/home/farah/ws_farah/install/transmission_interface:/home/farah/ws_farah/install/hardware_interface_testing:/home/farah/ws_farah/install/controller_interface:/home/farah/ws_farah/install/hardware_interface:/home/farah/ws_farah/install/ros2_control_test_assets:/home/farah/ws_farah/install/ros2_control_demo_description:/home/farah/ws_farah/install/controller_manager_msgs:/opt/ros/humble LD_LIBRARY_PATH=/home/farah/ws_farah/install/joint_state_broadcaster/lib:/home/farah/ws_farah/install/forward_command_controller/lib:/home/farah/ws_farah/install/transmission_interface/lib:/home/farah/ws_farah/install/hardware_interface_testing/lib:/home/farah/ws_farah/install/controller_interface/lib:/home/farah/ws_farah/install/hardware_interface/lib:/home/farah/ws_farah/install/controller_manager_msgs/lib:${LD_LIBRARY_PATH} PYTHONPATH=/home/farah/ws_farah/install/ros2controlcli/lib/python3.10/site-packages:/home/farah/ws_farah/install/ros2_controllers_test_nodes/lib/python3.10/site-packages:/home/farah/ws_farah/install/controller_manager_msgs/local/lib/python3.10/dist-packages:${PYTHONPATH} /usr/bin/cmake /home/farah/ws_farah/src/ros2_control_demos/example_8 -DCMAKE_INSTALL_PREFIX=/home/farah/ws_farah/install/ros2_control_demo_example_8
[0.066s] -- The CXX compiler identification is GNU 11.4.0
[0.072s] -- Detecting CXX compiler ABI info
[0.139s] -- Detecting CXX compiler ABI info - done
[0.148s] -- Check for working CXX compiler: /usr/bin/c++ - skipped
[0.149s] -- Detecting CXX compile features
[0.149s] -- Detecting CXX compile features - done
[0.153s] -- Found ament_cmake: 1.3.11 (/opt/ros/humble/share/ament_cmake/cmake)
[0.442s] -- Found Python3: /usr/bin/python3 (found version "3.10.12") found components: Interpreter 
[0.522s] -- Found hardware_interface: 2.50.0 (/home/farah/ws_farah/install/hardware_interface/share/hardware_interface/cmake)
[0.559s] -- Found rosidl_generator_c: 3.1.6 (/opt/ros/humble/share/rosidl_generator_c/cmake)
[0.564s] -- Found rosidl_adapter: 3.1.6 (/opt/ros/humble/share/rosidl_adapter/cmake)
[0.572s] -- Found rosidl_generator_cpp: 3.1.6 (/opt/ros/humble/share/rosidl_generator_cpp/cmake)
[0.583s] -- Using all available rosidl_typesupport_c: rosidl_typesupport_fastrtps_c;rosidl_typesupport_introspection_c
[0.598s] -- Using all available rosidl_typesupport_cpp: rosidl_typesupport_fastrtps_cpp;rosidl_typesupport_introspection_cpp
[0.784s] -- Found rmw_implementation_cmake: 6.1.2 (/opt/ros/humble/share/rmw_implementation_cmake/cmake)
[0.787s] -- Found rmw_fastrtps_cpp: 6.2.7 (/opt/ros/humble/share/rmw_fastrtps_cpp/cmake)
[0.811s] -- Found TinyXML2 via Config file: TinyXML2_DIR-NOTFOUND
[0.850s] -- Found OpenSSL: /usr/lib/x86_64-linux-gnu/libcrypto.so (found version "3.0.2")  
[0.852s] -- Found TinyXML2 via Config file: TinyXML2_DIR-NOTFOUND
[0.864s] -- Found FastRTPS: /opt/ros/humble/include  
[0.867s] -- Found TinyXML2 via Config file: TinyXML2_DIR-NOTFOUND
[0.874s] -- Found TinyXML2 via Config file: TinyXML2_DIR-NOTFOUND
[0.883s] -- Using RMW implementation 'rmw_fastrtps_cpp' as default
[0.891s] -- Looking for C++ include pthread.h
[0.982s] -- Looking for C++ include pthread.h - found
[0.982s] -- Performing Test CMAKE_HAVE_LIBC_PTHREAD
[1.070s] -- Performing Test CMAKE_HAVE_LIBC_PTHREAD - Success
[1.070s] -- Found Threads: TRUE  
[1.112s] -- Found transmission_interface: 2.50.0 (/home/farah/ws_farah/install/transmission_interface/share/transmission_interface/cmake)
[1.123s] -- Found ament_cmake_pytest: 1.3.11 (/opt/ros/humble/share/ament_cmake_pytest/cmake)
[1.985s] -- Configuring done
[2.003s] -- Generating done
[2.007s] -- Build files have been written to: /home/farah/ws_farah/build/ros2_control_demo_example_8
[2.016s] Invoked command in '/home/farah/ws_farah/build/ros2_control_demo_example_8' returned '0': AMENT_PREFIX_PATH=/home/farah/ws_farah/install/joint_state_broadcaster:/home/farah/ws_farah/install/forward_command_controller:/home/farah/ws_farah/install/transmission_interface:/home/farah/ws_farah/install/hardware_interface_testing:/home/farah/ws_farah/install/controller_interface:/home/farah/ws_farah/install/ros2controlcli:/home/farah/ws_farah/install/hardware_interface:/home/farah/ws_farah/install/ros2_controllers_test_nodes:/home/farah/ws_farah/install/ros2_control_test_assets:/home/farah/ws_farah/install/ros2_control_demo_description:/home/farah/ws_farah/install/controller_manager_msgs:${AMENT_PREFIX_PATH} CMAKE_PREFIX_PATH=/home/farah/ws_farah/install/joint_state_broadcaster:/home/farah/ws_farah/install/forward_command_controller:/home/farah/ws_farah/install/transmission_interface:/home/farah/ws_farah/install/hardware_interface_testing:/home/farah/ws_farah/install/controller_interface:/home/farah/ws_farah/install/hardware_interface:/home/farah/ws_farah/install/ros2_control_test_assets:/home/farah/ws_farah/install/ros2_control_demo_description:/home/farah/ws_farah/install/controller_manager_msgs:/opt/ros/humble LD_LIBRARY_PATH=/home/farah/ws_farah/install/joint_state_broadcaster/lib:/home/farah/ws_farah/install/forward_command_controller/lib:/home/farah/ws_farah/install/transmission_interface/lib:/home/farah/ws_farah/install/hardware_interface_testing/lib:/home/farah/ws_farah/install/controller_interface/lib:/home/farah/ws_farah/install/hardware_interface/lib:/home/farah/ws_farah/install/controller_manager_msgs/lib:${LD_LIBRARY_PATH} PYTHONPATH=/home/farah/ws_farah/install/ros2controlcli/lib/python3.10/site-packages:/home/farah/ws_farah/install/ros2_controllers_test_nodes/lib/python3.10/site-packages:/home/farah/ws_farah/install/controller_manager_msgs/local/lib/python3.10/dist-packages:${PYTHONPATH} /usr/bin/cmake /home/farah/ws_farah/src/ros2_control_demos/example_8 -DCMAKE_INSTALL_PREFIX=/home/farah/ws_farah/install/ros2_control_demo_example_8
[2.017s] Invoking command in '/home/farah/ws_farah/build/ros2_control_demo_example_8': AMENT_PREFIX_PATH=/home/farah/ws_farah/install/joint_state_broadcaster:/home/farah/ws_farah/install/forward_command_controller:/home/farah/ws_farah/install/transmission_interface:/home/farah/ws_farah/install/hardware_interface_testing:/home/farah/ws_farah/install/controller_interface:/home/farah/ws_farah/install/ros2controlcli:/home/farah/ws_farah/install/hardware_interface:/home/farah/ws_farah/install/ros2_controllers_test_nodes:/home/farah/ws_farah/install/ros2_control_test_assets:/home/farah/ws_farah/install/ros2_control_demo_description:/home/farah/ws_farah/install/controller_manager_msgs:${AMENT_PREFIX_PATH} CMAKE_PREFIX_PATH=/home/farah/ws_farah/install/joint_state_broadcaster:/home/farah/ws_farah/install/forward_command_controller:/home/farah/ws_farah/install/transmission_interface:/home/farah/ws_farah/install/hardware_interface_testing:/home/farah/ws_farah/install/controller_interface:/home/farah/ws_farah/install/hardware_interface:/home/farah/ws_farah/install/ros2_control_test_assets:/home/farah/ws_farah/install/ros2_control_demo_description:/home/farah/ws_farah/install/controller_manager_msgs:/opt/ros/humble LD_LIBRARY_PATH=/home/farah/ws_farah/install/joint_state_broadcaster/lib:/home/farah/ws_farah/install/forward_command_controller/lib:/home/farah/ws_farah/install/transmission_interface/lib:/home/farah/ws_farah/install/hardware_interface_testing/lib:/home/farah/ws_farah/install/controller_interface/lib:/home/farah/ws_farah/install/hardware_interface/lib:/home/farah/ws_farah/install/controller_manager_msgs/lib:${LD_LIBRARY_PATH} PYTHONPATH=/home/farah/ws_farah/install/ros2controlcli/lib/python3.10/site-packages:/home/farah/ws_farah/install/ros2_controllers_test_nodes/lib/python3.10/site-packages:/home/farah/ws_farah/install/controller_manager_msgs/local/lib/python3.10/dist-packages:${PYTHONPATH} /usr/bin/cmake --build /home/farah/ws_farah/build/ros2_control_demo_example_8 -- -j8 -l8
[2.057s] [ 50%] [32mBuilding CXX object CMakeFiles/ros2_control_demo_example_8.dir/hardware/rrbot_transmissions_system_position_only.cpp.o[0m
[3.552s] [100%] [32m[1mLinking CXX shared library libros2_control_demo_example_8.so[0m
[3.756s] [100%] Built target ros2_control_demo_example_8
[3.764s] Invoked command in '/home/farah/ws_farah/build/ros2_control_demo_example_8' returned '0': AMENT_PREFIX_PATH=/home/farah/ws_farah/install/joint_state_broadcaster:/home/farah/ws_farah/install/forward_command_controller:/home/farah/ws_farah/install/transmission_interface:/home/farah/ws_farah/install/hardware_interface_testing:/home/farah/ws_farah/install/controller_interface:/home/farah/ws_farah/install/ros2controlcli:/home/farah/ws_farah/install/hardware_interface:/home/farah/ws_farah/install/ros2_controllers_test_nodes:/home/farah/ws_farah/install/ros2_control_test_assets:/home/farah/ws_farah/install/ros2_control_demo_description:/home/farah/ws_farah/install/controller_manager_msgs:${AMENT_PREFIX_PATH} CMAKE_PREFIX_PATH=/home/farah/ws_farah/install/joint_state_broadcaster:/home/farah/ws_farah/install/forward_command_controller:/home/farah/ws_farah/install/transmission_interface:/home/farah/ws_farah/install/hardware_interface_testing:/home/farah/ws_farah/install/controller_interface:/home/farah/ws_farah/install/hardware_interface:/home/farah/ws_farah/install/ros2_control_test_assets:/home/farah/ws_farah/install/ros2_control_demo_description:/home/farah/ws_farah/install/controller_manager_msgs:/opt/ros/humble LD_LIBRARY_PATH=/home/farah/ws_farah/install/joint_state_broadcaster/lib:/home/farah/ws_farah/install/forward_command_controller/lib:/home/farah/ws_farah/install/transmission_interface/lib:/home/farah/ws_farah/install/hardware_interface_testing/lib:/home/farah/ws_farah/install/controller_interface/lib:/home/farah/ws_farah/install/hardware_interface/lib:/home/farah/ws_farah/install/controller_manager_msgs/lib:${LD_LIBRARY_PATH} PYTHONPATH=/home/farah/ws_farah/install/ros2controlcli/lib/python3.10/site-packages:/home/farah/ws_farah/install/ros2_controllers_test_nodes/lib/python3.10/site-packages:/home/farah/ws_farah/install/controller_manager_msgs/local/lib/python3.10/dist-packages:${PYTHONPATH} /usr/bin/cmake --build /home/farah/ws_farah/build/ros2_control_demo_example_8 -- -j8 -l8
[3.766s] Invoking command in '/home/farah/ws_farah/build/ros2_control_demo_example_8': AMENT_PREFIX_PATH=/home/farah/ws_farah/install/joint_state_broadcaster:/home/farah/ws_farah/install/forward_command_controller:/home/farah/ws_farah/install/transmission_interface:/home/farah/ws_farah/install/hardware_interface_testing:/home/farah/ws_farah/install/controller_interface:/home/farah/ws_farah/install/ros2controlcli:/home/farah/ws_farah/install/hardware_interface:/home/farah/ws_farah/install/ros2_controllers_test_nodes:/home/farah/ws_farah/install/ros2_control_test_assets:/home/farah/ws_farah/install/ros2_control_demo_description:/home/farah/ws_farah/install/controller_manager_msgs:${AMENT_PREFIX_PATH} CMAKE_PREFIX_PATH=/home/farah/ws_farah/install/joint_state_broadcaster:/home/farah/ws_farah/install/forward_command_controller:/home/farah/ws_farah/install/transmission_interface:/home/farah/ws_farah/install/hardware_interface_testing:/home/farah/ws_farah/install/controller_interface:/home/farah/ws_farah/install/hardware_interface:/home/farah/ws_farah/install/ros2_control_test_assets:/home/farah/ws_farah/install/ros2_control_demo_description:/home/farah/ws_farah/install/controller_manager_msgs:/opt/ros/humble LD_LIBRARY_PATH=/home/farah/ws_farah/install/joint_state_broadcaster/lib:/home/farah/ws_farah/install/forward_command_controller/lib:/home/farah/ws_farah/install/transmission_interface/lib:/home/farah/ws_farah/install/hardware_interface_testing/lib:/home/farah/ws_farah/install/controller_interface/lib:/home/farah/ws_farah/install/hardware_interface/lib:/home/farah/ws_farah/install/controller_manager_msgs/lib:${LD_LIBRARY_PATH} PYTHONPATH=/home/farah/ws_farah/install/ros2controlcli/lib/python3.10/site-packages:/home/farah/ws_farah/install/ros2_controllers_test_nodes/lib/python3.10/site-packages:/home/farah/ws_farah/install/controller_manager_msgs/local/lib/python3.10/dist-packages:${PYTHONPATH} /usr/bin/cmake --install /home/farah/ws_farah/build/ros2_control_demo_example_8
[3.772s] -- Install configuration: ""
[3.772s] -- Installing: /home/farah/ws_farah/install/ros2_control_demo_example_8/share/ros2_control_demo_example_8/ros2_control_demo_example_8.xml
[3.772s] -- Installing: /home/farah/ws_farah/install/ros2_control_demo_example_8/include/ros2_control_demo_example_8
[3.772s] -- Installing: /home/farah/ws_farah/install/ros2_control_demo_example_8/include/ros2_control_demo_example_8/ros2_control_demo_example_8
[3.772s] -- Installing: /home/farah/ws_farah/install/ros2_control_demo_example_8/include/ros2_control_demo_example_8/ros2_control_demo_example_8/rrbot_transmissions_system_position_only.hpp
[3.772s] -- Installing: /home/farah/ws_farah/install/ros2_control_demo_example_8/share/ros2_control_demo_example_8/launch
[3.772s] -- Installing: /home/farah/ws_farah/install/ros2_control_demo_example_8/share/ros2_control_demo_example_8/launch/view_robot.launch.py
[3.772s] -- Installing: /home/farah/ws_farah/install/ros2_control_demo_example_8/share/ros2_control_demo_example_8/ros2_control
[3.772s] -- Installing: /home/farah/ws_farah/install/ros2_control_demo_example_8/share/ros2_control_demo_example_8/ros2_control/rrbot_transmissions_system_position_only.ros2_control.xacro
[3.772s] -- Installing: /home/farah/ws_farah/install/ros2_control_demo_example_8/share/ros2_control_demo_example_8/urdf
[3.772s] -- Installing: /home/farah/ws_farah/install/ros2_control_demo_example_8/share/ros2_control_demo_example_8/urdf/rrbot_transmissions_system_position_only.urdf.xacro
[3.772s] -- Up-to-date: /home/farah/ws_farah/install/ros2_control_demo_example_8/share/ros2_control_demo_example_8/launch
[3.773s] -- Installing: /home/farah/ws_farah/install/ros2_control_demo_example_8/share/ros2_control_demo_example_8/launch/test_forward_position_controller.launch.py
[3.773s] -- Installing: /home/farah/ws_farah/install/ros2_control_demo_example_8/share/ros2_control_demo_example_8/launch/rrbot_transmissions_system_position_only.launch.py
[3.773s] -- Installing: /home/farah/ws_farah/install/ros2_control_demo_example_8/share/ros2_control_demo_example_8/config
[3.773s] -- Installing: /home/farah/ws_farah/install/ros2_control_demo_example_8/share/ros2_control_demo_example_8/config/rrbot_controllers.yaml
[3.773s] -- Installing: /home/farah/ws_farah/install/ros2_control_demo_example_8/share/ros2_control_demo_example_8/config/rrbot_forward_position_publisher.yaml
[3.773s] -- Installing: /home/farah/ws_farah/install/ros2_control_demo_example_8/lib/libros2_control_demo_example_8.so
[3.774s] -- Set runtime path of "/home/farah/ws_farah/install/ros2_control_demo_example_8/lib/libros2_control_demo_example_8.so" to ""
[3.774s] -- Installing: /home/farah/ws_farah/install/ros2_control_demo_example_8/share/ros2_control_demo_example_8/environment/library_path.sh
[3.774s] -- Installing: /home/farah/ws_farah/install/ros2_control_demo_example_8/share/ros2_control_demo_example_8/environment/library_path.dsv
[3.774s] -- Installing: /home/farah/ws_farah/install/ros2_control_demo_example_8/share/ament_index/resource_index/package_run_dependencies/ros2_control_demo_example_8
[3.774s] -- Installing: /home/farah/ws_farah/install/ros2_control_demo_example_8/share/ament_index/resource_index/parent_prefix_path/ros2_control_demo_example_8
[3.774s] -- Installing: /home/farah/ws_farah/install/ros2_control_demo_example_8/share/ros2_control_demo_example_8/environment/ament_prefix_path.sh
[3.774s] -- Installing: /home/farah/ws_farah/install/ros2_control_demo_example_8/share/ros2_control_demo_example_8/environment/ament_prefix_path.dsv
[3.774s] -- Installing: /home/farah/ws_farah/install/ros2_control_demo_example_8/share/ros2_control_demo_example_8/environment/path.sh
[3.775s] -- Installing: /home/farah/ws_farah/install/ros2_control_demo_example_8/share/ros2_control_demo_example_8/environment/path.dsv
[3.775s] -- Installing: /home/farah/ws_farah/install/ros2_control_demo_example_8/share/ros2_control_demo_example_8/local_setup.bash
[3.775s] -- Installing: /home/farah/ws_farah/install/ros2_control_demo_example_8/share/ros2_control_demo_example_8/local_setup.sh
[3.775s] -- Installing: /home/farah/ws_farah/install/ros2_control_demo_example_8/share/ros2_control_demo_example_8/local_setup.zsh
[3.775s] -- Installing: /home/farah/ws_farah/install/ros2_control_demo_example_8/share/ros2_control_demo_example_8/local_setup.dsv
[3.775s] -- Installing: /home/farah/ws_farah/install/ros2_control_demo_example_8/share/ros2_control_demo_example_8/package.dsv
[3.775s] -- Installing: /home/farah/ws_farah/install/ros2_control_demo_example_8/share/ament_index/resource_index/packages/ros2_control_demo_example_8
[3.775s] -- Installing: /home/farah/ws_farah/install/ros2_control_demo_example_8/share/ament_index/resource_index/hardware_interface__pluginlib__plugin/ros2_control_demo_example_8
[3.775s] -- Installing: /home/farah/ws_farah/install/ros2_control_demo_example_8/share/ros2_control_demo_example_8/cmake/export_ros2_control_demo_example_8Export.cmake
[3.776s] -- Installing: /home/farah/ws_farah/install/ros2_control_demo_example_8/share/ros2_control_demo_example_8/cmake/export_ros2_control_demo_example_8Export-noconfig.cmake
[3.776s] -- Installing: /home/farah/ws_farah/install/ros2_control_demo_example_8/share/ros2_control_demo_example_8/cmake/ament_cmake_export_targets-extras.cmake
[3.776s] -- Installing: /home/farah/ws_farah/install/ros2_control_demo_example_8/share/ros2_control_demo_example_8/cmake/ament_cmake_export_dependencies-extras.cmake
[3.776s] -- Installing: /home/farah/ws_farah/install/ros2_control_demo_example_8/share/ros2_control_demo_example_8/cmake/ros2_control_demo_example_8Config.cmake
[3.776s] -- Installing: /home/farah/ws_farah/install/ros2_control_demo_example_8/share/ros2_control_demo_example_8/cmake/ros2_control_demo_example_8Config-version.cmake
[3.776s] -- Installing: /home/farah/ws_farah/install/ros2_control_demo_example_8/share/ros2_control_demo_example_8/package.xml
[3.778s] Invoked command in '/home/farah/ws_farah/build/ros2_control_demo_example_8' returned '0': AMENT_PREFIX_PATH=/home/farah/ws_farah/install/joint_state_broadcaster:/home/farah/ws_farah/install/forward_command_controller:/home/farah/ws_farah/install/transmission_interface:/home/farah/ws_farah/install/hardware_interface_testing:/home/farah/ws_farah/install/controller_interface:/home/farah/ws_farah/install/ros2controlcli:/home/farah/ws_farah/install/hardware_interface:/home/farah/ws_farah/install/ros2_controllers_test_nodes:/home/farah/ws_farah/install/ros2_control_test_assets:/home/farah/ws_farah/install/ros2_control_demo_description:/home/farah/ws_farah/install/controller_manager_msgs:${AMENT_PREFIX_PATH} CMAKE_PREFIX_PATH=/home/farah/ws_farah/install/joint_state_broadcaster:/home/farah/ws_farah/install/forward_command_controller:/home/farah/ws_farah/install/transmission_interface:/home/farah/ws_farah/install/hardware_interface_testing:/home/farah/ws_farah/install/controller_interface:/home/farah/ws_farah/install/hardware_interface:/home/farah/ws_farah/install/ros2_control_test_assets:/home/farah/ws_farah/install/ros2_control_demo_description:/home/farah/ws_farah/install/controller_manager_msgs:/opt/ros/humble LD_LIBRARY_PATH=/home/farah/ws_farah/install/joint_state_broadcaster/lib:/home/farah/ws_farah/install/forward_command_controller/lib:/home/farah/ws_farah/install/transmission_interface/lib:/home/farah/ws_farah/install/hardware_interface_testing/lib:/home/farah/ws_farah/install/controller_interface/lib:/home/farah/ws_farah/install/hardware_interface/lib:/home/farah/ws_farah/install/controller_manager_msgs/lib:${LD_LIBRARY_PATH} PYTHONPATH=/home/farah/ws_farah/install/ros2controlcli/lib/python3.10/site-packages:/home/farah/ws_farah/install/ros2_controllers_test_nodes/lib/python3.10/site-packages:/home/farah/ws_farah/install/controller_manager_msgs/local/lib/python3.10/dist-packages:${PYTHONPATH} /usr/bin/cmake --install /home/farah/ws_farah/build/ros2_control_demo_example_8
