-- The CXX compiler identification is GNU 11.4.0
-- Detecting CXX compiler ABI info
-- Detecting CXX compiler ABI info - done
-- Check for working CXX compiler: /usr/bin/c++ - skipped
-- Detecting CXX compile features
-- Detecting CXX compile features - done
-- Found ament_cmake: 1.3.11 (/opt/ros/humble/share/ament_cmake/cmake)
-- Found Python3: /usr/bin/python3 (found version "3.10.12") found components: Interpreter 
-- Found angles: 1.15.0 (/opt/ros/humble/share/angles/cmake)
-- Found control_msgs: 4.8.0 (/opt/ros/humble/share/control_msgs/cmake)
-- Found rosidl_generator_c: 3.1.6 (/opt/ros/humble/share/rosidl_generator_c/cmake)
-- Found rosidl_adapter: 3.1.6 (/opt/ros/humble/share/rosidl_adapter/cmake)
-- Found rosidl_generator_cpp: 3.1.6 (/opt/ros/humble/share/rosidl_generator_cpp/cmake)
-- Using all available rosidl_typesupport_c: rosidl_typesupport_fastrtps_c;rosidl_typesupport_introspection_c
-- Using all available rosidl_typesupport_cpp: rosidl_typesupport_fastrtps_cpp;rosidl_typesupport_introspection_cpp
-- Found control_toolbox: 3.6.1 (/opt/ros/humble/share/control_toolbox/cmake)
-- Found rmw_implementation_cmake: 6.1.2 (/opt/ros/humble/share/rmw_implementation_cmake/cmake)
-- Found rmw_fastrtps_cpp: 6.2.7 (/opt/ros/humble/share/rmw_fastrtps_cpp/cmake)
-- Found OpenSSL: /usr/lib/x86_64-linux-gnu/libcrypto.so (found version "3.0.2")  
-- Found FastRTPS: /opt/ros/humble/include  
-- Using RMW implementation 'rmw_fastrtps_cpp' as default
-- Looking for C++ include pthread.h
-- Looking for C++ include pthread.h - found
-- Performing Test CMAKE_HAVE_LIBC_PTHREAD
-- Performing Test CMAKE_HAVE_LIBC_PTHREAD - Success
-- Found Threads: TRUE  
-- Found controller_interface: 2.50.0 (/home/farah/ws_farah/install/controller_interface/share/controller_interface/cmake)
-- Found ament_cmake_gmock: 1.3.11 (/opt/ros/humble/share/ament_cmake_gmock/cmake)
-- Found controller_manager: 2.50.0 (/opt/ros/humble/share/controller_manager/cmake)
-- Found ros2_control_test_assets: 2.50.0 (/home/farah/ws_farah/install/ros2_control_test_assets/share/ros2_control_test_assets/cmake)
-- Found gmock sources under '/opt/ros/humble/src/gmock_vendor': C++ tests using 'Google Mock' will be built
-- The C compiler identification is GNU 11.4.0
-- Detecting C compiler ABI info
-- Detecting C compiler ABI info - done
-- Check for working C compiler: /usr/bin/cc - skipped
-- Detecting C compile features
-- Detecting C compile features - done
-- Found ament_cmake_gtest: 1.3.11 (/opt/ros/humble/share/ament_cmake_gtest/cmake)
-- Found gtest sources under '/opt/ros/humble/src/gtest_vendor': C++ tests using 'Google Test' will be built
-- Configuring done
-- Generating done
-- Build files have been written to: /home/farah/ws_farah/build/joint_trajectory_controller
[ 20%] [34m[1mRunning `/opt/ros/humble/bin/generate_parameter_library_cpp /home/farah/ws_farah/build/joint_trajectory_controller/include/joint_trajectory_controller/joint_trajectory_controller_parameters.hpp /home/farah/ws_farah/src/ros2_controllers/joint_trajectory_controller/src/joint_trajectory_controller_parameters.yaml validate_jtc_parameters.hpp`[0m
[ 20%] [32mBuilding CXX object gmock/CMakeFiles/gmock_main.dir/src/gmock_main.cc.o[0m
[ 20%] [32mBuilding CXX object gmock/CMakeFiles/gmock.dir/src/gmock-all.cc.o[0m
[ 20%] [32mBuilding CXX object gmock/CMakeFiles/gmock.dir/opt/ros/humble/src/gtest_vendor/src/gtest-all.cc.o[0m
[ 25%] [34m[1mCreating deprecated header file /home/farah/ws_farah/build/joint_trajectory_controller/include/joint_trajectory_controller_parameters.hpp[0m
[ 25%] Built target joint_trajectory_controller_parameters
[ 35%] [32mBuilding CXX object CMakeFiles/joint_trajectory_controller.dir/src/trajectory.cpp.o[0m
[ 35%] [32mBuilding CXX object CMakeFiles/joint_trajectory_controller.dir/src/joint_trajectory_controller.cpp.o[0m
[ 40%] [32m[1mLinking CXX static library libgmock_main.a[0m
[ 40%] Built target gmock_main
[ 45%] [32m[1mLinking CXX static library libgmock.a[0m
[ 45%] Built target gmock
[ 50%] [32m[1mLinking CXX shared library libjoint_trajectory_controller.so[0m
[ 50%] Built target joint_trajectory_controller
[ 60%] [32mBuilding CXX object CMakeFiles/test_trajectory.dir/test/test_trajectory.cpp.o[0m
[ 60%] [32mBuilding CXX object CMakeFiles/test_load_joint_trajectory_controller.dir/test/test_load_joint_trajectory_controller.cpp.o[0m
[ 65%] [32mBuilding CXX object CMakeFiles/test_trajectory_actions.dir/test/test_trajectory_actions.cpp.o[0m
[ 70%] [32mBuilding CXX object CMakeFiles/test_tolerances.dir/test/test_tolerances.cpp.o[0m
[ 75%] [32mBuilding CXX object CMakeFiles/test_trajectory_controller.dir/test/test_trajectory_controller.cpp.o[0m
