[0.004s] Invoking command in '/home/farah/ws_farah/build/ros2_control_demo_description': CMAKE_PREFIX_PATH=/opt/ros/humble /usr/bin/cmake /home/farah/ws_farah/src/ros2_control_demos/ros2_control_demo_description -DCMAKE_INSTALL_PREFIX=/home/farah/ws_farah/install/ros2_control_demo_description
[0.044s] -- The C compiler identification is GNU 11.4.0
[0.086s] -- The CXX compiler identification is GNU 11.4.0
[0.092s] -- Detecting C compiler ABI info
[0.140s] -- Detecting C compiler ABI info - done
[0.147s] -- Check for working C compiler: /usr/bin/cc - skipped
[0.147s] -- Detecting C compile features
[0.148s] -- Detecting C compile features - done
[0.150s] -- Detecting CXX compiler ABI info
[0.208s] -- Detecting CXX compiler ABI info - done
[0.215s] -- Check for working CXX compiler: /usr/bin/c++ - skipped
[0.215s] -- Detecting CXX compile features
[0.215s] -- Detecting CXX compile features - done
[0.217s] -- Found ament_cmake: 1.3.11 (/opt/ros/humble/share/ament_cmake/cmake)
[0.500s] -- Found Python3: /usr/bin/python3 (found version "3.10.12") found components: Interpreter 
[0.620s] -- Configuring done
[0.622s] -- Generating done
[0.623s] -- Build files have been written to: /home/farah/ws_farah/build/ros2_control_demo_description
[0.626s] Invoked command in '/home/farah/ws_farah/build/ros2_control_demo_description' returned '0': CMAKE_PREFIX_PATH=/opt/ros/humble /usr/bin/cmake /home/farah/ws_farah/src/ros2_control_demos/ros2_control_demo_description -DCMAKE_INSTALL_PREFIX=/home/farah/ws_farah/install/ros2_control_demo_description
[0.627s] Invoking command in '/home/farah/ws_farah/build/ros2_control_demo_description': CMAKE_PREFIX_PATH=/opt/ros/humble /usr/bin/cmake --build /home/farah/ws_farah/build/ros2_control_demo_description -- -j8 -l8
[0.654s] Invoked command in '/home/farah/ws_farah/build/ros2_control_demo_description' returned '0': CMAKE_PREFIX_PATH=/opt/ros/humble /usr/bin/cmake --build /home/farah/ws_farah/build/ros2_control_demo_description -- -j8 -l8
[0.656s] Invoking command in '/home/farah/ws_farah/build/ros2_control_demo_description': CMAKE_PREFIX_PATH=/opt/ros/humble /usr/bin/cmake --install /home/farah/ws_farah/build/ros2_control_demo_description
[0.660s] -- Install configuration: ""
[0.661s] -- Installing: /home/farah/ws_farah/install/ros2_control_demo_description/share/ros2_control_demo_description/rrbot/urdf
[0.661s] -- Installing: /home/farah/ws_farah/install/ros2_control_demo_description/share/ros2_control_demo_description/rrbot/urdf/rrbot_description.urdf.xacro
[0.661s] -- Installing: /home/farah/ws_farah/install/ros2_control_demo_description/share/ros2_control_demo_description/rrbot/urdf/rrbot.materials.xacro
[0.661s] -- Installing: /home/farah/ws_farah/install/ros2_control_demo_description/share/ros2_control_demo_description/rrbot/rviz
[0.661s] -- Installing: /home/farah/ws_farah/install/ros2_control_demo_description/share/ros2_control_demo_description/rrbot/rviz/rrbot.rviz
[0.661s] -- Installing: /home/farah/ws_farah/install/ros2_control_demo_description/share/ros2_control_demo_description/diffbot/urdf
[0.661s] -- Installing: /home/farah/ws_farah/install/ros2_control_demo_description/share/ros2_control_demo_description/diffbot/urdf/diffbot.materials.xacro
[0.661s] -- Installing: /home/farah/ws_farah/install/ros2_control_demo_description/share/ros2_control_demo_description/diffbot/urdf/diffbot_description.urdf.xacro
[0.661s] -- Installing: /home/farah/ws_farah/install/ros2_control_demo_description/share/ros2_control_demo_description/diffbot/rviz
[0.661s] -- Installing: /home/farah/ws_farah/install/ros2_control_demo_description/share/ros2_control_demo_description/diffbot/rviz/diffbot_view.rviz
[0.661s] -- Installing: /home/farah/ws_farah/install/ros2_control_demo_description/share/ros2_control_demo_description/diffbot/rviz/diffbot.rviz
[0.661s] -- Installing: /home/farah/ws_farah/install/ros2_control_demo_description/share/ros2_control_demo_description/carlikebot/urdf
[0.661s] -- Installing: /home/farah/ws_farah/install/ros2_control_demo_description/share/ros2_control_demo_description/carlikebot/urdf/carlikebot.materials.xacro
[0.662s] -- Installing: /home/farah/ws_farah/install/ros2_control_demo_description/share/ros2_control_demo_description/carlikebot/urdf/carlikebot_description.urdf.xacro
[0.662s] -- Installing: /home/farah/ws_farah/install/ros2_control_demo_description/share/ros2_control_demo_description/carlikebot/rviz
[0.662s] -- Installing: /home/farah/ws_farah/install/ros2_control_demo_description/share/ros2_control_demo_description/carlikebot/rviz/carlikebot_view.rviz
[0.662s] -- Installing: /home/farah/ws_farah/install/ros2_control_demo_description/share/ros2_control_demo_description/carlikebot/rviz/carlikebot.rviz
[0.662s] -- Installing: /home/farah/ws_farah/install/ros2_control_demo_description/share/ros2_control_demo_description/r3bot/urdf
[0.662s] -- Installing: /home/farah/ws_farah/install/ros2_control_demo_description/share/ros2_control_demo_description/r3bot/urdf/threedofbot_description.urdf.xacro
[0.662s] -- Installing: /home/farah/ws_farah/install/ros2_control_demo_description/share/ros2_control_demo_description/r6bot/meshes
[0.662s] -- Installing: /home/farah/ws_farah/install/ros2_control_demo_description/share/ros2_control_demo_description/r6bot/meshes/visual
[0.662s] -- Installing: /home/farah/ws_farah/install/ros2_control_demo_description/share/ros2_control_demo_description/r6bot/meshes/visual/link_5.dae
[0.662s] -- Installing: /home/farah/ws_farah/install/ros2_control_demo_description/share/ros2_control_demo_description/r6bot/meshes/visual/link_4.dae
[0.662s] -- Installing: /home/farah/ws_farah/install/ros2_control_demo_description/share/ros2_control_demo_description/r6bot/meshes/visual/link_0.dae
[0.662s] -- Installing: /home/farah/ws_farah/install/ros2_control_demo_description/share/ros2_control_demo_description/r6bot/meshes/visual/link_1.dae
[0.662s] -- Installing: /home/farah/ws_farah/install/ros2_control_demo_description/share/ros2_control_demo_description/r6bot/meshes/visual/link_2.dae
[0.664s] -- Installing: /home/farah/ws_farah/install/ros2_control_demo_description/share/ros2_control_demo_description/r6bot/meshes/visual/link_3.dae
[0.664s] -- Installing: /home/farah/ws_farah/install/ros2_control_demo_description/share/ros2_control_demo_description/r6bot/meshes/visual/link_6.dae
[0.664s] -- Installing: /home/farah/ws_farah/install/ros2_control_demo_description/share/ros2_control_demo_description/r6bot/meshes/collision
[0.664s] -- Installing: /home/farah/ws_farah/install/ros2_control_demo_description/share/ros2_control_demo_description/r6bot/meshes/collision/link_2.stl
[0.665s] -- Installing: /home/farah/ws_farah/install/ros2_control_demo_description/share/ros2_control_demo_description/r6bot/meshes/collision/link_5.stl
[0.665s] -- Installing: /home/farah/ws_farah/install/ros2_control_demo_description/share/ros2_control_demo_description/r6bot/meshes/collision/link_3.stl
[0.665s] -- Installing: /home/farah/ws_farah/install/ros2_control_demo_description/share/ros2_control_demo_description/r6bot/meshes/collision/link_4.stl
[0.665s] -- Installing: /home/farah/ws_farah/install/ros2_control_demo_description/share/ros2_control_demo_description/r6bot/meshes/collision/link_6.stl
[0.666s] -- Installing: /home/farah/ws_farah/install/ros2_control_demo_description/share/ros2_control_demo_description/r6bot/meshes/collision/link_1.stl
[0.666s] -- Installing: /home/farah/ws_farah/install/ros2_control_demo_description/share/ros2_control_demo_description/r6bot/meshes/collision/link_0.stl
[0.666s] -- Installing: /home/farah/ws_farah/install/ros2_control_demo_description/share/ros2_control_demo_description/r6bot/srdf
[0.666s] -- Installing: /home/farah/ws_farah/install/ros2_control_demo_description/share/ros2_control_demo_description/r6bot/srdf/r6bot.srdf
[0.666s] -- Installing: /home/farah/ws_farah/install/ros2_control_demo_description/share/ros2_control_demo_description/r6bot/urdf
[0.666s] -- Installing: /home/farah/ws_farah/install/ros2_control_demo_description/share/ros2_control_demo_description/r6bot/urdf/r6bot_description.urdf.xacro
[0.666s] -- Installing: /home/farah/ws_farah/install/ros2_control_demo_description/share/ros2_control_demo_description/r6bot/urdf/inc
[0.666s] -- Installing: /home/farah/ws_farah/install/ros2_control_demo_description/share/ros2_control_demo_description/r6bot/urdf/inc/create_link.xacro
[0.666s] -- Installing: /home/farah/ws_farah/install/ros2_control_demo_description/share/ros2_control_demo_description/r6bot/rviz
[0.666s] -- Installing: /home/farah/ws_farah/install/ros2_control_demo_description/share/ros2_control_demo_description/r6bot/rviz/view_robot.rviz
[0.666s] -- Installing: /home/farah/ws_farah/install/ros2_control_demo_description/share/ament_index/resource_index/package_run_dependencies/ros2_control_demo_description
[0.666s] -- Installing: /home/farah/ws_farah/install/ros2_control_demo_description/share/ament_index/resource_index/parent_prefix_path/ros2_control_demo_description
[0.667s] -- Installing: /home/farah/ws_farah/install/ros2_control_demo_description/share/ros2_control_demo_description/environment/ament_prefix_path.sh
[0.667s] -- Installing: /home/farah/ws_farah/install/ros2_control_demo_description/share/ros2_control_demo_description/environment/ament_prefix_path.dsv
[0.667s] -- Installing: /home/farah/ws_farah/install/ros2_control_demo_description/share/ros2_control_demo_description/environment/path.sh
[0.667s] -- Installing: /home/farah/ws_farah/install/ros2_control_demo_description/share/ros2_control_demo_description/environment/path.dsv
[0.667s] -- Installing: /home/farah/ws_farah/install/ros2_control_demo_description/share/ros2_control_demo_description/local_setup.bash
[0.667s] -- Installing: /home/farah/ws_farah/install/ros2_control_demo_description/share/ros2_control_demo_description/local_setup.sh
[0.667s] -- Installing: /home/farah/ws_farah/install/ros2_control_demo_description/share/ros2_control_demo_description/local_setup.zsh
[0.667s] -- Installing: /home/farah/ws_farah/install/ros2_control_demo_description/share/ros2_control_demo_description/local_setup.dsv
[0.667s] -- Installing: /home/farah/ws_farah/install/ros2_control_demo_description/share/ros2_control_demo_description/package.dsv
[0.667s] -- Installing: /home/farah/ws_farah/install/ros2_control_demo_description/share/ament_index/resource_index/packages/ros2_control_demo_description
[0.667s] -- Installing: /home/farah/ws_farah/install/ros2_control_demo_description/share/ros2_control_demo_description/cmake/ros2_control_demo_descriptionConfig.cmake
[0.668s] -- Installing: /home/farah/ws_farah/install/ros2_control_demo_description/share/ros2_control_demo_description/cmake/ros2_control_demo_descriptionConfig-version.cmake
[0.668s] -- Installing: /home/farah/ws_farah/install/ros2_control_demo_description/share/ros2_control_demo_description/package.xml
[0.669s] Invoked command in '/home/farah/ws_farah/build/ros2_control_demo_description' returned '0': CMAKE_PREFIX_PATH=/opt/ros/humble /usr/bin/cmake --install /home/farah/ws_farah/build/ros2_control_demo_description
