[0.008s] Invoking command in '/home/farah/ws_farah/build/ros2_control_demo_description': CMAKE_PREFIX_PATH=${CMAKE_PREFIX_PATH}:/home/farah/ws_farah/install/temp_teleop:/home/farah/ws_farah/install/rqt_joint_trajectory_controller:/home/farah/ws_farah/install/rqt_controller_manager:/home/farah/ws_farah/install/ros2controlcli:/home/farah/ws_farah/install/ros2_controllers_test_nodes:/opt/ros/humble /usr/bin/cmake /home/farah/ws_farah/src/ros2_control_demos/ros2_control_demo_description -DCMAKE_INSTALL_PREFIX=/home/farah/ws_farah/install/ros2_control_demo_description
[0.056s] -- The C compiler identification is GNU 11.4.0
[0.111s] -- The CXX compiler identification is GNU 11.4.0
[0.117s] -- Detecting C compiler ABI info
[0.177s] -- Detecting C compiler ABI info - done
[0.183s] -- Check for working C compiler: /usr/bin/cc - skipped
[0.183s] -- Detecting C compile features
[0.184s] -- Detecting C compile features - done
[0.186s] -- Detecting CXX compiler ABI info
[0.264s] -- Detecting CXX compiler ABI info - done
[0.274s] -- Check for working CXX compiler: /usr/bin/c++ - skipped
[0.274s] -- Detecting CXX compile features
[0.275s] -- Detecting CXX compile features - done
[0.278s] -- Found ament_cmake: 1.3.11 (/opt/ros/humble/share/ament_cmake/cmake)
[0.593s] -- Found Python3: /usr/bin/python3 (found version "3.10.12") found components: Interpreter 
[0.730s] -- Configuring done
[0.732s] -- Generating done
[0.733s] -- Build files have been written to: /home/farah/ws_farah/build/ros2_control_demo_description
[0.736s] Invoked command in '/home/farah/ws_farah/build/ros2_control_demo_description' returned '0': CMAKE_PREFIX_PATH=${CMAKE_PREFIX_PATH}:/home/farah/ws_farah/install/temp_teleop:/home/farah/ws_farah/install/rqt_joint_trajectory_controller:/home/farah/ws_farah/install/rqt_controller_manager:/home/farah/ws_farah/install/ros2controlcli:/home/farah/ws_farah/install/ros2_controllers_test_nodes:/opt/ros/humble /usr/bin/cmake /home/farah/ws_farah/src/ros2_control_demos/ros2_control_demo_description -DCMAKE_INSTALL_PREFIX=/home/farah/ws_farah/install/ros2_control_demo_description
[0.738s] Invoking command in '/home/farah/ws_farah/build/ros2_control_demo_description': CMAKE_PREFIX_PATH=${CMAKE_PREFIX_PATH}:/home/farah/ws_farah/install/temp_teleop:/home/farah/ws_farah/install/rqt_joint_trajectory_controller:/home/farah/ws_farah/install/rqt_controller_manager:/home/farah/ws_farah/install/ros2controlcli:/home/farah/ws_farah/install/ros2_controllers_test_nodes:/opt/ros/humble /usr/bin/cmake --build /home/farah/ws_farah/build/ros2_control_demo_description -- -j8 -l8
[0.771s] Invoked command in '/home/farah/ws_farah/build/ros2_control_demo_description' returned '0': CMAKE_PREFIX_PATH=${CMAKE_PREFIX_PATH}:/home/farah/ws_farah/install/temp_teleop:/home/farah/ws_farah/install/rqt_joint_trajectory_controller:/home/farah/ws_farah/install/rqt_controller_manager:/home/farah/ws_farah/install/ros2controlcli:/home/farah/ws_farah/install/ros2_controllers_test_nodes:/opt/ros/humble /usr/bin/cmake --build /home/farah/ws_farah/build/ros2_control_demo_description -- -j8 -l8
[0.773s] Invoking command in '/home/farah/ws_farah/build/ros2_control_demo_description': CMAKE_PREFIX_PATH=${CMAKE_PREFIX_PATH}:/home/farah/ws_farah/install/temp_teleop:/home/farah/ws_farah/install/rqt_joint_trajectory_controller:/home/farah/ws_farah/install/rqt_controller_manager:/home/farah/ws_farah/install/ros2controlcli:/home/farah/ws_farah/install/ros2_controllers_test_nodes:/opt/ros/humble /usr/bin/cmake --install /home/farah/ws_farah/build/ros2_control_demo_description
[0.779s] -- Install configuration: ""
[0.779s] -- Installing: /home/farah/ws_farah/install/ros2_control_demo_description/share/ros2_control_demo_description/rrbot/urdf
[0.779s] -- Installing: /home/farah/ws_farah/install/ros2_control_demo_description/share/ros2_control_demo_description/rrbot/urdf/rrbot_description.urdf.xacro
[0.780s] -- Installing: /home/farah/ws_farah/install/ros2_control_demo_description/share/ros2_control_demo_description/rrbot/urdf/rrbot.materials.xacro
[0.780s] -- Installing: /home/farah/ws_farah/install/ros2_control_demo_description/share/ros2_control_demo_description/rrbot/rviz
[0.780s] -- Installing: /home/farah/ws_farah/install/ros2_control_demo_description/share/ros2_control_demo_description/rrbot/rviz/rrbot.rviz
[0.780s] -- Installing: /home/farah/ws_farah/install/ros2_control_demo_description/share/ros2_control_demo_description/diffbot/urdf
[0.781s] -- Installing: /home/farah/ws_farah/install/ros2_control_demo_description/share/ros2_control_demo_description/diffbot/urdf/diffbot.materials.xacro
[0.781s] -- Installing: /home/farah/ws_farah/install/ros2_control_demo_description/share/ros2_control_demo_description/diffbot/urdf/diffbot_description.urdf.xacro
[0.781s] -- Installing: /home/farah/ws_farah/install/ros2_control_demo_description/share/ros2_control_demo_description/diffbot/rviz
[0.781s] -- Installing: /home/farah/ws_farah/install/ros2_control_demo_description/share/ros2_control_demo_description/diffbot/rviz/diffbot_view.rviz
[0.781s] -- Installing: /home/farah/ws_farah/install/ros2_control_demo_description/share/ros2_control_demo_description/diffbot/rviz/diffbot.rviz
[0.782s] -- Installing: /home/farah/ws_farah/install/ros2_control_demo_description/share/ros2_control_demo_description/carlikebot/urdf
[0.782s] -- Installing: /home/farah/ws_farah/install/ros2_control_demo_description/share/ros2_control_demo_description/carlikebot/urdf/carlikebot.materials.xacro
[0.782s] -- Installing: /home/farah/ws_farah/install/ros2_control_demo_description/share/ros2_control_demo_description/carlikebot/urdf/carlikebot_description.urdf.xacro
[0.782s] -- Installing: /home/farah/ws_farah/install/ros2_control_demo_description/share/ros2_control_demo_description/carlikebot/rviz
[0.782s] -- Installing: /home/farah/ws_farah/install/ros2_control_demo_description/share/ros2_control_demo_description/carlikebot/rviz/carlikebot_view.rviz
[0.783s] -- Installing: /home/farah/ws_farah/install/ros2_control_demo_description/share/ros2_control_demo_description/carlikebot/rviz/carlikebot.rviz
[0.783s] -- Installing: /home/farah/ws_farah/install/ros2_control_demo_description/share/ros2_control_demo_description/r3bot/urdf
[0.783s] -- Installing: /home/farah/ws_farah/install/ros2_control_demo_description/share/ros2_control_demo_description/r3bot/urdf/threedofbot_description.urdf.xacro
[0.783s] -- Installing: /home/farah/ws_farah/install/ros2_control_demo_description/share/ros2_control_demo_description/r6bot/meshes
[0.784s] -- Installing: /home/farah/ws_farah/install/ros2_control_demo_description/share/ros2_control_demo_description/r6bot/meshes/visual
[0.784s] -- Installing: /home/farah/ws_farah/install/ros2_control_demo_description/share/ros2_control_demo_description/r6bot/meshes/visual/link_5.dae
[0.785s] -- Installing: /home/farah/ws_farah/install/ros2_control_demo_description/share/ros2_control_demo_description/r6bot/meshes/visual/link_4.dae
[0.786s] -- Installing: /home/farah/ws_farah/install/ros2_control_demo_description/share/ros2_control_demo_description/r6bot/meshes/visual/link_0.dae
[0.787s] -- Installing: /home/farah/ws_farah/install/ros2_control_demo_description/share/ros2_control_demo_description/r6bot/meshes/visual/link_1.dae
[0.788s] -- Installing: /home/farah/ws_farah/install/ros2_control_demo_description/share/ros2_control_demo_description/r6bot/meshes/visual/link_2.dae
[0.794s] -- Installing: /home/farah/ws_farah/install/ros2_control_demo_description/share/ros2_control_demo_description/r6bot/meshes/visual/link_3.dae
[0.796s] -- Installing: /home/farah/ws_farah/install/ros2_control_demo_description/share/ros2_control_demo_description/r6bot/meshes/visual/link_6.dae
[0.797s] -- Installing: /home/farah/ws_farah/install/ros2_control_demo_description/share/ros2_control_demo_description/r6bot/meshes/collision
[0.797s] -- Installing: /home/farah/ws_farah/install/ros2_control_demo_description/share/ros2_control_demo_description/r6bot/meshes/collision/link_2.stl
[0.799s] -- Installing: /home/farah/ws_farah/install/ros2_control_demo_description/share/ros2_control_demo_description/r6bot/meshes/collision/link_5.stl
[0.800s] -- Installing: /home/farah/ws_farah/install/ros2_control_demo_description/share/ros2_control_demo_description/r6bot/meshes/collision/link_3.stl
[0.802s] -- Installing: /home/farah/ws_farah/install/ros2_control_demo_description/share/ros2_control_demo_description/r6bot/meshes/collision/link_4.stl
[0.803s] -- Installing: /home/farah/ws_farah/install/ros2_control_demo_description/share/ros2_control_demo_description/r6bot/meshes/collision/link_6.stl
[0.804s] -- Installing: /home/farah/ws_farah/install/ros2_control_demo_description/share/ros2_control_demo_description/r6bot/meshes/collision/link_1.stl
[0.805s] -- Installing: /home/farah/ws_farah/install/ros2_control_demo_description/share/ros2_control_demo_description/r6bot/meshes/collision/link_0.stl
[0.806s] -- Installing: /home/farah/ws_farah/install/ros2_control_demo_description/share/ros2_control_demo_description/r6bot/srdf
[0.806s] -- Installing: /home/farah/ws_farah/install/ros2_control_demo_description/share/ros2_control_demo_description/r6bot/srdf/r6bot.srdf
[0.806s] -- Installing: /home/farah/ws_farah/install/ros2_control_demo_description/share/ros2_control_demo_description/r6bot/urdf
[0.807s] -- Installing: /home/farah/ws_farah/install/ros2_control_demo_description/share/ros2_control_demo_description/r6bot/urdf/r6bot_description.urdf.xacro
[0.807s] -- Installing: /home/farah/ws_farah/install/ros2_control_demo_description/share/ros2_control_demo_description/r6bot/urdf/inc
[0.807s] -- Installing: /home/farah/ws_farah/install/ros2_control_demo_description/share/ros2_control_demo_description/r6bot/urdf/inc/create_link.xacro
[0.807s] -- Installing: /home/farah/ws_farah/install/ros2_control_demo_description/share/ros2_control_demo_description/r6bot/rviz
[0.807s] -- Installing: /home/farah/ws_farah/install/ros2_control_demo_description/share/ros2_control_demo_description/r6bot/rviz/view_robot.rviz
[0.808s] -- Installing: /home/farah/ws_farah/install/ros2_control_demo_description/share/ament_index/resource_index/package_run_dependencies/ros2_control_demo_description
[0.808s] -- Installing: /home/farah/ws_farah/install/ros2_control_demo_description/share/ament_index/resource_index/parent_prefix_path/ros2_control_demo_description
[0.808s] -- Installing: /home/farah/ws_farah/install/ros2_control_demo_description/share/ros2_control_demo_description/environment/ament_prefix_path.sh
[0.808s] -- Installing: /home/farah/ws_farah/install/ros2_control_demo_description/share/ros2_control_demo_description/environment/ament_prefix_path.dsv
[0.808s] -- Installing: /home/farah/ws_farah/install/ros2_control_demo_description/share/ros2_control_demo_description/environment/path.sh
[0.808s] -- Installing: /home/farah/ws_farah/install/ros2_control_demo_description/share/ros2_control_demo_description/environment/path.dsv
[0.808s] -- Installing: /home/farah/ws_farah/install/ros2_control_demo_description/share/ros2_control_demo_description/local_setup.bash
[0.808s] -- Installing: /home/farah/ws_farah/install/ros2_control_demo_description/share/ros2_control_demo_description/local_setup.sh
[0.808s] -- Installing: /home/farah/ws_farah/install/ros2_control_demo_description/share/ros2_control_demo_description/local_setup.zsh
[0.808s] -- Installing: /home/farah/ws_farah/install/ros2_control_demo_description/share/ros2_control_demo_description/local_setup.dsv
[0.809s] -- Installing: /home/farah/ws_farah/install/ros2_control_demo_description/share/ros2_control_demo_description/package.dsv
[0.809s] -- Installing: /home/farah/ws_farah/install/ros2_control_demo_description/share/ament_index/resource_index/packages/ros2_control_demo_description
[0.809s] -- Installing: /home/farah/ws_farah/install/ros2_control_demo_description/share/ros2_control_demo_description/cmake/ros2_control_demo_descriptionConfig.cmake
[0.809s] -- Installing: /home/farah/ws_farah/install/ros2_control_demo_description/share/ros2_control_demo_description/cmake/ros2_control_demo_descriptionConfig-version.cmake
[0.809s] -- Installing: /home/farah/ws_farah/install/ros2_control_demo_description/share/ros2_control_demo_description/package.xml
[0.811s] Invoked command in '/home/farah/ws_farah/build/ros2_control_demo_description' returned '0': CMAKE_PREFIX_PATH=${CMAKE_PREFIX_PATH}:/home/farah/ws_farah/install/temp_teleop:/home/farah/ws_farah/install/rqt_joint_trajectory_controller:/home/farah/ws_farah/install/rqt_controller_manager:/home/farah/ws_farah/install/ros2controlcli:/home/farah/ws_farah/install/ros2_controllers_test_nodes:/opt/ros/humble /usr/bin/cmake --install /home/farah/ws_farah/build/ros2_control_demo_description
