[0.009s] Invoking command in '/home/farah/ws_farah/build/gripper_controllers': AMENT_PREFIX_PATH=/home/farah/ws_farah/install/hardware_interface_testing:/home/farah/ws_farah/install/controller_interface:/home/farah/ws_farah/install/hardware_interface:/home/farah/ws_farah/install/ros2_control_test_assets:${AMENT_PREFIX_PATH} CMAKE_PREFIX_PATH=/home/farah/ws_farah/install/hardware_interface_testing:/home/farah/ws_farah/install/controller_interface:/home/farah/ws_farah/install/hardware_interface:/home/farah/ws_farah/install/ros2_control_test_assets:/opt/ros/humble LD_LIBRARY_PATH=/home/farah/ws_farah/install/hardware_interface_testing/lib:/home/farah/ws_farah/install/controller_interface/lib:/home/farah/ws_farah/install/hardware_interface/lib:${LD_LIBRARY_PATH} /usr/bin/cmake /home/farah/ws_farah/src/ros2_controllers/gripper_controllers -DCMAKE_INSTALL_PREFIX=/home/farah/ws_farah/install/gripper_controllers
[0.060s] -- The CXX compiler identification is GNU 11.4.0
[0.066s] -- Detecting CXX compiler ABI info
[0.129s] -- Detecting CXX compiler ABI info - done
[0.135s] -- Check for working CXX compiler: /usr/bin/c++ - skipped
[0.136s] -- Detecting CXX compile features
[0.136s] -- Detecting CXX compile features - done
[0.138s] -- Found ament_cmake: 1.3.11 (/opt/ros/humble/share/ament_cmake/cmake)
[0.445s] -- Found Python3: /usr/bin/python3 (found version "3.10.12") found components: Interpreter 
[0.542s] -- Found control_msgs: 4.8.0 (/opt/ros/humble/share/control_msgs/cmake)
[0.576s] -- Found rosidl_generator_c: 3.1.6 (/opt/ros/humble/share/rosidl_generator_c/cmake)
[0.580s] -- Found rosidl_adapter: 3.1.6 (/opt/ros/humble/share/rosidl_adapter/cmake)
[0.588s] -- Found rosidl_generator_cpp: 3.1.6 (/opt/ros/humble/share/rosidl_generator_cpp/cmake)
[0.599s] -- Using all available rosidl_typesupport_c: rosidl_typesupport_fastrtps_c;rosidl_typesupport_introspection_c
[0.614s] -- Using all available rosidl_typesupport_cpp: rosidl_typesupport_fastrtps_cpp;rosidl_typesupport_introspection_cpp
[0.727s] -- Found control_toolbox: 3.6.1 (/opt/ros/humble/share/control_toolbox/cmake)
[0.766s] -- Found rmw_implementation_cmake: 6.1.2 (/opt/ros/humble/share/rmw_implementation_cmake/cmake)
[0.769s] -- Found rmw_fastrtps_cpp: 6.2.7 (/opt/ros/humble/share/rmw_fastrtps_cpp/cmake)
[0.839s] -- Found OpenSSL: /usr/lib/x86_64-linux-gnu/libcrypto.so (found version "3.0.2")  
[0.863s] -- Found FastRTPS: /opt/ros/humble/include  
[0.899s] -- Using RMW implementation 'rmw_fastrtps_cpp' as default
[0.907s] -- Looking for C++ include pthread.h
[1.001s] -- Looking for C++ include pthread.h - found
[1.001s] -- Performing Test CMAKE_HAVE_LIBC_PTHREAD
[1.099s] -- Performing Test CMAKE_HAVE_LIBC_PTHREAD - Success
[1.100s] -- Found Threads: TRUE  
[1.223s] -- Found controller_interface: 2.50.0 (/home/farah/ws_farah/install/controller_interface/share/controller_interface/cmake)
[1.253s] -- Found ament_cmake_gmock: 1.3.11 (/opt/ros/humble/share/ament_cmake_gmock/cmake)
[1.255s] -- Found controller_manager: 2.50.0 (/opt/ros/humble/share/controller_manager/cmake)
[1.279s] -- Found ros2_control_test_assets: 2.50.0 (/home/farah/ws_farah/install/ros2_control_test_assets/share/ros2_control_test_assets/cmake)
[1.281s] -- Found gmock sources under '/opt/ros/humble/src/gmock_vendor': C++ tests using 'Google Mock' will be built
[1.315s] -- The C compiler identification is GNU 11.4.0
[1.321s] -- Detecting C compiler ABI info
[1.402s] -- Detecting C compiler ABI info - done
[1.409s] -- Check for working C compiler: /usr/bin/cc - skipped
[1.409s] -- Detecting C compile features
[1.409s] -- Detecting C compile features - done
[1.413s] -- Found ament_cmake_gtest: 1.3.11 (/opt/ros/humble/share/ament_cmake_gtest/cmake)
[1.414s] -- Found gtest sources under '/opt/ros/humble/src/gtest_vendor': C++ tests using 'Google Test' will be built
[1.487s] -- Configuring done
[1.528s] -- Generating done
[1.538s] -- Build files have been written to: /home/farah/ws_farah/build/gripper_controllers
[1.551s] Invoked command in '/home/farah/ws_farah/build/gripper_controllers' returned '0': AMENT_PREFIX_PATH=/home/farah/ws_farah/install/hardware_interface_testing:/home/farah/ws_farah/install/controller_interface:/home/farah/ws_farah/install/hardware_interface:/home/farah/ws_farah/install/ros2_control_test_assets:${AMENT_PREFIX_PATH} CMAKE_PREFIX_PATH=/home/farah/ws_farah/install/hardware_interface_testing:/home/farah/ws_farah/install/controller_interface:/home/farah/ws_farah/install/hardware_interface:/home/farah/ws_farah/install/ros2_control_test_assets:/opt/ros/humble LD_LIBRARY_PATH=/home/farah/ws_farah/install/hardware_interface_testing/lib:/home/farah/ws_farah/install/controller_interface/lib:/home/farah/ws_farah/install/hardware_interface/lib:${LD_LIBRARY_PATH} /usr/bin/cmake /home/farah/ws_farah/src/ros2_controllers/gripper_controllers -DCMAKE_INSTALL_PREFIX=/home/farah/ws_farah/install/gripper_controllers
[1.552s] Invoking command in '/home/farah/ws_farah/build/gripper_controllers': AMENT_PREFIX_PATH=/home/farah/ws_farah/install/hardware_interface_testing:/home/farah/ws_farah/install/controller_interface:/home/farah/ws_farah/install/hardware_interface:/home/farah/ws_farah/install/ros2_control_test_assets:${AMENT_PREFIX_PATH} CMAKE_PREFIX_PATH=/home/farah/ws_farah/install/hardware_interface_testing:/home/farah/ws_farah/install/controller_interface:/home/farah/ws_farah/install/hardware_interface:/home/farah/ws_farah/install/ros2_control_test_assets:/opt/ros/humble LD_LIBRARY_PATH=/home/farah/ws_farah/install/hardware_interface_testing/lib:/home/farah/ws_farah/install/controller_interface/lib:/home/farah/ws_farah/install/hardware_interface/lib:${LD_LIBRARY_PATH} /usr/bin/cmake --build /home/farah/ws_farah/build/gripper_controllers -- -j8 -l8
[1.594s] [ 15%] [34m[1mRunning `/opt/ros/humble/bin/generate_parameter_library_cpp /home/farah/ws_farah/build/gripper_controllers/include/gripper_controllers/gripper_action_controller_parameters.hpp /home/farah/ws_farah/src/ros2_controllers/gripper_controllers/src/gripper_action_controller_parameters.yaml `[0m
[1.595s] [ 15%] [32mBuilding CXX object gmock/CMakeFiles/gmock.dir/src/gmock-all.cc.o[0m
[1.596s] [ 23%] [32mBuilding CXX object gmock/CMakeFiles/gmock.dir/opt/ros/humble/src/gtest_vendor/src/gtest-all.cc.o[0m
[1.596s] [ 30%] [32mBuilding CXX object gmock/CMakeFiles/gmock_main.dir/src/gmock_main.cc.o[0m
[1.899s] [ 38%] [34m[1mCreating deprecated header file /home/farah/ws_farah/build/gripper_controllers/include/gripper_action_controller_parameters.hpp[0m
[1.944s] [ 38%] Built target gripper_action_controller_parameters
[1.965s] [ 46%] [32mBuilding CXX object CMakeFiles/gripper_action_controller.dir/src/gripper_action_controller.cpp.o[0m
[3.118s] [ 53%] [32m[1mLinking CXX static library libgmock_main.a[0m
[3.153s] [ 53%] Built target gmock_main
[5.133s] [ 61%] [32m[1mLinking CXX static library libgmock.a[0m
[5.194s] [ 61%] Built target gmock
[5.213s] [ 69%] [32mBuilding CXX object CMakeFiles/test_load_gripper_action_controllers.dir/test/test_load_gripper_action_controllers.cpp.o[0m
[7.049s] [ 76%] [32m[1mLinking CXX shared library libgripper_action_controller.so[0m
[7.283s] [ 76%] Built target gripper_action_controller
[7.301s] [ 84%] [32mBuilding CXX object CMakeFiles/test_gripper_controllers.dir/test/test_gripper_controllers.cpp.o[0m
[10.331s] [ 92%] [32m[1mLinking CXX executable test_load_gripper_action_controllers[0m
[10.839s] [ 92%] Built target test_load_gripper_action_controllers
[13.674s] [100%] [32m[1mLinking CXX executable test_gripper_controllers[0m
[14.026s] [100%] Built target test_gripper_controllers
[14.036s] Invoked command in '/home/farah/ws_farah/build/gripper_controllers' returned '0': AMENT_PREFIX_PATH=/home/farah/ws_farah/install/hardware_interface_testing:/home/farah/ws_farah/install/controller_interface:/home/farah/ws_farah/install/hardware_interface:/home/farah/ws_farah/install/ros2_control_test_assets:${AMENT_PREFIX_PATH} CMAKE_PREFIX_PATH=/home/farah/ws_farah/install/hardware_interface_testing:/home/farah/ws_farah/install/controller_interface:/home/farah/ws_farah/install/hardware_interface:/home/farah/ws_farah/install/ros2_control_test_assets:/opt/ros/humble LD_LIBRARY_PATH=/home/farah/ws_farah/install/hardware_interface_testing/lib:/home/farah/ws_farah/install/controller_interface/lib:/home/farah/ws_farah/install/hardware_interface/lib:${LD_LIBRARY_PATH} /usr/bin/cmake --build /home/farah/ws_farah/build/gripper_controllers -- -j8 -l8
[14.037s] Invoking command in '/home/farah/ws_farah/build/gripper_controllers': AMENT_PREFIX_PATH=/home/farah/ws_farah/install/hardware_interface_testing:/home/farah/ws_farah/install/controller_interface:/home/farah/ws_farah/install/hardware_interface:/home/farah/ws_farah/install/ros2_control_test_assets:${AMENT_PREFIX_PATH} CMAKE_PREFIX_PATH=/home/farah/ws_farah/install/hardware_interface_testing:/home/farah/ws_farah/install/controller_interface:/home/farah/ws_farah/install/hardware_interface:/home/farah/ws_farah/install/ros2_control_test_assets:/opt/ros/humble LD_LIBRARY_PATH=/home/farah/ws_farah/install/hardware_interface_testing/lib:/home/farah/ws_farah/install/controller_interface/lib:/home/farah/ws_farah/install/hardware_interface/lib:${LD_LIBRARY_PATH} /usr/bin/cmake --install /home/farah/ws_farah/build/gripper_controllers
[14.043s] -- Install configuration: ""
[14.043s] -- Installing: /home/farah/ws_farah/install/gripper_controllers/include/gripper_controllers
[14.044s] -- Installing: /home/farah/ws_farah/install/gripper_controllers/include/gripper_controllers/gripper_action_controller_parameters.hpp
[14.044s] -- Installing: /home/farah/ws_farah/install/gripper_controllers/share/gripper_controllers/ros_control_plugins.xml
[14.044s] -- Installing: /home/farah/ws_farah/install/gripper_controllers/include/gripper_action_controller
[14.044s] -- Installing: /home/farah/ws_farah/install/gripper_controllers/include/gripper_action_controller/gripper_controllers
[14.044s] -- Installing: /home/farah/ws_farah/install/gripper_controllers/include/gripper_action_controller/gripper_controllers/gripper_action_controller_impl.hpp
[14.044s] -- Installing: /home/farah/ws_farah/install/gripper_controllers/include/gripper_action_controller/gripper_controllers/gripper_action_controller.hpp
[14.044s] -- Installing: /home/farah/ws_farah/install/gripper_controllers/include/gripper_action_controller/gripper_controllers/visibility_control.hpp
[14.044s] -- Installing: /home/farah/ws_farah/install/gripper_controllers/include/gripper_action_controller/gripper_controllers/hardware_interface_adapter.hpp
[14.044s] -- Installing: /home/farah/ws_farah/install/gripper_controllers/lib/libgripper_action_controller.so
[14.047s] -- Set runtime path of "/home/farah/ws_farah/install/gripper_controllers/lib/libgripper_action_controller.so" to ""
[14.047s] -- Installing: /home/farah/ws_farah/install/gripper_controllers/share/gripper_controllers/environment/library_path.sh
[14.047s] -- Installing: /home/farah/ws_farah/install/gripper_controllers/share/gripper_controllers/environment/library_path.dsv
[14.047s] -- Installing: /home/farah/ws_farah/install/gripper_controllers/share/ament_index/resource_index/package_run_dependencies/gripper_controllers
[14.047s] -- Installing: /home/farah/ws_farah/install/gripper_controllers/share/ament_index/resource_index/parent_prefix_path/gripper_controllers
[14.047s] -- Installing: /home/farah/ws_farah/install/gripper_controllers/share/gripper_controllers/environment/ament_prefix_path.sh
[14.047s] -- Installing: /home/farah/ws_farah/install/gripper_controllers/share/gripper_controllers/environment/ament_prefix_path.dsv
[14.048s] -- Installing: /home/farah/ws_farah/install/gripper_controllers/share/gripper_controllers/environment/path.sh
[14.048s] -- Installing: /home/farah/ws_farah/install/gripper_controllers/share/gripper_controllers/environment/path.dsv
[14.048s] -- Installing: /home/farah/ws_farah/install/gripper_controllers/share/gripper_controllers/local_setup.bash
[14.048s] -- Installing: /home/farah/ws_farah/install/gripper_controllers/share/gripper_controllers/local_setup.sh
[14.048s] -- Installing: /home/farah/ws_farah/install/gripper_controllers/share/gripper_controllers/local_setup.zsh
[14.048s] -- Installing: /home/farah/ws_farah/install/gripper_controllers/share/gripper_controllers/local_setup.dsv
[14.048s] -- Installing: /home/farah/ws_farah/install/gripper_controllers/share/gripper_controllers/package.dsv
[14.048s] -- Installing: /home/farah/ws_farah/install/gripper_controllers/share/ament_index/resource_index/packages/gripper_controllers
[14.048s] -- Installing: /home/farah/ws_farah/install/gripper_controllers/share/ament_index/resource_index/controller_interface__pluginlib__plugin/gripper_controllers
[14.048s] -- Installing: /home/farah/ws_farah/install/gripper_controllers/share/gripper_controllers/cmake/export_gripper_action_controllerExport.cmake
[14.048s] -- Installing: /home/farah/ws_farah/install/gripper_controllers/share/gripper_controllers/cmake/export_gripper_action_controllerExport-noconfig.cmake
[14.049s] -- Installing: /home/farah/ws_farah/install/gripper_controllers/share/gripper_controllers/cmake/ament_cmake_export_dependencies-extras.cmake
[14.049s] -- Installing: /home/farah/ws_farah/install/gripper_controllers/share/gripper_controllers/cmake/ament_cmake_export_targets-extras.cmake
[14.049s] -- Installing: /home/farah/ws_farah/install/gripper_controllers/share/gripper_controllers/cmake/gripper_controllersConfig.cmake
[14.049s] -- Installing: /home/farah/ws_farah/install/gripper_controllers/share/gripper_controllers/cmake/gripper_controllersConfig-version.cmake
[14.049s] -- Installing: /home/farah/ws_farah/install/gripper_controllers/share/gripper_controllers/package.xml
[14.051s] Invoked command in '/home/farah/ws_farah/build/gripper_controllers' returned '0': AMENT_PREFIX_PATH=/home/farah/ws_farah/install/hardware_interface_testing:/home/farah/ws_farah/install/controller_interface:/home/farah/ws_farah/install/hardware_interface:/home/farah/ws_farah/install/ros2_control_test_assets:${AMENT_PREFIX_PATH} CMAKE_PREFIX_PATH=/home/farah/ws_farah/install/hardware_interface_testing:/home/farah/ws_farah/install/controller_interface:/home/farah/ws_farah/install/hardware_interface:/home/farah/ws_farah/install/ros2_control_test_assets:/opt/ros/humble LD_LIBRARY_PATH=/home/farah/ws_farah/install/hardware_interface_testing/lib:/home/farah/ws_farah/install/controller_interface/lib:/home/farah/ws_farah/install/hardware_interface/lib:${LD_LIBRARY_PATH} /usr/bin/cmake --install /home/farah/ws_farah/build/gripper_controllers
