[0.007s] Invoking command in '/home/farah/ws_farah/build/hardware_interface': CMAKE_PREFIX_PATH=/home/farah/ws_farah/install/ros2_control_test_assets:/home/farah/ws_farah/install/libserial_vendor:/home/farah/ws_farah/install/ros2_controllers:/home/farah/ws_farah/install/ros2_control_demos:/home/farah/ws_farah/install/ros2_control_demo_example_3:/home/farah/ws_farah/install/velocity_controllers:/home/farah/ws_farah/install/tricycle_steering_controller:/home/farah/ws_farah/install/tricycle_controller:/home/farah/ws_farah/install/ros2_control_demo_example_8:/home/farah/ws_farah/install/ros2_control:/home/farah/ws_farah/install/transmission_interface:/home/farah/ws_farah/install/ros2_control_demo_example_11:/home/farah/ws_farah/install/bicycle_steering_controller:/home/farah/ws_farah/install/ackermann_steering_controller:/home/farah/ws_farah/install/steering_controllers_library:/home/farah/ws_farah/install/ros2_control_demo_example_15:/home/farah/ws_farah/install/ros2_control_demo_example_1:/home/farah/ws_farah/install/ros2_control_demo_example_9:/home/farah/ws_farah/install/ros2_control_demo_example_7:/home/farah/ws_farah/install/ros2_control_demo_example_6:/home/farah/ws_farah/install/ros2_control_demo_example_13:/home/farah/ws_farah/install/ros2_control_demo_example_5:/home/farah/ws_farah/install/ros2_control_demo_example_4:/home/farah/ws_farah/install/ros2_control_demo_example_2:/home/farah/ws_farah/install/ros2_control_demo_example_14:/home/farah/ws_farah/install/ros2_control_demo_example_12:/home/farah/ws_farah/install/ros2_control_demo_example_10:/home/farah/ws_farah/install/hardware_interface_testing:/home/farah/ws_farah/install/ros2_control_demo_description:/home/farah/ws_farah/install/range_sensor_broadcaster:/home/farah/ws_farah/install/race_it:/home/farah/ws_farah/install/position_controllers:/home/farah/ws_farah/install/pose_broadcaster:/home/farah/ws_farah/install/pid_controller:/home/farah/ws_farah/install/mecanum_drive_controller:/home/farah/ws_farah/install/joint_trajectory_controller:/home/farah/ws_farah/install/joint_state_broadcaster:/home/farah/ws_farah/install/joint_limits:/home/farah/ws_farah/install/imu_sensor_broadcaster:/home/farah/ws_farah/install/gripper_controllers:/home/farah/ws_farah/install/gpio_controllers:/home/farah/ws_farah/install/effort_controllers:/home/farah/ws_farah/install/forward_command_controller:/home/farah/ws_farah/install/force_torque_sensor_broadcaster:/home/farah/ws_farah/install/diff_drive_controller:/home/farah/ws_farah/install/admittance_controller:/home/farah/ws_farah/install/controller_interface:/home/farah/ws_farah/install/hardware_interface:/home/farah/ws_farah/install/controller_manager_msgs:/home/farah/ws_farah/install/temp_teleop:/home/farah/ws_farah/install/rqt_joint_trajectory_controller:/home/farah/ws_farah/install/rqt_controller_manager:/home/farah/ws_farah/install/ros2controlcli:/home/farah/ws_farah/install/ros2_controllers_test_nodes:/opt/ros/humble /usr/bin/cmake /home/farah/ws_farah/src/ros2_control/hardware_interface -DCMAKE_INSTALL_PREFIX=/home/farah/ws_farah/install/hardware_interface
[0.057s] -- The C compiler identification is GNU 11.4.0
[0.108s] -- The CXX compiler identification is GNU 11.4.0
[0.115s] -- Detecting C compiler ABI info
[0.173s] -- Detecting C compiler ABI info - done
[0.179s] -- Check for working C compiler: /usr/bin/cc - skipped
[0.180s] -- Detecting C compile features
[0.180s] -- Detecting C compile features - done
[0.182s] -- Detecting CXX compiler ABI info
[0.251s] -- Detecting CXX compiler ABI info - done
[0.257s] -- Check for working CXX compiler: /usr/bin/c++ - skipped
[0.257s] -- Detecting CXX compile features
[0.258s] -- Detecting CXX compile features - done
[0.260s] -- Found ament_cmake: 1.3.11 (/opt/ros/humble/share/ament_cmake/cmake)
[0.562s] -- Found Python3: /usr/bin/python3 (found version "3.10.12") found components: Interpreter 
[0.639s] -- Found control_msgs: 4.8.0 (/opt/ros/humble/share/control_msgs/cmake)
[0.673s] -- Found rosidl_generator_c: 3.1.6 (/opt/ros/humble/share/rosidl_generator_c/cmake)
[0.677s] -- Found rosidl_adapter: 3.1.6 (/opt/ros/humble/share/rosidl_adapter/cmake)
[0.685s] -- Found rosidl_generator_cpp: 3.1.6 (/opt/ros/humble/share/rosidl_generator_cpp/cmake)
[0.698s] -- Using all available rosidl_typesupport_c: rosidl_typesupport_fastrtps_c;rosidl_typesupport_introspection_c
[0.714s] -- Using all available rosidl_typesupport_cpp: rosidl_typesupport_fastrtps_cpp;rosidl_typesupport_introspection_cpp
[0.827s] -- Found lifecycle_msgs: 1.2.1 (/opt/ros/humble/share/lifecycle_msgs/cmake)
[0.836s] -- Found pluginlib: 5.1.0 (/opt/ros/humble/share/pluginlib/cmake)
[0.861s] -- Found rclcpp_lifecycle: 16.0.12 (/opt/ros/humble/share/rclcpp_lifecycle/cmake)
[0.897s] -- Found rmw_implementation_cmake: 6.1.2 (/opt/ros/humble/share/rmw_implementation_cmake/cmake)
[0.904s] -- Found rmw_fastrtps_cpp: 6.2.7 (/opt/ros/humble/share/rmw_fastrtps_cpp/cmake)
[0.928s] -- Found TinyXML2 via Config file: TinyXML2_DIR-NOTFOUND
[0.983s] -- Found OpenSSL: /usr/lib/x86_64-linux-gnu/libcrypto.so (found version "3.0.2")  
[0.986s] -- Found TinyXML2 via Config file: TinyXML2_DIR-NOTFOUND
[1.001s] -- Found FastRTPS: /opt/ros/humble/include  
[1.004s] -- Found TinyXML2 via Config file: TinyXML2_DIR-NOTFOUND
[1.013s] -- Found TinyXML2 via Config file: TinyXML2_DIR-NOTFOUND
[1.025s] -- Using RMW implementation 'rmw_fastrtps_cpp' as default
[1.032s] -- Looking for pthread.h
[1.103s] -- Looking for pthread.h - found
[1.104s] -- Performing Test CMAKE_HAVE_LIBC_PTHREAD
[1.167s] -- Performing Test CMAKE_HAVE_LIBC_PTHREAD - Success
[1.168s] -- Found Threads: TRUE  
[1.207s] -- Found TinyXML2 via Config file: TinyXML2_DIR-NOTFOUND
[1.222s] -- Found ament_cmake_gmock: 1.3.11 (/opt/ros/humble/share/ament_cmake_gmock/cmake)
[1.224s] -- Found ros2_control_test_assets: 2.50.0 (/home/farah/ws_farah/install/ros2_control_test_assets/share/ros2_control_test_assets/cmake)
[1.227s] -- Found gmock sources under '/opt/ros/humble/src/gmock_vendor': C++ tests using 'Google Mock' will be built
[1.232s] -- Found ament_cmake_gtest: 1.3.11 (/opt/ros/humble/share/ament_cmake_gtest/cmake)
[1.235s] -- Found gtest sources under '/opt/ros/humble/src/gtest_vendor': C++ tests using 'Google Test' will be built
[1.306s] -- Configuring done
[1.351s] -- Generating done
[1.369s] -- Build files have been written to: /home/farah/ws_farah/build/hardware_interface
[1.381s] Invoked command in '/home/farah/ws_farah/build/hardware_interface' returned '0': CMAKE_PREFIX_PATH=/home/farah/ws_farah/install/ros2_control_test_assets:/home/farah/ws_farah/install/libserial_vendor:/home/farah/ws_farah/install/ros2_controllers:/home/farah/ws_farah/install/ros2_control_demos:/home/farah/ws_farah/install/ros2_control_demo_example_3:/home/farah/ws_farah/install/velocity_controllers:/home/farah/ws_farah/install/tricycle_steering_controller:/home/farah/ws_farah/install/tricycle_controller:/home/farah/ws_farah/install/ros2_control_demo_example_8:/home/farah/ws_farah/install/ros2_control:/home/farah/ws_farah/install/transmission_interface:/home/farah/ws_farah/install/ros2_control_demo_example_11:/home/farah/ws_farah/install/bicycle_steering_controller:/home/farah/ws_farah/install/ackermann_steering_controller:/home/farah/ws_farah/install/steering_controllers_library:/home/farah/ws_farah/install/ros2_control_demo_example_15:/home/farah/ws_farah/install/ros2_control_demo_example_1:/home/farah/ws_farah/install/ros2_control_demo_example_9:/home/farah/ws_farah/install/ros2_control_demo_example_7:/home/farah/ws_farah/install/ros2_control_demo_example_6:/home/farah/ws_farah/install/ros2_control_demo_example_13:/home/farah/ws_farah/install/ros2_control_demo_example_5:/home/farah/ws_farah/install/ros2_control_demo_example_4:/home/farah/ws_farah/install/ros2_control_demo_example_2:/home/farah/ws_farah/install/ros2_control_demo_example_14:/home/farah/ws_farah/install/ros2_control_demo_example_12:/home/farah/ws_farah/install/ros2_control_demo_example_10:/home/farah/ws_farah/install/hardware_interface_testing:/home/farah/ws_farah/install/ros2_control_demo_description:/home/farah/ws_farah/install/range_sensor_broadcaster:/home/farah/ws_farah/install/race_it:/home/farah/ws_farah/install/position_controllers:/home/farah/ws_farah/install/pose_broadcaster:/home/farah/ws_farah/install/pid_controller:/home/farah/ws_farah/install/mecanum_drive_controller:/home/farah/ws_farah/install/joint_trajectory_controller:/home/farah/ws_farah/install/joint_state_broadcaster:/home/farah/ws_farah/install/joint_limits:/home/farah/ws_farah/install/imu_sensor_broadcaster:/home/farah/ws_farah/install/gripper_controllers:/home/farah/ws_farah/install/gpio_controllers:/home/farah/ws_farah/install/effort_controllers:/home/farah/ws_farah/install/forward_command_controller:/home/farah/ws_farah/install/force_torque_sensor_broadcaster:/home/farah/ws_farah/install/diff_drive_controller:/home/farah/ws_farah/install/admittance_controller:/home/farah/ws_farah/install/controller_interface:/home/farah/ws_farah/install/hardware_interface:/home/farah/ws_farah/install/controller_manager_msgs:/home/farah/ws_farah/install/temp_teleop:/home/farah/ws_farah/install/rqt_joint_trajectory_controller:/home/farah/ws_farah/install/rqt_controller_manager:/home/farah/ws_farah/install/ros2controlcli:/home/farah/ws_farah/install/ros2_controllers_test_nodes:/opt/ros/humble /usr/bin/cmake /home/farah/ws_farah/src/ros2_control/hardware_interface -DCMAKE_INSTALL_PREFIX=/home/farah/ws_farah/install/hardware_interface
[1.382s] Invoking command in '/home/farah/ws_farah/build/hardware_interface': CMAKE_PREFIX_PATH=/home/farah/ws_farah/install/ros2_control_test_assets:/home/farah/ws_farah/install/libserial_vendor:/home/farah/ws_farah/install/ros2_controllers:/home/farah/ws_farah/install/ros2_control_demos:/home/farah/ws_farah/install/ros2_control_demo_example_3:/home/farah/ws_farah/install/velocity_controllers:/home/farah/ws_farah/install/tricycle_steering_controller:/home/farah/ws_farah/install/tricycle_controller:/home/farah/ws_farah/install/ros2_control_demo_example_8:/home/farah/ws_farah/install/ros2_control:/home/farah/ws_farah/install/transmission_interface:/home/farah/ws_farah/install/ros2_control_demo_example_11:/home/farah/ws_farah/install/bicycle_steering_controller:/home/farah/ws_farah/install/ackermann_steering_controller:/home/farah/ws_farah/install/steering_controllers_library:/home/farah/ws_farah/install/ros2_control_demo_example_15:/home/farah/ws_farah/install/ros2_control_demo_example_1:/home/farah/ws_farah/install/ros2_control_demo_example_9:/home/farah/ws_farah/install/ros2_control_demo_example_7:/home/farah/ws_farah/install/ros2_control_demo_example_6:/home/farah/ws_farah/install/ros2_control_demo_example_13:/home/farah/ws_farah/install/ros2_control_demo_example_5:/home/farah/ws_farah/install/ros2_control_demo_example_4:/home/farah/ws_farah/install/ros2_control_demo_example_2:/home/farah/ws_farah/install/ros2_control_demo_example_14:/home/farah/ws_farah/install/ros2_control_demo_example_12:/home/farah/ws_farah/install/ros2_control_demo_example_10:/home/farah/ws_farah/install/hardware_interface_testing:/home/farah/ws_farah/install/ros2_control_demo_description:/home/farah/ws_farah/install/range_sensor_broadcaster:/home/farah/ws_farah/install/race_it:/home/farah/ws_farah/install/position_controllers:/home/farah/ws_farah/install/pose_broadcaster:/home/farah/ws_farah/install/pid_controller:/home/farah/ws_farah/install/mecanum_drive_controller:/home/farah/ws_farah/install/joint_trajectory_controller:/home/farah/ws_farah/install/joint_state_broadcaster:/home/farah/ws_farah/install/joint_limits:/home/farah/ws_farah/install/imu_sensor_broadcaster:/home/farah/ws_farah/install/gripper_controllers:/home/farah/ws_farah/install/gpio_controllers:/home/farah/ws_farah/install/effort_controllers:/home/farah/ws_farah/install/forward_command_controller:/home/farah/ws_farah/install/force_torque_sensor_broadcaster:/home/farah/ws_farah/install/diff_drive_controller:/home/farah/ws_farah/install/admittance_controller:/home/farah/ws_farah/install/controller_interface:/home/farah/ws_farah/install/hardware_interface:/home/farah/ws_farah/install/controller_manager_msgs:/home/farah/ws_farah/install/temp_teleop:/home/farah/ws_farah/install/rqt_joint_trajectory_controller:/home/farah/ws_farah/install/rqt_controller_manager:/home/farah/ws_farah/install/ros2controlcli:/home/farah/ws_farah/install/ros2_controllers_test_nodes:/opt/ros/humble /usr/bin/cmake --build /home/farah/ws_farah/build/hardware_interface -- -j8 -l8
[1.427s] [ 11%] [32mBuilding CXX object gmock/CMakeFiles/gmock.dir/src/gmock-all.cc.o[0m
[1.427s] [ 11%] [32mBuilding CXX object gmock/CMakeFiles/gmock_main.dir/src/gmock_main.cc.o[0m
[1.427s] [ 11%] [32mBuilding CXX object gmock/CMakeFiles/gmock.dir/opt/ros/humble/src/gtest_vendor/src/gtest-all.cc.o[0m
[1.427s] [ 11%] [34m[1mGenerating hardware_interface/version.h[0m
[1.444s] [ 11%] Built target ament_generate_version_header__hardware_interface
[1.470s] [ 22%] [32mBuilding CXX object CMakeFiles/hardware_interface.dir/src/sensor.cpp.o[0m
[1.470s] [ 22%] [32mBuilding CXX object CMakeFiles/hardware_interface.dir/src/component_parser.cpp.o[0m
[1.470s] [ 22%] [32mBuilding CXX object CMakeFiles/hardware_interface.dir/src/resource_manager.cpp.o[0m
[1.470s] [ 25%] [32mBuilding CXX object CMakeFiles/hardware_interface.dir/src/system.cpp.o[0m
[1.470s] [ 22%] [32mBuilding CXX object CMakeFiles/hardware_interface.dir/src/actuator.cpp.o[0m
[2.978s] [ 28%] [32mBuilding CXX object CMakeFiles/hardware_interface.dir/src/lexical_casts.cpp.o[0m
[3.676s] [ 31%] [32m[1mLinking CXX static library libgmock_main.a[0m
[3.718s] [ 31%] Built target gmock_main
[5.556s] [ 34%] [32m[1mLinking CXX static library libgmock.a[0m
[5.634s] [ 34%] Built target gmock
[5.659s] [ 37%] [32mBuilding CXX object CMakeFiles/test_macros.dir/test/test_macros.cpp.o[0m
[6.862s] [ 40%] [32m[1mLinking CXX executable test_macros[0m
[7.025s] [ 40%] Built target test_macros
[7.048s] [ 42%] [32m[1mLinking CXX shared library libhardware_interface.so[0m
[7.368s] [ 42%] Built target hardware_interface
[7.399s] [ 65%] [32mBuilding CXX object CMakeFiles/mock_components.dir/src/mock_components/generic_system.cpp.o[0m
[7.400s] [ 65%] [32mBuilding CXX object CMakeFiles/fake_components.dir/src/mock_components/generic_system.cpp.o[0m
[7.401s] [ 65%] [32mBuilding CXX object CMakeFiles/test_component_parser.dir/test/test_component_parser.cpp.o[0m
[7.402s] [ 65%] [32mBuilding CXX object CMakeFiles/test_joint_handle.dir/test/test_handle.cpp.o[0m
[7.402s] [ 65%] [32mBuilding CXX object CMakeFiles/test_inst_hardwares.dir/test/test_inst_hardwares.cpp.o[0m
[7.402s] [ 65%] [32mBuilding CXX object CMakeFiles/test_component_interfaces.dir/test/test_component_interfaces.cpp.o[0m
[7.403s] [ 65%] [32mBuilding CXX object CMakeFiles/test_hardware_components.dir/test/test_hardware_components/test_single_joint_actuator.cpp.o[0m
[7.403s] [ 65%] [32mBuilding CXX object CMakeFiles/test_generic_system.dir/test/mock_components/test_generic_system.cpp.o[0m
[9.726s] [ 68%] [32mBuilding CXX object CMakeFiles/test_hardware_components.dir/test/test_hardware_components/test_force_torque_sensor.cpp.o[0m
[10.208s] [ 71%] [32m[1mLinking CXX executable test_joint_handle[0m
[10.658s] [ 74%] [32m[1mLinking CXX executable test_inst_hardwares[0m
[10.669s] [ 77%] [32m[1mLinking CXX shared library libmock_components.so[0m
[10.742s] [ 80%] [32mBuilding CXX object CMakeFiles/fake_components.dir/src/mock_components/fake_generic_system.cpp.o[0m
[11.015s] [ 80%] Built target test_joint_handle
[11.039s] [ 82%] [32mBuilding CXX object CMakeFiles/test_hardware_components.dir/test/test_hardware_components/test_two_joint_system.cpp.o[0m
[11.308s] [ 82%] Built target test_inst_hardwares
[11.325s] [ 85%] [32mBuilding CXX object CMakeFiles/test_hardware_components.dir/test/test_hardware_components/test_system_with_command_modes.cpp.o[0m
[11.417s] [ 85%] Built target mock_components
[12.700s] [ 88%] [32m[1mLinking CXX shared library libfake_components.so[0m
[12.772s] [ 91%] [32m[1mLinking CXX executable test_component_interfaces[0m
[13.508s] [ 97%] [32m[1mLinking CXX shared library libtest_hardware_components.so[0m
[13.508s] [ 97%] [32m[1mLinking CXX executable test_generic_system[0m
[13.565s] [ 97%] Built target fake_components
[13.826s] [ 97%] Built target test_hardware_components
[13.833s] [ 97%] Built target test_component_interfaces
[13.866s] [100%] [32m[1mLinking CXX executable test_component_parser[0m
[13.981s] [100%] Built target test_generic_system
[14.166s] [100%] Built target test_component_parser
[14.177s] Invoked command in '/home/farah/ws_farah/build/hardware_interface' returned '0': CMAKE_PREFIX_PATH=/home/farah/ws_farah/install/ros2_control_test_assets:/home/farah/ws_farah/install/libserial_vendor:/home/farah/ws_farah/install/ros2_controllers:/home/farah/ws_farah/install/ros2_control_demos:/home/farah/ws_farah/install/ros2_control_demo_example_3:/home/farah/ws_farah/install/velocity_controllers:/home/farah/ws_farah/install/tricycle_steering_controller:/home/farah/ws_farah/install/tricycle_controller:/home/farah/ws_farah/install/ros2_control_demo_example_8:/home/farah/ws_farah/install/ros2_control:/home/farah/ws_farah/install/transmission_interface:/home/farah/ws_farah/install/ros2_control_demo_example_11:/home/farah/ws_farah/install/bicycle_steering_controller:/home/farah/ws_farah/install/ackermann_steering_controller:/home/farah/ws_farah/install/steering_controllers_library:/home/farah/ws_farah/install/ros2_control_demo_example_15:/home/farah/ws_farah/install/ros2_control_demo_example_1:/home/farah/ws_farah/install/ros2_control_demo_example_9:/home/farah/ws_farah/install/ros2_control_demo_example_7:/home/farah/ws_farah/install/ros2_control_demo_example_6:/home/farah/ws_farah/install/ros2_control_demo_example_13:/home/farah/ws_farah/install/ros2_control_demo_example_5:/home/farah/ws_farah/install/ros2_control_demo_example_4:/home/farah/ws_farah/install/ros2_control_demo_example_2:/home/farah/ws_farah/install/ros2_control_demo_example_14:/home/farah/ws_farah/install/ros2_control_demo_example_12:/home/farah/ws_farah/install/ros2_control_demo_example_10:/home/farah/ws_farah/install/hardware_interface_testing:/home/farah/ws_farah/install/ros2_control_demo_description:/home/farah/ws_farah/install/range_sensor_broadcaster:/home/farah/ws_farah/install/race_it:/home/farah/ws_farah/install/position_controllers:/home/farah/ws_farah/install/pose_broadcaster:/home/farah/ws_farah/install/pid_controller:/home/farah/ws_farah/install/mecanum_drive_controller:/home/farah/ws_farah/install/joint_trajectory_controller:/home/farah/ws_farah/install/joint_state_broadcaster:/home/farah/ws_farah/install/joint_limits:/home/farah/ws_farah/install/imu_sensor_broadcaster:/home/farah/ws_farah/install/gripper_controllers:/home/farah/ws_farah/install/gpio_controllers:/home/farah/ws_farah/install/effort_controllers:/home/farah/ws_farah/install/forward_command_controller:/home/farah/ws_farah/install/force_torque_sensor_broadcaster:/home/farah/ws_farah/install/diff_drive_controller:/home/farah/ws_farah/install/admittance_controller:/home/farah/ws_farah/install/controller_interface:/home/farah/ws_farah/install/hardware_interface:/home/farah/ws_farah/install/controller_manager_msgs:/home/farah/ws_farah/install/temp_teleop:/home/farah/ws_farah/install/rqt_joint_trajectory_controller:/home/farah/ws_farah/install/rqt_controller_manager:/home/farah/ws_farah/install/ros2controlcli:/home/farah/ws_farah/install/ros2_controllers_test_nodes:/opt/ros/humble /usr/bin/cmake --build /home/farah/ws_farah/build/hardware_interface -- -j8 -l8
[14.178s] Invoking command in '/home/farah/ws_farah/build/hardware_interface': CMAKE_PREFIX_PATH=/home/farah/ws_farah/install/ros2_control_test_assets:/home/farah/ws_farah/install/libserial_vendor:/home/farah/ws_farah/install/ros2_controllers:/home/farah/ws_farah/install/ros2_control_demos:/home/farah/ws_farah/install/ros2_control_demo_example_3:/home/farah/ws_farah/install/velocity_controllers:/home/farah/ws_farah/install/tricycle_steering_controller:/home/farah/ws_farah/install/tricycle_controller:/home/farah/ws_farah/install/ros2_control_demo_example_8:/home/farah/ws_farah/install/ros2_control:/home/farah/ws_farah/install/transmission_interface:/home/farah/ws_farah/install/ros2_control_demo_example_11:/home/farah/ws_farah/install/bicycle_steering_controller:/home/farah/ws_farah/install/ackermann_steering_controller:/home/farah/ws_farah/install/steering_controllers_library:/home/farah/ws_farah/install/ros2_control_demo_example_15:/home/farah/ws_farah/install/ros2_control_demo_example_1:/home/farah/ws_farah/install/ros2_control_demo_example_9:/home/farah/ws_farah/install/ros2_control_demo_example_7:/home/farah/ws_farah/install/ros2_control_demo_example_6:/home/farah/ws_farah/install/ros2_control_demo_example_13:/home/farah/ws_farah/install/ros2_control_demo_example_5:/home/farah/ws_farah/install/ros2_control_demo_example_4:/home/farah/ws_farah/install/ros2_control_demo_example_2:/home/farah/ws_farah/install/ros2_control_demo_example_14:/home/farah/ws_farah/install/ros2_control_demo_example_12:/home/farah/ws_farah/install/ros2_control_demo_example_10:/home/farah/ws_farah/install/hardware_interface_testing:/home/farah/ws_farah/install/ros2_control_demo_description:/home/farah/ws_farah/install/range_sensor_broadcaster:/home/farah/ws_farah/install/race_it:/home/farah/ws_farah/install/position_controllers:/home/farah/ws_farah/install/pose_broadcaster:/home/farah/ws_farah/install/pid_controller:/home/farah/ws_farah/install/mecanum_drive_controller:/home/farah/ws_farah/install/joint_trajectory_controller:/home/farah/ws_farah/install/joint_state_broadcaster:/home/farah/ws_farah/install/joint_limits:/home/farah/ws_farah/install/imu_sensor_broadcaster:/home/farah/ws_farah/install/gripper_controllers:/home/farah/ws_farah/install/gpio_controllers:/home/farah/ws_farah/install/effort_controllers:/home/farah/ws_farah/install/forward_command_controller:/home/farah/ws_farah/install/force_torque_sensor_broadcaster:/home/farah/ws_farah/install/diff_drive_controller:/home/farah/ws_farah/install/admittance_controller:/home/farah/ws_farah/install/controller_interface:/home/farah/ws_farah/install/hardware_interface:/home/farah/ws_farah/install/controller_manager_msgs:/home/farah/ws_farah/install/temp_teleop:/home/farah/ws_farah/install/rqt_joint_trajectory_controller:/home/farah/ws_farah/install/rqt_controller_manager:/home/farah/ws_farah/install/ros2controlcli:/home/farah/ws_farah/install/ros2_controllers_test_nodes:/opt/ros/humble /usr/bin/cmake --install /home/farah/ws_farah/build/hardware_interface
[14.184s] -- Install configuration: ""
[14.185s] -- Installing: /home/farah/ws_farah/install/hardware_interface/share/hardware_interface/mock_components_plugin_description.xml
[14.185s] -- Installing: /home/farah/ws_farah/install/hardware_interface/share/hardware_interface/fake_components_plugin_description.xml
[14.185s] -- Installing: /home/farah/ws_farah/install/hardware_interface/include
[14.185s] -- Installing: /home/farah/ws_farah/install/hardware_interface/include/hardware_interface
[14.185s] -- Installing: /home/farah/ws_farah/install/hardware_interface/include/hardware_interface/sensor_interface.hpp
[14.186s] -- Installing: /home/farah/ws_farah/install/hardware_interface/include/hardware_interface/loaned_command_interface.hpp
[14.186s] -- Installing: /home/farah/ws_farah/install/hardware_interface/include/hardware_interface/system.hpp
[14.186s] -- Installing: /home/farah/ws_farah/install/hardware_interface/include/hardware_interface/loaned_state_interface.hpp
[14.186s] -- Installing: /home/farah/ws_farah/install/hardware_interface/include/hardware_interface/types
[14.186s] -- Installing: /home/farah/ws_farah/install/hardware_interface/include/hardware_interface/types/hardware_interface_type_values.hpp
[14.186s] -- Installing: /home/farah/ws_farah/install/hardware_interface/include/hardware_interface/types/lifecycle_state_names.hpp
[14.186s] -- Installing: /home/farah/ws_farah/install/hardware_interface/include/hardware_interface/types/hardware_interface_return_values.hpp
[14.186s] -- Installing: /home/farah/ws_farah/install/hardware_interface/include/hardware_interface/actuator.hpp
[14.186s] -- Installing: /home/farah/ws_farah/install/hardware_interface/include/hardware_interface/resource_manager.hpp
[14.187s] -- Installing: /home/farah/ws_farah/install/hardware_interface/include/hardware_interface/hardware_info.hpp
[14.187s] -- Installing: /home/farah/ws_farah/install/hardware_interface/include/hardware_interface/hardware_component_info.hpp
[14.187s] -- Installing: /home/farah/ws_farah/install/hardware_interface/include/hardware_interface/controller_info.hpp
[14.187s] -- Installing: /home/farah/ws_farah/install/hardware_interface/include/hardware_interface/actuator_interface.hpp
[14.187s] -- Installing: /home/farah/ws_farah/install/hardware_interface/include/hardware_interface/lexical_casts.hpp
[14.187s] -- Installing: /home/farah/ws_farah/install/hardware_interface/include/hardware_interface/sensor.hpp
[14.187s] -- Installing: /home/farah/ws_farah/install/hardware_interface/include/hardware_interface/component_parser.hpp
[14.187s] -- Installing: /home/farah/ws_farah/install/hardware_interface/include/hardware_interface/handle.hpp
[14.187s] -- Installing: /home/farah/ws_farah/install/hardware_interface/include/hardware_interface/system_interface.hpp
[14.188s] -- Installing: /home/farah/ws_farah/install/hardware_interface/include/hardware_interface/visibility_control.h
[14.188s] -- Installing: /home/farah/ws_farah/install/hardware_interface/include/hardware_interface/macros.hpp
[14.188s] -- Installing: /home/farah/ws_farah/install/hardware_interface/include/mock_components
[14.188s] -- Installing: /home/farah/ws_farah/install/hardware_interface/include/mock_components/generic_system.hpp
[14.188s] -- Installing: /home/farah/ws_farah/install/hardware_interface/include/mock_components/visibility_control.h
[14.188s] -- Installing: /home/farah/ws_farah/install/hardware_interface/include/fake_components
[14.188s] -- Installing: /home/farah/ws_farah/install/hardware_interface/include/fake_components/generic_system.hpp
[14.188s] -- Installing: /home/farah/ws_farah/install/hardware_interface/include/fake_components/visibility_control.h
[14.189s] -- Installing: /home/farah/ws_farah/install/hardware_interface/lib/libfake_components.so
[14.189s] -- Set runtime path of "/home/farah/ws_farah/install/hardware_interface/lib/libfake_components.so" to ""
[14.189s] -- Installing: /home/farah/ws_farah/install/hardware_interface/lib/libmock_components.so
[14.190s] -- Set runtime path of "/home/farah/ws_farah/install/hardware_interface/lib/libmock_components.so" to ""
[14.190s] -- Installing: /home/farah/ws_farah/install/hardware_interface/lib/libhardware_interface.so
[14.192s] -- Set runtime path of "/home/farah/ws_farah/install/hardware_interface/lib/libhardware_interface.so" to ""
[14.192s] -- Installing: /home/farah/ws_farah/install/hardware_interface/lib/libtest_hardware_components.so
[14.193s] -- Set runtime path of "/home/farah/ws_farah/install/hardware_interface/lib/libtest_hardware_components.so" to ""
[14.193s] -- Installing: /home/farah/ws_farah/install/hardware_interface/share/hardware_interface/test/test_hardware_components/test_hardware_components.xml
[14.193s] -- Installing: /home/farah/ws_farah/install/hardware_interface/share/hardware_interface/environment/library_path.sh
[14.194s] -- Installing: /home/farah/ws_farah/install/hardware_interface/share/hardware_interface/environment/library_path.dsv
[14.194s] -- Installing: /home/farah/ws_farah/install/hardware_interface/share/ament_index/resource_index/package_run_dependencies/hardware_interface
[14.194s] -- Installing: /home/farah/ws_farah/install/hardware_interface/share/ament_index/resource_index/parent_prefix_path/hardware_interface
[14.194s] -- Installing: /home/farah/ws_farah/install/hardware_interface/share/hardware_interface/environment/ament_prefix_path.sh
[14.194s] -- Installing: /home/farah/ws_farah/install/hardware_interface/share/hardware_interface/environment/ament_prefix_path.dsv
[14.194s] -- Installing: /home/farah/ws_farah/install/hardware_interface/share/hardware_interface/environment/path.sh
[14.195s] -- Installing: /home/farah/ws_farah/install/hardware_interface/share/hardware_interface/environment/path.dsv
[14.195s] -- Installing: /home/farah/ws_farah/install/hardware_interface/share/hardware_interface/local_setup.bash
[14.195s] -- Installing: /home/farah/ws_farah/install/hardware_interface/share/hardware_interface/local_setup.sh
[14.195s] -- Installing: /home/farah/ws_farah/install/hardware_interface/share/hardware_interface/local_setup.zsh
[14.195s] -- Installing: /home/farah/ws_farah/install/hardware_interface/share/hardware_interface/local_setup.dsv
[14.196s] -- Installing: /home/farah/ws_farah/install/hardware_interface/share/hardware_interface/package.dsv
[14.196s] -- Installing: /home/farah/ws_farah/install/hardware_interface/share/ament_index/resource_index/packages/hardware_interface
[14.196s] -- Installing: /home/farah/ws_farah/install/hardware_interface/share/ament_index/resource_index/hardware_interface__pluginlib__plugin/hardware_interface
[14.196s] -- Installing: /home/farah/ws_farah/install/hardware_interface/share/hardware_interface/cmake/ament_cmake_export_include_directories-extras.cmake
[14.196s] -- Installing: /home/farah/ws_farah/install/hardware_interface/share/hardware_interface/cmake/ament_cmake_export_libraries-extras.cmake
[14.196s] -- Installing: /home/farah/ws_farah/install/hardware_interface/share/hardware_interface/cmake/ament_cmake_export_dependencies-extras.cmake
[14.196s] -- Installing: /home/farah/ws_farah/install/hardware_interface/share/hardware_interface/cmake/hardware_interfaceConfig.cmake
[14.197s] -- Installing: /home/farah/ws_farah/install/hardware_interface/share/hardware_interface/cmake/hardware_interfaceConfig-version.cmake
[14.197s] -- Installing: /home/farah/ws_farah/install/hardware_interface/share/hardware_interface/package.xml
[14.197s] -- Installing: /home/farah/ws_farah/install/hardware_interface/include/hardware_interface/hardware_interface/version.h
[14.199s] Invoked command in '/home/farah/ws_farah/build/hardware_interface' returned '0': CMAKE_PREFIX_PATH=/home/farah/ws_farah/install/ros2_control_test_assets:/home/farah/ws_farah/install/libserial_vendor:/home/farah/ws_farah/install/ros2_controllers:/home/farah/ws_farah/install/ros2_control_demos:/home/farah/ws_farah/install/ros2_control_demo_example_3:/home/farah/ws_farah/install/velocity_controllers:/home/farah/ws_farah/install/tricycle_steering_controller:/home/farah/ws_farah/install/tricycle_controller:/home/farah/ws_farah/install/ros2_control_demo_example_8:/home/farah/ws_farah/install/ros2_control:/home/farah/ws_farah/install/transmission_interface:/home/farah/ws_farah/install/ros2_control_demo_example_11:/home/farah/ws_farah/install/bicycle_steering_controller:/home/farah/ws_farah/install/ackermann_steering_controller:/home/farah/ws_farah/install/steering_controllers_library:/home/farah/ws_farah/install/ros2_control_demo_example_15:/home/farah/ws_farah/install/ros2_control_demo_example_1:/home/farah/ws_farah/install/ros2_control_demo_example_9:/home/farah/ws_farah/install/ros2_control_demo_example_7:/home/farah/ws_farah/install/ros2_control_demo_example_6:/home/farah/ws_farah/install/ros2_control_demo_example_13:/home/farah/ws_farah/install/ros2_control_demo_example_5:/home/farah/ws_farah/install/ros2_control_demo_example_4:/home/farah/ws_farah/install/ros2_control_demo_example_2:/home/farah/ws_farah/install/ros2_control_demo_example_14:/home/farah/ws_farah/install/ros2_control_demo_example_12:/home/farah/ws_farah/install/ros2_control_demo_example_10:/home/farah/ws_farah/install/hardware_interface_testing:/home/farah/ws_farah/install/ros2_control_demo_description:/home/farah/ws_farah/install/range_sensor_broadcaster:/home/farah/ws_farah/install/race_it:/home/farah/ws_farah/install/position_controllers:/home/farah/ws_farah/install/pose_broadcaster:/home/farah/ws_farah/install/pid_controller:/home/farah/ws_farah/install/mecanum_drive_controller:/home/farah/ws_farah/install/joint_trajectory_controller:/home/farah/ws_farah/install/joint_state_broadcaster:/home/farah/ws_farah/install/joint_limits:/home/farah/ws_farah/install/imu_sensor_broadcaster:/home/farah/ws_farah/install/gripper_controllers:/home/farah/ws_farah/install/gpio_controllers:/home/farah/ws_farah/install/effort_controllers:/home/farah/ws_farah/install/forward_command_controller:/home/farah/ws_farah/install/force_torque_sensor_broadcaster:/home/farah/ws_farah/install/diff_drive_controller:/home/farah/ws_farah/install/admittance_controller:/home/farah/ws_farah/install/controller_interface:/home/farah/ws_farah/install/hardware_interface:/home/farah/ws_farah/install/controller_manager_msgs:/home/farah/ws_farah/install/temp_teleop:/home/farah/ws_farah/install/rqt_joint_trajectory_controller:/home/farah/ws_farah/install/rqt_controller_manager:/home/farah/ws_farah/install/ros2controlcli:/home/farah/ws_farah/install/ros2_controllers_test_nodes:/opt/ros/humble /usr/bin/cmake --install /home/farah/ws_farah/build/hardware_interface
