[0.017s] Invoking command in '/home/farah/ws_farah/build/ros2_control_demo_example_3': AMENT_PREFIX_PATH=/home/farah/ws_farah/install/velocity_controllers:/home/farah/ws_farah/install/position_controllers:/home/farah/ws_farah/install/joint_state_broadcaster:/home/farah/ws_farah/install/forward_command_controller:/home/farah/ws_farah/install/hardware_interface_testing:/home/farah/ws_farah/install/controller_interface:/home/farah/ws_farah/install/ros2controlcli:/home/farah/ws_farah/install/hardware_interface:/home/farah/ws_farah/install/ros2_controllers_test_nodes:/home/farah/ws_farah/install/ros2_control_test_assets:/home/farah/ws_farah/install/ros2_control_demo_description:/home/farah/ws_farah/install/controller_manager_msgs:${AMENT_PREFIX_PATH} CMAKE_PREFIX_PATH=/home/farah/ws_farah/install/velocity_controllers:/home/farah/ws_farah/install/position_controllers:/home/farah/ws_farah/install/joint_state_broadcaster:/home/farah/ws_farah/install/forward_command_controller:/home/farah/ws_farah/install/hardware_interface_testing:/home/farah/ws_farah/install/controller_interface:/home/farah/ws_farah/install/hardware_interface:/home/farah/ws_farah/install/ros2_control_test_assets:/home/farah/ws_farah/install/ros2_control_demo_description:/home/farah/ws_farah/install/controller_manager_msgs:/opt/ros/humble LD_LIBRARY_PATH=/home/farah/ws_farah/install/velocity_controllers/lib:/home/farah/ws_farah/install/position_controllers/lib:/home/farah/ws_farah/install/joint_state_broadcaster/lib:/home/farah/ws_farah/install/forward_command_controller/lib:/home/farah/ws_farah/install/hardware_interface_testing/lib:/home/farah/ws_farah/install/controller_interface/lib:/home/farah/ws_farah/install/hardware_interface/lib:/home/farah/ws_farah/install/controller_manager_msgs/lib:${LD_LIBRARY_PATH} PYTHONPATH=/home/farah/ws_farah/install/ros2controlcli/lib/python3.10/site-packages:/home/farah/ws_farah/install/ros2_controllers_test_nodes/lib/python3.10/site-packages:/home/farah/ws_farah/install/controller_manager_msgs/local/lib/python3.10/dist-packages:${PYTHONPATH} /usr/bin/cmake /home/farah/ws_farah/src/ros2_control_demos/example_3 -DCMAKE_INSTALL_PREFIX=/home/farah/ws_farah/install/ros2_control_demo_example_3
[0.067s] -- The CXX compiler identification is GNU 11.4.0
[0.074s] -- Detecting CXX compiler ABI info
[0.135s] -- Detecting CXX compiler ABI info - done
[0.141s] -- Check for working CXX compiler: /usr/bin/c++ - skipped
[0.141s] -- Detecting CXX compile features
[0.142s] -- Detecting CXX compile features - done
[0.146s] -- Found ament_cmake: 1.3.11 (/opt/ros/humble/share/ament_cmake/cmake)
[0.439s] -- Found Python3: /usr/bin/python3 (found version "3.10.12") found components: Interpreter 
[0.521s] -- Found hardware_interface: 2.50.0 (/home/farah/ws_farah/install/hardware_interface/share/hardware_interface/cmake)
[0.560s] -- Found rosidl_generator_c: 3.1.6 (/opt/ros/humble/share/rosidl_generator_c/cmake)
[0.565s] -- Found rosidl_adapter: 3.1.6 (/opt/ros/humble/share/rosidl_adapter/cmake)
[0.573s] -- Found rosidl_generator_cpp: 3.1.6 (/opt/ros/humble/share/rosidl_generator_cpp/cmake)
[0.585s] -- Using all available rosidl_typesupport_c: rosidl_typesupport_fastrtps_c;rosidl_typesupport_introspection_c
[0.601s] -- Using all available rosidl_typesupport_cpp: rosidl_typesupport_fastrtps_cpp;rosidl_typesupport_introspection_cpp
[0.787s] -- Found rmw_implementation_cmake: 6.1.2 (/opt/ros/humble/share/rmw_implementation_cmake/cmake)
[0.790s] -- Found rmw_fastrtps_cpp: 6.2.7 (/opt/ros/humble/share/rmw_fastrtps_cpp/cmake)
[0.813s] -- Found TinyXML2 via Config file: TinyXML2_DIR-NOTFOUND
[0.852s] -- Found OpenSSL: /usr/lib/x86_64-linux-gnu/libcrypto.so (found version "3.0.2")  
[0.854s] -- Found TinyXML2 via Config file: TinyXML2_DIR-NOTFOUND
[0.867s] -- Found FastRTPS: /opt/ros/humble/include  
[0.870s] -- Found TinyXML2 via Config file: TinyXML2_DIR-NOTFOUND
[0.877s] -- Found TinyXML2 via Config file: TinyXML2_DIR-NOTFOUND
[0.886s] -- Using RMW implementation 'rmw_fastrtps_cpp' as default
[0.894s] -- Looking for C++ include pthread.h
[0.981s] -- Looking for C++ include pthread.h - found
[0.981s] -- Performing Test CMAKE_HAVE_LIBC_PTHREAD
[1.069s] -- Performing Test CMAKE_HAVE_LIBC_PTHREAD - Success
[1.070s] -- Found Threads: TRUE  
[1.121s] -- Found ament_cmake_pytest: 1.3.11 (/opt/ros/humble/share/ament_cmake_pytest/cmake)
[1.979s] -- Configuring done
[2.001s] -- Generating done
[2.008s] -- Build files have been written to: /home/farah/ws_farah/build/ros2_control_demo_example_3
[2.017s] Invoked command in '/home/farah/ws_farah/build/ros2_control_demo_example_3' returned '0': AMENT_PREFIX_PATH=/home/farah/ws_farah/install/velocity_controllers:/home/farah/ws_farah/install/position_controllers:/home/farah/ws_farah/install/joint_state_broadcaster:/home/farah/ws_farah/install/forward_command_controller:/home/farah/ws_farah/install/hardware_interface_testing:/home/farah/ws_farah/install/controller_interface:/home/farah/ws_farah/install/ros2controlcli:/home/farah/ws_farah/install/hardware_interface:/home/farah/ws_farah/install/ros2_controllers_test_nodes:/home/farah/ws_farah/install/ros2_control_test_assets:/home/farah/ws_farah/install/ros2_control_demo_description:/home/farah/ws_farah/install/controller_manager_msgs:${AMENT_PREFIX_PATH} CMAKE_PREFIX_PATH=/home/farah/ws_farah/install/velocity_controllers:/home/farah/ws_farah/install/position_controllers:/home/farah/ws_farah/install/joint_state_broadcaster:/home/farah/ws_farah/install/forward_command_controller:/home/farah/ws_farah/install/hardware_interface_testing:/home/farah/ws_farah/install/controller_interface:/home/farah/ws_farah/install/hardware_interface:/home/farah/ws_farah/install/ros2_control_test_assets:/home/farah/ws_farah/install/ros2_control_demo_description:/home/farah/ws_farah/install/controller_manager_msgs:/opt/ros/humble LD_LIBRARY_PATH=/home/farah/ws_farah/install/velocity_controllers/lib:/home/farah/ws_farah/install/position_controllers/lib:/home/farah/ws_farah/install/joint_state_broadcaster/lib:/home/farah/ws_farah/install/forward_command_controller/lib:/home/farah/ws_farah/install/hardware_interface_testing/lib:/home/farah/ws_farah/install/controller_interface/lib:/home/farah/ws_farah/install/hardware_interface/lib:/home/farah/ws_farah/install/controller_manager_msgs/lib:${LD_LIBRARY_PATH} PYTHONPATH=/home/farah/ws_farah/install/ros2controlcli/lib/python3.10/site-packages:/home/farah/ws_farah/install/ros2_controllers_test_nodes/lib/python3.10/site-packages:/home/farah/ws_farah/install/controller_manager_msgs/local/lib/python3.10/dist-packages:${PYTHONPATH} /usr/bin/cmake /home/farah/ws_farah/src/ros2_control_demos/example_3 -DCMAKE_INSTALL_PREFIX=/home/farah/ws_farah/install/ros2_control_demo_example_3
[2.018s] Invoking command in '/home/farah/ws_farah/build/ros2_control_demo_example_3': AMENT_PREFIX_PATH=/home/farah/ws_farah/install/velocity_controllers:/home/farah/ws_farah/install/position_controllers:/home/farah/ws_farah/install/joint_state_broadcaster:/home/farah/ws_farah/install/forward_command_controller:/home/farah/ws_farah/install/hardware_interface_testing:/home/farah/ws_farah/install/controller_interface:/home/farah/ws_farah/install/ros2controlcli:/home/farah/ws_farah/install/hardware_interface:/home/farah/ws_farah/install/ros2_controllers_test_nodes:/home/farah/ws_farah/install/ros2_control_test_assets:/home/farah/ws_farah/install/ros2_control_demo_description:/home/farah/ws_farah/install/controller_manager_msgs:${AMENT_PREFIX_PATH} CMAKE_PREFIX_PATH=/home/farah/ws_farah/install/velocity_controllers:/home/farah/ws_farah/install/position_controllers:/home/farah/ws_farah/install/joint_state_broadcaster:/home/farah/ws_farah/install/forward_command_controller:/home/farah/ws_farah/install/hardware_interface_testing:/home/farah/ws_farah/install/controller_interface:/home/farah/ws_farah/install/hardware_interface:/home/farah/ws_farah/install/ros2_control_test_assets:/home/farah/ws_farah/install/ros2_control_demo_description:/home/farah/ws_farah/install/controller_manager_msgs:/opt/ros/humble LD_LIBRARY_PATH=/home/farah/ws_farah/install/velocity_controllers/lib:/home/farah/ws_farah/install/position_controllers/lib:/home/farah/ws_farah/install/joint_state_broadcaster/lib:/home/farah/ws_farah/install/forward_command_controller/lib:/home/farah/ws_farah/install/hardware_interface_testing/lib:/home/farah/ws_farah/install/controller_interface/lib:/home/farah/ws_farah/install/hardware_interface/lib:/home/farah/ws_farah/install/controller_manager_msgs/lib:${LD_LIBRARY_PATH} PYTHONPATH=/home/farah/ws_farah/install/ros2controlcli/lib/python3.10/site-packages:/home/farah/ws_farah/install/ros2_controllers_test_nodes/lib/python3.10/site-packages:/home/farah/ws_farah/install/controller_manager_msgs/local/lib/python3.10/dist-packages:${PYTHONPATH} /usr/bin/cmake --build /home/farah/ws_farah/build/ros2_control_demo_example_3 -- -j8 -l8
[2.058s] [ 50%] [32mBuilding CXX object CMakeFiles/ros2_control_demo_example_3.dir/hardware/rrbot_system_multi_interface.cpp.o[0m
[5.039s] [100%] [32m[1mLinking CXX shared library libros2_control_demo_example_3.so[0m
[5.191s] [100%] Built target ros2_control_demo_example_3
[5.199s] Invoked command in '/home/farah/ws_farah/build/ros2_control_demo_example_3' returned '0': AMENT_PREFIX_PATH=/home/farah/ws_farah/install/velocity_controllers:/home/farah/ws_farah/install/position_controllers:/home/farah/ws_farah/install/joint_state_broadcaster:/home/farah/ws_farah/install/forward_command_controller:/home/farah/ws_farah/install/hardware_interface_testing:/home/farah/ws_farah/install/controller_interface:/home/farah/ws_farah/install/ros2controlcli:/home/farah/ws_farah/install/hardware_interface:/home/farah/ws_farah/install/ros2_controllers_test_nodes:/home/farah/ws_farah/install/ros2_control_test_assets:/home/farah/ws_farah/install/ros2_control_demo_description:/home/farah/ws_farah/install/controller_manager_msgs:${AMENT_PREFIX_PATH} CMAKE_PREFIX_PATH=/home/farah/ws_farah/install/velocity_controllers:/home/farah/ws_farah/install/position_controllers:/home/farah/ws_farah/install/joint_state_broadcaster:/home/farah/ws_farah/install/forward_command_controller:/home/farah/ws_farah/install/hardware_interface_testing:/home/farah/ws_farah/install/controller_interface:/home/farah/ws_farah/install/hardware_interface:/home/farah/ws_farah/install/ros2_control_test_assets:/home/farah/ws_farah/install/ros2_control_demo_description:/home/farah/ws_farah/install/controller_manager_msgs:/opt/ros/humble LD_LIBRARY_PATH=/home/farah/ws_farah/install/velocity_controllers/lib:/home/farah/ws_farah/install/position_controllers/lib:/home/farah/ws_farah/install/joint_state_broadcaster/lib:/home/farah/ws_farah/install/forward_command_controller/lib:/home/farah/ws_farah/install/hardware_interface_testing/lib:/home/farah/ws_farah/install/controller_interface/lib:/home/farah/ws_farah/install/hardware_interface/lib:/home/farah/ws_farah/install/controller_manager_msgs/lib:${LD_LIBRARY_PATH} PYTHONPATH=/home/farah/ws_farah/install/ros2controlcli/lib/python3.10/site-packages:/home/farah/ws_farah/install/ros2_controllers_test_nodes/lib/python3.10/site-packages:/home/farah/ws_farah/install/controller_manager_msgs/local/lib/python3.10/dist-packages:${PYTHONPATH} /usr/bin/cmake --build /home/farah/ws_farah/build/ros2_control_demo_example_3 -- -j8 -l8
[5.200s] Invoking command in '/home/farah/ws_farah/build/ros2_control_demo_example_3': AMENT_PREFIX_PATH=/home/farah/ws_farah/install/velocity_controllers:/home/farah/ws_farah/install/position_controllers:/home/farah/ws_farah/install/joint_state_broadcaster:/home/farah/ws_farah/install/forward_command_controller:/home/farah/ws_farah/install/hardware_interface_testing:/home/farah/ws_farah/install/controller_interface:/home/farah/ws_farah/install/ros2controlcli:/home/farah/ws_farah/install/hardware_interface:/home/farah/ws_farah/install/ros2_controllers_test_nodes:/home/farah/ws_farah/install/ros2_control_test_assets:/home/farah/ws_farah/install/ros2_control_demo_description:/home/farah/ws_farah/install/controller_manager_msgs:${AMENT_PREFIX_PATH} CMAKE_PREFIX_PATH=/home/farah/ws_farah/install/velocity_controllers:/home/farah/ws_farah/install/position_controllers:/home/farah/ws_farah/install/joint_state_broadcaster:/home/farah/ws_farah/install/forward_command_controller:/home/farah/ws_farah/install/hardware_interface_testing:/home/farah/ws_farah/install/controller_interface:/home/farah/ws_farah/install/hardware_interface:/home/farah/ws_farah/install/ros2_control_test_assets:/home/farah/ws_farah/install/ros2_control_demo_description:/home/farah/ws_farah/install/controller_manager_msgs:/opt/ros/humble LD_LIBRARY_PATH=/home/farah/ws_farah/install/velocity_controllers/lib:/home/farah/ws_farah/install/position_controllers/lib:/home/farah/ws_farah/install/joint_state_broadcaster/lib:/home/farah/ws_farah/install/forward_command_controller/lib:/home/farah/ws_farah/install/hardware_interface_testing/lib:/home/farah/ws_farah/install/controller_interface/lib:/home/farah/ws_farah/install/hardware_interface/lib:/home/farah/ws_farah/install/controller_manager_msgs/lib:${LD_LIBRARY_PATH} PYTHONPATH=/home/farah/ws_farah/install/ros2controlcli/lib/python3.10/site-packages:/home/farah/ws_farah/install/ros2_controllers_test_nodes/lib/python3.10/site-packages:/home/farah/ws_farah/install/controller_manager_msgs/local/lib/python3.10/dist-packages:${PYTHONPATH} /usr/bin/cmake --install /home/farah/ws_farah/build/ros2_control_demo_example_3
[5.206s] -- Install configuration: ""
[5.207s] -- Installing: /home/farah/ws_farah/install/ros2_control_demo_example_3/share/ros2_control_demo_example_3/ros2_control_demo_example_3.xml
[5.207s] -- Installing: /home/farah/ws_farah/install/ros2_control_demo_example_3/include/ros2_control_demo_example_3
[5.207s] -- Installing: /home/farah/ws_farah/install/ros2_control_demo_example_3/include/ros2_control_demo_example_3/ros2_control_demo_example_3
[5.207s] -- Installing: /home/farah/ws_farah/install/ros2_control_demo_example_3/include/ros2_control_demo_example_3/ros2_control_demo_example_3/rrbot_system_multi_interface.hpp
[5.207s] -- Installing: /home/farah/ws_farah/install/ros2_control_demo_example_3/share/ros2_control_demo_example_3/launch
[5.207s] -- Installing: /home/farah/ws_farah/install/ros2_control_demo_example_3/share/ros2_control_demo_example_3/launch/view_robot.launch.py
[5.207s] -- Installing: /home/farah/ws_farah/install/ros2_control_demo_example_3/share/ros2_control_demo_example_3/ros2_control
[5.208s] -- Installing: /home/farah/ws_farah/install/ros2_control_demo_example_3/share/ros2_control_demo_example_3/ros2_control/rrbot_system_multi_interface.ros2_control.xacro
[5.208s] -- Installing: /home/farah/ws_farah/install/ros2_control_demo_example_3/share/ros2_control_demo_example_3/urdf
[5.208s] -- Installing: /home/farah/ws_farah/install/ros2_control_demo_example_3/share/ros2_control_demo_example_3/urdf/rrbot_system_multi_interface.urdf.xacro
[5.208s] -- Up-to-date: /home/farah/ws_farah/install/ros2_control_demo_example_3/share/ros2_control_demo_example_3/launch
[5.208s] -- Installing: /home/farah/ws_farah/install/ros2_control_demo_example_3/share/ros2_control_demo_example_3/launch/test_forward_position_controller.launch.py
[5.208s] -- Installing: /home/farah/ws_farah/install/ros2_control_demo_example_3/share/ros2_control_demo_example_3/launch/rrbot_system_multi_interface.launch.py
[5.209s] -- Installing: /home/farah/ws_farah/install/ros2_control_demo_example_3/share/ros2_control_demo_example_3/config
[5.209s] -- Installing: /home/farah/ws_farah/install/ros2_control_demo_example_3/share/ros2_control_demo_example_3/config/rrbot_forward_position_publisher.yaml
[5.209s] -- Installing: /home/farah/ws_farah/install/ros2_control_demo_example_3/share/ros2_control_demo_example_3/config/rrbot_multi_interface_forward_controllers.yaml
[5.209s] -- Installing: /home/farah/ws_farah/install/ros2_control_demo_example_3/lib/libros2_control_demo_example_3.so
[5.210s] -- Set runtime path of "/home/farah/ws_farah/install/ros2_control_demo_example_3/lib/libros2_control_demo_example_3.so" to ""
[5.210s] -- Installing: /home/farah/ws_farah/install/ros2_control_demo_example_3/share/ros2_control_demo_example_3/environment/library_path.sh
[5.210s] -- Installing: /home/farah/ws_farah/install/ros2_control_demo_example_3/share/ros2_control_demo_example_3/environment/library_path.dsv
[5.211s] -- Installing: /home/farah/ws_farah/install/ros2_control_demo_example_3/share/ament_index/resource_index/package_run_dependencies/ros2_control_demo_example_3
[5.211s] -- Installing: /home/farah/ws_farah/install/ros2_control_demo_example_3/share/ament_index/resource_index/parent_prefix_path/ros2_control_demo_example_3
[5.211s] -- Installing: /home/farah/ws_farah/install/ros2_control_demo_example_3/share/ros2_control_demo_example_3/environment/ament_prefix_path.sh
[5.211s] -- Installing: /home/farah/ws_farah/install/ros2_control_demo_example_3/share/ros2_control_demo_example_3/environment/ament_prefix_path.dsv
[5.211s] -- Installing: /home/farah/ws_farah/install/ros2_control_demo_example_3/share/ros2_control_demo_example_3/environment/path.sh
[5.211s] -- Installing: /home/farah/ws_farah/install/ros2_control_demo_example_3/share/ros2_control_demo_example_3/environment/path.dsv
[5.211s] -- Installing: /home/farah/ws_farah/install/ros2_control_demo_example_3/share/ros2_control_demo_example_3/local_setup.bash
[5.211s] -- Installing: /home/farah/ws_farah/install/ros2_control_demo_example_3/share/ros2_control_demo_example_3/local_setup.sh
[5.211s] -- Installing: /home/farah/ws_farah/install/ros2_control_demo_example_3/share/ros2_control_demo_example_3/local_setup.zsh
[5.211s] -- Installing: /home/farah/ws_farah/install/ros2_control_demo_example_3/share/ros2_control_demo_example_3/local_setup.dsv
[5.212s] -- Installing: /home/farah/ws_farah/install/ros2_control_demo_example_3/share/ros2_control_demo_example_3/package.dsv
[5.212s] -- Installing: /home/farah/ws_farah/install/ros2_control_demo_example_3/share/ament_index/resource_index/packages/ros2_control_demo_example_3
[5.212s] -- Installing: /home/farah/ws_farah/install/ros2_control_demo_example_3/share/ament_index/resource_index/hardware_interface__pluginlib__plugin/ros2_control_demo_example_3
[5.212s] -- Installing: /home/farah/ws_farah/install/ros2_control_demo_example_3/share/ros2_control_demo_example_3/cmake/export_ros2_control_demo_example_3Export.cmake
[5.212s] -- Installing: /home/farah/ws_farah/install/ros2_control_demo_example_3/share/ros2_control_demo_example_3/cmake/export_ros2_control_demo_example_3Export-noconfig.cmake
[5.212s] -- Installing: /home/farah/ws_farah/install/ros2_control_demo_example_3/share/ros2_control_demo_example_3/cmake/ament_cmake_export_targets-extras.cmake
[5.212s] -- Installing: /home/farah/ws_farah/install/ros2_control_demo_example_3/share/ros2_control_demo_example_3/cmake/ament_cmake_export_dependencies-extras.cmake
[5.212s] -- Installing: /home/farah/ws_farah/install/ros2_control_demo_example_3/share/ros2_control_demo_example_3/cmake/ros2_control_demo_example_3Config.cmake
[5.212s] -- Installing: /home/farah/ws_farah/install/ros2_control_demo_example_3/share/ros2_control_demo_example_3/cmake/ros2_control_demo_example_3Config-version.cmake
[5.213s] -- Installing: /home/farah/ws_farah/install/ros2_control_demo_example_3/share/ros2_control_demo_example_3/package.xml
[5.214s] Invoked command in '/home/farah/ws_farah/build/ros2_control_demo_example_3' returned '0': AMENT_PREFIX_PATH=/home/farah/ws_farah/install/velocity_controllers:/home/farah/ws_farah/install/position_controllers:/home/farah/ws_farah/install/joint_state_broadcaster:/home/farah/ws_farah/install/forward_command_controller:/home/farah/ws_farah/install/hardware_interface_testing:/home/farah/ws_farah/install/controller_interface:/home/farah/ws_farah/install/ros2controlcli:/home/farah/ws_farah/install/hardware_interface:/home/farah/ws_farah/install/ros2_controllers_test_nodes:/home/farah/ws_farah/install/ros2_control_test_assets:/home/farah/ws_farah/install/ros2_control_demo_description:/home/farah/ws_farah/install/controller_manager_msgs:${AMENT_PREFIX_PATH} CMAKE_PREFIX_PATH=/home/farah/ws_farah/install/velocity_controllers:/home/farah/ws_farah/install/position_controllers:/home/farah/ws_farah/install/joint_state_broadcaster:/home/farah/ws_farah/install/forward_command_controller:/home/farah/ws_farah/install/hardware_interface_testing:/home/farah/ws_farah/install/controller_interface:/home/farah/ws_farah/install/hardware_interface:/home/farah/ws_farah/install/ros2_control_test_assets:/home/farah/ws_farah/install/ros2_control_demo_description:/home/farah/ws_farah/install/controller_manager_msgs:/opt/ros/humble LD_LIBRARY_PATH=/home/farah/ws_farah/install/velocity_controllers/lib:/home/farah/ws_farah/install/position_controllers/lib:/home/farah/ws_farah/install/joint_state_broadcaster/lib:/home/farah/ws_farah/install/forward_command_controller/lib:/home/farah/ws_farah/install/hardware_interface_testing/lib:/home/farah/ws_farah/install/controller_interface/lib:/home/farah/ws_farah/install/hardware_interface/lib:/home/farah/ws_farah/install/controller_manager_msgs/lib:${LD_LIBRARY_PATH} PYTHONPATH=/home/farah/ws_farah/install/ros2controlcli/lib/python3.10/site-packages:/home/farah/ws_farah/install/ros2_controllers_test_nodes/lib/python3.10/site-packages:/home/farah/ws_farah/install/controller_manager_msgs/local/lib/python3.10/dist-packages:${PYTHONPATH} /usr/bin/cmake --install /home/farah/ws_farah/build/ros2_control_demo_example_3
