[0.008s] Invoking command in '/home/farah/ws_farah/build/forward_command_controller': AMENT_PREFIX_PATH=/home/farah/ws_farah/install/hardware_interface_testing:/home/farah/ws_farah/install/controller_interface:/home/farah/ws_farah/install/hardware_interface:/home/farah/ws_farah/install/ros2_control_test_assets:${AMENT_PREFIX_PATH} CMAKE_PREFIX_PATH=/home/farah/ws_farah/install/hardware_interface_testing:/home/farah/ws_farah/install/controller_interface:/home/farah/ws_farah/install/hardware_interface:/home/farah/ws_farah/install/ros2_control_test_assets:/opt/ros/humble LD_LIBRARY_PATH=/home/farah/ws_farah/install/hardware_interface_testing/lib:/home/farah/ws_farah/install/controller_interface/lib:/home/farah/ws_farah/install/hardware_interface/lib:${LD_LIBRARY_PATH} /usr/bin/cmake /home/farah/ws_farah/src/ros2_controllers/forward_command_controller -DCMAKE_INSTALL_PREFIX=/home/farah/ws_farah/install/forward_command_controller
[0.059s] -- The CXX compiler identification is GNU 11.4.0
[0.065s] -- Detecting CXX compiler ABI info
[0.129s] -- Detecting CXX compiler ABI info - done
[0.135s] -- Check for working CXX compiler: /usr/bin/c++ - skipped
[0.136s] -- Detecting CXX compile features
[0.136s] -- Detecting CXX compile features - done
[0.138s] -- Found ament_cmake: 1.3.11 (/opt/ros/humble/share/ament_cmake/cmake)
[0.429s] -- Found Python3: /usr/bin/python3 (found version "3.10.12") found components: Interpreter 
[0.503s] -- Found controller_interface: 2.50.0 (/home/farah/ws_farah/install/controller_interface/share/controller_interface/cmake)
[0.539s] -- Found rosidl_generator_c: 3.1.6 (/opt/ros/humble/share/rosidl_generator_c/cmake)
[0.543s] -- Found rosidl_adapter: 3.1.6 (/opt/ros/humble/share/rosidl_adapter/cmake)
[0.550s] -- Found rosidl_generator_cpp: 3.1.6 (/opt/ros/humble/share/rosidl_generator_cpp/cmake)
[0.561s] -- Using all available rosidl_typesupport_c: rosidl_typesupport_fastrtps_c;rosidl_typesupport_introspection_c
[0.575s] -- Using all available rosidl_typesupport_cpp: rosidl_typesupport_fastrtps_cpp;rosidl_typesupport_introspection_cpp
[0.752s] -- Found rmw_implementation_cmake: 6.1.2 (/opt/ros/humble/share/rmw_implementation_cmake/cmake)
[0.754s] -- Found rmw_fastrtps_cpp: 6.2.7 (/opt/ros/humble/share/rmw_fastrtps_cpp/cmake)
[0.777s] -- Found TinyXML2 via Config file: TinyXML2_DIR-NOTFOUND
[0.812s] -- Found OpenSSL: /usr/lib/x86_64-linux-gnu/libcrypto.so (found version "3.0.2")  
[0.814s] -- Found TinyXML2 via Config file: TinyXML2_DIR-NOTFOUND
[0.827s] -- Found FastRTPS: /opt/ros/humble/include  
[0.830s] -- Found TinyXML2 via Config file: TinyXML2_DIR-NOTFOUND
[0.837s] -- Found TinyXML2 via Config file: TinyXML2_DIR-NOTFOUND
[0.848s] -- Using RMW implementation 'rmw_fastrtps_cpp' as default
[0.856s] -- Looking for C++ include pthread.h
[0.944s] -- Looking for C++ include pthread.h - found
[0.945s] -- Performing Test CMAKE_HAVE_LIBC_PTHREAD
[1.031s] -- Performing Test CMAKE_HAVE_LIBC_PTHREAD - Success
[1.032s] -- Found Threads: TRUE  
[1.076s] -- Found generate_parameter_library: 0.4.0 (/opt/ros/humble/share/generate_parameter_library/cmake)
[1.077s] -- Found parameter_traits: 0.4.0 (/opt/ros/humble/share/parameter_traits/cmake)
[1.094s] -- Found realtime_tools: 2.13.0 (/opt/ros/humble/share/realtime_tools/cmake)
[1.117s] -- Found ament_cmake_gmock: 1.3.11 (/opt/ros/humble/share/ament_cmake_gmock/cmake)
[1.118s] -- Found controller_manager: 2.50.0 (/opt/ros/humble/share/controller_manager/cmake)
[1.140s] -- Found ros2_control_test_assets: 2.50.0 (/home/farah/ws_farah/install/ros2_control_test_assets/share/ros2_control_test_assets/cmake)
[1.142s] -- Found gmock sources under '/opt/ros/humble/src/gmock_vendor': C++ tests using 'Google Mock' will be built
[1.175s] -- The C compiler identification is GNU 11.4.0
[1.180s] -- Detecting C compiler ABI info
[1.252s] -- Detecting C compiler ABI info - done
[1.259s] -- Check for working C compiler: /usr/bin/cc - skipped
[1.259s] -- Detecting C compile features
[1.259s] -- Detecting C compile features - done
[1.263s] -- Found ament_cmake_gtest: 1.3.11 (/opt/ros/humble/share/ament_cmake_gtest/cmake)
[1.263s] -- Found gtest sources under '/opt/ros/humble/src/gtest_vendor': C++ tests using 'Google Test' will be built
[1.361s] -- Configuring done
[1.441s] -- Generating done
[1.456s] -- Build files have been written to: /home/farah/ws_farah/build/forward_command_controller
[1.467s] Invoked command in '/home/farah/ws_farah/build/forward_command_controller' returned '0': AMENT_PREFIX_PATH=/home/farah/ws_farah/install/hardware_interface_testing:/home/farah/ws_farah/install/controller_interface:/home/farah/ws_farah/install/hardware_interface:/home/farah/ws_farah/install/ros2_control_test_assets:${AMENT_PREFIX_PATH} CMAKE_PREFIX_PATH=/home/farah/ws_farah/install/hardware_interface_testing:/home/farah/ws_farah/install/controller_interface:/home/farah/ws_farah/install/hardware_interface:/home/farah/ws_farah/install/ros2_control_test_assets:/opt/ros/humble LD_LIBRARY_PATH=/home/farah/ws_farah/install/hardware_interface_testing/lib:/home/farah/ws_farah/install/controller_interface/lib:/home/farah/ws_farah/install/hardware_interface/lib:${LD_LIBRARY_PATH} /usr/bin/cmake /home/farah/ws_farah/src/ros2_controllers/forward_command_controller -DCMAKE_INSTALL_PREFIX=/home/farah/ws_farah/install/forward_command_controller
[1.467s] Invoking command in '/home/farah/ws_farah/build/forward_command_controller': AMENT_PREFIX_PATH=/home/farah/ws_farah/install/hardware_interface_testing:/home/farah/ws_farah/install/controller_interface:/home/farah/ws_farah/install/hardware_interface:/home/farah/ws_farah/install/ros2_control_test_assets:${AMENT_PREFIX_PATH} CMAKE_PREFIX_PATH=/home/farah/ws_farah/install/hardware_interface_testing:/home/farah/ws_farah/install/controller_interface:/home/farah/ws_farah/install/hardware_interface:/home/farah/ws_farah/install/ros2_control_test_assets:/opt/ros/humble LD_LIBRARY_PATH=/home/farah/ws_farah/install/hardware_interface_testing/lib:/home/farah/ws_farah/install/controller_interface/lib:/home/farah/ws_farah/install/hardware_interface/lib:${LD_LIBRARY_PATH} /usr/bin/cmake --build /home/farah/ws_farah/build/forward_command_controller -- -j8 -l8
[1.506s] [ 14%] [34m[1mRunning `/opt/ros/humble/bin/generate_parameter_library_cpp /home/farah/ws_farah/build/forward_command_controller/include/forward_command_controller/forward_command_controller_parameters.hpp /home/farah/ws_farah/src/ros2_controllers/forward_command_controller/src/forward_command_controller_parameters.yaml `[0m
[1.506s] [ 14%] [34m[1mRunning `/opt/ros/humble/bin/generate_parameter_library_cpp /home/farah/ws_farah/build/forward_command_controller/include/forward_command_controller/multi_interface_forward_command_controller_parameters.hpp /home/farah/ws_farah/src/ros2_controllers/forward_command_controller/src/multi_interface_forward_command_controller_parameters.yaml `[0m
[1.506s] [ 14%] [32mBuilding CXX object gmock/CMakeFiles/gmock.dir/opt/ros/humble/src/gtest_vendor/src/gtest-all.cc.o[0m
[1.507s] [ 19%] [32mBuilding CXX object gmock/CMakeFiles/gmock_main.dir/src/gmock_main.cc.o[0m
[1.507s] [ 23%] [32mBuilding CXX object gmock/CMakeFiles/gmock.dir/src/gmock-all.cc.o[0m
[1.662s] [ 28%] [34m[1mCreating deprecated header file /home/farah/ws_farah/build/forward_command_controller/include/forward_command_controller_parameters.hpp[0m
[1.709s] [ 28%] Built target forward_command_controller_parameters
[1.748s] [ 33%] [34m[1mCreating deprecated header file /home/farah/ws_farah/build/forward_command_controller/include/multi_interface_forward_command_controller_parameters.hpp[0m
[1.785s] [ 33%] Built target multi_interface_forward_command_controller_parameters
[1.803s] [ 42%] [32mBuilding CXX object CMakeFiles/forward_command_controller.dir/src/forward_command_controller.cpp.o[0m
[1.803s] [ 42%] [32mBuilding CXX object CMakeFiles/forward_command_controller.dir/src/forward_controllers_base.cpp.o[0m
[1.806s] [ 47%] [32mBuilding CXX object CMakeFiles/forward_command_controller.dir/src/multi_interface_forward_command_controller.cpp.o[0m
[3.596s] [ 52%] [32m[1mLinking CXX static library libgmock_main.a[0m
[3.644s] [ 52%] Built target gmock_main
[5.722s] [ 57%] [32m[1mLinking CXX static library libgmock.a[0m
[5.782s] [ 57%] Built target gmock
[9.689s] [ 61%] [32m[1mLinking CXX shared library libforward_command_controller.so[0m
[10.118s] [ 61%] Built target forward_command_controller
[10.135s] [ 80%] [32mBuilding CXX object CMakeFiles/test_forward_command_controller.dir/test/test_forward_command_controller.cpp.o[0m
[10.135s] [ 80%] [32mBuilding CXX object CMakeFiles/test_load_multi_interface_forward_command_controller.dir/test/test_load_multi_interface_forward_command_controller.cpp.o[0m
[10.135s] [ 80%] [32mBuilding CXX object CMakeFiles/test_multi_interface_forward_command_controller.dir/test/test_multi_interface_forward_command_controller.cpp.o[0m
[10.135s] [ 80%] [32mBuilding CXX object CMakeFiles/test_load_forward_command_controller.dir/test/test_load_forward_command_controller.cpp.o[0m
[15.751s] [ 85%] [32m[1mLinking CXX executable test_load_forward_command_controller[0m
[15.772s] [ 90%] [32m[1mLinking CXX executable test_load_multi_interface_forward_command_controller[0m
[17.004s] [ 90%] Built target test_load_forward_command_controller
[17.032s] [ 90%] Built target test_load_multi_interface_forward_command_controller
[17.050s] [ 95%] [32m[1mLinking CXX executable test_multi_interface_forward_command_controller[0m
[17.090s] [100%] [32m[1mLinking CXX executable test_forward_command_controller[0m
[18.070s] [100%] Built target test_multi_interface_forward_command_controller
[18.133s] [100%] Built target test_forward_command_controller
[18.141s] Invoked command in '/home/farah/ws_farah/build/forward_command_controller' returned '0': AMENT_PREFIX_PATH=/home/farah/ws_farah/install/hardware_interface_testing:/home/farah/ws_farah/install/controller_interface:/home/farah/ws_farah/install/hardware_interface:/home/farah/ws_farah/install/ros2_control_test_assets:${AMENT_PREFIX_PATH} CMAKE_PREFIX_PATH=/home/farah/ws_farah/install/hardware_interface_testing:/home/farah/ws_farah/install/controller_interface:/home/farah/ws_farah/install/hardware_interface:/home/farah/ws_farah/install/ros2_control_test_assets:/opt/ros/humble LD_LIBRARY_PATH=/home/farah/ws_farah/install/hardware_interface_testing/lib:/home/farah/ws_farah/install/controller_interface/lib:/home/farah/ws_farah/install/hardware_interface/lib:${LD_LIBRARY_PATH} /usr/bin/cmake --build /home/farah/ws_farah/build/forward_command_controller -- -j8 -l8
[18.142s] Invoking command in '/home/farah/ws_farah/build/forward_command_controller': AMENT_PREFIX_PATH=/home/farah/ws_farah/install/hardware_interface_testing:/home/farah/ws_farah/install/controller_interface:/home/farah/ws_farah/install/hardware_interface:/home/farah/ws_farah/install/ros2_control_test_assets:${AMENT_PREFIX_PATH} CMAKE_PREFIX_PATH=/home/farah/ws_farah/install/hardware_interface_testing:/home/farah/ws_farah/install/controller_interface:/home/farah/ws_farah/install/hardware_interface:/home/farah/ws_farah/install/ros2_control_test_assets:/opt/ros/humble LD_LIBRARY_PATH=/home/farah/ws_farah/install/hardware_interface_testing/lib:/home/farah/ws_farah/install/controller_interface/lib:/home/farah/ws_farah/install/hardware_interface/lib:${LD_LIBRARY_PATH} /usr/bin/cmake --install /home/farah/ws_farah/build/forward_command_controller
[18.148s] -- Install configuration: ""
[18.148s] -- Installing: /home/farah/ws_farah/install/forward_command_controller/include/forward_command_controller
[18.148s] -- Installing: /home/farah/ws_farah/install/forward_command_controller/include/forward_command_controller/multi_interface_forward_command_controller_parameters.hpp
[18.148s] -- Installing: /home/farah/ws_farah/install/forward_command_controller/include/forward_command_controller/forward_command_controller_parameters.hpp
[18.149s] -- Up-to-date: /home/farah/ws_farah/install/forward_command_controller/include/forward_command_controller
[18.149s] -- Up-to-date: /home/farah/ws_farah/install/forward_command_controller/include/forward_command_controller/multi_interface_forward_command_controller_parameters.hpp
[18.149s] -- Up-to-date: /home/farah/ws_farah/install/forward_command_controller/include/forward_command_controller/forward_command_controller_parameters.hpp
[18.149s] -- Installing: /home/farah/ws_farah/install/forward_command_controller/share/forward_command_controller/forward_command_plugin.xml
[18.149s] -- Up-to-date: /home/farah/ws_farah/install/forward_command_controller/include/forward_command_controller
[18.150s] -- Installing: /home/farah/ws_farah/install/forward_command_controller/include/forward_command_controller/forward_command_controller
[18.150s] -- Installing: /home/farah/ws_farah/install/forward_command_controller/include/forward_command_controller/forward_command_controller/forward_controllers_base.hpp
[18.150s] -- Installing: /home/farah/ws_farah/install/forward_command_controller/include/forward_command_controller/forward_command_controller/forward_command_controller.hpp
[18.150s] -- Installing: /home/farah/ws_farah/install/forward_command_controller/include/forward_command_controller/forward_command_controller/multi_interface_forward_command_controller.hpp
[18.150s] -- Installing: /home/farah/ws_farah/install/forward_command_controller/include/forward_command_controller/forward_command_controller/visibility_control.h
[18.150s] -- Installing: /home/farah/ws_farah/install/forward_command_controller/lib/libforward_command_controller.so
[18.155s] -- Set runtime path of "/home/farah/ws_farah/install/forward_command_controller/lib/libforward_command_controller.so" to ""
[18.155s] -- Installing: /home/farah/ws_farah/install/forward_command_controller/share/forward_command_controller/environment/library_path.sh
[18.155s] -- Installing: /home/farah/ws_farah/install/forward_command_controller/share/forward_command_controller/environment/library_path.dsv
[18.155s] -- Installing: /home/farah/ws_farah/install/forward_command_controller/share/ament_index/resource_index/package_run_dependencies/forward_command_controller
[18.155s] -- Installing: /home/farah/ws_farah/install/forward_command_controller/share/ament_index/resource_index/parent_prefix_path/forward_command_controller
[18.155s] -- Installing: /home/farah/ws_farah/install/forward_command_controller/share/forward_command_controller/environment/ament_prefix_path.sh
[18.155s] -- Installing: /home/farah/ws_farah/install/forward_command_controller/share/forward_command_controller/environment/ament_prefix_path.dsv
[18.155s] -- Installing: /home/farah/ws_farah/install/forward_command_controller/share/forward_command_controller/environment/path.sh
[18.155s] -- Installing: /home/farah/ws_farah/install/forward_command_controller/share/forward_command_controller/environment/path.dsv
[18.156s] -- Installing: /home/farah/ws_farah/install/forward_command_controller/share/forward_command_controller/local_setup.bash
[18.156s] -- Installing: /home/farah/ws_farah/install/forward_command_controller/share/forward_command_controller/local_setup.sh
[18.156s] -- Installing: /home/farah/ws_farah/install/forward_command_controller/share/forward_command_controller/local_setup.zsh
[18.156s] -- Installing: /home/farah/ws_farah/install/forward_command_controller/share/forward_command_controller/local_setup.dsv
[18.156s] -- Installing: /home/farah/ws_farah/install/forward_command_controller/share/forward_command_controller/package.dsv
[18.156s] -- Installing: /home/farah/ws_farah/install/forward_command_controller/share/ament_index/resource_index/packages/forward_command_controller
[18.156s] -- Installing: /home/farah/ws_farah/install/forward_command_controller/share/ament_index/resource_index/controller_interface__pluginlib__plugin/forward_command_controller
[18.157s] -- Installing: /home/farah/ws_farah/install/forward_command_controller/share/forward_command_controller/cmake/export_forward_command_controllerExport.cmake
[18.157s] -- Installing: /home/farah/ws_farah/install/forward_command_controller/share/forward_command_controller/cmake/export_forward_command_controllerExport-noconfig.cmake
[18.157s] -- Installing: /home/farah/ws_farah/install/forward_command_controller/share/forward_command_controller/cmake/ament_cmake_export_dependencies-extras.cmake
[18.157s] -- Installing: /home/farah/ws_farah/install/forward_command_controller/share/forward_command_controller/cmake/ament_cmake_export_targets-extras.cmake
[18.157s] -- Installing: /home/farah/ws_farah/install/forward_command_controller/share/forward_command_controller/cmake/forward_command_controllerConfig.cmake
[18.157s] -- Installing: /home/farah/ws_farah/install/forward_command_controller/share/forward_command_controller/cmake/forward_command_controllerConfig-version.cmake
[18.157s] -- Installing: /home/farah/ws_farah/install/forward_command_controller/share/forward_command_controller/package.xml
[18.159s] Invoked command in '/home/farah/ws_farah/build/forward_command_controller' returned '0': AMENT_PREFIX_PATH=/home/farah/ws_farah/install/hardware_interface_testing:/home/farah/ws_farah/install/controller_interface:/home/farah/ws_farah/install/hardware_interface:/home/farah/ws_farah/install/ros2_control_test_assets:${AMENT_PREFIX_PATH} CMAKE_PREFIX_PATH=/home/farah/ws_farah/install/hardware_interface_testing:/home/farah/ws_farah/install/controller_interface:/home/farah/ws_farah/install/hardware_interface:/home/farah/ws_farah/install/ros2_control_test_assets:/opt/ros/humble LD_LIBRARY_PATH=/home/farah/ws_farah/install/hardware_interface_testing/lib:/home/farah/ws_farah/install/controller_interface/lib:/home/farah/ws_farah/install/hardware_interface/lib:${LD_LIBRARY_PATH} /usr/bin/cmake --install /home/farah/ws_farah/build/forward_command_controller
