-- Install configuration: ""
-- Up-to-date: /home/farah/ws_farah/install/race_it/share/race_it/description
-- Up-to-date: /home/farah/ws_farah/install/race_it/share/race_it/description/race_car.xacro
-- Up-to-date: /home/farah/ws_farah/install/race_it/share/race_it/description/inertial.xacro
-- Installing: /home/farah/ws_farah/install/race_it/share/race_it/description/ros2_ack.xacro
-- Up-to-date: /home/farah/ws_farah/install/race_it/share/race_it/description/temp_controllers
-- Up-to-date: /home/farah/ws_farah/install/race_it/share/race_it/description/temp_controllers/car.xacro
-- Up-to-date: /home/farah/ws_farah/install/race_it/share/race_it/description/temp_controllers/gazebo_control_steer.xacro
-- Up-to-date: /home/farah/ws_farah/install/race_it/share/race_it/description/temp_controllers/carbottt.xacro
-- Up-to-date: /home/farah/ws_farah/install/race_it/share/race_it/description/temp_controllers/gazebo_control_dd.xacro
-- Up-to-date: /home/farah/ws_farah/install/race_it/share/race_it/description/temp_controllers/carzzz.xacro
-- Up-to-date: /home/farah/ws_farah/install/race_it/share/race_it/launch
-- Up-to-date: /home/farah/ws_farah/install/race_it/share/race_it/launch/rsp.launch.py
-- Up-to-date: /home/farah/ws_farah/install/race_it/share/race_it/launch/real2_car.launch.py
-- Up-to-date: /home/farah/ws_farah/install/race_it/share/race_it/launch/real_car.launch.py
-- Up-to-date: /home/farah/ws_farah/install/race_it/share/race_it/config
-- Up-to-date: /home/farah/ws_farah/install/race_it/share/race_it/config/controller
-- Up-to-date: /home/farah/ws_farah/install/race_it/share/race_it/config/controller/my_controllers.yaml
-- Up-to-date: /home/farah/ws_farah/install/race_it/share/race_it/config/rviz
-- Up-to-date: /home/farah/ws_farah/install/race_it/share/race_it/config/rviz/urdf_config.rviz
-- Up-to-date: /home/farah/ws_farah/install/race_it/share/ament_index/resource_index/package_run_dependencies/race_it
-- Up-to-date: /home/farah/ws_farah/install/race_it/share/ament_index/resource_index/parent_prefix_path/race_it
-- Up-to-date: /home/farah/ws_farah/install/race_it/share/race_it/environment/ament_prefix_path.sh
-- Up-to-date: /home/farah/ws_farah/install/race_it/share/race_it/environment/ament_prefix_path.dsv
-- Up-to-date: /home/farah/ws_farah/install/race_it/share/race_it/environment/path.sh
-- Up-to-date: /home/farah/ws_farah/install/race_it/share/race_it/environment/path.dsv
-- Up-to-date: /home/farah/ws_farah/install/race_it/share/race_it/local_setup.bash
-- Up-to-date: /home/farah/ws_farah/install/race_it/share/race_it/local_setup.sh
-- Up-to-date: /home/farah/ws_farah/install/race_it/share/race_it/local_setup.zsh
-- Up-to-date: /home/farah/ws_farah/install/race_it/share/race_it/local_setup.dsv
-- Installing: /home/farah/ws_farah/install/race_it/share/race_it/package.dsv
-- Up-to-date: /home/farah/ws_farah/install/race_it/share/ament_index/resource_index/packages/race_it
-- Up-to-date: /home/farah/ws_farah/install/race_it/share/race_it/cmake/race_itConfig.cmake
-- Up-to-date: /home/farah/ws_farah/install/race_it/share/race_it/cmake/race_itConfig-version.cmake
-- Up-to-date: /home/farah/ws_farah/install/race_it/share/race_it/package.xml
