[0.007s] Invoking command in '/home/farah/ws_farah/build/steering_controllers_library': AMENT_PREFIX_PATH=/home/farah/ws_farah/install/controller_interface:/home/farah/ws_farah/install/hardware_interface:/home/farah/ws_farah/install/ros2_control_test_assets:${AMENT_PREFIX_PATH} CMAKE_PREFIX_PATH=/home/farah/ws_farah/install/controller_interface:/home/farah/ws_farah/install/hardware_interface:/home/farah/ws_farah/install/ros2_control_test_assets:/opt/ros/humble LD_LIBRARY_PATH=/home/farah/ws_farah/install/controller_interface/lib:/home/farah/ws_farah/install/hardware_interface/lib:${LD_LIBRARY_PATH} /usr/bin/cmake /home/farah/ws_farah/src/ros2_controllers/steering_controllers_library -DCMAKE_INSTALL_PREFIX=/home/farah/ws_farah/install/steering_controllers_library
[0.058s] -- The CXX compiler identification is GNU 11.4.0
[0.064s] -- Detecting CXX compiler ABI info
[0.124s] -- Detecting CXX compiler ABI info - done
[0.130s] -- Check for working CXX compiler: /usr/bin/c++ - skipped
[0.130s] -- Detecting CXX compile features
[0.131s] -- Detecting CXX compile features - done
[0.134s] -- Found ament_cmake: 1.3.11 (/opt/ros/humble/share/ament_cmake/cmake)
[0.425s] -- Found Python3: /usr/bin/python3 (found version "3.10.12") found components: Interpreter 
[0.508s] -- Found control_msgs: 4.8.0 (/opt/ros/humble/share/control_msgs/cmake)
[0.545s] -- Found rosidl_generator_c: 3.1.6 (/opt/ros/humble/share/rosidl_generator_c/cmake)
[0.549s] -- Found rosidl_adapter: 3.1.6 (/opt/ros/humble/share/rosidl_adapter/cmake)
[0.556s] -- Found rosidl_generator_cpp: 3.1.6 (/opt/ros/humble/share/rosidl_generator_cpp/cmake)
[0.567s] -- Using all available rosidl_typesupport_c: rosidl_typesupport_fastrtps_c;rosidl_typesupport_introspection_c
[0.581s] -- Using all available rosidl_typesupport_cpp: rosidl_typesupport_fastrtps_cpp;rosidl_typesupport_introspection_cpp
[0.688s] -- Found controller_interface: 2.50.0 (/home/farah/ws_farah/install/controller_interface/share/controller_interface/cmake)
[0.757s] -- Found rmw_implementation_cmake: 6.1.2 (/opt/ros/humble/share/rmw_implementation_cmake/cmake)
[0.760s] -- Found rmw_fastrtps_cpp: 6.2.7 (/opt/ros/humble/share/rmw_fastrtps_cpp/cmake)
[0.781s] -- Found TinyXML2 via Config file: TinyXML2_DIR-NOTFOUND
[0.818s] -- Found OpenSSL: /usr/lib/x86_64-linux-gnu/libcrypto.so (found version "3.0.2")  
[0.820s] -- Found TinyXML2 via Config file: TinyXML2_DIR-NOTFOUND
[0.833s] -- Found FastRTPS: /opt/ros/humble/include  
[0.836s] -- Found TinyXML2 via Config file: TinyXML2_DIR-NOTFOUND
[0.842s] -- Found TinyXML2 via Config file: TinyXML2_DIR-NOTFOUND
[0.851s] -- Using RMW implementation 'rmw_fastrtps_cpp' as default
[0.858s] -- Looking for C++ include pthread.h
[0.951s] -- Looking for C++ include pthread.h - found
[0.952s] -- Performing Test CMAKE_HAVE_LIBC_PTHREAD
[1.042s] -- Performing Test CMAKE_HAVE_LIBC_PTHREAD - Success
[1.043s] -- Found Threads: TRUE  
[1.088s] -- Found generate_parameter_library: 0.4.0 (/opt/ros/humble/share/generate_parameter_library/cmake)
[1.089s] -- Found parameter_traits: 0.4.0 (/opt/ros/humble/share/parameter_traits/cmake)
[1.105s] -- Found nav_msgs: 4.8.0 (/opt/ros/humble/share/nav_msgs/cmake)
[1.121s] -- Found realtime_tools: 2.13.0 (/opt/ros/humble/share/realtime_tools/cmake)
[1.133s] -- Found std_srvs: 4.8.0 (/opt/ros/humble/share/std_srvs/cmake)
[1.142s] -- Found tf2: 0.25.12 (/opt/ros/humble/share/tf2/cmake)
[1.146s] -- Found tf2_msgs: 0.25.12 (/opt/ros/humble/share/tf2_msgs/cmake)
[1.164s] -- Found tf2_geometry_msgs: 0.25.12 (/opt/ros/humble/share/tf2_geometry_msgs/cmake)
[1.172s] -- Found eigen3_cmake_module: 0.1.1 (/opt/ros/humble/share/eigen3_cmake_module/cmake)
[1.173s] -- Found Eigen3: TRUE (found version "3.4.0") 
[1.173s] -- Ensuring Eigen3 include directory is part of orocos-kdl CMake target
[1.213s] -- Found ament_cmake_gmock: 1.3.11 (/opt/ros/humble/share/ament_cmake_gmock/cmake)
[1.215s] -- Found controller_manager: 2.50.0 (/opt/ros/humble/share/controller_manager/cmake)
[1.236s] -- Found ros2_control_test_assets: 2.50.0 (/home/farah/ws_farah/install/ros2_control_test_assets/share/ros2_control_test_assets/cmake)
[1.238s] -- Found gmock sources under '/opt/ros/humble/src/gmock_vendor': C++ tests using 'Google Mock' will be built
[1.298s] -- The C compiler identification is GNU 11.4.0
[1.304s] -- Detecting C compiler ABI info
[1.378s] -- Detecting C compiler ABI info - done
[1.388s] -- Check for working C compiler: /usr/bin/cc - skipped
[1.388s] -- Detecting C compile features
[1.388s] -- Detecting C compile features - done
[1.392s] -- Found ament_cmake_gtest: 1.3.11 (/opt/ros/humble/share/ament_cmake_gtest/cmake)
[1.392s] -- Found gtest sources under '/opt/ros/humble/src/gtest_vendor': C++ tests using 'Google Test' will be built
[1.404s] -- Found gmock sources under '/opt/ros/humble/src/gmock_vendor': C++ tests using 'Google Mock' will be built
[1.404s] -- Found ament_cmake_gtest: 1.3.11 (/opt/ros/humble/share/ament_cmake_gtest/cmake)
[1.404s] -- Found gtest sources under '/opt/ros/humble/src/gtest_vendor': C++ tests using 'Google Test' will be built
[1.464s] -- Configuring done
[1.515s] -- Generating done
[1.531s] -- Build files have been written to: /home/farah/ws_farah/build/steering_controllers_library
[1.546s] Invoked command in '/home/farah/ws_farah/build/steering_controllers_library' returned '0': AMENT_PREFIX_PATH=/home/farah/ws_farah/install/controller_interface:/home/farah/ws_farah/install/hardware_interface:/home/farah/ws_farah/install/ros2_control_test_assets:${AMENT_PREFIX_PATH} CMAKE_PREFIX_PATH=/home/farah/ws_farah/install/controller_interface:/home/farah/ws_farah/install/hardware_interface:/home/farah/ws_farah/install/ros2_control_test_assets:/opt/ros/humble LD_LIBRARY_PATH=/home/farah/ws_farah/install/controller_interface/lib:/home/farah/ws_farah/install/hardware_interface/lib:${LD_LIBRARY_PATH} /usr/bin/cmake /home/farah/ws_farah/src/ros2_controllers/steering_controllers_library -DCMAKE_INSTALL_PREFIX=/home/farah/ws_farah/install/steering_controllers_library
[1.547s] Invoking command in '/home/farah/ws_farah/build/steering_controllers_library': AMENT_PREFIX_PATH=/home/farah/ws_farah/install/controller_interface:/home/farah/ws_farah/install/hardware_interface:/home/farah/ws_farah/install/ros2_control_test_assets:${AMENT_PREFIX_PATH} CMAKE_PREFIX_PATH=/home/farah/ws_farah/install/controller_interface:/home/farah/ws_farah/install/hardware_interface:/home/farah/ws_farah/install/ros2_control_test_assets:/opt/ros/humble LD_LIBRARY_PATH=/home/farah/ws_farah/install/controller_interface/lib:/home/farah/ws_farah/install/hardware_interface/lib:${LD_LIBRARY_PATH} /usr/bin/cmake --build /home/farah/ws_farah/build/steering_controllers_library -- -j8 -l8
[1.589s] [ 14%] [34m[1mRunning `/opt/ros/humble/bin/generate_parameter_library_cpp /home/farah/ws_farah/build/steering_controllers_library/include/steering_controllers_library/steering_controllers_library_parameters.hpp /home/farah/ws_farah/src/ros2_controllers/steering_controllers_library/src/steering_controllers_library.yaml `[0m
[1.589s] [ 14%] [32mBuilding CXX object gmock/CMakeFiles/gmock.dir/opt/ros/humble/src/gtest_vendor/src/gtest-all.cc.o[0m
[1.590s] [ 21%] [32mBuilding CXX object gmock/CMakeFiles/gmock_main.dir/src/gmock_main.cc.o[0m
[1.591s] [ 28%] [32mBuilding CXX object gmock/CMakeFiles/gmock.dir/src/gmock-all.cc.o[0m
[2.349s] [ 35%] [34m[1mCreating deprecated header file /home/farah/ws_farah/build/steering_controllers_library/include/steering_controllers_library_parameters.hpp[0m
[2.410s] [ 35%] Built target steering_controllers_library_parameters
[2.441s] [ 50%] [32mBuilding CXX object CMakeFiles/steering_controllers_library.dir/src/steering_odometry.cpp.o[0m
[2.441s] [ 50%] [32mBuilding CXX object CMakeFiles/steering_controllers_library.dir/src/steering_controllers_library.cpp.o[0m
[3.108s] [ 57%] [32m[1mLinking CXX static library libgmock_main.a[0m
[3.160s] [ 57%] Built target gmock_main
[4.981s] [ 64%] [32m[1mLinking CXX static library libgmock.a[0m
[5.039s] [ 64%] Built target gmock
[14.592s] [ 71%] [32m[1mLinking CXX shared library libsteering_controllers_library.so[0m
[15.453s] [ 71%] Built target steering_controllers_library
[15.469s] [ 85%] [32mBuilding CXX object CMakeFiles/test_steering_controllers_library.dir/test/test_steering_controllers_library.cpp.o[0m
[15.469s] [ 85%] [32mBuilding CXX object CMakeFiles/test_steering_odometry.dir/test/test_steering_odometry.cpp.o[0m
[17.008s] [ 92%] [32m[1mLinking CXX executable test_steering_odometry[0m
[17.846s] [ 92%] Built target test_steering_odometry
[21.332s] [100%] [32m[1mLinking CXX executable test_steering_controllers_library[0m
[21.844s] [100%] Built target test_steering_controllers_library
[21.853s] Invoked command in '/home/farah/ws_farah/build/steering_controllers_library' returned '0': AMENT_PREFIX_PATH=/home/farah/ws_farah/install/controller_interface:/home/farah/ws_farah/install/hardware_interface:/home/farah/ws_farah/install/ros2_control_test_assets:${AMENT_PREFIX_PATH} CMAKE_PREFIX_PATH=/home/farah/ws_farah/install/controller_interface:/home/farah/ws_farah/install/hardware_interface:/home/farah/ws_farah/install/ros2_control_test_assets:/opt/ros/humble LD_LIBRARY_PATH=/home/farah/ws_farah/install/controller_interface/lib:/home/farah/ws_farah/install/hardware_interface/lib:${LD_LIBRARY_PATH} /usr/bin/cmake --build /home/farah/ws_farah/build/steering_controllers_library -- -j8 -l8
[21.854s] Invoking command in '/home/farah/ws_farah/build/steering_controllers_library': AMENT_PREFIX_PATH=/home/farah/ws_farah/install/controller_interface:/home/farah/ws_farah/install/hardware_interface:/home/farah/ws_farah/install/ros2_control_test_assets:${AMENT_PREFIX_PATH} CMAKE_PREFIX_PATH=/home/farah/ws_farah/install/controller_interface:/home/farah/ws_farah/install/hardware_interface:/home/farah/ws_farah/install/ros2_control_test_assets:/opt/ros/humble LD_LIBRARY_PATH=/home/farah/ws_farah/install/controller_interface/lib:/home/farah/ws_farah/install/hardware_interface/lib:${LD_LIBRARY_PATH} /usr/bin/cmake --install /home/farah/ws_farah/build/steering_controllers_library
[21.860s] -- Install configuration: ""
[21.860s] -- Installing: /home/farah/ws_farah/install/steering_controllers_library/include/steering_controllers_library
[21.860s] -- Installing: /home/farah/ws_farah/install/steering_controllers_library/include/steering_controllers_library/steering_controllers_library_parameters.hpp
[21.860s] -- Up-to-date: /home/farah/ws_farah/install/steering_controllers_library/include/steering_controllers_library
[21.861s] -- Installing: /home/farah/ws_farah/install/steering_controllers_library/include/steering_controllers_library/steering_controllers_library
[21.861s] -- Installing: /home/farah/ws_farah/install/steering_controllers_library/include/steering_controllers_library/steering_controllers_library/steering_controllers_library.hpp
[21.861s] -- Installing: /home/farah/ws_farah/install/steering_controllers_library/include/steering_controllers_library/steering_controllers_library/steering_odometry.hpp
[21.861s] -- Installing: /home/farah/ws_farah/install/steering_controllers_library/include/steering_controllers_library/steering_controllers_library/visibility_control.h
[21.861s] -- Installing: /home/farah/ws_farah/install/steering_controllers_library/lib/libsteering_controllers_library.so
[21.869s] -- Set runtime path of "/home/farah/ws_farah/install/steering_controllers_library/lib/libsteering_controllers_library.so" to ""
[21.870s] -- Installing: /home/farah/ws_farah/install/steering_controllers_library/share/steering_controllers_library/environment/library_path.sh
[21.870s] -- Installing: /home/farah/ws_farah/install/steering_controllers_library/share/steering_controllers_library/environment/library_path.dsv
[21.870s] -- Installing: /home/farah/ws_farah/install/steering_controllers_library/share/ament_index/resource_index/package_run_dependencies/steering_controllers_library
[21.870s] -- Installing: /home/farah/ws_farah/install/steering_controllers_library/share/ament_index/resource_index/parent_prefix_path/steering_controllers_library
[21.870s] -- Installing: /home/farah/ws_farah/install/steering_controllers_library/share/steering_controllers_library/environment/ament_prefix_path.sh
[21.870s] -- Installing: /home/farah/ws_farah/install/steering_controllers_library/share/steering_controllers_library/environment/ament_prefix_path.dsv
[21.870s] -- Installing: /home/farah/ws_farah/install/steering_controllers_library/share/steering_controllers_library/environment/path.sh
[21.870s] -- Installing: /home/farah/ws_farah/install/steering_controllers_library/share/steering_controllers_library/environment/path.dsv
[21.870s] -- Installing: /home/farah/ws_farah/install/steering_controllers_library/share/steering_controllers_library/local_setup.bash
[21.870s] -- Installing: /home/farah/ws_farah/install/steering_controllers_library/share/steering_controllers_library/local_setup.sh
[21.871s] -- Installing: /home/farah/ws_farah/install/steering_controllers_library/share/steering_controllers_library/local_setup.zsh
[21.871s] -- Installing: /home/farah/ws_farah/install/steering_controllers_library/share/steering_controllers_library/local_setup.dsv
[21.871s] -- Installing: /home/farah/ws_farah/install/steering_controllers_library/share/steering_controllers_library/package.dsv
[21.871s] -- Installing: /home/farah/ws_farah/install/steering_controllers_library/share/ament_index/resource_index/packages/steering_controllers_library
[21.871s] -- Installing: /home/farah/ws_farah/install/steering_controllers_library/share/steering_controllers_library/cmake/export_steering_controllers_libraryExport.cmake
[21.871s] -- Installing: /home/farah/ws_farah/install/steering_controllers_library/share/steering_controllers_library/cmake/export_steering_controllers_libraryExport-noconfig.cmake
[21.871s] -- Installing: /home/farah/ws_farah/install/steering_controllers_library/share/steering_controllers_library/cmake/ament_cmake_export_dependencies-extras.cmake
[21.871s] -- Installing: /home/farah/ws_farah/install/steering_controllers_library/share/steering_controllers_library/cmake/ament_cmake_export_targets-extras.cmake
[21.871s] -- Installing: /home/farah/ws_farah/install/steering_controllers_library/share/steering_controllers_library/cmake/steering_controllers_libraryConfig.cmake
[21.871s] -- Installing: /home/farah/ws_farah/install/steering_controllers_library/share/steering_controllers_library/cmake/steering_controllers_libraryConfig-version.cmake
[21.872s] -- Installing: /home/farah/ws_farah/install/steering_controllers_library/share/steering_controllers_library/package.xml
[21.873s] Invoked command in '/home/farah/ws_farah/build/steering_controllers_library' returned '0': AMENT_PREFIX_PATH=/home/farah/ws_farah/install/controller_interface:/home/farah/ws_farah/install/hardware_interface:/home/farah/ws_farah/install/ros2_control_test_assets:${AMENT_PREFIX_PATH} CMAKE_PREFIX_PATH=/home/farah/ws_farah/install/controller_interface:/home/farah/ws_farah/install/hardware_interface:/home/farah/ws_farah/install/ros2_control_test_assets:/opt/ros/humble LD_LIBRARY_PATH=/home/farah/ws_farah/install/controller_interface/lib:/home/farah/ws_farah/install/hardware_interface/lib:${LD_LIBRARY_PATH} /usr/bin/cmake --install /home/farah/ws_farah/build/steering_controllers_library
