[0.008s] Invoking command in '/home/farah/ws_farah/build/gpio_controllers': AMENT_PREFIX_PATH=/home/farah/ws_farah/install/hardware_interface_testing:/home/farah/ws_farah/install/controller_interface:/home/farah/ws_farah/install/hardware_interface:/home/farah/ws_farah/install/ros2_control_test_assets:${AMENT_PREFIX_PATH} CMAKE_PREFIX_PATH=/home/farah/ws_farah/install/hardware_interface_testing:/home/farah/ws_farah/install/controller_interface:/home/farah/ws_farah/install/hardware_interface:/home/farah/ws_farah/install/ros2_control_test_assets:/opt/ros/humble LD_LIBRARY_PATH=/home/farah/ws_farah/install/hardware_interface_testing/lib:/home/farah/ws_farah/install/controller_interface/lib:/home/farah/ws_farah/install/hardware_interface/lib:${LD_LIBRARY_PATH} /usr/bin/cmake /home/farah/ws_farah/src/ros2_controllers/gpio_controllers -DCMAKE_INSTALL_PREFIX=/home/farah/ws_farah/install/gpio_controllers
[0.048s] -- The C compiler identification is GNU 11.4.0
[0.091s] -- The CXX compiler identification is GNU 11.4.0
[0.097s] -- Detecting C compiler ABI info
[0.149s] -- Detecting C compiler ABI info - done
[0.161s] -- Check for working C compiler: /usr/bin/cc - skipped
[0.161s] -- Detecting C compile features
[0.161s] -- Detecting C compile features - done
[0.164s] -- Detecting CXX compiler ABI info
[0.224s] -- Detecting CXX compiler ABI info - done
[0.230s] -- Check for working CXX compiler: /usr/bin/c++ - skipped
[0.230s] -- Detecting CXX compile features
[0.231s] -- Detecting CXX compile features - done
[0.233s] -- Found ament_cmake: 1.3.11 (/opt/ros/humble/share/ament_cmake/cmake)
[0.542s] -- Found Python3: /usr/bin/python3 (found version "3.10.12") found components: Interpreter 
[0.626s] -- Found controller_interface: 2.50.0 (/home/farah/ws_farah/install/controller_interface/share/controller_interface/cmake)
[0.663s] -- Found rosidl_generator_c: 3.1.6 (/opt/ros/humble/share/rosidl_generator_c/cmake)
[0.667s] -- Found rosidl_adapter: 3.1.6 (/opt/ros/humble/share/rosidl_adapter/cmake)
[0.675s] -- Found rosidl_generator_cpp: 3.1.6 (/opt/ros/humble/share/rosidl_generator_cpp/cmake)
[0.687s] -- Using all available rosidl_typesupport_c: rosidl_typesupport_fastrtps_c;rosidl_typesupport_introspection_c
[0.702s] -- Using all available rosidl_typesupport_cpp: rosidl_typesupport_fastrtps_cpp;rosidl_typesupport_introspection_cpp
[0.892s] -- Found rmw_implementation_cmake: 6.1.2 (/opt/ros/humble/share/rmw_implementation_cmake/cmake)
[0.894s] -- Found rmw_fastrtps_cpp: 6.2.7 (/opt/ros/humble/share/rmw_fastrtps_cpp/cmake)
[0.917s] -- Found TinyXML2 via Config file: TinyXML2_DIR-NOTFOUND
[0.960s] -- Found OpenSSL: /usr/lib/x86_64-linux-gnu/libcrypto.so (found version "3.0.2")  
[0.962s] -- Found TinyXML2 via Config file: TinyXML2_DIR-NOTFOUND
[0.975s] -- Found FastRTPS: /opt/ros/humble/include  
[0.978s] -- Found TinyXML2 via Config file: TinyXML2_DIR-NOTFOUND
[0.985s] -- Found TinyXML2 via Config file: TinyXML2_DIR-NOTFOUND
[0.994s] -- Using RMW implementation 'rmw_fastrtps_cpp' as default
[1.002s] -- Looking for pthread.h
[1.060s] -- Looking for pthread.h - found
[1.060s] -- Performing Test CMAKE_HAVE_LIBC_PTHREAD
[1.119s] -- Performing Test CMAKE_HAVE_LIBC_PTHREAD - Success
[1.120s] -- Found Threads: TRUE  
[1.170s] -- Found realtime_tools: 2.13.0 (/opt/ros/humble/share/realtime_tools/cmake)
[1.183s] -- Found generate_parameter_library: 0.4.0 (/opt/ros/humble/share/generate_parameter_library/cmake)
[1.185s] -- Found parameter_traits: 0.4.0 (/opt/ros/humble/share/parameter_traits/cmake)
[1.214s] -- Found ament_cmake_gmock: 1.3.11 (/opt/ros/humble/share/ament_cmake_gmock/cmake)
[1.216s] -- Found controller_manager: 2.50.0 (/opt/ros/humble/share/controller_manager/cmake)
[1.238s] -- Found ros2_control_test_assets: 2.50.0 (/home/farah/ws_farah/install/ros2_control_test_assets/share/ros2_control_test_assets/cmake)
[1.240s] -- Found gmock sources under '/opt/ros/humble/src/gmock_vendor': C++ tests using 'Google Mock' will be built
[1.245s] -- Found ament_cmake_gtest: 1.3.11 (/opt/ros/humble/share/ament_cmake_gtest/cmake)
[1.246s] -- Found gtest sources under '/opt/ros/humble/src/gtest_vendor': C++ tests using 'Google Test' will be built
[1.339s] -- Configuring done
[1.401s] -- Generating done
[1.416s] -- Build files have been written to: /home/farah/ws_farah/build/gpio_controllers
[1.428s] Invoked command in '/home/farah/ws_farah/build/gpio_controllers' returned '0': AMENT_PREFIX_PATH=/home/farah/ws_farah/install/hardware_interface_testing:/home/farah/ws_farah/install/controller_interface:/home/farah/ws_farah/install/hardware_interface:/home/farah/ws_farah/install/ros2_control_test_assets:${AMENT_PREFIX_PATH} CMAKE_PREFIX_PATH=/home/farah/ws_farah/install/hardware_interface_testing:/home/farah/ws_farah/install/controller_interface:/home/farah/ws_farah/install/hardware_interface:/home/farah/ws_farah/install/ros2_control_test_assets:/opt/ros/humble LD_LIBRARY_PATH=/home/farah/ws_farah/install/hardware_interface_testing/lib:/home/farah/ws_farah/install/controller_interface/lib:/home/farah/ws_farah/install/hardware_interface/lib:${LD_LIBRARY_PATH} /usr/bin/cmake /home/farah/ws_farah/src/ros2_controllers/gpio_controllers -DCMAKE_INSTALL_PREFIX=/home/farah/ws_farah/install/gpio_controllers
[1.429s] Invoking command in '/home/farah/ws_farah/build/gpio_controllers': AMENT_PREFIX_PATH=/home/farah/ws_farah/install/hardware_interface_testing:/home/farah/ws_farah/install/controller_interface:/home/farah/ws_farah/install/hardware_interface:/home/farah/ws_farah/install/ros2_control_test_assets:${AMENT_PREFIX_PATH} CMAKE_PREFIX_PATH=/home/farah/ws_farah/install/hardware_interface_testing:/home/farah/ws_farah/install/controller_interface:/home/farah/ws_farah/install/hardware_interface:/home/farah/ws_farah/install/ros2_control_test_assets:/opt/ros/humble LD_LIBRARY_PATH=/home/farah/ws_farah/install/hardware_interface_testing/lib:/home/farah/ws_farah/install/controller_interface/lib:/home/farah/ws_farah/install/hardware_interface/lib:${LD_LIBRARY_PATH} /usr/bin/cmake --build /home/farah/ws_farah/build/gpio_controllers -- -j8 -l8
[1.471s] [ 30%] [32mBuilding CXX object gmock/CMakeFiles/gmock_main.dir/src/gmock_main.cc.o[0m
[1.471s] [ 30%] [32mBuilding CXX object gmock/CMakeFiles/gmock.dir/opt/ros/humble/src/gtest_vendor/src/gtest-all.cc.o[0m
[1.471s] [ 30%] [34m[1mRunning `/opt/ros/humble/bin/generate_parameter_library_cpp /home/farah/ws_farah/build/gpio_controllers/include/gpio_controllers/gpio_command_controller_parameters.hpp /home/farah/ws_farah/src/ros2_controllers/gpio_controllers/src/gpio_command_controller_parameters.yaml `[0m
[1.471s] [ 30%] [32mBuilding CXX object gmock/CMakeFiles/gmock.dir/src/gmock-all.cc.o[0m
[1.785s] [ 38%] [34m[1mCreating deprecated header file /home/farah/ws_farah/build/gpio_controllers/include/gpio_command_controller_parameters.hpp[0m
[1.825s] [ 38%] Built target gpio_command_controller_parameters
[1.845s] [ 46%] [32mBuilding CXX object CMakeFiles/gpio_controllers.dir/src/gpio_command_controller.cpp.o[0m
[2.380s] [ 53%] [32m[1mLinking CXX static library libgmock_main.a[0m
[2.417s] [ 53%] Built target gmock_main
[4.506s] [ 61%] [32m[1mLinking CXX static library libgmock.a[0m
[4.559s] [ 61%] Built target gmock
[4.577s] [ 69%] [32mBuilding CXX object CMakeFiles/test_load_gpio_command_controller.dir/test/test_load_gpio_command_controller.cpp.o[0m
[8.760s] [ 76%] [32m[1mLinking CXX executable test_load_gpio_command_controller[0m
[9.145s] [ 76%] Built target test_load_gpio_command_controller
[10.735s] [ 84%] [32m[1mLinking CXX shared library libgpio_controllers.so[0m
[11.228s] [ 84%] Built target gpio_controllers
[11.243s] [ 92%] [32mBuilding CXX object CMakeFiles/test_gpio_command_controller.dir/test/test_gpio_command_controller.cpp.o[0m
[20.774s] [100%] [32m[1mLinking CXX executable test_gpio_command_controller[0m
[21.438s] [100%] Built target test_gpio_command_controller
[21.447s] Invoked command in '/home/farah/ws_farah/build/gpio_controllers' returned '0': AMENT_PREFIX_PATH=/home/farah/ws_farah/install/hardware_interface_testing:/home/farah/ws_farah/install/controller_interface:/home/farah/ws_farah/install/hardware_interface:/home/farah/ws_farah/install/ros2_control_test_assets:${AMENT_PREFIX_PATH} CMAKE_PREFIX_PATH=/home/farah/ws_farah/install/hardware_interface_testing:/home/farah/ws_farah/install/controller_interface:/home/farah/ws_farah/install/hardware_interface:/home/farah/ws_farah/install/ros2_control_test_assets:/opt/ros/humble LD_LIBRARY_PATH=/home/farah/ws_farah/install/hardware_interface_testing/lib:/home/farah/ws_farah/install/controller_interface/lib:/home/farah/ws_farah/install/hardware_interface/lib:${LD_LIBRARY_PATH} /usr/bin/cmake --build /home/farah/ws_farah/build/gpio_controllers -- -j8 -l8
[21.448s] Invoking command in '/home/farah/ws_farah/build/gpio_controllers': AMENT_PREFIX_PATH=/home/farah/ws_farah/install/hardware_interface_testing:/home/farah/ws_farah/install/controller_interface:/home/farah/ws_farah/install/hardware_interface:/home/farah/ws_farah/install/ros2_control_test_assets:${AMENT_PREFIX_PATH} CMAKE_PREFIX_PATH=/home/farah/ws_farah/install/hardware_interface_testing:/home/farah/ws_farah/install/controller_interface:/home/farah/ws_farah/install/hardware_interface:/home/farah/ws_farah/install/ros2_control_test_assets:/opt/ros/humble LD_LIBRARY_PATH=/home/farah/ws_farah/install/hardware_interface_testing/lib:/home/farah/ws_farah/install/controller_interface/lib:/home/farah/ws_farah/install/hardware_interface/lib:${LD_LIBRARY_PATH} /usr/bin/cmake --install /home/farah/ws_farah/build/gpio_controllers
[21.454s] -- Install configuration: ""
[21.454s] -- Installing: /home/farah/ws_farah/install/gpio_controllers/include/gpio_controllers
[21.454s] -- Installing: /home/farah/ws_farah/install/gpio_controllers/include/gpio_controllers/gpio_command_controller_parameters.hpp
[21.454s] -- Installing: /home/farah/ws_farah/install/gpio_controllers/share/gpio_controllers/gpio_controllers_plugin.xml
[21.454s] -- Up-to-date: /home/farah/ws_farah/install/gpio_controllers/include
[21.454s] -- Up-to-date: /home/farah/ws_farah/install/gpio_controllers/include/gpio_controllers
[21.454s] -- Installing: /home/farah/ws_farah/install/gpio_controllers/include/gpio_controllers/gpio_command_controller.hpp
[21.454s] -- Installing: /home/farah/ws_farah/install/gpio_controllers/include/gpio_controllers/visibility_control.h
[21.454s] -- Installing: /home/farah/ws_farah/install/gpio_controllers/lib/libgpio_controllers.so
[21.460s] -- Set runtime path of "/home/farah/ws_farah/install/gpio_controllers/lib/libgpio_controllers.so" to ""
[21.460s] -- Installing: /home/farah/ws_farah/install/gpio_controllers/share/gpio_controllers/environment/library_path.sh
[21.460s] -- Installing: /home/farah/ws_farah/install/gpio_controllers/share/gpio_controllers/environment/library_path.dsv
[21.460s] -- Installing: /home/farah/ws_farah/install/gpio_controllers/share/ament_index/resource_index/package_run_dependencies/gpio_controllers
[21.461s] -- Installing: /home/farah/ws_farah/install/gpio_controllers/share/ament_index/resource_index/parent_prefix_path/gpio_controllers
[21.461s] -- Installing: /home/farah/ws_farah/install/gpio_controllers/share/gpio_controllers/environment/ament_prefix_path.sh
[21.461s] -- Installing: /home/farah/ws_farah/install/gpio_controllers/share/gpio_controllers/environment/ament_prefix_path.dsv
[21.461s] -- Installing: /home/farah/ws_farah/install/gpio_controllers/share/gpio_controllers/environment/path.sh
[21.461s] -- Installing: /home/farah/ws_farah/install/gpio_controllers/share/gpio_controllers/environment/path.dsv
[21.461s] -- Installing: /home/farah/ws_farah/install/gpio_controllers/share/gpio_controllers/local_setup.bash
[21.461s] -- Installing: /home/farah/ws_farah/install/gpio_controllers/share/gpio_controllers/local_setup.sh
[21.461s] -- Installing: /home/farah/ws_farah/install/gpio_controllers/share/gpio_controllers/local_setup.zsh
[21.461s] -- Installing: /home/farah/ws_farah/install/gpio_controllers/share/gpio_controllers/local_setup.dsv
[21.461s] -- Installing: /home/farah/ws_farah/install/gpio_controllers/share/gpio_controllers/package.dsv
[21.461s] -- Installing: /home/farah/ws_farah/install/gpio_controllers/share/ament_index/resource_index/packages/gpio_controllers
[21.461s] -- Installing: /home/farah/ws_farah/install/gpio_controllers/share/ament_index/resource_index/controller_interface__pluginlib__plugin/gpio_controllers
[21.462s] -- Installing: /home/farah/ws_farah/install/gpio_controllers/share/gpio_controllers/cmake/ament_cmake_export_dependencies-extras.cmake
[21.462s] -- Installing: /home/farah/ws_farah/install/gpio_controllers/share/gpio_controllers/cmake/ament_cmake_export_include_directories-extras.cmake
[21.462s] -- Installing: /home/farah/ws_farah/install/gpio_controllers/share/gpio_controllers/cmake/ament_cmake_export_libraries-extras.cmake
[21.462s] -- Installing: /home/farah/ws_farah/install/gpio_controllers/share/gpio_controllers/cmake/gpio_controllersConfig.cmake
[21.462s] -- Installing: /home/farah/ws_farah/install/gpio_controllers/share/gpio_controllers/cmake/gpio_controllersConfig-version.cmake
[21.462s] -- Installing: /home/farah/ws_farah/install/gpio_controllers/share/gpio_controllers/package.xml
[21.464s] Invoked command in '/home/farah/ws_farah/build/gpio_controllers' returned '0': AMENT_PREFIX_PATH=/home/farah/ws_farah/install/hardware_interface_testing:/home/farah/ws_farah/install/controller_interface:/home/farah/ws_farah/install/hardware_interface:/home/farah/ws_farah/install/ros2_control_test_assets:${AMENT_PREFIX_PATH} CMAKE_PREFIX_PATH=/home/farah/ws_farah/install/hardware_interface_testing:/home/farah/ws_farah/install/controller_interface:/home/farah/ws_farah/install/hardware_interface:/home/farah/ws_farah/install/ros2_control_test_assets:/opt/ros/humble LD_LIBRARY_PATH=/home/farah/ws_farah/install/hardware_interface_testing/lib:/home/farah/ws_farah/install/controller_interface/lib:/home/farah/ws_farah/install/hardware_interface/lib:${LD_LIBRARY_PATH} /usr/bin/cmake --install /home/farah/ws_farah/build/gpio_controllers
