[0.010s] Invoking command in '/home/farah/ws_farah/build/ackermann_steering_controller': AMENT_PREFIX_PATH=/home/farah/ws_farah/install/steering_controllers_library:/home/farah/ws_farah/install/hardware_interface_testing:/home/farah/ws_farah/install/controller_interface:/home/farah/ws_farah/install/hardware_interface:/home/farah/ws_farah/install/ros2_control_test_assets:${AMENT_PREFIX_PATH} CMAKE_PREFIX_PATH=/home/farah/ws_farah/install/steering_controllers_library:/home/farah/ws_farah/install/hardware_interface_testing:/home/farah/ws_farah/install/controller_interface:/home/farah/ws_farah/install/hardware_interface:/home/farah/ws_farah/install/ros2_control_test_assets:/opt/ros/humble LD_LIBRARY_PATH=/home/farah/ws_farah/install/steering_controllers_library/lib:/home/farah/ws_farah/install/hardware_interface_testing/lib:/home/farah/ws_farah/install/controller_interface/lib:/home/farah/ws_farah/install/hardware_interface/lib:${LD_LIBRARY_PATH} /usr/bin/cmake /home/farah/ws_farah/src/ros2_controllers/ackermann_steering_controller -DCMAKE_INSTALL_PREFIX=/home/farah/ws_farah/install/ackermann_steering_controller
[0.061s] -- The CXX compiler identification is GNU 11.4.0
[0.067s] -- Detecting CXX compiler ABI info
[0.127s] -- Detecting CXX compiler ABI info - done
[0.134s] -- Check for working CXX compiler: /usr/bin/c++ - skipped
[0.134s] -- Detecting CXX compile features
[0.134s] -- Detecting CXX compile features - done
[0.136s] -- Found ament_cmake: 1.3.11 (/opt/ros/humble/share/ament_cmake/cmake)
[0.427s] -- Found Python3: /usr/bin/python3 (found version "3.10.12") found components: Interpreter 
[0.508s] -- Found controller_interface: 2.50.0 (/home/farah/ws_farah/install/controller_interface/share/controller_interface/cmake)
[0.547s] -- Found rosidl_generator_c: 3.1.6 (/opt/ros/humble/share/rosidl_generator_c/cmake)
[0.551s] -- Found rosidl_adapter: 3.1.6 (/opt/ros/humble/share/rosidl_adapter/cmake)
[0.559s] -- Found rosidl_generator_cpp: 3.1.6 (/opt/ros/humble/share/rosidl_generator_cpp/cmake)
[0.571s] -- Using all available rosidl_typesupport_c: rosidl_typesupport_fastrtps_c;rosidl_typesupport_introspection_c
[0.586s] -- Using all available rosidl_typesupport_cpp: rosidl_typesupport_fastrtps_cpp;rosidl_typesupport_introspection_cpp
[0.768s] -- Found rmw_implementation_cmake: 6.1.2 (/opt/ros/humble/share/rmw_implementation_cmake/cmake)
[0.770s] -- Found rmw_fastrtps_cpp: 6.2.7 (/opt/ros/humble/share/rmw_fastrtps_cpp/cmake)
[0.792s] -- Found TinyXML2 via Config file: TinyXML2_DIR-NOTFOUND
[0.827s] -- Found OpenSSL: /usr/lib/x86_64-linux-gnu/libcrypto.so (found version "3.0.2")  
[0.830s] -- Found TinyXML2 via Config file: TinyXML2_DIR-NOTFOUND
[0.842s] -- Found FastRTPS: /opt/ros/humble/include  
[0.845s] -- Found TinyXML2 via Config file: TinyXML2_DIR-NOTFOUND
[0.852s] -- Found TinyXML2 via Config file: TinyXML2_DIR-NOTFOUND
[0.860s] -- Using RMW implementation 'rmw_fastrtps_cpp' as default
[0.868s] -- Looking for C++ include pthread.h
[0.955s] -- Looking for C++ include pthread.h - found
[0.955s] -- Performing Test CMAKE_HAVE_LIBC_PTHREAD
[1.044s] -- Performing Test CMAKE_HAVE_LIBC_PTHREAD - Success
[1.045s] -- Found Threads: TRUE  
[1.090s] -- Found generate_parameter_library: 0.4.0 (/opt/ros/humble/share/generate_parameter_library/cmake)
[1.092s] -- Found parameter_traits: 0.4.0 (/opt/ros/humble/share/parameter_traits/cmake)
[1.109s] -- Found realtime_tools: 2.13.0 (/opt/ros/humble/share/realtime_tools/cmake)
[1.121s] -- Found std_srvs: 4.8.0 (/opt/ros/humble/share/std_srvs/cmake)
[1.129s] -- Found steering_controllers_library: 2.45.0 (/home/farah/ws_farah/install/steering_controllers_library/share/steering_controllers_library/cmake)
[1.187s] -- Found eigen3_cmake_module: 0.1.1 (/opt/ros/humble/share/eigen3_cmake_module/cmake)
[1.188s] -- Found Eigen3: TRUE (found version "3.4.0") 
[1.188s] -- Ensuring Eigen3 include directory is part of orocos-kdl CMake target
[1.231s] -- Found ament_cmake_gmock: 1.3.11 (/opt/ros/humble/share/ament_cmake_gmock/cmake)
[1.233s] -- Found controller_manager: 2.50.0 (/opt/ros/humble/share/controller_manager/cmake)
[1.254s] -- Found ros2_control_test_assets: 2.50.0 (/home/farah/ws_farah/install/ros2_control_test_assets/share/ros2_control_test_assets/cmake)
[1.257s] -- Found gmock sources under '/opt/ros/humble/src/gmock_vendor': C++ tests using 'Google Mock' will be built
[1.290s] -- The C compiler identification is GNU 11.4.0
[1.296s] -- Detecting C compiler ABI info
[1.373s] -- Detecting C compiler ABI info - done
[1.379s] -- Check for working C compiler: /usr/bin/cc - skipped
[1.379s] -- Detecting C compile features
[1.380s] -- Detecting C compile features - done
[1.383s] -- Found ament_cmake_gtest: 1.3.11 (/opt/ros/humble/share/ament_cmake_gtest/cmake)
[1.384s] -- Found gtest sources under '/opt/ros/humble/src/gtest_vendor': C++ tests using 'Google Test' will be built
[1.408s] -- Found gmock sources under '/opt/ros/humble/src/gmock_vendor': C++ tests using 'Google Mock' will be built
[1.408s] -- Found ament_cmake_gtest: 1.3.11 (/opt/ros/humble/share/ament_cmake_gtest/cmake)
[1.409s] -- Found gtest sources under '/opt/ros/humble/src/gtest_vendor': C++ tests using 'Google Test' will be built
[1.419s] -- Found gmock sources under '/opt/ros/humble/src/gmock_vendor': C++ tests using 'Google Mock' will be built
[1.419s] -- Found ament_cmake_gtest: 1.3.11 (/opt/ros/humble/share/ament_cmake_gtest/cmake)
[1.420s] -- Found gtest sources under '/opt/ros/humble/src/gtest_vendor': C++ tests using 'Google Test' will be built
[1.487s] -- Configuring done
[1.568s] -- Generating done
[1.582s] -- Build files have been written to: /home/farah/ws_farah/build/ackermann_steering_controller
[1.594s] Invoked command in '/home/farah/ws_farah/build/ackermann_steering_controller' returned '0': AMENT_PREFIX_PATH=/home/farah/ws_farah/install/steering_controllers_library:/home/farah/ws_farah/install/hardware_interface_testing:/home/farah/ws_farah/install/controller_interface:/home/farah/ws_farah/install/hardware_interface:/home/farah/ws_farah/install/ros2_control_test_assets:${AMENT_PREFIX_PATH} CMAKE_PREFIX_PATH=/home/farah/ws_farah/install/steering_controllers_library:/home/farah/ws_farah/install/hardware_interface_testing:/home/farah/ws_farah/install/controller_interface:/home/farah/ws_farah/install/hardware_interface:/home/farah/ws_farah/install/ros2_control_test_assets:/opt/ros/humble LD_LIBRARY_PATH=/home/farah/ws_farah/install/steering_controllers_library/lib:/home/farah/ws_farah/install/hardware_interface_testing/lib:/home/farah/ws_farah/install/controller_interface/lib:/home/farah/ws_farah/install/hardware_interface/lib:${LD_LIBRARY_PATH} /usr/bin/cmake /home/farah/ws_farah/src/ros2_controllers/ackermann_steering_controller -DCMAKE_INSTALL_PREFIX=/home/farah/ws_farah/install/ackermann_steering_controller
[1.595s] Invoking command in '/home/farah/ws_farah/build/ackermann_steering_controller': AMENT_PREFIX_PATH=/home/farah/ws_farah/install/steering_controllers_library:/home/farah/ws_farah/install/hardware_interface_testing:/home/farah/ws_farah/install/controller_interface:/home/farah/ws_farah/install/hardware_interface:/home/farah/ws_farah/install/ros2_control_test_assets:${AMENT_PREFIX_PATH} CMAKE_PREFIX_PATH=/home/farah/ws_farah/install/steering_controllers_library:/home/farah/ws_farah/install/hardware_interface_testing:/home/farah/ws_farah/install/controller_interface:/home/farah/ws_farah/install/hardware_interface:/home/farah/ws_farah/install/ros2_control_test_assets:/opt/ros/humble LD_LIBRARY_PATH=/home/farah/ws_farah/install/steering_controllers_library/lib:/home/farah/ws_farah/install/hardware_interface_testing/lib:/home/farah/ws_farah/install/controller_interface/lib:/home/farah/ws_farah/install/hardware_interface/lib:${LD_LIBRARY_PATH} /usr/bin/cmake --build /home/farah/ws_farah/build/ackermann_steering_controller -- -j8 -l8
[1.655s] [  7%] [34m[1mRunning `/opt/ros/humble/bin/generate_parameter_library_cpp /home/farah/ws_farah/build/ackermann_steering_controller/include/ackermann_steering_controller/ackermann_steering_controller_parameters.hpp /home/farah/ws_farah/src/ros2_controllers/ackermann_steering_controller/src/ackermann_steering_controller.yaml `[0m
[1.658s] [ 15%] [32mBuilding CXX object gmock/CMakeFiles/gmock.dir/src/gmock-all.cc.o[0m
[1.658s] [ 23%] [32mBuilding CXX object gmock/CMakeFiles/gmock.dir/opt/ros/humble/src/gtest_vendor/src/gtest-all.cc.o[0m
[1.890s] [ 30%] [34m[1mCreating deprecated header file /home/farah/ws_farah/build/ackermann_steering_controller/include/ackermann_steering_controller_parameters.hpp[0m
[1.930s] [ 30%] Built target ackermann_steering_controller_parameters
[1.948s] [ 38%] [32mBuilding CXX object CMakeFiles/ackermann_steering_controller.dir/src/ackermann_steering_controller.cpp.o[0m
[4.608s] [ 46%] [32m[1mLinking CXX static library libgmock.a[0m
[4.660s] [ 46%] Built target gmock
[4.685s] [ 53%] [32mBuilding CXX object CMakeFiles/test_load_ackermann_steering_controller.dir/test/test_load_ackermann_steering_controller.cpp.o[0m
[5.506s] [ 61%] [32m[1mLinking CXX shared library libackermann_steering_controller.so[0m
[6.352s] [ 61%] Built target ackermann_steering_controller
[6.381s] [ 76%] [32mBuilding CXX object CMakeFiles/test_ackermann_steering_controller.dir/test/test_ackermann_steering_controller.cpp.o[0m
[6.381s] [ 76%] [32mBuilding CXX object CMakeFiles/test_ackermann_steering_controller_preceding.dir/test/test_ackermann_steering_controller_preceding.cpp.o[0m
[10.581s] [ 84%] [32m[1mLinking CXX executable test_load_ackermann_steering_controller[0m
[11.216s] [ 84%] Built target test_load_ackermann_steering_controller
[13.151s] [ 92%] [32m[1mLinking CXX executable test_ackermann_steering_controller_preceding[0m
[14.257s] [ 92%] Built target test_ackermann_steering_controller_preceding
[17.463s] [100%] [32m[1mLinking CXX executable test_ackermann_steering_controller[0m
[18.642s] [100%] Built target test_ackermann_steering_controller
[18.651s] Invoked command in '/home/farah/ws_farah/build/ackermann_steering_controller' returned '0': AMENT_PREFIX_PATH=/home/farah/ws_farah/install/steering_controllers_library:/home/farah/ws_farah/install/hardware_interface_testing:/home/farah/ws_farah/install/controller_interface:/home/farah/ws_farah/install/hardware_interface:/home/farah/ws_farah/install/ros2_control_test_assets:${AMENT_PREFIX_PATH} CMAKE_PREFIX_PATH=/home/farah/ws_farah/install/steering_controllers_library:/home/farah/ws_farah/install/hardware_interface_testing:/home/farah/ws_farah/install/controller_interface:/home/farah/ws_farah/install/hardware_interface:/home/farah/ws_farah/install/ros2_control_test_assets:/opt/ros/humble LD_LIBRARY_PATH=/home/farah/ws_farah/install/steering_controllers_library/lib:/home/farah/ws_farah/install/hardware_interface_testing/lib:/home/farah/ws_farah/install/controller_interface/lib:/home/farah/ws_farah/install/hardware_interface/lib:${LD_LIBRARY_PATH} /usr/bin/cmake --build /home/farah/ws_farah/build/ackermann_steering_controller -- -j8 -l8
[18.653s] Invoking command in '/home/farah/ws_farah/build/ackermann_steering_controller': AMENT_PREFIX_PATH=/home/farah/ws_farah/install/steering_controllers_library:/home/farah/ws_farah/install/hardware_interface_testing:/home/farah/ws_farah/install/controller_interface:/home/farah/ws_farah/install/hardware_interface:/home/farah/ws_farah/install/ros2_control_test_assets:${AMENT_PREFIX_PATH} CMAKE_PREFIX_PATH=/home/farah/ws_farah/install/steering_controllers_library:/home/farah/ws_farah/install/hardware_interface_testing:/home/farah/ws_farah/install/controller_interface:/home/farah/ws_farah/install/hardware_interface:/home/farah/ws_farah/install/ros2_control_test_assets:/opt/ros/humble LD_LIBRARY_PATH=/home/farah/ws_farah/install/steering_controllers_library/lib:/home/farah/ws_farah/install/hardware_interface_testing/lib:/home/farah/ws_farah/install/controller_interface/lib:/home/farah/ws_farah/install/hardware_interface/lib:${LD_LIBRARY_PATH} /usr/bin/cmake --install /home/farah/ws_farah/build/ackermann_steering_controller
[18.659s] -- Install configuration: ""
[18.659s] -- Installing: /home/farah/ws_farah/install/ackermann_steering_controller/include/ackermann_steering_controller
[18.659s] -- Installing: /home/farah/ws_farah/install/ackermann_steering_controller/include/ackermann_steering_controller/ackermann_steering_controller_parameters.hpp
[18.660s] -- Installing: /home/farah/ws_farah/install/ackermann_steering_controller/share/ackermann_steering_controller/ackermann_steering_controller.xml
[18.660s] -- Up-to-date: /home/farah/ws_farah/install/ackermann_steering_controller/include/ackermann_steering_controller
[18.660s] -- Installing: /home/farah/ws_farah/install/ackermann_steering_controller/include/ackermann_steering_controller/ackermann_steering_controller
[18.660s] -- Installing: /home/farah/ws_farah/install/ackermann_steering_controller/include/ackermann_steering_controller/ackermann_steering_controller/ackermann_steering_controller.hpp
[18.660s] -- Installing: /home/farah/ws_farah/install/ackermann_steering_controller/include/ackermann_steering_controller/ackermann_steering_controller/visibility_control.h
[18.660s] -- Installing: /home/farah/ws_farah/install/ackermann_steering_controller/lib/libackermann_steering_controller.so
[18.661s] -- Set runtime path of "/home/farah/ws_farah/install/ackermann_steering_controller/lib/libackermann_steering_controller.so" to ""
[18.661s] -- Installing: /home/farah/ws_farah/install/ackermann_steering_controller/share/ackermann_steering_controller/environment/library_path.sh
[18.661s] -- Installing: /home/farah/ws_farah/install/ackermann_steering_controller/share/ackermann_steering_controller/environment/library_path.dsv
[18.661s] -- Installing: /home/farah/ws_farah/install/ackermann_steering_controller/share/ament_index/resource_index/package_run_dependencies/ackermann_steering_controller
[18.661s] -- Installing: /home/farah/ws_farah/install/ackermann_steering_controller/share/ament_index/resource_index/parent_prefix_path/ackermann_steering_controller
[18.661s] -- Installing: /home/farah/ws_farah/install/ackermann_steering_controller/share/ackermann_steering_controller/environment/ament_prefix_path.sh
[18.661s] -- Installing: /home/farah/ws_farah/install/ackermann_steering_controller/share/ackermann_steering_controller/environment/ament_prefix_path.dsv
[18.662s] -- Installing: /home/farah/ws_farah/install/ackermann_steering_controller/share/ackermann_steering_controller/environment/path.sh
[18.662s] -- Installing: /home/farah/ws_farah/install/ackermann_steering_controller/share/ackermann_steering_controller/environment/path.dsv
[18.662s] -- Installing: /home/farah/ws_farah/install/ackermann_steering_controller/share/ackermann_steering_controller/local_setup.bash
[18.662s] -- Installing: /home/farah/ws_farah/install/ackermann_steering_controller/share/ackermann_steering_controller/local_setup.sh
[18.662s] -- Installing: /home/farah/ws_farah/install/ackermann_steering_controller/share/ackermann_steering_controller/local_setup.zsh
[18.662s] -- Installing: /home/farah/ws_farah/install/ackermann_steering_controller/share/ackermann_steering_controller/local_setup.dsv
[18.662s] -- Installing: /home/farah/ws_farah/install/ackermann_steering_controller/share/ackermann_steering_controller/package.dsv
[18.662s] -- Installing: /home/farah/ws_farah/install/ackermann_steering_controller/share/ament_index/resource_index/packages/ackermann_steering_controller
[18.662s] -- Installing: /home/farah/ws_farah/install/ackermann_steering_controller/share/ament_index/resource_index/controller_interface__pluginlib__plugin/ackermann_steering_controller
[18.662s] -- Installing: /home/farah/ws_farah/install/ackermann_steering_controller/share/ackermann_steering_controller/cmake/export_ackermann_steering_controllerExport.cmake
[18.663s] -- Installing: /home/farah/ws_farah/install/ackermann_steering_controller/share/ackermann_steering_controller/cmake/export_ackermann_steering_controllerExport-noconfig.cmake
[18.663s] -- Installing: /home/farah/ws_farah/install/ackermann_steering_controller/share/ackermann_steering_controller/cmake/ament_cmake_export_dependencies-extras.cmake
[18.663s] -- Installing: /home/farah/ws_farah/install/ackermann_steering_controller/share/ackermann_steering_controller/cmake/ament_cmake_export_targets-extras.cmake
[18.663s] -- Installing: /home/farah/ws_farah/install/ackermann_steering_controller/share/ackermann_steering_controller/cmake/ackermann_steering_controllerConfig.cmake
[18.663s] -- Installing: /home/farah/ws_farah/install/ackermann_steering_controller/share/ackermann_steering_controller/cmake/ackermann_steering_controllerConfig-version.cmake
[18.663s] -- Installing: /home/farah/ws_farah/install/ackermann_steering_controller/share/ackermann_steering_controller/package.xml
[18.665s] Invoked command in '/home/farah/ws_farah/build/ackermann_steering_controller' returned '0': AMENT_PREFIX_PATH=/home/farah/ws_farah/install/steering_controllers_library:/home/farah/ws_farah/install/hardware_interface_testing:/home/farah/ws_farah/install/controller_interface:/home/farah/ws_farah/install/hardware_interface:/home/farah/ws_farah/install/ros2_control_test_assets:${AMENT_PREFIX_PATH} CMAKE_PREFIX_PATH=/home/farah/ws_farah/install/steering_controllers_library:/home/farah/ws_farah/install/hardware_interface_testing:/home/farah/ws_farah/install/controller_interface:/home/farah/ws_farah/install/hardware_interface:/home/farah/ws_farah/install/ros2_control_test_assets:/opt/ros/humble LD_LIBRARY_PATH=/home/farah/ws_farah/install/steering_controllers_library/lib:/home/farah/ws_farah/install/hardware_interface_testing/lib:/home/farah/ws_farah/install/controller_interface/lib:/home/farah/ws_farah/install/hardware_interface/lib:${LD_LIBRARY_PATH} /usr/bin/cmake --install /home/farah/ws_farah/build/ackermann_steering_controller
