[0.009s] Invoking command in '/home/farah/ws_farah/build/tricycle_steering_controller': AMENT_PREFIX_PATH=/home/farah/ws_farah/install/steering_controllers_library:/home/farah/ws_farah/install/hardware_interface_testing:/home/farah/ws_farah/install/controller_interface:/home/farah/ws_farah/install/hardware_interface:/home/farah/ws_farah/install/ros2_control_test_assets:${AMENT_PREFIX_PATH} CMAKE_PREFIX_PATH=/home/farah/ws_farah/install/steering_controllers_library:/home/farah/ws_farah/install/hardware_interface_testing:/home/farah/ws_farah/install/controller_interface:/home/farah/ws_farah/install/hardware_interface:/home/farah/ws_farah/install/ros2_control_test_assets:/opt/ros/humble LD_LIBRARY_PATH=/home/farah/ws_farah/install/steering_controllers_library/lib:/home/farah/ws_farah/install/hardware_interface_testing/lib:/home/farah/ws_farah/install/controller_interface/lib:/home/farah/ws_farah/install/hardware_interface/lib:${LD_LIBRARY_PATH} /usr/bin/cmake /home/farah/ws_farah/src/ros2_controllers/tricycle_steering_controller -DCMAKE_INSTALL_PREFIX=/home/farah/ws_farah/install/tricycle_steering_controller
[0.060s] -- The CXX compiler identification is GNU 11.4.0
[0.066s] -- Detecting CXX compiler ABI info
[0.127s] -- Detecting CXX compiler ABI info - done
[0.133s] -- Check for working CXX compiler: /usr/bin/c++ - skipped
[0.133s] -- Detecting CXX compile features
[0.134s] -- Detecting CXX compile features - done
[0.136s] -- Found ament_cmake: 1.3.11 (/opt/ros/humble/share/ament_cmake/cmake)
[0.422s] -- Found Python3: /usr/bin/python3 (found version "3.10.12") found components: Interpreter 
[0.499s] -- Found controller_interface: 2.50.0 (/home/farah/ws_farah/install/controller_interface/share/controller_interface/cmake)
[0.535s] -- Found rosidl_generator_c: 3.1.6 (/opt/ros/humble/share/rosidl_generator_c/cmake)
[0.540s] -- Found rosidl_adapter: 3.1.6 (/opt/ros/humble/share/rosidl_adapter/cmake)
[0.547s] -- Found rosidl_generator_cpp: 3.1.6 (/opt/ros/humble/share/rosidl_generator_cpp/cmake)
[0.558s] -- Using all available rosidl_typesupport_c: rosidl_typesupport_fastrtps_c;rosidl_typesupport_introspection_c
[0.572s] -- Using all available rosidl_typesupport_cpp: rosidl_typesupport_fastrtps_cpp;rosidl_typesupport_introspection_cpp
[0.753s] -- Found rmw_implementation_cmake: 6.1.2 (/opt/ros/humble/share/rmw_implementation_cmake/cmake)
[0.756s] -- Found rmw_fastrtps_cpp: 6.2.7 (/opt/ros/humble/share/rmw_fastrtps_cpp/cmake)
[0.778s] -- Found TinyXML2 via Config file: TinyXML2_DIR-NOTFOUND
[0.813s] -- Found OpenSSL: /usr/lib/x86_64-linux-gnu/libcrypto.so (found version "3.0.2")  
[0.815s] -- Found TinyXML2 via Config file: TinyXML2_DIR-NOTFOUND
[0.827s] -- Found FastRTPS: /opt/ros/humble/include  
[0.830s] -- Found TinyXML2 via Config file: TinyXML2_DIR-NOTFOUND
[0.837s] -- Found TinyXML2 via Config file: TinyXML2_DIR-NOTFOUND
[0.845s] -- Using RMW implementation 'rmw_fastrtps_cpp' as default
[0.852s] -- Looking for C++ include pthread.h
[0.939s] -- Looking for C++ include pthread.h - found
[0.939s] -- Performing Test CMAKE_HAVE_LIBC_PTHREAD
[1.027s] -- Performing Test CMAKE_HAVE_LIBC_PTHREAD - Success
[1.028s] -- Found Threads: TRUE  
[1.073s] -- Found generate_parameter_library: 0.4.0 (/opt/ros/humble/share/generate_parameter_library/cmake)
[1.074s] -- Found parameter_traits: 0.4.0 (/opt/ros/humble/share/parameter_traits/cmake)
[1.091s] -- Found realtime_tools: 2.13.0 (/opt/ros/humble/share/realtime_tools/cmake)
[1.104s] -- Found std_srvs: 4.8.0 (/opt/ros/humble/share/std_srvs/cmake)
[1.111s] -- Found steering_controllers_library: 2.45.0 (/home/farah/ws_farah/install/steering_controllers_library/share/steering_controllers_library/cmake)
[1.170s] -- Found eigen3_cmake_module: 0.1.1 (/opt/ros/humble/share/eigen3_cmake_module/cmake)
[1.171s] -- Found Eigen3: TRUE (found version "3.4.0") 
[1.171s] -- Ensuring Eigen3 include directory is part of orocos-kdl CMake target
[1.216s] -- Found ament_cmake_gmock: 1.3.11 (/opt/ros/humble/share/ament_cmake_gmock/cmake)
[1.217s] -- Found controller_manager: 2.50.0 (/opt/ros/humble/share/controller_manager/cmake)
[1.239s] -- Found ros2_control_test_assets: 2.50.0 (/home/farah/ws_farah/install/ros2_control_test_assets/share/ros2_control_test_assets/cmake)
[1.241s] -- Found gmock sources under '/opt/ros/humble/src/gmock_vendor': C++ tests using 'Google Mock' will be built
[1.274s] -- The C compiler identification is GNU 11.4.0
[1.280s] -- Detecting C compiler ABI info
[1.353s] -- Detecting C compiler ABI info - done
[1.360s] -- Check for working C compiler: /usr/bin/cc - skipped
[1.360s] -- Detecting C compile features
[1.361s] -- Detecting C compile features - done
[1.364s] -- Found ament_cmake_gtest: 1.3.11 (/opt/ros/humble/share/ament_cmake_gtest/cmake)
[1.365s] -- Found gtest sources under '/opt/ros/humble/src/gtest_vendor': C++ tests using 'Google Test' will be built
[1.388s] -- Found gmock sources under '/opt/ros/humble/src/gmock_vendor': C++ tests using 'Google Mock' will be built
[1.388s] -- Found ament_cmake_gtest: 1.3.11 (/opt/ros/humble/share/ament_cmake_gtest/cmake)
[1.389s] -- Found gtest sources under '/opt/ros/humble/src/gtest_vendor': C++ tests using 'Google Test' will be built
[1.398s] -- Found gmock sources under '/opt/ros/humble/src/gmock_vendor': C++ tests using 'Google Mock' will be built
[1.398s] -- Found ament_cmake_gtest: 1.3.11 (/opt/ros/humble/share/ament_cmake_gtest/cmake)
[1.399s] -- Found gtest sources under '/opt/ros/humble/src/gtest_vendor': C++ tests using 'Google Test' will be built
[1.466s] -- Configuring done
[1.544s] -- Generating done
[1.557s] -- Build files have been written to: /home/farah/ws_farah/build/tricycle_steering_controller
[1.569s] Invoked command in '/home/farah/ws_farah/build/tricycle_steering_controller' returned '0': AMENT_PREFIX_PATH=/home/farah/ws_farah/install/steering_controllers_library:/home/farah/ws_farah/install/hardware_interface_testing:/home/farah/ws_farah/install/controller_interface:/home/farah/ws_farah/install/hardware_interface:/home/farah/ws_farah/install/ros2_control_test_assets:${AMENT_PREFIX_PATH} CMAKE_PREFIX_PATH=/home/farah/ws_farah/install/steering_controllers_library:/home/farah/ws_farah/install/hardware_interface_testing:/home/farah/ws_farah/install/controller_interface:/home/farah/ws_farah/install/hardware_interface:/home/farah/ws_farah/install/ros2_control_test_assets:/opt/ros/humble LD_LIBRARY_PATH=/home/farah/ws_farah/install/steering_controllers_library/lib:/home/farah/ws_farah/install/hardware_interface_testing/lib:/home/farah/ws_farah/install/controller_interface/lib:/home/farah/ws_farah/install/hardware_interface/lib:${LD_LIBRARY_PATH} /usr/bin/cmake /home/farah/ws_farah/src/ros2_controllers/tricycle_steering_controller -DCMAKE_INSTALL_PREFIX=/home/farah/ws_farah/install/tricycle_steering_controller
[1.569s] Invoking command in '/home/farah/ws_farah/build/tricycle_steering_controller': AMENT_PREFIX_PATH=/home/farah/ws_farah/install/steering_controllers_library:/home/farah/ws_farah/install/hardware_interface_testing:/home/farah/ws_farah/install/controller_interface:/home/farah/ws_farah/install/hardware_interface:/home/farah/ws_farah/install/ros2_control_test_assets:${AMENT_PREFIX_PATH} CMAKE_PREFIX_PATH=/home/farah/ws_farah/install/steering_controllers_library:/home/farah/ws_farah/install/hardware_interface_testing:/home/farah/ws_farah/install/controller_interface:/home/farah/ws_farah/install/hardware_interface:/home/farah/ws_farah/install/ros2_control_test_assets:/opt/ros/humble LD_LIBRARY_PATH=/home/farah/ws_farah/install/steering_controllers_library/lib:/home/farah/ws_farah/install/hardware_interface_testing/lib:/home/farah/ws_farah/install/controller_interface/lib:/home/farah/ws_farah/install/hardware_interface/lib:${LD_LIBRARY_PATH} /usr/bin/cmake --build /home/farah/ws_farah/build/tricycle_steering_controller -- -j8 -l8
[1.608s] [ 23%] [32mBuilding CXX object gmock/CMakeFiles/gmock.dir/src/gmock-all.cc.o[0m
[1.609s] [ 23%] [34m[1mRunning `/opt/ros/humble/bin/generate_parameter_library_cpp /home/farah/ws_farah/build/tricycle_steering_controller/include/tricycle_steering_controller/tricycle_steering_controller_parameters.hpp /home/farah/ws_farah/src/ros2_controllers/tricycle_steering_controller/src/tricycle_steering_controller.yaml `[0m
[1.609s] [ 23%] [32mBuilding CXX object gmock/CMakeFiles/gmock.dir/opt/ros/humble/src/gtest_vendor/src/gtest-all.cc.o[0m
[1.804s] [ 30%] [34m[1mCreating deprecated header file /home/farah/ws_farah/build/tricycle_steering_controller/include/tricycle_steering_controller_parameters.hpp[0m
[1.841s] [ 30%] Built target tricycle_steering_controller_parameters
[1.860s] [ 38%] [32mBuilding CXX object CMakeFiles/tricycle_steering_controller.dir/src/tricycle_steering_controller.cpp.o[0m
[4.446s] [ 46%] [32m[1mLinking CXX static library libgmock.a[0m
[4.501s] [ 46%] Built target gmock
[4.519s] [ 53%] [32mBuilding CXX object CMakeFiles/test_load_tricycle_steering_controller.dir/test/test_load_tricycle_steering_controller.cpp.o[0m
[5.194s] [ 61%] [32m[1mLinking CXX shared library libtricycle_steering_controller.so[0m
[5.713s] [ 61%] Built target tricycle_steering_controller
[5.732s] [ 76%] [32mBuilding CXX object CMakeFiles/test_tricycle_steering_controller_preceding.dir/test/test_tricycle_steering_controller_preceding.cpp.o[0m
[5.732s] [ 76%] [32mBuilding CXX object CMakeFiles/test_tricycle_steering_controller.dir/test/test_tricycle_steering_controller.cpp.o[0m
[9.386s] [ 84%] [32m[1mLinking CXX executable test_load_tricycle_steering_controller[0m
[9.901s] [ 84%] Built target test_load_tricycle_steering_controller
[11.627s] [ 92%] [32m[1mLinking CXX executable test_tricycle_steering_controller_preceding[0m
[12.321s] [ 92%] Built target test_tricycle_steering_controller_preceding
[15.782s] [100%] [32m[1mLinking CXX executable test_tricycle_steering_controller[0m
[16.672s] [100%] Built target test_tricycle_steering_controller
[16.681s] Invoked command in '/home/farah/ws_farah/build/tricycle_steering_controller' returned '0': AMENT_PREFIX_PATH=/home/farah/ws_farah/install/steering_controllers_library:/home/farah/ws_farah/install/hardware_interface_testing:/home/farah/ws_farah/install/controller_interface:/home/farah/ws_farah/install/hardware_interface:/home/farah/ws_farah/install/ros2_control_test_assets:${AMENT_PREFIX_PATH} CMAKE_PREFIX_PATH=/home/farah/ws_farah/install/steering_controllers_library:/home/farah/ws_farah/install/hardware_interface_testing:/home/farah/ws_farah/install/controller_interface:/home/farah/ws_farah/install/hardware_interface:/home/farah/ws_farah/install/ros2_control_test_assets:/opt/ros/humble LD_LIBRARY_PATH=/home/farah/ws_farah/install/steering_controllers_library/lib:/home/farah/ws_farah/install/hardware_interface_testing/lib:/home/farah/ws_farah/install/controller_interface/lib:/home/farah/ws_farah/install/hardware_interface/lib:${LD_LIBRARY_PATH} /usr/bin/cmake --build /home/farah/ws_farah/build/tricycle_steering_controller -- -j8 -l8
[16.682s] Invoking command in '/home/farah/ws_farah/build/tricycle_steering_controller': AMENT_PREFIX_PATH=/home/farah/ws_farah/install/steering_controllers_library:/home/farah/ws_farah/install/hardware_interface_testing:/home/farah/ws_farah/install/controller_interface:/home/farah/ws_farah/install/hardware_interface:/home/farah/ws_farah/install/ros2_control_test_assets:${AMENT_PREFIX_PATH} CMAKE_PREFIX_PATH=/home/farah/ws_farah/install/steering_controllers_library:/home/farah/ws_farah/install/hardware_interface_testing:/home/farah/ws_farah/install/controller_interface:/home/farah/ws_farah/install/hardware_interface:/home/farah/ws_farah/install/ros2_control_test_assets:/opt/ros/humble LD_LIBRARY_PATH=/home/farah/ws_farah/install/steering_controllers_library/lib:/home/farah/ws_farah/install/hardware_interface_testing/lib:/home/farah/ws_farah/install/controller_interface/lib:/home/farah/ws_farah/install/hardware_interface/lib:${LD_LIBRARY_PATH} /usr/bin/cmake --install /home/farah/ws_farah/build/tricycle_steering_controller
[16.689s] -- Install configuration: ""
[16.689s] -- Installing: /home/farah/ws_farah/install/tricycle_steering_controller/include/tricycle_steering_controller
[16.689s] -- Installing: /home/farah/ws_farah/install/tricycle_steering_controller/include/tricycle_steering_controller/tricycle_steering_controller_parameters.hpp
[16.689s] -- Installing: /home/farah/ws_farah/install/tricycle_steering_controller/share/tricycle_steering_controller/tricycle_steering_controller.xml
[16.689s] -- Up-to-date: /home/farah/ws_farah/install/tricycle_steering_controller/include/tricycle_steering_controller
[16.689s] -- Installing: /home/farah/ws_farah/install/tricycle_steering_controller/include/tricycle_steering_controller/tricycle_steering_controller
[16.689s] -- Installing: /home/farah/ws_farah/install/tricycle_steering_controller/include/tricycle_steering_controller/tricycle_steering_controller/tricycle_steering_controller.hpp
[16.689s] -- Installing: /home/farah/ws_farah/install/tricycle_steering_controller/include/tricycle_steering_controller/tricycle_steering_controller/visibility_control.h
[16.689s] -- Installing: /home/farah/ws_farah/install/tricycle_steering_controller/lib/libtricycle_steering_controller.so
[16.690s] -- Set runtime path of "/home/farah/ws_farah/install/tricycle_steering_controller/lib/libtricycle_steering_controller.so" to ""
[16.690s] -- Installing: /home/farah/ws_farah/install/tricycle_steering_controller/share/tricycle_steering_controller/environment/library_path.sh
[16.690s] -- Installing: /home/farah/ws_farah/install/tricycle_steering_controller/share/tricycle_steering_controller/environment/library_path.dsv
[16.690s] -- Installing: /home/farah/ws_farah/install/tricycle_steering_controller/share/ament_index/resource_index/package_run_dependencies/tricycle_steering_controller
[16.690s] -- Installing: /home/farah/ws_farah/install/tricycle_steering_controller/share/ament_index/resource_index/parent_prefix_path/tricycle_steering_controller
[16.690s] -- Installing: /home/farah/ws_farah/install/tricycle_steering_controller/share/tricycle_steering_controller/environment/ament_prefix_path.sh
[16.691s] -- Installing: /home/farah/ws_farah/install/tricycle_steering_controller/share/tricycle_steering_controller/environment/ament_prefix_path.dsv
[16.691s] -- Installing: /home/farah/ws_farah/install/tricycle_steering_controller/share/tricycle_steering_controller/environment/path.sh
[16.691s] -- Installing: /home/farah/ws_farah/install/tricycle_steering_controller/share/tricycle_steering_controller/environment/path.dsv
[16.691s] -- Installing: /home/farah/ws_farah/install/tricycle_steering_controller/share/tricycle_steering_controller/local_setup.bash
[16.691s] -- Installing: /home/farah/ws_farah/install/tricycle_steering_controller/share/tricycle_steering_controller/local_setup.sh
[16.691s] -- Installing: /home/farah/ws_farah/install/tricycle_steering_controller/share/tricycle_steering_controller/local_setup.zsh
[16.691s] -- Installing: /home/farah/ws_farah/install/tricycle_steering_controller/share/tricycle_steering_controller/local_setup.dsv
[16.691s] -- Installing: /home/farah/ws_farah/install/tricycle_steering_controller/share/tricycle_steering_controller/package.dsv
[16.691s] -- Installing: /home/farah/ws_farah/install/tricycle_steering_controller/share/ament_index/resource_index/packages/tricycle_steering_controller
[16.691s] -- Installing: /home/farah/ws_farah/install/tricycle_steering_controller/share/ament_index/resource_index/controller_interface__pluginlib__plugin/tricycle_steering_controller
[16.691s] -- Installing: /home/farah/ws_farah/install/tricycle_steering_controller/share/tricycle_steering_controller/cmake/export_tricycle_steering_controllerExport.cmake
[16.692s] -- Installing: /home/farah/ws_farah/install/tricycle_steering_controller/share/tricycle_steering_controller/cmake/export_tricycle_steering_controllerExport-noconfig.cmake
[16.692s] -- Installing: /home/farah/ws_farah/install/tricycle_steering_controller/share/tricycle_steering_controller/cmake/ament_cmake_export_dependencies-extras.cmake
[16.692s] -- Installing: /home/farah/ws_farah/install/tricycle_steering_controller/share/tricycle_steering_controller/cmake/ament_cmake_export_targets-extras.cmake
[16.692s] -- Installing: /home/farah/ws_farah/install/tricycle_steering_controller/share/tricycle_steering_controller/cmake/tricycle_steering_controllerConfig.cmake
[16.692s] -- Installing: /home/farah/ws_farah/install/tricycle_steering_controller/share/tricycle_steering_controller/cmake/tricycle_steering_controllerConfig-version.cmake
[16.692s] -- Installing: /home/farah/ws_farah/install/tricycle_steering_controller/share/tricycle_steering_controller/package.xml
[16.694s] Invoked command in '/home/farah/ws_farah/build/tricycle_steering_controller' returned '0': AMENT_PREFIX_PATH=/home/farah/ws_farah/install/steering_controllers_library:/home/farah/ws_farah/install/hardware_interface_testing:/home/farah/ws_farah/install/controller_interface:/home/farah/ws_farah/install/hardware_interface:/home/farah/ws_farah/install/ros2_control_test_assets:${AMENT_PREFIX_PATH} CMAKE_PREFIX_PATH=/home/farah/ws_farah/install/steering_controllers_library:/home/farah/ws_farah/install/hardware_interface_testing:/home/farah/ws_farah/install/controller_interface:/home/farah/ws_farah/install/hardware_interface:/home/farah/ws_farah/install/ros2_control_test_assets:/opt/ros/humble LD_LIBRARY_PATH=/home/farah/ws_farah/install/steering_controllers_library/lib:/home/farah/ws_farah/install/hardware_interface_testing/lib:/home/farah/ws_farah/install/controller_interface/lib:/home/farah/ws_farah/install/hardware_interface/lib:${LD_LIBRARY_PATH} /usr/bin/cmake --install /home/farah/ws_farah/build/tricycle_steering_controller
