-- The CXX compiler identification is GNU 11.4.0
-- Detecting CXX compiler ABI info
-- Detecting CXX compiler ABI info - done
-- Check for working CXX compiler: /usr/bin/c++ - skipped
-- Detecting CXX compile features
-- Detecting CXX compile features - done
-- Found ament_cmake: 1.3.11 (/opt/ros/humble/share/ament_cmake/cmake)
-- Found Python3: /usr/bin/python3 (found version "3.10.12") found components: Interpreter 
-- Found hardware_interface: 2.50.0 (/home/farah/ws_farah/install/hardware_interface/share/hardware_interface/cmake)
-- Found rosidl_generator_c: 3.1.6 (/opt/ros/humble/share/rosidl_generator_c/cmake)
-- Found rosidl_adapter: 3.1.6 (/opt/ros/humble/share/rosidl_adapter/cmake)
-- Found rosidl_generator_cpp: 3.1.6 (/opt/ros/humble/share/rosidl_generator_cpp/cmake)
-- Using all available rosidl_typesupport_c: rosidl_typesupport_fastrtps_c;rosidl_typesupport_introspection_c
-- Using all available rosidl_typesupport_cpp: rosidl_typesupport_fastrtps_cpp;rosidl_typesupport_introspection_cpp
-- Found rmw_implementation_cmake: 6.1.2 (/opt/ros/humble/share/rmw_implementation_cmake/cmake)
-- Found rmw_fastrtps_cpp: 6.2.7 (/opt/ros/humble/share/rmw_fastrtps_cpp/cmake)
-- Found TinyXML2 via Config file: TinyXML2_DIR-NOTFOUND
-- Found OpenSSL: /usr/lib/x86_64-linux-gnu/libcrypto.so (found version "3.0.2")  
-- Found TinyXML2 via Config file: TinyXML2_DIR-NOTFOUND
-- Found FastRTPS: /opt/ros/humble/include  
-- Found TinyXML2 via Config file: TinyXML2_DIR-NOTFOUND
-- Found TinyXML2 via Config file: TinyXML2_DIR-NOTFOUND
-- Using RMW implementation 'rmw_fastrtps_cpp' as default
-- Looking for C++ include pthread.h
-- Looking for C++ include pthread.h - found
-- Performing Test CMAKE_HAVE_LIBC_PTHREAD
-- Performing Test CMAKE_HAVE_LIBC_PTHREAD - Success
-- Found Threads: TRUE  
-- Found generate_parameter_library: 0.4.0 (/opt/ros/humble/share/generate_parameter_library/cmake)
-- Found parameter_traits: 0.4.0 (/opt/ros/humble/share/parameter_traits/cmake)
-- Found controller_interface: 2.50.0 (/home/farah/ws_farah/install/controller_interface/share/controller_interface/cmake)
-- Found realtime_tools: 2.13.0 (/opt/ros/humble/share/realtime_tools/cmake)
-- Found ament_cmake_pytest: 1.3.11 (/opt/ros/humble/share/ament_cmake_pytest/cmake)
-- Configuring done
-- Generating done
-- Build files have been written to: /home/farah/ws_farah/build/ros2_control_demo_example_12
[ 33%] [34m[1mRunning `/opt/ros/humble/bin/generate_parameter_library_cpp /home/farah/ws_farah/build/ros2_control_demo_example_12/include/ros2_control_demo_example_12/passthrough_controller_parameters.hpp /home/farah/ws_farah/src/ros2_control_demos/example_12/controllers/src/passthrough_controller_parameters.yaml `[0m
[ 33%] [32mBuilding CXX object CMakeFiles/ros2_control_demo_example_12.dir/hardware/rrbot.cpp.o[0m
[ 50%] [34m[1mCreating deprecated header file /home/farah/ws_farah/build/ros2_control_demo_example_12/include/passthrough_controller_parameters.hpp[0m
[ 50%] Built target passthrough_controller_parameters
[ 66%] [32mBuilding CXX object CMakeFiles/passthrough_controller.dir/controllers/src/passthrough_controller.cpp.o[0m
[ 83%] [32m[1mLinking CXX shared library libros2_control_demo_example_12.so[0m
[ 83%] Built target ros2_control_demo_example_12
[100%] [32m[1mLinking CXX shared library libpassthrough_controller.so[0m
[100%] Built target passthrough_controller
-- Install configuration: ""
-- Installing: /home/farah/ws_farah/install/ros2_control_demo_example_12/share/ros2_control_demo_example_12/ros2_control_demo_example_12.xml
-- Installing: /home/farah/ws_farah/install/ros2_control_demo_example_12/include/ros2_control_demo_example_12
-- Installing: /home/farah/ws_farah/install/ros2_control_demo_example_12/include/ros2_control_demo_example_12/passthrough_controller_parameters.hpp
-- Installing: /home/farah/ws_farah/install/ros2_control_demo_example_12/share/ros2_control_demo_example_12/passthrough_controller.xml
-- Up-to-date: /home/farah/ws_farah/install/ros2_control_demo_example_12/include/ros2_control_demo_example_12
-- Installing: /home/farah/ws_farah/install/ros2_control_demo_example_12/include/ros2_control_demo_example_12/ros2_control_demo_example_12
-- Installing: /home/farah/ws_farah/install/ros2_control_demo_example_12/include/ros2_control_demo_example_12/ros2_control_demo_example_12/rrbot.hpp
-- Installing: /home/farah/ws_farah/install/ros2_control_demo_example_12/share/ros2_control_demo_example_12/launch
-- Installing: /home/farah/ws_farah/install/ros2_control_demo_example_12/share/ros2_control_demo_example_12/launch/view_robot.launch.py
-- Installing: /home/farah/ws_farah/install/ros2_control_demo_example_12/share/ros2_control_demo_example_12/ros2_control
-- Installing: /home/farah/ws_farah/install/ros2_control_demo_example_12/share/ros2_control_demo_example_12/ros2_control/rrbot.ros2_control.xacro
-- Installing: /home/farah/ws_farah/install/ros2_control_demo_example_12/share/ros2_control_demo_example_12/urdf
-- Installing: /home/farah/ws_farah/install/ros2_control_demo_example_12/share/ros2_control_demo_example_12/urdf/rrbot.urdf.xacro
-- Up-to-date: /home/farah/ws_farah/install/ros2_control_demo_example_12/share/ros2_control_demo_example_12/launch
-- Installing: /home/farah/ws_farah/install/ros2_control_demo_example_12/share/ros2_control_demo_example_12/launch/rrbot.launch.py
-- Installing: /home/farah/ws_farah/install/ros2_control_demo_example_12/share/ros2_control_demo_example_12/launch/launch_chained_controllers.launch.py
-- Installing: /home/farah/ws_farah/install/ros2_control_demo_example_12/share/ros2_control_demo_example_12/config
-- Installing: /home/farah/ws_farah/install/ros2_control_demo_example_12/share/ros2_control_demo_example_12/config/rrbot_chained_controllers.yaml
-- Installing: /home/farah/ws_farah/install/ros2_control_demo_example_12/lib/libros2_control_demo_example_12.so
-- Set runtime path of "/home/farah/ws_farah/install/ros2_control_demo_example_12/lib/libros2_control_demo_example_12.so" to ""
-- Installing: /home/farah/ws_farah/install/ros2_control_demo_example_12/include/passthrough_controller
-- Installing: /home/farah/ws_farah/install/ros2_control_demo_example_12/include/passthrough_controller/passthrough_controller
-- Installing: /home/farah/ws_farah/install/ros2_control_demo_example_12/include/passthrough_controller/passthrough_controller/passthrough_controller.hpp
-- Installing: /home/farah/ws_farah/install/ros2_control_demo_example_12/lib/libpassthrough_controller.so
-- Set runtime path of "/home/farah/ws_farah/install/ros2_control_demo_example_12/lib/libpassthrough_controller.so" to ""
-- Installing: /home/farah/ws_farah/install/ros2_control_demo_example_12/share/ros2_control_demo_example_12/environment/library_path.sh
-- Installing: /home/farah/ws_farah/install/ros2_control_demo_example_12/share/ros2_control_demo_example_12/environment/library_path.dsv
-- Installing: /home/farah/ws_farah/install/ros2_control_demo_example_12/share/ament_index/resource_index/package_run_dependencies/ros2_control_demo_example_12
-- Installing: /home/farah/ws_farah/install/ros2_control_demo_example_12/share/ament_index/resource_index/parent_prefix_path/ros2_control_demo_example_12
-- Installing: /home/farah/ws_farah/install/ros2_control_demo_example_12/share/ros2_control_demo_example_12/environment/ament_prefix_path.sh
-- Installing: /home/farah/ws_farah/install/ros2_control_demo_example_12/share/ros2_control_demo_example_12/environment/ament_prefix_path.dsv
-- Installing: /home/farah/ws_farah/install/ros2_control_demo_example_12/share/ros2_control_demo_example_12/environment/path.sh
-- Installing: /home/farah/ws_farah/install/ros2_control_demo_example_12/share/ros2_control_demo_example_12/environment/path.dsv
-- Installing: /home/farah/ws_farah/install/ros2_control_demo_example_12/share/ros2_control_demo_example_12/local_setup.bash
-- Installing: /home/farah/ws_farah/install/ros2_control_demo_example_12/share/ros2_control_demo_example_12/local_setup.sh
-- Installing: /home/farah/ws_farah/install/ros2_control_demo_example_12/share/ros2_control_demo_example_12/local_setup.zsh
-- Installing: /home/farah/ws_farah/install/ros2_control_demo_example_12/share/ros2_control_demo_example_12/local_setup.dsv
-- Installing: /home/farah/ws_farah/install/ros2_control_demo_example_12/share/ros2_control_demo_example_12/package.dsv
-- Installing: /home/farah/ws_farah/install/ros2_control_demo_example_12/share/ament_index/resource_index/packages/ros2_control_demo_example_12
-- Installing: /home/farah/ws_farah/install/ros2_control_demo_example_12/share/ament_index/resource_index/hardware_interface__pluginlib__plugin/ros2_control_demo_example_12
-- Installing: /home/farah/ws_farah/install/ros2_control_demo_example_12/share/ament_index/resource_index/controller_interface__pluginlib__plugin/ros2_control_demo_example_12
-- Installing: /home/farah/ws_farah/install/ros2_control_demo_example_12/share/ros2_control_demo_example_12/cmake/export_passthrough_controllerExport.cmake
-- Installing: /home/farah/ws_farah/install/ros2_control_demo_example_12/share/ros2_control_demo_example_12/cmake/export_passthrough_controllerExport-noconfig.cmake
-- Installing: /home/farah/ws_farah/install/ros2_control_demo_example_12/share/ros2_control_demo_example_12/cmake/export_ros2_control_demo_example_12Export.cmake
-- Installing: /home/farah/ws_farah/install/ros2_control_demo_example_12/share/ros2_control_demo_example_12/cmake/export_ros2_control_demo_example_12Export-noconfig.cmake
-- Installing: /home/farah/ws_farah/install/ros2_control_demo_example_12/share/ros2_control_demo_example_12/cmake/ament_cmake_export_dependencies-extras.cmake
-- Installing: /home/farah/ws_farah/install/ros2_control_demo_example_12/share/ros2_control_demo_example_12/cmake/ament_cmake_export_targets-extras.cmake
-- Installing: /home/farah/ws_farah/install/ros2_control_demo_example_12/share/ros2_control_demo_example_12/cmake/ros2_control_demo_example_12Config.cmake
-- Installing: /home/farah/ws_farah/install/ros2_control_demo_example_12/share/ros2_control_demo_example_12/cmake/ros2_control_demo_example_12Config-version.cmake
-- Installing: /home/farah/ws_farah/install/ros2_control_demo_example_12/share/ros2_control_demo_example_12/package.xml
