[0.011s] Invoking command in '/home/farah/ws_farah/build/effort_controllers': AMENT_PREFIX_PATH=/home/farah/ws_farah/install/forward_command_controller:/home/farah/ws_farah/install/hardware_interface_testing:/home/farah/ws_farah/install/controller_interface:/home/farah/ws_farah/install/hardware_interface:/home/farah/ws_farah/install/ros2_control_test_assets:${AMENT_PREFIX_PATH} CMAKE_PREFIX_PATH=/home/farah/ws_farah/install/forward_command_controller:/home/farah/ws_farah/install/hardware_interface_testing:/home/farah/ws_farah/install/controller_interface:/home/farah/ws_farah/install/hardware_interface:/home/farah/ws_farah/install/ros2_control_test_assets:/opt/ros/humble LD_LIBRARY_PATH=/home/farah/ws_farah/install/forward_command_controller/lib:/home/farah/ws_farah/install/hardware_interface_testing/lib:/home/farah/ws_farah/install/controller_interface/lib:/home/farah/ws_farah/install/hardware_interface/lib:${LD_LIBRARY_PATH} /usr/bin/cmake /home/farah/ws_farah/src/ros2_controllers/effort_controllers -DCMAKE_INSTALL_PREFIX=/home/farah/ws_farah/install/effort_controllers
[0.062s] -- The CXX compiler identification is GNU 11.4.0
[0.068s] -- Detecting CXX compiler ABI info
[0.133s] -- Detecting CXX compiler ABI info - done
[0.142s] -- Check for working CXX compiler: /usr/bin/c++ - skipped
[0.142s] -- Detecting CXX compile features
[0.143s] -- Detecting CXX compile features - done
[0.145s] -- Found ament_cmake: 1.3.11 (/opt/ros/humble/share/ament_cmake/cmake)
[0.452s] -- Found Python3: /usr/bin/python3 (found version "3.10.12") found components: Interpreter 
[0.559s] -- Found forward_command_controller: 2.45.0 (/home/farah/ws_farah/install/forward_command_controller/share/forward_command_controller/cmake)
[0.604s] -- Found rosidl_generator_c: 3.1.6 (/opt/ros/humble/share/rosidl_generator_c/cmake)
[0.609s] -- Found rosidl_adapter: 3.1.6 (/opt/ros/humble/share/rosidl_adapter/cmake)
[0.616s] -- Found rosidl_generator_cpp: 3.1.6 (/opt/ros/humble/share/rosidl_generator_cpp/cmake)
[0.627s] -- Using all available rosidl_typesupport_c: rosidl_typesupport_fastrtps_c;rosidl_typesupport_introspection_c
[0.641s] -- Using all available rosidl_typesupport_cpp: rosidl_typesupport_fastrtps_cpp;rosidl_typesupport_introspection_cpp
[0.682s] -- Found rmw_implementation_cmake: 6.1.2 (/opt/ros/humble/share/rmw_implementation_cmake/cmake)
[0.684s] -- Found rmw_fastrtps_cpp: 6.2.7 (/opt/ros/humble/share/rmw_fastrtps_cpp/cmake)
[0.750s] -- Found OpenSSL: /usr/lib/x86_64-linux-gnu/libcrypto.so (found version "3.0.2")  
[0.775s] -- Found FastRTPS: /opt/ros/humble/include  
[0.811s] -- Using RMW implementation 'rmw_fastrtps_cpp' as default
[0.820s] -- Looking for C++ include pthread.h
[0.911s] -- Looking for C++ include pthread.h - found
[0.911s] -- Performing Test CMAKE_HAVE_LIBC_PTHREAD
[1.013s] -- Performing Test CMAKE_HAVE_LIBC_PTHREAD - Success
[1.014s] -- Found Threads: TRUE  
[1.245s] -- Found ament_cmake_gmock: 1.3.11 (/opt/ros/humble/share/ament_cmake_gmock/cmake)
[1.247s] -- Found controller_manager: 2.50.0 (/opt/ros/humble/share/controller_manager/cmake)
[1.268s] -- Found ros2_control_test_assets: 2.50.0 (/home/farah/ws_farah/install/ros2_control_test_assets/share/ros2_control_test_assets/cmake)
[1.270s] -- Found gmock sources under '/opt/ros/humble/src/gmock_vendor': C++ tests using 'Google Mock' will be built
[1.302s] -- The C compiler identification is GNU 11.4.0
[1.307s] -- Detecting C compiler ABI info
[1.385s] -- Detecting C compiler ABI info - done
[1.394s] -- Check for working C compiler: /usr/bin/cc - skipped
[1.395s] -- Detecting C compile features
[1.395s] -- Detecting C compile features - done
[1.399s] -- Found ament_cmake_gtest: 1.3.11 (/opt/ros/humble/share/ament_cmake_gtest/cmake)
[1.400s] -- Found gtest sources under '/opt/ros/humble/src/gtest_vendor': C++ tests using 'Google Test' will be built
[1.473s] -- Configuring done
[1.539s] -- Generating done
[1.554s] -- Build files have been written to: /home/farah/ws_farah/build/effort_controllers
[1.566s] Invoked command in '/home/farah/ws_farah/build/effort_controllers' returned '0': AMENT_PREFIX_PATH=/home/farah/ws_farah/install/forward_command_controller:/home/farah/ws_farah/install/hardware_interface_testing:/home/farah/ws_farah/install/controller_interface:/home/farah/ws_farah/install/hardware_interface:/home/farah/ws_farah/install/ros2_control_test_assets:${AMENT_PREFIX_PATH} CMAKE_PREFIX_PATH=/home/farah/ws_farah/install/forward_command_controller:/home/farah/ws_farah/install/hardware_interface_testing:/home/farah/ws_farah/install/controller_interface:/home/farah/ws_farah/install/hardware_interface:/home/farah/ws_farah/install/ros2_control_test_assets:/opt/ros/humble LD_LIBRARY_PATH=/home/farah/ws_farah/install/forward_command_controller/lib:/home/farah/ws_farah/install/hardware_interface_testing/lib:/home/farah/ws_farah/install/controller_interface/lib:/home/farah/ws_farah/install/hardware_interface/lib:${LD_LIBRARY_PATH} /usr/bin/cmake /home/farah/ws_farah/src/ros2_controllers/effort_controllers -DCMAKE_INSTALL_PREFIX=/home/farah/ws_farah/install/effort_controllers
[1.567s] Invoking command in '/home/farah/ws_farah/build/effort_controllers': AMENT_PREFIX_PATH=/home/farah/ws_farah/install/forward_command_controller:/home/farah/ws_farah/install/hardware_interface_testing:/home/farah/ws_farah/install/controller_interface:/home/farah/ws_farah/install/hardware_interface:/home/farah/ws_farah/install/ros2_control_test_assets:${AMENT_PREFIX_PATH} CMAKE_PREFIX_PATH=/home/farah/ws_farah/install/forward_command_controller:/home/farah/ws_farah/install/hardware_interface_testing:/home/farah/ws_farah/install/controller_interface:/home/farah/ws_farah/install/hardware_interface:/home/farah/ws_farah/install/ros2_control_test_assets:/opt/ros/humble LD_LIBRARY_PATH=/home/farah/ws_farah/install/forward_command_controller/lib:/home/farah/ws_farah/install/hardware_interface_testing/lib:/home/farah/ws_farah/install/controller_interface/lib:/home/farah/ws_farah/install/hardware_interface/lib:${LD_LIBRARY_PATH} /usr/bin/cmake --build /home/farah/ws_farah/build/effort_controllers -- -j8 -l8
[1.607s] [ 36%] [32mBuilding CXX object CMakeFiles/effort_controllers.dir/src/joint_group_effort_controller.cpp.o[0m
[1.608s] [ 36%] [32mBuilding CXX object gmock/CMakeFiles/gmock_main.dir/src/gmock_main.cc.o[0m
[1.608s] [ 36%] [32mBuilding CXX object gmock/CMakeFiles/gmock.dir/src/gmock-all.cc.o[0m
[1.608s] [ 36%] [32mBuilding CXX object gmock/CMakeFiles/gmock.dir/opt/ros/humble/src/gtest_vendor/src/gtest-all.cc.o[0m
[3.073s] [ 45%] [32m[1mLinking CXX static library libgmock_main.a[0m
[3.107s] [ 45%] Built target gmock_main
[4.870s] [ 54%] [32m[1mLinking CXX shared library libeffort_controllers.so[0m
[4.992s] [ 63%] [32m[1mLinking CXX static library libgmock.a[0m
[5.060s] [ 63%] Built target gmock
[5.206s] [ 63%] Built target effort_controllers
[5.222s] [ 81%] [32mBuilding CXX object CMakeFiles/test_joint_group_effort_controller.dir/test/test_joint_group_effort_controller.cpp.o[0m
[5.222s] [ 81%] [32mBuilding CXX object CMakeFiles/test_load_joint_group_effort_controller.dir/test/test_load_joint_group_effort_controller.cpp.o[0m
[9.969s] [ 90%] [32m[1mLinking CXX executable test_load_joint_group_effort_controller[0m
[10.597s] [ 90%] Built target test_load_joint_group_effort_controller
[10.741s] [100%] [32m[1mLinking CXX executable test_joint_group_effort_controller[0m
[11.172s] [100%] Built target test_joint_group_effort_controller
[11.180s] Invoked command in '/home/farah/ws_farah/build/effort_controllers' returned '0': AMENT_PREFIX_PATH=/home/farah/ws_farah/install/forward_command_controller:/home/farah/ws_farah/install/hardware_interface_testing:/home/farah/ws_farah/install/controller_interface:/home/farah/ws_farah/install/hardware_interface:/home/farah/ws_farah/install/ros2_control_test_assets:${AMENT_PREFIX_PATH} CMAKE_PREFIX_PATH=/home/farah/ws_farah/install/forward_command_controller:/home/farah/ws_farah/install/hardware_interface_testing:/home/farah/ws_farah/install/controller_interface:/home/farah/ws_farah/install/hardware_interface:/home/farah/ws_farah/install/ros2_control_test_assets:/opt/ros/humble LD_LIBRARY_PATH=/home/farah/ws_farah/install/forward_command_controller/lib:/home/farah/ws_farah/install/hardware_interface_testing/lib:/home/farah/ws_farah/install/controller_interface/lib:/home/farah/ws_farah/install/hardware_interface/lib:${LD_LIBRARY_PATH} /usr/bin/cmake --build /home/farah/ws_farah/build/effort_controllers -- -j8 -l8
[11.182s] Invoking command in '/home/farah/ws_farah/build/effort_controllers': AMENT_PREFIX_PATH=/home/farah/ws_farah/install/forward_command_controller:/home/farah/ws_farah/install/hardware_interface_testing:/home/farah/ws_farah/install/controller_interface:/home/farah/ws_farah/install/hardware_interface:/home/farah/ws_farah/install/ros2_control_test_assets:${AMENT_PREFIX_PATH} CMAKE_PREFIX_PATH=/home/farah/ws_farah/install/forward_command_controller:/home/farah/ws_farah/install/hardware_interface_testing:/home/farah/ws_farah/install/controller_interface:/home/farah/ws_farah/install/hardware_interface:/home/farah/ws_farah/install/ros2_control_test_assets:/opt/ros/humble LD_LIBRARY_PATH=/home/farah/ws_farah/install/forward_command_controller/lib:/home/farah/ws_farah/install/hardware_interface_testing/lib:/home/farah/ws_farah/install/controller_interface/lib:/home/farah/ws_farah/install/hardware_interface/lib:${LD_LIBRARY_PATH} /usr/bin/cmake --install /home/farah/ws_farah/build/effort_controllers
[11.187s] -- Install configuration: ""
[11.187s] -- Installing: /home/farah/ws_farah/install/effort_controllers/share/effort_controllers/effort_controllers_plugins.xml
[11.187s] -- Installing: /home/farah/ws_farah/install/effort_controllers/include/effort_controllers
[11.187s] -- Installing: /home/farah/ws_farah/install/effort_controllers/include/effort_controllers/effort_controllers
[11.188s] -- Installing: /home/farah/ws_farah/install/effort_controllers/include/effort_controllers/effort_controllers/joint_group_effort_controller.hpp
[11.188s] -- Installing: /home/farah/ws_farah/install/effort_controllers/include/effort_controllers/effort_controllers/visibility_control.h
[11.188s] -- Installing: /home/farah/ws_farah/install/effort_controllers/lib/libeffort_controllers.so
[11.188s] -- Set runtime path of "/home/farah/ws_farah/install/effort_controllers/lib/libeffort_controllers.so" to ""
[11.188s] -- Installing: /home/farah/ws_farah/install/effort_controllers/share/effort_controllers/environment/library_path.sh
[11.188s] -- Installing: /home/farah/ws_farah/install/effort_controllers/share/effort_controllers/environment/library_path.dsv
[11.188s] -- Installing: /home/farah/ws_farah/install/effort_controllers/share/ament_index/resource_index/package_run_dependencies/effort_controllers
[11.189s] -- Installing: /home/farah/ws_farah/install/effort_controllers/share/ament_index/resource_index/parent_prefix_path/effort_controllers
[11.189s] -- Installing: /home/farah/ws_farah/install/effort_controllers/share/effort_controllers/environment/ament_prefix_path.sh
[11.189s] -- Installing: /home/farah/ws_farah/install/effort_controllers/share/effort_controllers/environment/ament_prefix_path.dsv
[11.189s] -- Installing: /home/farah/ws_farah/install/effort_controllers/share/effort_controllers/environment/path.sh
[11.189s] -- Installing: /home/farah/ws_farah/install/effort_controllers/share/effort_controllers/environment/path.dsv
[11.189s] -- Installing: /home/farah/ws_farah/install/effort_controllers/share/effort_controllers/local_setup.bash
[11.189s] -- Installing: /home/farah/ws_farah/install/effort_controllers/share/effort_controllers/local_setup.sh
[11.189s] -- Installing: /home/farah/ws_farah/install/effort_controllers/share/effort_controllers/local_setup.zsh
[11.189s] -- Installing: /home/farah/ws_farah/install/effort_controllers/share/effort_controllers/local_setup.dsv
[11.189s] -- Installing: /home/farah/ws_farah/install/effort_controllers/share/effort_controllers/package.dsv
[11.190s] -- Installing: /home/farah/ws_farah/install/effort_controllers/share/ament_index/resource_index/packages/effort_controllers
[11.190s] -- Installing: /home/farah/ws_farah/install/effort_controllers/share/ament_index/resource_index/controller_interface__pluginlib__plugin/effort_controllers
[11.190s] -- Installing: /home/farah/ws_farah/install/effort_controllers/share/effort_controllers/cmake/export_effort_controllersExport.cmake
[11.190s] -- Installing: /home/farah/ws_farah/install/effort_controllers/share/effort_controllers/cmake/export_effort_controllersExport-noconfig.cmake
[11.190s] -- Installing: /home/farah/ws_farah/install/effort_controllers/share/effort_controllers/cmake/ament_cmake_export_targets-extras.cmake
[11.190s] -- Installing: /home/farah/ws_farah/install/effort_controllers/share/effort_controllers/cmake/ament_cmake_export_dependencies-extras.cmake
[11.190s] -- Installing: /home/farah/ws_farah/install/effort_controllers/share/effort_controllers/cmake/effort_controllersConfig.cmake
[11.190s] -- Installing: /home/farah/ws_farah/install/effort_controllers/share/effort_controllers/cmake/effort_controllersConfig-version.cmake
[11.190s] -- Installing: /home/farah/ws_farah/install/effort_controllers/share/effort_controllers/package.xml
[11.192s] Invoked command in '/home/farah/ws_farah/build/effort_controllers' returned '0': AMENT_PREFIX_PATH=/home/farah/ws_farah/install/forward_command_controller:/home/farah/ws_farah/install/hardware_interface_testing:/home/farah/ws_farah/install/controller_interface:/home/farah/ws_farah/install/hardware_interface:/home/farah/ws_farah/install/ros2_control_test_assets:${AMENT_PREFIX_PATH} CMAKE_PREFIX_PATH=/home/farah/ws_farah/install/forward_command_controller:/home/farah/ws_farah/install/hardware_interface_testing:/home/farah/ws_farah/install/controller_interface:/home/farah/ws_farah/install/hardware_interface:/home/farah/ws_farah/install/ros2_control_test_assets:/opt/ros/humble LD_LIBRARY_PATH=/home/farah/ws_farah/install/forward_command_controller/lib:/home/farah/ws_farah/install/hardware_interface_testing/lib:/home/farah/ws_farah/install/controller_interface/lib:/home/farah/ws_farah/install/hardware_interface/lib:${LD_LIBRARY_PATH} /usr/bin/cmake --install /home/farah/ws_farah/build/effort_controllers
