[0.009s] Invoking command in '/home/farah/ws_farah/build/admittance_controller': AMENT_PREFIX_PATH=/home/farah/ws_farah/install/hardware_interface_testing:/home/farah/ws_farah/install/controller_interface:/home/farah/ws_farah/install/hardware_interface:/home/farah/ws_farah/install/ros2_control_test_assets:${AMENT_PREFIX_PATH} CMAKE_PREFIX_PATH=/home/farah/ws_farah/install/hardware_interface_testing:/home/farah/ws_farah/install/controller_interface:/home/farah/ws_farah/install/hardware_interface:/home/farah/ws_farah/install/ros2_control_test_assets:/opt/ros/humble LD_LIBRARY_PATH=/home/farah/ws_farah/install/hardware_interface_testing/lib:/home/farah/ws_farah/install/controller_interface/lib:/home/farah/ws_farah/install/hardware_interface/lib:${LD_LIBRARY_PATH} /usr/bin/cmake /home/farah/ws_farah/src/ros2_controllers/admittance_controller -DCMAKE_INSTALL_PREFIX=/home/farah/ws_farah/install/admittance_controller
[0.061s] -- The CXX compiler identification is GNU 11.4.0
[0.067s] -- Detecting CXX compiler ABI info
[0.131s] -- Detecting CXX compiler ABI info - done
[0.137s] -- Check for working CXX compiler: /usr/bin/c++ - skipped
[0.137s] -- Detecting CXX compile features
[0.137s] -- Detecting CXX compile features - done
[0.140s] -- Found ament_cmake: 1.3.11 (/opt/ros/humble/share/ament_cmake/cmake)
[0.460s] -- Found Python3: /usr/bin/python3 (found version "3.10.12") found components: Interpreter 
[0.541s] -- Found angles: 1.15.0 (/opt/ros/humble/share/angles/cmake)
[0.543s] -- Found control_msgs: 4.8.0 (/opt/ros/humble/share/control_msgs/cmake)
[0.590s] -- Found rosidl_generator_c: 3.1.6 (/opt/ros/humble/share/rosidl_generator_c/cmake)
[0.595s] -- Found rosidl_adapter: 3.1.6 (/opt/ros/humble/share/rosidl_adapter/cmake)
[0.602s] -- Found rosidl_generator_cpp: 3.1.6 (/opt/ros/humble/share/rosidl_generator_cpp/cmake)
[0.613s] -- Using all available rosidl_typesupport_c: rosidl_typesupport_fastrtps_c;rosidl_typesupport_introspection_c
[0.627s] -- Using all available rosidl_typesupport_cpp: rosidl_typesupport_fastrtps_cpp;rosidl_typesupport_introspection_cpp
[0.742s] -- Found control_toolbox: 3.6.1 (/opt/ros/humble/share/control_toolbox/cmake)
[0.781s] -- Found rmw_implementation_cmake: 6.1.2 (/opt/ros/humble/share/rmw_implementation_cmake/cmake)
[0.784s] -- Found rmw_fastrtps_cpp: 6.2.7 (/opt/ros/humble/share/rmw_fastrtps_cpp/cmake)
[0.852s] -- Found OpenSSL: /usr/lib/x86_64-linux-gnu/libcrypto.so (found version "3.0.2")  
[0.875s] -- Found FastRTPS: /opt/ros/humble/include  
[0.912s] -- Using RMW implementation 'rmw_fastrtps_cpp' as default
[0.920s] -- Looking for C++ include pthread.h
[1.016s] -- Looking for C++ include pthread.h - found
[1.016s] -- Performing Test CMAKE_HAVE_LIBC_PTHREAD
[1.113s] -- Performing Test CMAKE_HAVE_LIBC_PTHREAD - Success
[1.115s] -- Found Threads: TRUE  
[1.231s] -- Found controller_interface: 2.50.0 (/home/farah/ws_farah/install/controller_interface/share/controller_interface/cmake)
[1.243s] -- Found kinematics_interface: 0.3.0 (/opt/ros/humble/share/kinematics_interface/cmake)
[1.247s] -- Found tf2: 0.25.12 (/opt/ros/humble/share/tf2/cmake)
[1.251s] -- Found tf2_eigen: 0.25.12 (/opt/ros/humble/share/tf2_eigen/cmake)
[1.301s] -- Found tf2_geometry_msgs: 0.25.12 (/opt/ros/humble/share/tf2_geometry_msgs/cmake)
[1.308s] -- Found eigen3_cmake_module: 0.1.1 (/opt/ros/humble/share/eigen3_cmake_module/cmake)
[1.309s] -- Found Eigen3: TRUE (found version "3.4.0") 
[1.309s] -- Ensuring Eigen3 include directory is part of orocos-kdl CMake target
[1.312s] -- Found tf2_kdl: 0.25.12 (/opt/ros/humble/share/tf2_kdl/cmake)
[1.334s] -- Found ament_cmake_gmock: 1.3.11 (/opt/ros/humble/share/ament_cmake_gmock/cmake)
[1.335s] -- Found controller_manager: 2.50.0 (/opt/ros/humble/share/controller_manager/cmake)
[1.356s] -- Found ros2_control_test_assets: 2.50.0 (/home/farah/ws_farah/install/ros2_control_test_assets/share/ros2_control_test_assets/cmake)
[1.358s] -- Found kinematics_interface_kdl: 0.3.0 (/opt/ros/humble/share/kinematics_interface_kdl/cmake)
[1.369s] -- Found gmock sources under '/opt/ros/humble/src/gmock_vendor': C++ tests using 'Google Mock' will be built
[1.404s] -- The C compiler identification is GNU 11.4.0
[1.409s] -- Detecting C compiler ABI info
[1.491s] -- Detecting C compiler ABI info - done
[1.500s] -- Check for working C compiler: /usr/bin/cc - skipped
[1.500s] -- Detecting C compile features
[1.501s] -- Detecting C compile features - done
[1.505s] -- Found ament_cmake_gtest: 1.3.11 (/opt/ros/humble/share/ament_cmake_gtest/cmake)
[1.505s] -- Found gtest sources under '/opt/ros/humble/src/gtest_vendor': C++ tests using 'Google Test' will be built
[1.531s] -- Found gmock sources under '/opt/ros/humble/src/gmock_vendor': C++ tests using 'Google Mock' will be built
[1.531s] -- Found ament_cmake_gtest: 1.3.11 (/opt/ros/humble/share/ament_cmake_gtest/cmake)
[1.531s] -- Found gtest sources under '/opt/ros/humble/src/gtest_vendor': C++ tests using 'Google Test' will be built
[1.604s] -- Configuring done
[1.647s] -- Generating done
[1.658s] -- Build files have been written to: /home/farah/ws_farah/build/admittance_controller
[1.672s] Invoked command in '/home/farah/ws_farah/build/admittance_controller' returned '0': AMENT_PREFIX_PATH=/home/farah/ws_farah/install/hardware_interface_testing:/home/farah/ws_farah/install/controller_interface:/home/farah/ws_farah/install/hardware_interface:/home/farah/ws_farah/install/ros2_control_test_assets:${AMENT_PREFIX_PATH} CMAKE_PREFIX_PATH=/home/farah/ws_farah/install/hardware_interface_testing:/home/farah/ws_farah/install/controller_interface:/home/farah/ws_farah/install/hardware_interface:/home/farah/ws_farah/install/ros2_control_test_assets:/opt/ros/humble LD_LIBRARY_PATH=/home/farah/ws_farah/install/hardware_interface_testing/lib:/home/farah/ws_farah/install/controller_interface/lib:/home/farah/ws_farah/install/hardware_interface/lib:${LD_LIBRARY_PATH} /usr/bin/cmake /home/farah/ws_farah/src/ros2_controllers/admittance_controller -DCMAKE_INSTALL_PREFIX=/home/farah/ws_farah/install/admittance_controller
[1.674s] Invoking command in '/home/farah/ws_farah/build/admittance_controller': AMENT_PREFIX_PATH=/home/farah/ws_farah/install/hardware_interface_testing:/home/farah/ws_farah/install/controller_interface:/home/farah/ws_farah/install/hardware_interface:/home/farah/ws_farah/install/ros2_control_test_assets:${AMENT_PREFIX_PATH} CMAKE_PREFIX_PATH=/home/farah/ws_farah/install/hardware_interface_testing:/home/farah/ws_farah/install/controller_interface:/home/farah/ws_farah/install/hardware_interface:/home/farah/ws_farah/install/ros2_control_test_assets:/opt/ros/humble LD_LIBRARY_PATH=/home/farah/ws_farah/install/hardware_interface_testing/lib:/home/farah/ws_farah/install/controller_interface/lib:/home/farah/ws_farah/install/hardware_interface/lib:${LD_LIBRARY_PATH} /usr/bin/cmake --build /home/farah/ws_farah/build/admittance_controller -- -j8 -l8
[1.715s] [ 18%] [34m[1mRunning `/opt/ros/humble/bin/generate_parameter_library_cpp /home/farah/ws_farah/build/admittance_controller/include/admittance_controller/admittance_controller_parameters.hpp /home/farah/ws_farah/src/ros2_controllers/admittance_controller/src/admittance_controller_parameters.yaml `[0m
[1.715s] [ 18%] [32mBuilding CXX object gmock/CMakeFiles/gmock.dir/src/gmock-all.cc.o[0m
[1.715s] [ 27%] [32mBuilding CXX object gmock/CMakeFiles/gmock.dir/opt/ros/humble/src/gtest_vendor/src/gtest-all.cc.o[0m
[2.364s] [ 36%] [34m[1mCreating deprecated header file /home/farah/ws_farah/build/admittance_controller/include/admittance_controller_parameters.hpp[0m
[2.404s] [ 36%] Built target admittance_controller_parameters
[2.424s] [ 45%] [32mBuilding CXX object CMakeFiles/admittance_controller.dir/src/admittance_controller.cpp.o[0m
[4.812s] [ 54%] [32m[1mLinking CXX static library libgmock.a[0m
[4.871s] [ 54%] Built target gmock
[4.890s] [ 63%] [32mBuilding CXX object CMakeFiles/test_load_admittance_controller.dir/test/test_load_admittance_controller.cpp.o[0m
[9.725s] [ 72%] [32m[1mLinking CXX executable test_load_admittance_controller[0m
[10.117s] [ 72%] Built target test_load_admittance_controller
[20.109s] [ 81%] [32m[1mLinking CXX shared library libadmittance_controller.so[0m
[21.077s] [ 81%] Built target admittance_controller
[21.094s] [ 90%] [32mBuilding CXX object CMakeFiles/test_admittance_controller.dir/test/test_admittance_controller.cpp.o[0m
[35.110s] [100%] [32m[1mLinking CXX executable test_admittance_controller[0m
[36.373s] [100%] Built target test_admittance_controller
[36.384s] Invoked command in '/home/farah/ws_farah/build/admittance_controller' returned '0': AMENT_PREFIX_PATH=/home/farah/ws_farah/install/hardware_interface_testing:/home/farah/ws_farah/install/controller_interface:/home/farah/ws_farah/install/hardware_interface:/home/farah/ws_farah/install/ros2_control_test_assets:${AMENT_PREFIX_PATH} CMAKE_PREFIX_PATH=/home/farah/ws_farah/install/hardware_interface_testing:/home/farah/ws_farah/install/controller_interface:/home/farah/ws_farah/install/hardware_interface:/home/farah/ws_farah/install/ros2_control_test_assets:/opt/ros/humble LD_LIBRARY_PATH=/home/farah/ws_farah/install/hardware_interface_testing/lib:/home/farah/ws_farah/install/controller_interface/lib:/home/farah/ws_farah/install/hardware_interface/lib:${LD_LIBRARY_PATH} /usr/bin/cmake --build /home/farah/ws_farah/build/admittance_controller -- -j8 -l8
[36.386s] Invoking command in '/home/farah/ws_farah/build/admittance_controller': AMENT_PREFIX_PATH=/home/farah/ws_farah/install/hardware_interface_testing:/home/farah/ws_farah/install/controller_interface:/home/farah/ws_farah/install/hardware_interface:/home/farah/ws_farah/install/ros2_control_test_assets:${AMENT_PREFIX_PATH} CMAKE_PREFIX_PATH=/home/farah/ws_farah/install/hardware_interface_testing:/home/farah/ws_farah/install/controller_interface:/home/farah/ws_farah/install/hardware_interface:/home/farah/ws_farah/install/ros2_control_test_assets:/opt/ros/humble LD_LIBRARY_PATH=/home/farah/ws_farah/install/hardware_interface_testing/lib:/home/farah/ws_farah/install/controller_interface/lib:/home/farah/ws_farah/install/hardware_interface/lib:${LD_LIBRARY_PATH} /usr/bin/cmake --install /home/farah/ws_farah/build/admittance_controller
[36.391s] -- Install configuration: ""
[36.391s] -- Installing: /home/farah/ws_farah/install/admittance_controller/include/admittance_controller
[36.391s] -- Installing: /home/farah/ws_farah/install/admittance_controller/include/admittance_controller/admittance_controller_parameters.hpp
[36.392s] -- Installing: /home/farah/ws_farah/install/admittance_controller/share/admittance_controller/admittance_controller.xml
[36.392s] -- Up-to-date: /home/farah/ws_farah/install/admittance_controller/include/admittance_controller
[36.392s] -- Installing: /home/farah/ws_farah/install/admittance_controller/include/admittance_controller/admittance_controller
[36.392s] -- Installing: /home/farah/ws_farah/install/admittance_controller/include/admittance_controller/admittance_controller/admittance_controller.hpp
[36.392s] -- Installing: /home/farah/ws_farah/install/admittance_controller/include/admittance_controller/admittance_controller/admittance_rule.hpp
[36.392s] -- Installing: /home/farah/ws_farah/install/admittance_controller/include/admittance_controller/admittance_controller/admittance_rule_impl.hpp
[36.392s] -- Installing: /home/farah/ws_farah/install/admittance_controller/include/admittance_controller/admittance_controller/visibility_control.h
[36.393s] -- Installing: /home/farah/ws_farah/install/admittance_controller/lib/libadmittance_controller.so
[36.406s] -- Set runtime path of "/home/farah/ws_farah/install/admittance_controller/lib/libadmittance_controller.so" to ""
[36.406s] -- Installing: /home/farah/ws_farah/install/admittance_controller/share/admittance_controller/environment/library_path.sh
[36.406s] -- Installing: /home/farah/ws_farah/install/admittance_controller/share/admittance_controller/environment/library_path.dsv
[36.406s] -- Installing: /home/farah/ws_farah/install/admittance_controller/share/ament_index/resource_index/package_run_dependencies/admittance_controller
[36.406s] -- Installing: /home/farah/ws_farah/install/admittance_controller/share/ament_index/resource_index/parent_prefix_path/admittance_controller
[36.406s] -- Installing: /home/farah/ws_farah/install/admittance_controller/share/admittance_controller/environment/ament_prefix_path.sh
[36.406s] -- Installing: /home/farah/ws_farah/install/admittance_controller/share/admittance_controller/environment/ament_prefix_path.dsv
[36.406s] -- Installing: /home/farah/ws_farah/install/admittance_controller/share/admittance_controller/environment/path.sh
[36.406s] -- Installing: /home/farah/ws_farah/install/admittance_controller/share/admittance_controller/environment/path.dsv
[36.407s] -- Installing: /home/farah/ws_farah/install/admittance_controller/share/admittance_controller/local_setup.bash
[36.407s] -- Installing: /home/farah/ws_farah/install/admittance_controller/share/admittance_controller/local_setup.sh
[36.407s] -- Installing: /home/farah/ws_farah/install/admittance_controller/share/admittance_controller/local_setup.zsh
[36.407s] -- Installing: /home/farah/ws_farah/install/admittance_controller/share/admittance_controller/local_setup.dsv
[36.407s] -- Installing: /home/farah/ws_farah/install/admittance_controller/share/admittance_controller/package.dsv
[36.407s] -- Installing: /home/farah/ws_farah/install/admittance_controller/share/ament_index/resource_index/packages/admittance_controller
[36.407s] -- Installing: /home/farah/ws_farah/install/admittance_controller/share/ament_index/resource_index/controller_interface__pluginlib__plugin/admittance_controller
[36.407s] -- Installing: /home/farah/ws_farah/install/admittance_controller/share/admittance_controller/cmake/export_admittance_controllerExport.cmake
[36.407s] -- Installing: /home/farah/ws_farah/install/admittance_controller/share/admittance_controller/cmake/export_admittance_controllerExport-noconfig.cmake
[36.407s] -- Installing: /home/farah/ws_farah/install/admittance_controller/share/admittance_controller/cmake/ament_cmake_export_dependencies-extras.cmake
[36.407s] -- Installing: /home/farah/ws_farah/install/admittance_controller/share/admittance_controller/cmake/ament_cmake_export_targets-extras.cmake
[36.407s] -- Installing: /home/farah/ws_farah/install/admittance_controller/share/admittance_controller/cmake/admittance_controllerConfig.cmake
[36.408s] -- Installing: /home/farah/ws_farah/install/admittance_controller/share/admittance_controller/cmake/admittance_controllerConfig-version.cmake
[36.408s] -- Installing: /home/farah/ws_farah/install/admittance_controller/share/admittance_controller/package.xml
[36.410s] Invoked command in '/home/farah/ws_farah/build/admittance_controller' returned '0': AMENT_PREFIX_PATH=/home/farah/ws_farah/install/hardware_interface_testing:/home/farah/ws_farah/install/controller_interface:/home/farah/ws_farah/install/hardware_interface:/home/farah/ws_farah/install/ros2_control_test_assets:${AMENT_PREFIX_PATH} CMAKE_PREFIX_PATH=/home/farah/ws_farah/install/hardware_interface_testing:/home/farah/ws_farah/install/controller_interface:/home/farah/ws_farah/install/hardware_interface:/home/farah/ws_farah/install/ros2_control_test_assets:/opt/ros/humble LD_LIBRARY_PATH=/home/farah/ws_farah/install/hardware_interface_testing/lib:/home/farah/ws_farah/install/controller_interface/lib:/home/farah/ws_farah/install/hardware_interface/lib:${LD_LIBRARY_PATH} /usr/bin/cmake --install /home/farah/ws_farah/build/admittance_controller
