[0.009s] Invoking command in '/home/farah/ws_farah/build/mecanum_drive_controller': AMENT_PREFIX_PATH=/home/farah/ws_farah/install/hardware_interface_testing:/home/farah/ws_farah/install/controller_interface:/home/farah/ws_farah/install/hardware_interface:/home/farah/ws_farah/install/ros2_control_test_assets:${AMENT_PREFIX_PATH} CMAKE_PREFIX_PATH=/home/farah/ws_farah/install/hardware_interface_testing:/home/farah/ws_farah/install/controller_interface:/home/farah/ws_farah/install/hardware_interface:/home/farah/ws_farah/install/ros2_control_test_assets:/opt/ros/humble LD_LIBRARY_PATH=/home/farah/ws_farah/install/hardware_interface_testing/lib:/home/farah/ws_farah/install/controller_interface/lib:/home/farah/ws_farah/install/hardware_interface/lib:${LD_LIBRARY_PATH} /usr/bin/cmake /home/farah/ws_farah/src/ros2_controllers/mecanum_drive_controller -DCMAKE_INSTALL_PREFIX=/home/farah/ws_farah/install/mecanum_drive_controller
[0.060s] -- The CXX compiler identification is GNU 11.4.0
[0.066s] -- Detecting CXX compiler ABI info
[0.130s] -- Detecting CXX compiler ABI info - done
[0.140s] -- Check for working CXX compiler: /usr/bin/c++ - skipped
[0.140s] -- Detecting CXX compile features
[0.140s] -- Detecting CXX compile features - done
[0.143s] -- Found ament_cmake: 1.3.11 (/opt/ros/humble/share/ament_cmake/cmake)
[0.440s] -- Found Python3: /usr/bin/python3 (found version "3.10.12") found components: Interpreter 
[0.533s] -- Found controller_interface: 2.50.0 (/home/farah/ws_farah/install/controller_interface/share/controller_interface/cmake)
[0.572s] -- Found rosidl_generator_c: 3.1.6 (/opt/ros/humble/share/rosidl_generator_c/cmake)
[0.576s] -- Found rosidl_adapter: 3.1.6 (/opt/ros/humble/share/rosidl_adapter/cmake)
[0.584s] -- Found rosidl_generator_cpp: 3.1.6 (/opt/ros/humble/share/rosidl_generator_cpp/cmake)
[0.596s] -- Using all available rosidl_typesupport_c: rosidl_typesupport_fastrtps_c;rosidl_typesupport_introspection_c
[0.611s] -- Using all available rosidl_typesupport_cpp: rosidl_typesupport_fastrtps_cpp;rosidl_typesupport_introspection_cpp
[0.792s] -- Found rmw_implementation_cmake: 6.1.2 (/opt/ros/humble/share/rmw_implementation_cmake/cmake)
[0.794s] -- Found rmw_fastrtps_cpp: 6.2.7 (/opt/ros/humble/share/rmw_fastrtps_cpp/cmake)
[0.817s] -- Found TinyXML2 via Config file: TinyXML2_DIR-NOTFOUND
[0.858s] -- Found OpenSSL: /usr/lib/x86_64-linux-gnu/libcrypto.so (found version "3.0.2")  
[0.860s] -- Found TinyXML2 via Config file: TinyXML2_DIR-NOTFOUND
[0.874s] -- Found FastRTPS: /opt/ros/humble/include  
[0.877s] -- Found TinyXML2 via Config file: TinyXML2_DIR-NOTFOUND
[0.884s] -- Found TinyXML2 via Config file: TinyXML2_DIR-NOTFOUND
[0.893s] -- Using RMW implementation 'rmw_fastrtps_cpp' as default
[0.901s] -- Looking for C++ include pthread.h
[0.993s] -- Looking for C++ include pthread.h - found
[0.993s] -- Performing Test CMAKE_HAVE_LIBC_PTHREAD
[1.086s] -- Performing Test CMAKE_HAVE_LIBC_PTHREAD - Success
[1.087s] -- Found Threads: TRUE  
[1.133s] -- Found generate_parameter_library: 0.4.0 (/opt/ros/humble/share/generate_parameter_library/cmake)
[1.134s] -- Found parameter_traits: 0.4.0 (/opt/ros/humble/share/parameter_traits/cmake)
[1.151s] -- Found nav_msgs: 4.8.0 (/opt/ros/humble/share/nav_msgs/cmake)
[1.167s] -- Found realtime_tools: 2.13.0 (/opt/ros/humble/share/realtime_tools/cmake)
[1.180s] -- Found std_srvs: 4.8.0 (/opt/ros/humble/share/std_srvs/cmake)
[1.189s] -- Found tf2: 0.25.12 (/opt/ros/humble/share/tf2/cmake)
[1.193s] -- Found tf2_geometry_msgs: 0.25.12 (/opt/ros/humble/share/tf2_geometry_msgs/cmake)
[1.200s] -- Found eigen3_cmake_module: 0.1.1 (/opt/ros/humble/share/eigen3_cmake_module/cmake)
[1.201s] -- Found Eigen3: TRUE (found version "3.4.0") 
[1.201s] -- Ensuring Eigen3 include directory is part of orocos-kdl CMake target
[1.261s] -- Found ament_cmake_gmock: 1.3.11 (/opt/ros/humble/share/ament_cmake_gmock/cmake)
[1.263s] -- Found controller_manager: 2.50.0 (/opt/ros/humble/share/controller_manager/cmake)
[1.284s] -- Found ros2_control_test_assets: 2.50.0 (/home/farah/ws_farah/install/ros2_control_test_assets/share/ros2_control_test_assets/cmake)
[1.286s] -- Found gmock sources under '/opt/ros/humble/src/gmock_vendor': C++ tests using 'Google Mock' will be built
[1.318s] -- The C compiler identification is GNU 11.4.0
[1.323s] -- Detecting C compiler ABI info
[1.398s] -- Detecting C compiler ABI info - done
[1.404s] -- Check for working C compiler: /usr/bin/cc - skipped
[1.404s] -- Detecting C compile features
[1.405s] -- Detecting C compile features - done
[1.408s] -- Found ament_cmake_gtest: 1.3.11 (/opt/ros/humble/share/ament_cmake_gtest/cmake)
[1.409s] -- Found gtest sources under '/opt/ros/humble/src/gtest_vendor': C++ tests using 'Google Test' will be built
[1.506s] -- Configuring done
[1.588s] -- Generating done
[1.601s] -- Build files have been written to: /home/farah/ws_farah/build/mecanum_drive_controller
[1.614s] Invoked command in '/home/farah/ws_farah/build/mecanum_drive_controller' returned '0': AMENT_PREFIX_PATH=/home/farah/ws_farah/install/hardware_interface_testing:/home/farah/ws_farah/install/controller_interface:/home/farah/ws_farah/install/hardware_interface:/home/farah/ws_farah/install/ros2_control_test_assets:${AMENT_PREFIX_PATH} CMAKE_PREFIX_PATH=/home/farah/ws_farah/install/hardware_interface_testing:/home/farah/ws_farah/install/controller_interface:/home/farah/ws_farah/install/hardware_interface:/home/farah/ws_farah/install/ros2_control_test_assets:/opt/ros/humble LD_LIBRARY_PATH=/home/farah/ws_farah/install/hardware_interface_testing/lib:/home/farah/ws_farah/install/controller_interface/lib:/home/farah/ws_farah/install/hardware_interface/lib:${LD_LIBRARY_PATH} /usr/bin/cmake /home/farah/ws_farah/src/ros2_controllers/mecanum_drive_controller -DCMAKE_INSTALL_PREFIX=/home/farah/ws_farah/install/mecanum_drive_controller
[1.615s] Invoking command in '/home/farah/ws_farah/build/mecanum_drive_controller': AMENT_PREFIX_PATH=/home/farah/ws_farah/install/hardware_interface_testing:/home/farah/ws_farah/install/controller_interface:/home/farah/ws_farah/install/hardware_interface:/home/farah/ws_farah/install/ros2_control_test_assets:${AMENT_PREFIX_PATH} CMAKE_PREFIX_PATH=/home/farah/ws_farah/install/hardware_interface_testing:/home/farah/ws_farah/install/controller_interface:/home/farah/ws_farah/install/hardware_interface:/home/farah/ws_farah/install/ros2_control_test_assets:/opt/ros/humble LD_LIBRARY_PATH=/home/farah/ws_farah/install/hardware_interface_testing/lib:/home/farah/ws_farah/install/controller_interface/lib:/home/farah/ws_farah/install/hardware_interface/lib:${LD_LIBRARY_PATH} /usr/bin/cmake --build /home/farah/ws_farah/build/mecanum_drive_controller -- -j8 -l8
[1.656s] [ 12%] [32mBuilding CXX object gmock/CMakeFiles/gmock_main.dir/src/gmock_main.cc.o[0m
[1.656s] [ 12%] [32mBuilding CXX object gmock/CMakeFiles/gmock.dir/opt/ros/humble/src/gtest_vendor/src/gtest-all.cc.o[0m
[1.656s] [ 18%] [34m[1mRunning `/opt/ros/humble/bin/generate_parameter_library_cpp /home/farah/ws_farah/build/mecanum_drive_controller/include/mecanum_drive_controller/mecanum_drive_controller_parameters.hpp /home/farah/ws_farah/src/ros2_controllers/mecanum_drive_controller/src/mecanum_drive_controller.yaml `[0m
[1.658s] [ 25%] [32mBuilding CXX object gmock/CMakeFiles/gmock.dir/src/gmock-all.cc.o[0m
[2.656s] [ 31%] [34m[1mCreating deprecated header file /home/farah/ws_farah/build/mecanum_drive_controller/include/mecanum_drive_controller_parameters.hpp[0m
[2.717s] [ 31%] Built target mecanum_drive_controller_parameters
[2.749s] [ 43%] [32mBuilding CXX object CMakeFiles/mecanum_drive_controller.dir/src/odometry.cpp.o[0m
[2.749s] [ 43%] [32mBuilding CXX object CMakeFiles/mecanum_drive_controller.dir/src/mecanum_drive_controller.cpp.o[0m
[3.104s] [ 50%] [32m[1mLinking CXX static library libgmock_main.a[0m
[3.150s] [ 50%] Built target gmock_main
[5.442s] [ 56%] [32m[1mLinking CXX static library libgmock.a[0m
[5.504s] [ 56%] Built target gmock
[5.526s] [ 62%] [32mBuilding CXX object CMakeFiles/test_load_mecanum_drive_controller.dir/test/test_load_mecanum_drive_controller.cpp.o[0m
[10.620s] [ 68%] [32m[1mLinking CXX executable test_load_mecanum_drive_controller[0m
[11.005s] [ 68%] Built target test_load_mecanum_drive_controller
[16.016s] [ 75%] [32m[1mLinking CXX shared library libmecanum_drive_controller.so[0m
[16.783s] [ 75%] Built target mecanum_drive_controller
[16.801s] [ 81%] [32mBuilding CXX object CMakeFiles/test_mecanum_drive_controller_preceding.dir/test/test_mecanum_drive_controller_preceding.cpp.o[0m
[16.801s] [ 87%] [32mBuilding CXX object CMakeFiles/test_mecanum_drive_controller.dir/test/test_mecanum_drive_controller.cpp.o[0m
[22.914s] [ 93%] [32m[1mLinking CXX executable test_mecanum_drive_controller_preceding[0m
[23.752s] [ 93%] Built target test_mecanum_drive_controller_preceding
[27.541s] [100%] [32m[1mLinking CXX executable test_mecanum_drive_controller[0m
[28.533s] [100%] Built target test_mecanum_drive_controller
[28.542s] Invoked command in '/home/farah/ws_farah/build/mecanum_drive_controller' returned '0': AMENT_PREFIX_PATH=/home/farah/ws_farah/install/hardware_interface_testing:/home/farah/ws_farah/install/controller_interface:/home/farah/ws_farah/install/hardware_interface:/home/farah/ws_farah/install/ros2_control_test_assets:${AMENT_PREFIX_PATH} CMAKE_PREFIX_PATH=/home/farah/ws_farah/install/hardware_interface_testing:/home/farah/ws_farah/install/controller_interface:/home/farah/ws_farah/install/hardware_interface:/home/farah/ws_farah/install/ros2_control_test_assets:/opt/ros/humble LD_LIBRARY_PATH=/home/farah/ws_farah/install/hardware_interface_testing/lib:/home/farah/ws_farah/install/controller_interface/lib:/home/farah/ws_farah/install/hardware_interface/lib:${LD_LIBRARY_PATH} /usr/bin/cmake --build /home/farah/ws_farah/build/mecanum_drive_controller -- -j8 -l8
[28.544s] Invoking command in '/home/farah/ws_farah/build/mecanum_drive_controller': AMENT_PREFIX_PATH=/home/farah/ws_farah/install/hardware_interface_testing:/home/farah/ws_farah/install/controller_interface:/home/farah/ws_farah/install/hardware_interface:/home/farah/ws_farah/install/ros2_control_test_assets:${AMENT_PREFIX_PATH} CMAKE_PREFIX_PATH=/home/farah/ws_farah/install/hardware_interface_testing:/home/farah/ws_farah/install/controller_interface:/home/farah/ws_farah/install/hardware_interface:/home/farah/ws_farah/install/ros2_control_test_assets:/opt/ros/humble LD_LIBRARY_PATH=/home/farah/ws_farah/install/hardware_interface_testing/lib:/home/farah/ws_farah/install/controller_interface/lib:/home/farah/ws_farah/install/hardware_interface/lib:${LD_LIBRARY_PATH} /usr/bin/cmake --install /home/farah/ws_farah/build/mecanum_drive_controller
[28.549s] -- Install configuration: ""
[28.549s] -- Installing: /home/farah/ws_farah/install/mecanum_drive_controller/include/mecanum_drive_controller
[28.549s] -- Installing: /home/farah/ws_farah/install/mecanum_drive_controller/include/mecanum_drive_controller/mecanum_drive_controller_parameters.hpp
[28.549s] -- Installing: /home/farah/ws_farah/install/mecanum_drive_controller/share/mecanum_drive_controller/mecanum_drive_controller.xml
[28.550s] -- Up-to-date: /home/farah/ws_farah/install/mecanum_drive_controller/include/mecanum_drive_controller
[28.550s] -- Installing: /home/farah/ws_farah/install/mecanum_drive_controller/include/mecanum_drive_controller/mecanum_drive_controller
[28.550s] -- Installing: /home/farah/ws_farah/install/mecanum_drive_controller/include/mecanum_drive_controller/mecanum_drive_controller/mecanum_drive_controller.hpp
[28.550s] -- Installing: /home/farah/ws_farah/install/mecanum_drive_controller/include/mecanum_drive_controller/mecanum_drive_controller/odometry.hpp
[28.550s] -- Installing: /home/farah/ws_farah/install/mecanum_drive_controller/include/mecanum_drive_controller/mecanum_drive_controller/visibility_control.h
[28.550s] -- Installing: /home/farah/ws_farah/install/mecanum_drive_controller/lib/libmecanum_drive_controller.so
[28.560s] -- Set runtime path of "/home/farah/ws_farah/install/mecanum_drive_controller/lib/libmecanum_drive_controller.so" to ""
[28.560s] -- Installing: /home/farah/ws_farah/install/mecanum_drive_controller/share/mecanum_drive_controller/environment/library_path.sh
[28.560s] -- Installing: /home/farah/ws_farah/install/mecanum_drive_controller/share/mecanum_drive_controller/environment/library_path.dsv
[28.560s] -- Installing: /home/farah/ws_farah/install/mecanum_drive_controller/share/ament_index/resource_index/package_run_dependencies/mecanum_drive_controller
[28.560s] -- Installing: /home/farah/ws_farah/install/mecanum_drive_controller/share/ament_index/resource_index/parent_prefix_path/mecanum_drive_controller
[28.560s] -- Installing: /home/farah/ws_farah/install/mecanum_drive_controller/share/mecanum_drive_controller/environment/ament_prefix_path.sh
[28.560s] -- Installing: /home/farah/ws_farah/install/mecanum_drive_controller/share/mecanum_drive_controller/environment/ament_prefix_path.dsv
[28.560s] -- Installing: /home/farah/ws_farah/install/mecanum_drive_controller/share/mecanum_drive_controller/environment/path.sh
[28.560s] -- Installing: /home/farah/ws_farah/install/mecanum_drive_controller/share/mecanum_drive_controller/environment/path.dsv
[28.561s] -- Installing: /home/farah/ws_farah/install/mecanum_drive_controller/share/mecanum_drive_controller/local_setup.bash
[28.561s] -- Installing: /home/farah/ws_farah/install/mecanum_drive_controller/share/mecanum_drive_controller/local_setup.sh
[28.561s] -- Installing: /home/farah/ws_farah/install/mecanum_drive_controller/share/mecanum_drive_controller/local_setup.zsh
[28.561s] -- Installing: /home/farah/ws_farah/install/mecanum_drive_controller/share/mecanum_drive_controller/local_setup.dsv
[28.561s] -- Installing: /home/farah/ws_farah/install/mecanum_drive_controller/share/mecanum_drive_controller/package.dsv
[28.561s] -- Installing: /home/farah/ws_farah/install/mecanum_drive_controller/share/ament_index/resource_index/packages/mecanum_drive_controller
[28.561s] -- Installing: /home/farah/ws_farah/install/mecanum_drive_controller/share/ament_index/resource_index/controller_interface__pluginlib__plugin/mecanum_drive_controller
[28.561s] -- Installing: /home/farah/ws_farah/install/mecanum_drive_controller/share/mecanum_drive_controller/cmake/export_mecanum_drive_controllerExport.cmake
[28.561s] -- Installing: /home/farah/ws_farah/install/mecanum_drive_controller/share/mecanum_drive_controller/cmake/export_mecanum_drive_controllerExport-noconfig.cmake
[28.562s] -- Installing: /home/farah/ws_farah/install/mecanum_drive_controller/share/mecanum_drive_controller/cmake/ament_cmake_export_dependencies-extras.cmake
[28.562s] -- Installing: /home/farah/ws_farah/install/mecanum_drive_controller/share/mecanum_drive_controller/cmake/ament_cmake_export_targets-extras.cmake
[28.562s] -- Installing: /home/farah/ws_farah/install/mecanum_drive_controller/share/mecanum_drive_controller/cmake/mecanum_drive_controllerConfig.cmake
[28.562s] -- Installing: /home/farah/ws_farah/install/mecanum_drive_controller/share/mecanum_drive_controller/cmake/mecanum_drive_controllerConfig-version.cmake
[28.562s] -- Installing: /home/farah/ws_farah/install/mecanum_drive_controller/share/mecanum_drive_controller/package.xml
[28.564s] Invoked command in '/home/farah/ws_farah/build/mecanum_drive_controller' returned '0': AMENT_PREFIX_PATH=/home/farah/ws_farah/install/hardware_interface_testing:/home/farah/ws_farah/install/controller_interface:/home/farah/ws_farah/install/hardware_interface:/home/farah/ws_farah/install/ros2_control_test_assets:${AMENT_PREFIX_PATH} CMAKE_PREFIX_PATH=/home/farah/ws_farah/install/hardware_interface_testing:/home/farah/ws_farah/install/controller_interface:/home/farah/ws_farah/install/hardware_interface:/home/farah/ws_farah/install/ros2_control_test_assets:/opt/ros/humble LD_LIBRARY_PATH=/home/farah/ws_farah/install/hardware_interface_testing/lib:/home/farah/ws_farah/install/controller_interface/lib:/home/farah/ws_farah/install/hardware_interface/lib:${LD_LIBRARY_PATH} /usr/bin/cmake --install /home/farah/ws_farah/build/mecanum_drive_controller
