[0.007s] Invoking command in '/home/farah/ws_farah/build/transmission_interface': AMENT_PREFIX_PATH=/home/farah/ws_farah/install/hardware_interface:/home/farah/ws_farah/install/ros2_control_test_assets:${AMENT_PREFIX_PATH} CMAKE_PREFIX_PATH=/home/farah/ws_farah/install/hardware_interface:/home/farah/ws_farah/install/ros2_control_test_assets:/opt/ros/humble LD_LIBRARY_PATH=/home/farah/ws_farah/install/hardware_interface/lib:${LD_LIBRARY_PATH} /usr/bin/cmake /home/farah/ws_farah/src/ros2_control/transmission_interface -DCMAKE_INSTALL_PREFIX=/home/farah/ws_farah/install/transmission_interface
[0.045s] -- The C compiler identification is GNU 11.4.0
[0.087s] -- The CXX compiler identification is GNU 11.4.0
[0.093s] -- Detecting C compiler ABI info
[0.142s] -- Detecting C compiler ABI info - done
[0.148s] -- Check for working C compiler: /usr/bin/cc - skipped
[0.149s] -- Detecting C compile features
[0.149s] -- Detecting C compile features - done
[0.151s] -- Detecting CXX compiler ABI info
[0.210s] -- Detecting CXX compiler ABI info - done
[0.216s] -- Check for working CXX compiler: /usr/bin/c++ - skipped
[0.217s] -- Detecting CXX compile features
[0.217s] -- Detecting CXX compile features - done
[0.219s] -- Found ament_cmake: 1.3.11 (/opt/ros/humble/share/ament_cmake/cmake)
[0.506s] -- Found Python3: /usr/bin/python3 (found version "3.10.12") found components: Interpreter 
[0.581s] -- Found hardware_interface: 2.50.0 (/home/farah/ws_farah/install/hardware_interface/share/hardware_interface/cmake)
[0.618s] -- Found rosidl_generator_c: 3.1.6 (/opt/ros/humble/share/rosidl_generator_c/cmake)
[0.622s] -- Found rosidl_adapter: 3.1.6 (/opt/ros/humble/share/rosidl_adapter/cmake)
[0.630s] -- Found rosidl_generator_cpp: 3.1.6 (/opt/ros/humble/share/rosidl_generator_cpp/cmake)
[0.641s] -- Using all available rosidl_typesupport_c: rosidl_typesupport_fastrtps_c;rosidl_typesupport_introspection_c
[0.654s] -- Using all available rosidl_typesupport_cpp: rosidl_typesupport_fastrtps_cpp;rosidl_typesupport_introspection_cpp
[0.834s] -- Found rmw_implementation_cmake: 6.1.2 (/opt/ros/humble/share/rmw_implementation_cmake/cmake)
[0.836s] -- Found rmw_fastrtps_cpp: 6.2.7 (/opt/ros/humble/share/rmw_fastrtps_cpp/cmake)
[0.861s] -- Found TinyXML2 via Config file: TinyXML2_DIR-NOTFOUND
[0.941s] -- Found OpenSSL: /usr/lib/x86_64-linux-gnu/libcrypto.so (found version "3.0.2")  
[0.944s] -- Found TinyXML2 via Config file: TinyXML2_DIR-NOTFOUND
[0.957s] -- Found FastRTPS: /opt/ros/humble/include  
[0.960s] -- Found TinyXML2 via Config file: TinyXML2_DIR-NOTFOUND
[0.967s] -- Found TinyXML2 via Config file: TinyXML2_DIR-NOTFOUND
[0.975s] -- Using RMW implementation 'rmw_fastrtps_cpp' as default
[0.982s] -- Looking for pthread.h
[1.036s] -- Looking for pthread.h - found
[1.036s] -- Performing Test CMAKE_HAVE_LIBC_PTHREAD
[1.089s] -- Performing Test CMAKE_HAVE_LIBC_PTHREAD - Success
[1.090s] -- Found Threads: TRUE  
[1.134s] -- Found ament_cmake_gmock: 1.3.11 (/opt/ros/humble/share/ament_cmake_gmock/cmake)
[1.136s] -- Found gmock sources under '/opt/ros/humble/src/gmock_vendor': C++ tests using 'Google Mock' will be built
[1.139s] -- Found ament_cmake_gtest: 1.3.11 (/opt/ros/humble/share/ament_cmake_gtest/cmake)
[1.140s] -- Found gtest sources under '/opt/ros/humble/src/gtest_vendor': C++ tests using 'Google Test' will be built
[1.227s] -- Configuring done
[1.333s] -- Generating done
[1.352s] -- Build files have been written to: /home/farah/ws_farah/build/transmission_interface
[1.362s] Invoked command in '/home/farah/ws_farah/build/transmission_interface' returned '0': AMENT_PREFIX_PATH=/home/farah/ws_farah/install/hardware_interface:/home/farah/ws_farah/install/ros2_control_test_assets:${AMENT_PREFIX_PATH} CMAKE_PREFIX_PATH=/home/farah/ws_farah/install/hardware_interface:/home/farah/ws_farah/install/ros2_control_test_assets:/opt/ros/humble LD_LIBRARY_PATH=/home/farah/ws_farah/install/hardware_interface/lib:${LD_LIBRARY_PATH} /usr/bin/cmake /home/farah/ws_farah/src/ros2_control/transmission_interface -DCMAKE_INSTALL_PREFIX=/home/farah/ws_farah/install/transmission_interface
[1.364s] Invoking command in '/home/farah/ws_farah/build/transmission_interface': AMENT_PREFIX_PATH=/home/farah/ws_farah/install/hardware_interface:/home/farah/ws_farah/install/ros2_control_test_assets:${AMENT_PREFIX_PATH} CMAKE_PREFIX_PATH=/home/farah/ws_farah/install/hardware_interface:/home/farah/ws_farah/install/ros2_control_test_assets:/opt/ros/humble LD_LIBRARY_PATH=/home/farah/ws_farah/install/hardware_interface/lib:${LD_LIBRARY_PATH} /usr/bin/cmake --build /home/farah/ws_farah/build/transmission_interface -- -j8 -l8
[1.401s] [ 16%] [32mBuilding CXX object gmock/CMakeFiles/gmock.dir/opt/ros/humble/src/gtest_vendor/src/gtest-all.cc.o[0m
[1.402s] [ 16%] [32mBuilding CXX object gmock/CMakeFiles/gmock_main.dir/src/gmock_main.cc.o[0m
[1.402s] [ 16%] [34m[1mGenerating transmission_interface/version.h[0m
[1.402s] [ 16%] [32mBuilding CXX object gmock/CMakeFiles/gmock.dir/src/gmock-all.cc.o[0m
[1.417s] [ 16%] Built target ament_generate_version_header__transmission_interface
[1.434s] [ 20%] [32mBuilding CXX object CMakeFiles/transmission_interface.dir/src/four_bar_linkage_transmission_loader.cpp.o[0m
[1.438s] [ 29%] [32mBuilding CXX object CMakeFiles/transmission_interface.dir/src/simple_transmission_loader.cpp.o[0m
[1.438s] [ 29%] [32mBuilding CXX object CMakeFiles/transmission_interface.dir/src/differential_transmission_loader.cpp.o[0m
[2.702s] [ 33%] [32m[1mLinking CXX static library libgmock_main.a[0m
[2.737s] [ 33%] Built target gmock_main
[5.289s] [ 37%] [32m[1mLinking CXX shared library libtransmission_interface.so[0m
[5.444s] [ 37%] Built target transmission_interface
[5.567s] [ 41%] [32m[1mLinking CXX static library libgmock.a[0m
[5.645s] [ 41%] Built target gmock
[5.674s] [ 54%] [32mBuilding CXX object CMakeFiles/test_utils.dir/test/utils_test.cpp.o[0m
[5.675s] [ 54%] [32mBuilding CXX object CMakeFiles/test_simple_transmission.dir/test/simple_transmission_test.cpp.o[0m
[5.676s] [ 58%] [32mBuilding CXX object CMakeFiles/test_differential_transmission_loader.dir/test/differential_transmission_loader_test.cpp.o[0m
[5.676s] [ 62%] [32mBuilding CXX object CMakeFiles/test_four_bar_linkage_transmission_loader.dir/test/four_bar_linkage_transmission_loader_test.cpp.o[0m
[5.676s] [ 54%] [32mBuilding CXX object CMakeFiles/test_differential_transmission.dir/test/differential_transmission_test.cpp.o[0m
[5.678s] [ 66%] [32mBuilding CXX object CMakeFiles/test_four_bar_linkage_transmission.dir/test/four_bar_linkage_transmission_test.cpp.o[0m
[5.679s] [ 70%] [32mBuilding CXX object CMakeFiles/test_simple_transmission_loader.dir/test/simple_transmission_loader_test.cpp.o[0m
[8.317s] [ 75%] [32m[1mLinking CXX executable test_utils[0m
[9.023s] [ 75%] Built target test_utils
[9.097s] [ 79%] [32m[1mLinking CXX executable test_four_bar_linkage_transmission[0m
[9.219s] [ 83%] [32m[1mLinking CXX executable test_simple_transmission[0m
[9.302s] [ 87%] [32m[1mLinking CXX executable test_differential_transmission[0m
[9.763s] [ 87%] Built target test_four_bar_linkage_transmission
[9.918s] [ 87%] Built target test_simple_transmission
[10.006s] [ 87%] Built target test_differential_transmission
[12.061s] [ 91%] [32m[1mLinking CXX executable test_differential_transmission_loader[0m
[12.124s] [ 95%] [32m[1mLinking CXX executable test_simple_transmission_loader[0m
[12.277s] [100%] [32m[1mLinking CXX executable test_four_bar_linkage_transmission_loader[0m
[13.146s] [100%] Built target test_differential_transmission_loader
[13.179s] [100%] Built target test_simple_transmission_loader
[13.250s] [100%] Built target test_four_bar_linkage_transmission_loader
[13.258s] Invoked command in '/home/farah/ws_farah/build/transmission_interface' returned '0': AMENT_PREFIX_PATH=/home/farah/ws_farah/install/hardware_interface:/home/farah/ws_farah/install/ros2_control_test_assets:${AMENT_PREFIX_PATH} CMAKE_PREFIX_PATH=/home/farah/ws_farah/install/hardware_interface:/home/farah/ws_farah/install/ros2_control_test_assets:/opt/ros/humble LD_LIBRARY_PATH=/home/farah/ws_farah/install/hardware_interface/lib:${LD_LIBRARY_PATH} /usr/bin/cmake --build /home/farah/ws_farah/build/transmission_interface -- -j8 -l8
[13.259s] Invoking command in '/home/farah/ws_farah/build/transmission_interface': AMENT_PREFIX_PATH=/home/farah/ws_farah/install/hardware_interface:/home/farah/ws_farah/install/ros2_control_test_assets:${AMENT_PREFIX_PATH} CMAKE_PREFIX_PATH=/home/farah/ws_farah/install/hardware_interface:/home/farah/ws_farah/install/ros2_control_test_assets:/opt/ros/humble LD_LIBRARY_PATH=/home/farah/ws_farah/install/hardware_interface/lib:${LD_LIBRARY_PATH} /usr/bin/cmake --install /home/farah/ws_farah/build/transmission_interface
[13.265s] -- Install configuration: ""
[13.265s] -- Installing: /home/farah/ws_farah/install/transmission_interface/include
[13.265s] -- Installing: /home/farah/ws_farah/install/transmission_interface/include/transmission_interface
[13.265s] -- Installing: /home/farah/ws_farah/install/transmission_interface/include/transmission_interface/four_bar_linkage_transmission_loader.hpp
[13.266s] -- Installing: /home/farah/ws_farah/install/transmission_interface/include/transmission_interface/simple_transmission_loader.hpp
[13.266s] -- Installing: /home/farah/ws_farah/install/transmission_interface/include/transmission_interface/differential_transmission_loader.hpp
[13.266s] -- Installing: /home/farah/ws_farah/install/transmission_interface/include/transmission_interface/simple_transmission.hpp
[13.266s] -- Installing: /home/farah/ws_farah/install/transmission_interface/include/transmission_interface/four_bar_linkage_transmission.hpp
[13.266s] -- Installing: /home/farah/ws_farah/install/transmission_interface/include/transmission_interface/accessor.hpp
[13.266s] -- Installing: /home/farah/ws_farah/install/transmission_interface/include/transmission_interface/transmission_loader.hpp
[13.266s] -- Installing: /home/farah/ws_farah/install/transmission_interface/include/transmission_interface/transmission_interface_exception.hpp
[13.266s] -- Installing: /home/farah/ws_farah/install/transmission_interface/include/transmission_interface/transmission.hpp
[13.266s] -- Installing: /home/farah/ws_farah/install/transmission_interface/include/transmission_interface/differential_transmission.hpp
[13.266s] -- Installing: /home/farah/ws_farah/install/transmission_interface/include/transmission_interface/handle.hpp
[13.266s] -- Installing: /home/farah/ws_farah/install/transmission_interface/include/transmission_interface/visibility_control.h
[13.266s] -- Installing: /home/farah/ws_farah/install/transmission_interface/include/transmission_interface/exception.hpp
[13.266s] -- Installing: /home/farah/ws_farah/install/transmission_interface/share/transmission_interface/ros2_control_plugins.xml
[13.267s] -- Installing: /home/farah/ws_farah/install/transmission_interface/lib/libtransmission_interface.so
[13.267s] -- Set runtime path of "/home/farah/ws_farah/install/transmission_interface/lib/libtransmission_interface.so" to ""
[13.267s] -- Installing: /home/farah/ws_farah/install/transmission_interface/share/transmission_interface/environment/library_path.sh
[13.267s] -- Installing: /home/farah/ws_farah/install/transmission_interface/share/transmission_interface/environment/library_path.dsv
[13.267s] -- Installing: /home/farah/ws_farah/install/transmission_interface/share/ament_index/resource_index/package_run_dependencies/transmission_interface
[13.267s] -- Installing: /home/farah/ws_farah/install/transmission_interface/share/ament_index/resource_index/parent_prefix_path/transmission_interface
[13.268s] -- Installing: /home/farah/ws_farah/install/transmission_interface/share/transmission_interface/environment/ament_prefix_path.sh
[13.268s] -- Installing: /home/farah/ws_farah/install/transmission_interface/share/transmission_interface/environment/ament_prefix_path.dsv
[13.268s] -- Installing: /home/farah/ws_farah/install/transmission_interface/share/transmission_interface/environment/path.sh
[13.268s] -- Installing: /home/farah/ws_farah/install/transmission_interface/share/transmission_interface/environment/path.dsv
[13.268s] -- Installing: /home/farah/ws_farah/install/transmission_interface/share/transmission_interface/local_setup.bash
[13.268s] -- Installing: /home/farah/ws_farah/install/transmission_interface/share/transmission_interface/local_setup.sh
[13.268s] -- Installing: /home/farah/ws_farah/install/transmission_interface/share/transmission_interface/local_setup.zsh
[13.268s] -- Installing: /home/farah/ws_farah/install/transmission_interface/share/transmission_interface/local_setup.dsv
[13.268s] -- Installing: /home/farah/ws_farah/install/transmission_interface/share/transmission_interface/package.dsv
[13.268s] -- Installing: /home/farah/ws_farah/install/transmission_interface/share/ament_index/resource_index/packages/transmission_interface
[13.269s] -- Installing: /home/farah/ws_farah/install/transmission_interface/share/ament_index/resource_index/transmission_interface__pluginlib__plugin/transmission_interface
[13.269s] -- Installing: /home/farah/ws_farah/install/transmission_interface/share/transmission_interface/cmake/ament_cmake_export_include_directories-extras.cmake
[13.269s] -- Installing: /home/farah/ws_farah/install/transmission_interface/share/transmission_interface/cmake/ament_cmake_export_dependencies-extras.cmake
[13.269s] -- Installing: /home/farah/ws_farah/install/transmission_interface/share/transmission_interface/cmake/ament_cmake_export_libraries-extras.cmake
[13.269s] -- Installing: /home/farah/ws_farah/install/transmission_interface/share/transmission_interface/cmake/transmission_interfaceConfig.cmake
[13.269s] -- Installing: /home/farah/ws_farah/install/transmission_interface/share/transmission_interface/cmake/transmission_interfaceConfig-version.cmake
[13.269s] -- Installing: /home/farah/ws_farah/install/transmission_interface/share/transmission_interface/package.xml
[13.269s] -- Installing: /home/farah/ws_farah/install/transmission_interface/include/transmission_interface/transmission_interface/version.h
[13.271s] Invoked command in '/home/farah/ws_farah/build/transmission_interface' returned '0': AMENT_PREFIX_PATH=/home/farah/ws_farah/install/hardware_interface:/home/farah/ws_farah/install/ros2_control_test_assets:${AMENT_PREFIX_PATH} CMAKE_PREFIX_PATH=/home/farah/ws_farah/install/hardware_interface:/home/farah/ws_farah/install/ros2_control_test_assets:/opt/ros/humble LD_LIBRARY_PATH=/home/farah/ws_farah/install/hardware_interface/lib:${LD_LIBRARY_PATH} /usr/bin/cmake --install /home/farah/ws_farah/build/transmission_interface
