[0.012s] Invoking command in '/home/farah/ws_farah/build/ros2_control_demo_example_7': AMENT_PREFIX_PATH=/home/farah/ws_farah/install/joint_state_broadcaster:/home/farah/ws_farah/install/hardware_interface_testing:/home/farah/ws_farah/install/controller_interface:/home/farah/ws_farah/install/ros2controlcli:/home/farah/ws_farah/install/hardware_interface:/home/farah/ws_farah/install/ros2_control_test_assets:/home/farah/ws_farah/install/ros2_control_demo_description:/home/farah/ws_farah/install/controller_manager_msgs:${AMENT_PREFIX_PATH} CMAKE_PREFIX_PATH=/home/farah/ws_farah/install/joint_state_broadcaster:/home/farah/ws_farah/install/hardware_interface_testing:/home/farah/ws_farah/install/controller_interface:/home/farah/ws_farah/install/hardware_interface:/home/farah/ws_farah/install/ros2_control_test_assets:/home/farah/ws_farah/install/ros2_control_demo_description:/home/farah/ws_farah/install/controller_manager_msgs:/opt/ros/humble LD_LIBRARY_PATH=/home/farah/ws_farah/install/joint_state_broadcaster/lib:/home/farah/ws_farah/install/hardware_interface_testing/lib:/home/farah/ws_farah/install/controller_interface/lib:/home/farah/ws_farah/install/hardware_interface/lib:/home/farah/ws_farah/install/controller_manager_msgs/lib:${LD_LIBRARY_PATH} PYTHONPATH=/home/farah/ws_farah/install/ros2controlcli/lib/python3.10/site-packages:/home/farah/ws_farah/install/controller_manager_msgs/local/lib/python3.10/dist-packages:${PYTHONPATH} /usr/bin/cmake /home/farah/ws_farah/src/ros2_control_demos/example_7 -DCMAKE_INSTALL_PREFIX=/home/farah/ws_farah/install/ros2_control_demo_example_7
[0.062s] -- The CXX compiler identification is GNU 11.4.0
[0.068s] -- Detecting CXX compiler ABI info
[0.130s] -- Detecting CXX compiler ABI info - done
[0.136s] -- Check for working CXX compiler: /usr/bin/c++ - skipped
[0.136s] -- Detecting CXX compile features
[0.137s] -- Detecting CXX compile features - done
[0.141s] -- Found ament_cmake: 1.3.11 (/opt/ros/humble/share/ament_cmake/cmake)
[0.457s] -- Found Python3: /usr/bin/python3 (found version "3.10.12") found components: Interpreter 
[0.536s] -- Found pluginlib: 5.1.0 (/opt/ros/humble/share/pluginlib/cmake)
[0.572s] -- Found hardware_interface: 2.50.0 (/home/farah/ws_farah/install/hardware_interface/share/hardware_interface/cmake)
[0.599s] -- Found rosidl_generator_c: 3.1.6 (/opt/ros/humble/share/rosidl_generator_c/cmake)
[0.603s] -- Found rosidl_adapter: 3.1.6 (/opt/ros/humble/share/rosidl_adapter/cmake)
[0.611s] -- Found rosidl_generator_cpp: 3.1.6 (/opt/ros/humble/share/rosidl_generator_cpp/cmake)
[0.622s] -- Using all available rosidl_typesupport_c: rosidl_typesupport_fastrtps_c;rosidl_typesupport_introspection_c
[0.634s] -- Using all available rosidl_typesupport_cpp: rosidl_typesupport_fastrtps_cpp;rosidl_typesupport_introspection_cpp
[0.796s] -- Found rmw_implementation_cmake: 6.1.2 (/opt/ros/humble/share/rmw_implementation_cmake/cmake)
[0.798s] -- Found rmw_fastrtps_cpp: 6.2.7 (/opt/ros/humble/share/rmw_fastrtps_cpp/cmake)
[0.822s] -- Found TinyXML2 via Config file: TinyXML2_DIR-NOTFOUND
[0.860s] -- Found OpenSSL: /usr/lib/x86_64-linux-gnu/libcrypto.so (found version "3.0.2")  
[0.863s] -- Found TinyXML2 via Config file: TinyXML2_DIR-NOTFOUND
[0.875s] -- Found FastRTPS: /opt/ros/humble/include  
[0.878s] -- Found TinyXML2 via Config file: TinyXML2_DIR-NOTFOUND
[0.885s] -- Found TinyXML2 via Config file: TinyXML2_DIR-NOTFOUND
[0.894s] -- Using RMW implementation 'rmw_fastrtps_cpp' as default
[0.902s] -- Looking for C++ include pthread.h
[0.990s] -- Looking for C++ include pthread.h - found
[0.990s] -- Performing Test CMAKE_HAVE_LIBC_PTHREAD
[1.077s] -- Performing Test CMAKE_HAVE_LIBC_PTHREAD - Success
[1.078s] -- Found Threads: TRUE  
[1.121s] -- Found kdl_parser: 2.6.4 (/opt/ros/humble/share/kdl_parser/cmake)
[1.132s] -- Found eigen3_cmake_module: 0.1.1 (/opt/ros/humble/share/eigen3_cmake_module/cmake)
[1.133s] -- Found Eigen3: TRUE (found version "3.4.0") 
[1.133s] -- Ensuring Eigen3 include directory is part of orocos-kdl CMake target
[1.136s] -- Found controller_interface: 2.50.0 (/home/farah/ws_farah/install/controller_interface/share/controller_interface/cmake)
[1.142s] -- Found realtime_tools: 2.13.0 (/opt/ros/humble/share/realtime_tools/cmake)
[1.167s] -- Found ament_cmake_pytest: 1.3.11 (/opt/ros/humble/share/ament_cmake_pytest/cmake)
[2.023s] -- Configuring done
[2.052s] -- Generating done
[2.061s] -- Build files have been written to: /home/farah/ws_farah/build/ros2_control_demo_example_7
[2.070s] Invoked command in '/home/farah/ws_farah/build/ros2_control_demo_example_7' returned '0': AMENT_PREFIX_PATH=/home/farah/ws_farah/install/joint_state_broadcaster:/home/farah/ws_farah/install/hardware_interface_testing:/home/farah/ws_farah/install/controller_interface:/home/farah/ws_farah/install/ros2controlcli:/home/farah/ws_farah/install/hardware_interface:/home/farah/ws_farah/install/ros2_control_test_assets:/home/farah/ws_farah/install/ros2_control_demo_description:/home/farah/ws_farah/install/controller_manager_msgs:${AMENT_PREFIX_PATH} CMAKE_PREFIX_PATH=/home/farah/ws_farah/install/joint_state_broadcaster:/home/farah/ws_farah/install/hardware_interface_testing:/home/farah/ws_farah/install/controller_interface:/home/farah/ws_farah/install/hardware_interface:/home/farah/ws_farah/install/ros2_control_test_assets:/home/farah/ws_farah/install/ros2_control_demo_description:/home/farah/ws_farah/install/controller_manager_msgs:/opt/ros/humble LD_LIBRARY_PATH=/home/farah/ws_farah/install/joint_state_broadcaster/lib:/home/farah/ws_farah/install/hardware_interface_testing/lib:/home/farah/ws_farah/install/controller_interface/lib:/home/farah/ws_farah/install/hardware_interface/lib:/home/farah/ws_farah/install/controller_manager_msgs/lib:${LD_LIBRARY_PATH} PYTHONPATH=/home/farah/ws_farah/install/ros2controlcli/lib/python3.10/site-packages:/home/farah/ws_farah/install/controller_manager_msgs/local/lib/python3.10/dist-packages:${PYTHONPATH} /usr/bin/cmake /home/farah/ws_farah/src/ros2_control_demos/example_7 -DCMAKE_INSTALL_PREFIX=/home/farah/ws_farah/install/ros2_control_demo_example_7
[2.071s] Invoking command in '/home/farah/ws_farah/build/ros2_control_demo_example_7': AMENT_PREFIX_PATH=/home/farah/ws_farah/install/joint_state_broadcaster:/home/farah/ws_farah/install/hardware_interface_testing:/home/farah/ws_farah/install/controller_interface:/home/farah/ws_farah/install/ros2controlcli:/home/farah/ws_farah/install/hardware_interface:/home/farah/ws_farah/install/ros2_control_test_assets:/home/farah/ws_farah/install/ros2_control_demo_description:/home/farah/ws_farah/install/controller_manager_msgs:${AMENT_PREFIX_PATH} CMAKE_PREFIX_PATH=/home/farah/ws_farah/install/joint_state_broadcaster:/home/farah/ws_farah/install/hardware_interface_testing:/home/farah/ws_farah/install/controller_interface:/home/farah/ws_farah/install/hardware_interface:/home/farah/ws_farah/install/ros2_control_test_assets:/home/farah/ws_farah/install/ros2_control_demo_description:/home/farah/ws_farah/install/controller_manager_msgs:/opt/ros/humble LD_LIBRARY_PATH=/home/farah/ws_farah/install/joint_state_broadcaster/lib:/home/farah/ws_farah/install/hardware_interface_testing/lib:/home/farah/ws_farah/install/controller_interface/lib:/home/farah/ws_farah/install/hardware_interface/lib:/home/farah/ws_farah/install/controller_manager_msgs/lib:${LD_LIBRARY_PATH} PYTHONPATH=/home/farah/ws_farah/install/ros2controlcli/lib/python3.10/site-packages:/home/farah/ws_farah/install/controller_manager_msgs/local/lib/python3.10/dist-packages:${PYTHONPATH} /usr/bin/cmake --build /home/farah/ws_farah/build/ros2_control_demo_example_7 -- -j8 -l8
[2.111s] [ 60%] [32mBuilding CXX object CMakeFiles/send_trajectory.dir/reference_generator/send_trajectory.cpp.o[0m
[2.111s] [ 60%] [32mBuilding CXX object CMakeFiles/ros2_control_demo_example_7.dir/hardware/r6bot_hardware.cpp.o[0m
[2.111s] [ 60%] [32mBuilding CXX object CMakeFiles/ros2_control_demo_example_7.dir/controller/r6bot_controller.cpp.o[0m
[6.799s] [ 80%] [32m[1mLinking CXX executable send_trajectory[0m
[7.000s] [ 80%] Built target send_trajectory
[9.624s] [100%] [32m[1mLinking CXX shared library libros2_control_demo_example_7.so[0m
[10.066s] [100%] Built target ros2_control_demo_example_7
[10.074s] Invoked command in '/home/farah/ws_farah/build/ros2_control_demo_example_7' returned '0': AMENT_PREFIX_PATH=/home/farah/ws_farah/install/joint_state_broadcaster:/home/farah/ws_farah/install/hardware_interface_testing:/home/farah/ws_farah/install/controller_interface:/home/farah/ws_farah/install/ros2controlcli:/home/farah/ws_farah/install/hardware_interface:/home/farah/ws_farah/install/ros2_control_test_assets:/home/farah/ws_farah/install/ros2_control_demo_description:/home/farah/ws_farah/install/controller_manager_msgs:${AMENT_PREFIX_PATH} CMAKE_PREFIX_PATH=/home/farah/ws_farah/install/joint_state_broadcaster:/home/farah/ws_farah/install/hardware_interface_testing:/home/farah/ws_farah/install/controller_interface:/home/farah/ws_farah/install/hardware_interface:/home/farah/ws_farah/install/ros2_control_test_assets:/home/farah/ws_farah/install/ros2_control_demo_description:/home/farah/ws_farah/install/controller_manager_msgs:/opt/ros/humble LD_LIBRARY_PATH=/home/farah/ws_farah/install/joint_state_broadcaster/lib:/home/farah/ws_farah/install/hardware_interface_testing/lib:/home/farah/ws_farah/install/controller_interface/lib:/home/farah/ws_farah/install/hardware_interface/lib:/home/farah/ws_farah/install/controller_manager_msgs/lib:${LD_LIBRARY_PATH} PYTHONPATH=/home/farah/ws_farah/install/ros2controlcli/lib/python3.10/site-packages:/home/farah/ws_farah/install/controller_manager_msgs/local/lib/python3.10/dist-packages:${PYTHONPATH} /usr/bin/cmake --build /home/farah/ws_farah/build/ros2_control_demo_example_7 -- -j8 -l8
[10.075s] Invoking command in '/home/farah/ws_farah/build/ros2_control_demo_example_7': AMENT_PREFIX_PATH=/home/farah/ws_farah/install/joint_state_broadcaster:/home/farah/ws_farah/install/hardware_interface_testing:/home/farah/ws_farah/install/controller_interface:/home/farah/ws_farah/install/ros2controlcli:/home/farah/ws_farah/install/hardware_interface:/home/farah/ws_farah/install/ros2_control_test_assets:/home/farah/ws_farah/install/ros2_control_demo_description:/home/farah/ws_farah/install/controller_manager_msgs:${AMENT_PREFIX_PATH} CMAKE_PREFIX_PATH=/home/farah/ws_farah/install/joint_state_broadcaster:/home/farah/ws_farah/install/hardware_interface_testing:/home/farah/ws_farah/install/controller_interface:/home/farah/ws_farah/install/hardware_interface:/home/farah/ws_farah/install/ros2_control_test_assets:/home/farah/ws_farah/install/ros2_control_demo_description:/home/farah/ws_farah/install/controller_manager_msgs:/opt/ros/humble LD_LIBRARY_PATH=/home/farah/ws_farah/install/joint_state_broadcaster/lib:/home/farah/ws_farah/install/hardware_interface_testing/lib:/home/farah/ws_farah/install/controller_interface/lib:/home/farah/ws_farah/install/hardware_interface/lib:/home/farah/ws_farah/install/controller_manager_msgs/lib:${LD_LIBRARY_PATH} PYTHONPATH=/home/farah/ws_farah/install/ros2controlcli/lib/python3.10/site-packages:/home/farah/ws_farah/install/controller_manager_msgs/local/lib/python3.10/dist-packages:${PYTHONPATH} /usr/bin/cmake --install /home/farah/ws_farah/build/ros2_control_demo_example_7
[10.081s] -- Install configuration: ""
[10.081s] -- Installing: /home/farah/ws_farah/install/ros2_control_demo_example_7/share/ros2_control_demo_example_7/ros2_control_demo_example_7.xml
[10.082s] -- Up-to-date: /home/farah/ws_farah/install/ros2_control_demo_example_7/share/ros2_control_demo_example_7/ros2_control_demo_example_7.xml
[10.082s] -- Installing: /home/farah/ws_farah/install/ros2_control_demo_example_7/include/ros2_control_demo_example_7
[10.082s] -- Installing: /home/farah/ws_farah/install/ros2_control_demo_example_7/include/ros2_control_demo_example_7/ros2_control_demo_example_7
[10.082s] -- Installing: /home/farah/ws_farah/install/ros2_control_demo_example_7/include/ros2_control_demo_example_7/ros2_control_demo_example_7/r6bot_hardware.hpp
[10.082s] -- Installing: /home/farah/ws_farah/install/ros2_control_demo_example_7/share/ros2_control_demo_example_7/launch
[10.082s] -- Installing: /home/farah/ws_farah/install/ros2_control_demo_example_7/share/ros2_control_demo_example_7/launch/view_r6bot.launch.py
[10.082s] -- Installing: /home/farah/ws_farah/install/ros2_control_demo_example_7/share/ros2_control_demo_example_7/ros2_control
[10.082s] -- Installing: /home/farah/ws_farah/install/ros2_control_demo_example_7/share/ros2_control_demo_example_7/ros2_control/r6bot.ros2_control.xacro
[10.082s] -- Installing: /home/farah/ws_farah/install/ros2_control_demo_example_7/share/ros2_control_demo_example_7/urdf
[10.082s] -- Installing: /home/farah/ws_farah/install/ros2_control_demo_example_7/share/ros2_control_demo_example_7/urdf/r6bot.urdf.xacro
[10.082s] -- Up-to-date: /home/farah/ws_farah/install/ros2_control_demo_example_7/share/ros2_control_demo_example_7/launch
[10.082s] -- Installing: /home/farah/ws_farah/install/ros2_control_demo_example_7/share/ros2_control_demo_example_7/launch/r6bot_controller.launch.py
[10.082s] -- Installing: /home/farah/ws_farah/install/ros2_control_demo_example_7/share/ros2_control_demo_example_7/launch/send_trajectory.launch.py
[10.082s] -- Installing: /home/farah/ws_farah/install/ros2_control_demo_example_7/share/ros2_control_demo_example_7/config
[10.082s] -- Installing: /home/farah/ws_farah/install/ros2_control_demo_example_7/share/ros2_control_demo_example_7/config/r6bot_controller.yaml
[10.083s] -- Installing: /home/farah/ws_farah/install/ros2_control_demo_example_7/lib/ros2_control_demo_example_7/send_trajectory
[10.083s] -- Set runtime path of "/home/farah/ws_farah/install/ros2_control_demo_example_7/lib/ros2_control_demo_example_7/send_trajectory" to ""
[10.083s] -- Installing: /home/farah/ws_farah/install/ros2_control_demo_example_7/lib/libros2_control_demo_example_7.so
[10.089s] -- Set runtime path of "/home/farah/ws_farah/install/ros2_control_demo_example_7/lib/libros2_control_demo_example_7.so" to ""
[10.089s] -- Installing: /home/farah/ws_farah/install/ros2_control_demo_example_7/share/ros2_control_demo_example_7/environment/library_path.sh
[10.089s] -- Installing: /home/farah/ws_farah/install/ros2_control_demo_example_7/share/ros2_control_demo_example_7/environment/library_path.dsv
[10.089s] -- Installing: /home/farah/ws_farah/install/ros2_control_demo_example_7/share/ament_index/resource_index/package_run_dependencies/ros2_control_demo_example_7
[10.089s] -- Installing: /home/farah/ws_farah/install/ros2_control_demo_example_7/share/ament_index/resource_index/parent_prefix_path/ros2_control_demo_example_7
[10.089s] -- Installing: /home/farah/ws_farah/install/ros2_control_demo_example_7/share/ros2_control_demo_example_7/environment/ament_prefix_path.sh
[10.089s] -- Installing: /home/farah/ws_farah/install/ros2_control_demo_example_7/share/ros2_control_demo_example_7/environment/ament_prefix_path.dsv
[10.089s] -- Installing: /home/farah/ws_farah/install/ros2_control_demo_example_7/share/ros2_control_demo_example_7/environment/path.sh
[10.089s] -- Installing: /home/farah/ws_farah/install/ros2_control_demo_example_7/share/ros2_control_demo_example_7/environment/path.dsv
[10.089s] -- Installing: /home/farah/ws_farah/install/ros2_control_demo_example_7/share/ros2_control_demo_example_7/local_setup.bash
[10.089s] -- Installing: /home/farah/ws_farah/install/ros2_control_demo_example_7/share/ros2_control_demo_example_7/local_setup.sh
[10.090s] -- Installing: /home/farah/ws_farah/install/ros2_control_demo_example_7/share/ros2_control_demo_example_7/local_setup.zsh
[10.090s] -- Installing: /home/farah/ws_farah/install/ros2_control_demo_example_7/share/ros2_control_demo_example_7/local_setup.dsv
[10.090s] -- Installing: /home/farah/ws_farah/install/ros2_control_demo_example_7/share/ros2_control_demo_example_7/package.dsv
[10.090s] -- Installing: /home/farah/ws_farah/install/ros2_control_demo_example_7/share/ament_index/resource_index/packages/ros2_control_demo_example_7
[10.090s] -- Installing: /home/farah/ws_farah/install/ros2_control_demo_example_7/share/ament_index/resource_index/hardware_interface__pluginlib__plugin/ros2_control_demo_example_7
[10.090s] -- Installing: /home/farah/ws_farah/install/ros2_control_demo_example_7/share/ament_index/resource_index/controller_interface__pluginlib__plugin/ros2_control_demo_example_7
[10.090s] -- Installing: /home/farah/ws_farah/install/ros2_control_demo_example_7/share/ros2_control_demo_example_7/cmake/export_ros2_control_demo_example_7Export.cmake
[10.090s] -- Installing: /home/farah/ws_farah/install/ros2_control_demo_example_7/share/ros2_control_demo_example_7/cmake/export_ros2_control_demo_example_7Export-noconfig.cmake
[10.090s] -- Installing: /home/farah/ws_farah/install/ros2_control_demo_example_7/share/ros2_control_demo_example_7/cmake/ament_cmake_export_targets-extras.cmake
[10.091s] -- Installing: /home/farah/ws_farah/install/ros2_control_demo_example_7/share/ros2_control_demo_example_7/cmake/ament_cmake_export_dependencies-extras.cmake
[10.091s] -- Installing: /home/farah/ws_farah/install/ros2_control_demo_example_7/share/ros2_control_demo_example_7/cmake/ros2_control_demo_example_7Config.cmake
[10.091s] -- Installing: /home/farah/ws_farah/install/ros2_control_demo_example_7/share/ros2_control_demo_example_7/cmake/ros2_control_demo_example_7Config-version.cmake
[10.091s] -- Installing: /home/farah/ws_farah/install/ros2_control_demo_example_7/share/ros2_control_demo_example_7/package.xml
[10.093s] Invoked command in '/home/farah/ws_farah/build/ros2_control_demo_example_7' returned '0': AMENT_PREFIX_PATH=/home/farah/ws_farah/install/joint_state_broadcaster:/home/farah/ws_farah/install/hardware_interface_testing:/home/farah/ws_farah/install/controller_interface:/home/farah/ws_farah/install/ros2controlcli:/home/farah/ws_farah/install/hardware_interface:/home/farah/ws_farah/install/ros2_control_test_assets:/home/farah/ws_farah/install/ros2_control_demo_description:/home/farah/ws_farah/install/controller_manager_msgs:${AMENT_PREFIX_PATH} CMAKE_PREFIX_PATH=/home/farah/ws_farah/install/joint_state_broadcaster:/home/farah/ws_farah/install/hardware_interface_testing:/home/farah/ws_farah/install/controller_interface:/home/farah/ws_farah/install/hardware_interface:/home/farah/ws_farah/install/ros2_control_test_assets:/home/farah/ws_farah/install/ros2_control_demo_description:/home/farah/ws_farah/install/controller_manager_msgs:/opt/ros/humble LD_LIBRARY_PATH=/home/farah/ws_farah/install/joint_state_broadcaster/lib:/home/farah/ws_farah/install/hardware_interface_testing/lib:/home/farah/ws_farah/install/controller_interface/lib:/home/farah/ws_farah/install/hardware_interface/lib:/home/farah/ws_farah/install/controller_manager_msgs/lib:${LD_LIBRARY_PATH} PYTHONPATH=/home/farah/ws_farah/install/ros2controlcli/lib/python3.10/site-packages:/home/farah/ws_farah/install/controller_manager_msgs/local/lib/python3.10/dist-packages:${PYTHONPATH} /usr/bin/cmake --install /home/farah/ws_farah/build/ros2_control_demo_example_7
