[0.008s] Invoking command in '/home/farah/ws_farah/build/tricycle_controller': AMENT_PREFIX_PATH=/home/farah/ws_farah/install/hardware_interface_testing:/home/farah/ws_farah/install/controller_interface:/home/farah/ws_farah/install/hardware_interface:/home/farah/ws_farah/install/ros2_control_test_assets:${AMENT_PREFIX_PATH} CMAKE_PREFIX_PATH=/home/farah/ws_farah/install/hardware_interface_testing:/home/farah/ws_farah/install/controller_interface:/home/farah/ws_farah/install/hardware_interface:/home/farah/ws_farah/install/ros2_control_test_assets:/opt/ros/humble LD_LIBRARY_PATH=/home/farah/ws_farah/install/hardware_interface_testing/lib:/home/farah/ws_farah/install/controller_interface/lib:/home/farah/ws_farah/install/hardware_interface/lib:${LD_LIBRARY_PATH} /usr/bin/cmake /home/farah/ws_farah/src/ros2_controllers/tricycle_controller -DCMAKE_INSTALL_PREFIX=/home/farah/ws_farah/install/tricycle_controller
[0.056s] -- The CXX compiler identification is GNU 11.4.0
[0.062s] -- Detecting CXX compiler ABI info
[0.122s] -- Detecting CXX compiler ABI info - done
[0.128s] -- Check for working CXX compiler: /usr/bin/c++ - skipped
[0.128s] -- Detecting CXX compile features
[0.129s] -- Detecting CXX compile features - done
[0.131s] -- Found ament_cmake: 1.3.11 (/opt/ros/humble/share/ament_cmake/cmake)
[0.410s] -- Found Python3: /usr/bin/python3 (found version "3.10.12") found components: Interpreter 
[0.486s] -- Found ackermann_msgs: 2.0.2 (/opt/ros/humble/share/ackermann_msgs/cmake)
[0.518s] -- Found rosidl_generator_c: 3.1.6 (/opt/ros/humble/share/rosidl_generator_c/cmake)
[0.522s] -- Found rosidl_adapter: 3.1.6 (/opt/ros/humble/share/rosidl_adapter/cmake)
[0.529s] -- Found rosidl_generator_cpp: 3.1.6 (/opt/ros/humble/share/rosidl_generator_cpp/cmake)
[0.540s] -- Using all available rosidl_typesupport_c: rosidl_typesupport_fastrtps_c;rosidl_typesupport_introspection_c
[0.554s] -- Using all available rosidl_typesupport_cpp: rosidl_typesupport_fastrtps_cpp;rosidl_typesupport_introspection_cpp
[0.587s] -- Found controller_interface: 2.50.0 (/home/farah/ws_farah/install/controller_interface/share/controller_interface/cmake)
[0.763s] -- Found rmw_implementation_cmake: 6.1.2 (/opt/ros/humble/share/rmw_implementation_cmake/cmake)
[0.766s] -- Found rmw_fastrtps_cpp: 6.2.7 (/opt/ros/humble/share/rmw_fastrtps_cpp/cmake)
[0.787s] -- Found TinyXML2 via Config file: TinyXML2_DIR-NOTFOUND
[0.822s] -- Found OpenSSL: /usr/lib/x86_64-linux-gnu/libcrypto.so (found version "3.0.2")  
[0.825s] -- Found TinyXML2 via Config file: TinyXML2_DIR-NOTFOUND
[0.837s] -- Found FastRTPS: /opt/ros/humble/include  
[0.840s] -- Found TinyXML2 via Config file: TinyXML2_DIR-NOTFOUND
[0.847s] -- Found TinyXML2 via Config file: TinyXML2_DIR-NOTFOUND
[0.856s] -- Using RMW implementation 'rmw_fastrtps_cpp' as default
[0.864s] -- Looking for C++ include pthread.h
[0.951s] -- Looking for C++ include pthread.h - found
[0.951s] -- Performing Test CMAKE_HAVE_LIBC_PTHREAD
[1.037s] -- Performing Test CMAKE_HAVE_LIBC_PTHREAD - Success
[1.038s] -- Found Threads: TRUE  
[1.084s] -- Found nav_msgs: 4.8.0 (/opt/ros/humble/share/nav_msgs/cmake)
[1.100s] -- Found realtime_tools: 2.13.0 (/opt/ros/humble/share/realtime_tools/cmake)
[1.114s] -- Found std_srvs: 4.8.0 (/opt/ros/humble/share/std_srvs/cmake)
[1.123s] -- Found tf2: 0.25.12 (/opt/ros/humble/share/tf2/cmake)
[1.127s] -- Found tf2_msgs: 0.25.12 (/opt/ros/humble/share/tf2_msgs/cmake)
[1.158s] -- Found ament_cmake_gmock: 1.3.11 (/opt/ros/humble/share/ament_cmake_gmock/cmake)
[1.159s] -- Found controller_manager: 2.50.0 (/opt/ros/humble/share/controller_manager/cmake)
[1.181s] -- Found ros2_control_test_assets: 2.50.0 (/home/farah/ws_farah/install/ros2_control_test_assets/share/ros2_control_test_assets/cmake)
[1.183s] -- Found gmock sources under '/opt/ros/humble/src/gmock_vendor': C++ tests using 'Google Mock' will be built
[1.215s] -- The C compiler identification is GNU 11.4.0
[1.220s] -- Detecting C compiler ABI info
[1.291s] -- Detecting C compiler ABI info - done
[1.297s] -- Check for working C compiler: /usr/bin/cc - skipped
[1.298s] -- Detecting C compile features
[1.298s] -- Detecting C compile features - done
[1.301s] -- Found ament_cmake_gtest: 1.3.11 (/opt/ros/humble/share/ament_cmake_gtest/cmake)
[1.302s] -- Found gtest sources under '/opt/ros/humble/src/gtest_vendor': C++ tests using 'Google Test' will be built
[1.381s] -- Configuring done
[1.455s] -- Generating done
[1.469s] -- Build files have been written to: /home/farah/ws_farah/build/tricycle_controller
[1.481s] Invoked command in '/home/farah/ws_farah/build/tricycle_controller' returned '0': AMENT_PREFIX_PATH=/home/farah/ws_farah/install/hardware_interface_testing:/home/farah/ws_farah/install/controller_interface:/home/farah/ws_farah/install/hardware_interface:/home/farah/ws_farah/install/ros2_control_test_assets:${AMENT_PREFIX_PATH} CMAKE_PREFIX_PATH=/home/farah/ws_farah/install/hardware_interface_testing:/home/farah/ws_farah/install/controller_interface:/home/farah/ws_farah/install/hardware_interface:/home/farah/ws_farah/install/ros2_control_test_assets:/opt/ros/humble LD_LIBRARY_PATH=/home/farah/ws_farah/install/hardware_interface_testing/lib:/home/farah/ws_farah/install/controller_interface/lib:/home/farah/ws_farah/install/hardware_interface/lib:${LD_LIBRARY_PATH} /usr/bin/cmake /home/farah/ws_farah/src/ros2_controllers/tricycle_controller -DCMAKE_INSTALL_PREFIX=/home/farah/ws_farah/install/tricycle_controller
[1.483s] Invoking command in '/home/farah/ws_farah/build/tricycle_controller': AMENT_PREFIX_PATH=/home/farah/ws_farah/install/hardware_interface_testing:/home/farah/ws_farah/install/controller_interface:/home/farah/ws_farah/install/hardware_interface:/home/farah/ws_farah/install/ros2_control_test_assets:${AMENT_PREFIX_PATH} CMAKE_PREFIX_PATH=/home/farah/ws_farah/install/hardware_interface_testing:/home/farah/ws_farah/install/controller_interface:/home/farah/ws_farah/install/hardware_interface:/home/farah/ws_farah/install/ros2_control_test_assets:/opt/ros/humble LD_LIBRARY_PATH=/home/farah/ws_farah/install/hardware_interface_testing/lib:/home/farah/ws_farah/install/controller_interface/lib:/home/farah/ws_farah/install/hardware_interface/lib:${LD_LIBRARY_PATH} /usr/bin/cmake --build /home/farah/ws_farah/build/tricycle_controller -- -j8 -l8
[1.527s] [  6%] [32mBuilding CXX object CMakeFiles/tricycle_controller.dir/src/traction_limiter.cpp.o[0m
[1.527s] [ 25%] [32mBuilding CXX object CMakeFiles/tricycle_controller.dir/src/steering_limiter.cpp.o[0m
[1.527s] [ 25%] [32mBuilding CXX object gmock/CMakeFiles/gmock.dir/src/gmock-all.cc.o[0m
[1.527s] [ 25%] [32mBuilding CXX object CMakeFiles/tricycle_controller.dir/src/tricycle_controller.cpp.o[0m
[1.527s] [ 37%] [32mBuilding CXX object CMakeFiles/tricycle_controller.dir/src/odometry.cpp.o[0m
[1.527s] [ 37%] [32mBuilding CXX object gmock/CMakeFiles/gmock_main.dir/src/gmock_main.cc.o[0m
[1.527s] [ 43%] [32mBuilding CXX object gmock/CMakeFiles/gmock.dir/opt/ros/humble/src/gtest_vendor/src/gtest-all.cc.o[0m
[3.118s] [ 50%] [32m[1mLinking CXX static library libgmock_main.a[0m
[3.146s] [ 50%] Built target gmock_main
[4.966s] [ 56%] [32m[1mLinking CXX static library libgmock.a[0m
[5.018s] [ 56%] Built target gmock
[13.867s] [ 62%] [32m[1mLinking CXX shared library libtricycle_controller.so[0m
[14.678s] [ 62%] Built target tricycle_controller
[14.710s] [ 68%] [32mBuilding CXX object CMakeFiles/test_tricycle_controller.dir/test/test_tricycle_controller.cpp.o[0m
[14.720s] [ 75%] [32mBuilding CXX object CMakeFiles/test_traction_limiter.dir/test/test_traction_limiter.cpp.o[0m
[14.720s] [ 81%] [32mBuilding CXX object CMakeFiles/test_load_tricycle_controller.dir/test/test_load_tricycle_controller.cpp.o[0m
[16.034s] [ 87%] [32m[1mLinking CXX executable test_traction_limiter[0m
[17.153s] [ 87%] Built target test_traction_limiter
[19.813s] [ 93%] [32m[1mLinking CXX executable test_load_tricycle_controller[0m
[20.311s] [ 93%] Built target test_load_tricycle_controller
[20.902s] [100%] [32m[1mLinking CXX executable test_tricycle_controller[0m
[21.790s] [100%] Built target test_tricycle_controller
[21.799s] Invoked command in '/home/farah/ws_farah/build/tricycle_controller' returned '0': AMENT_PREFIX_PATH=/home/farah/ws_farah/install/hardware_interface_testing:/home/farah/ws_farah/install/controller_interface:/home/farah/ws_farah/install/hardware_interface:/home/farah/ws_farah/install/ros2_control_test_assets:${AMENT_PREFIX_PATH} CMAKE_PREFIX_PATH=/home/farah/ws_farah/install/hardware_interface_testing:/home/farah/ws_farah/install/controller_interface:/home/farah/ws_farah/install/hardware_interface:/home/farah/ws_farah/install/ros2_control_test_assets:/opt/ros/humble LD_LIBRARY_PATH=/home/farah/ws_farah/install/hardware_interface_testing/lib:/home/farah/ws_farah/install/controller_interface/lib:/home/farah/ws_farah/install/hardware_interface/lib:${LD_LIBRARY_PATH} /usr/bin/cmake --build /home/farah/ws_farah/build/tricycle_controller -- -j8 -l8
[21.801s] Invoking command in '/home/farah/ws_farah/build/tricycle_controller': AMENT_PREFIX_PATH=/home/farah/ws_farah/install/hardware_interface_testing:/home/farah/ws_farah/install/controller_interface:/home/farah/ws_farah/install/hardware_interface:/home/farah/ws_farah/install/ros2_control_test_assets:${AMENT_PREFIX_PATH} CMAKE_PREFIX_PATH=/home/farah/ws_farah/install/hardware_interface_testing:/home/farah/ws_farah/install/controller_interface:/home/farah/ws_farah/install/hardware_interface:/home/farah/ws_farah/install/ros2_control_test_assets:/opt/ros/humble LD_LIBRARY_PATH=/home/farah/ws_farah/install/hardware_interface_testing/lib:/home/farah/ws_farah/install/controller_interface/lib:/home/farah/ws_farah/install/hardware_interface/lib:${LD_LIBRARY_PATH} /usr/bin/cmake --install /home/farah/ws_farah/build/tricycle_controller
[21.807s] -- Install configuration: ""
[21.807s] -- Installing: /home/farah/ws_farah/install/tricycle_controller/share/tricycle_controller/tricycle_controller.xml
[21.807s] -- Installing: /home/farah/ws_farah/install/tricycle_controller/include/tricycle_controller
[21.807s] -- Installing: /home/farah/ws_farah/install/tricycle_controller/include/tricycle_controller/tricycle_controller
[21.807s] -- Installing: /home/farah/ws_farah/install/tricycle_controller/include/tricycle_controller/tricycle_controller/tricycle_controller.hpp
[21.808s] -- Installing: /home/farah/ws_farah/install/tricycle_controller/include/tricycle_controller/tricycle_controller/traction_limiter.hpp
[21.808s] -- Installing: /home/farah/ws_farah/install/tricycle_controller/include/tricycle_controller/tricycle_controller/steering_limiter.hpp
[21.808s] -- Installing: /home/farah/ws_farah/install/tricycle_controller/include/tricycle_controller/tricycle_controller/odometry.hpp
[21.808s] -- Installing: /home/farah/ws_farah/install/tricycle_controller/include/tricycle_controller/tricycle_controller/visibility_control.h
[21.808s] -- Installing: /home/farah/ws_farah/install/tricycle_controller/lib/libtricycle_controller.so
[21.818s] -- Set runtime path of "/home/farah/ws_farah/install/tricycle_controller/lib/libtricycle_controller.so" to ""
[21.819s] -- Installing: /home/farah/ws_farah/install/tricycle_controller/share/tricycle_controller/environment/library_path.sh
[21.819s] -- Installing: /home/farah/ws_farah/install/tricycle_controller/share/tricycle_controller/environment/library_path.dsv
[21.819s] -- Installing: /home/farah/ws_farah/install/tricycle_controller/share/ament_index/resource_index/package_run_dependencies/tricycle_controller
[21.819s] -- Installing: /home/farah/ws_farah/install/tricycle_controller/share/ament_index/resource_index/parent_prefix_path/tricycle_controller
[21.819s] -- Installing: /home/farah/ws_farah/install/tricycle_controller/share/tricycle_controller/environment/ament_prefix_path.sh
[21.819s] -- Installing: /home/farah/ws_farah/install/tricycle_controller/share/tricycle_controller/environment/ament_prefix_path.dsv
[21.819s] -- Installing: /home/farah/ws_farah/install/tricycle_controller/share/tricycle_controller/environment/path.sh
[21.819s] -- Installing: /home/farah/ws_farah/install/tricycle_controller/share/tricycle_controller/environment/path.dsv
[21.819s] -- Installing: /home/farah/ws_farah/install/tricycle_controller/share/tricycle_controller/local_setup.bash
[21.819s] -- Installing: /home/farah/ws_farah/install/tricycle_controller/share/tricycle_controller/local_setup.sh
[21.819s] -- Installing: /home/farah/ws_farah/install/tricycle_controller/share/tricycle_controller/local_setup.zsh
[21.819s] -- Installing: /home/farah/ws_farah/install/tricycle_controller/share/tricycle_controller/local_setup.dsv
[21.820s] -- Installing: /home/farah/ws_farah/install/tricycle_controller/share/tricycle_controller/package.dsv
[21.820s] -- Installing: /home/farah/ws_farah/install/tricycle_controller/share/ament_index/resource_index/packages/tricycle_controller
[21.820s] -- Installing: /home/farah/ws_farah/install/tricycle_controller/share/ament_index/resource_index/controller_interface__pluginlib__plugin/tricycle_controller
[21.820s] -- Installing: /home/farah/ws_farah/install/tricycle_controller/share/tricycle_controller/cmake/export_tricycle_controllerExport.cmake
[21.820s] -- Installing: /home/farah/ws_farah/install/tricycle_controller/share/tricycle_controller/cmake/export_tricycle_controllerExport-noconfig.cmake
[21.820s] -- Installing: /home/farah/ws_farah/install/tricycle_controller/share/tricycle_controller/cmake/ament_cmake_export_targets-extras.cmake
[21.820s] -- Installing: /home/farah/ws_farah/install/tricycle_controller/share/tricycle_controller/cmake/ament_cmake_export_dependencies-extras.cmake
[21.820s] -- Installing: /home/farah/ws_farah/install/tricycle_controller/share/tricycle_controller/cmake/tricycle_controllerConfig.cmake
[21.820s] -- Installing: /home/farah/ws_farah/install/tricycle_controller/share/tricycle_controller/cmake/tricycle_controllerConfig-version.cmake
[21.820s] -- Installing: /home/farah/ws_farah/install/tricycle_controller/share/tricycle_controller/package.xml
[21.823s] Invoked command in '/home/farah/ws_farah/build/tricycle_controller' returned '0': AMENT_PREFIX_PATH=/home/farah/ws_farah/install/hardware_interface_testing:/home/farah/ws_farah/install/controller_interface:/home/farah/ws_farah/install/hardware_interface:/home/farah/ws_farah/install/ros2_control_test_assets:${AMENT_PREFIX_PATH} CMAKE_PREFIX_PATH=/home/farah/ws_farah/install/hardware_interface_testing:/home/farah/ws_farah/install/controller_interface:/home/farah/ws_farah/install/hardware_interface:/home/farah/ws_farah/install/ros2_control_test_assets:/opt/ros/humble LD_LIBRARY_PATH=/home/farah/ws_farah/install/hardware_interface_testing/lib:/home/farah/ws_farah/install/controller_interface/lib:/home/farah/ws_farah/install/hardware_interface/lib:${LD_LIBRARY_PATH} /usr/bin/cmake --install /home/farah/ws_farah/build/tricycle_controller
