/home/farah/ws_farah/install/rqt_controller_manager/lib/python3.10/site-packages/rqt_controller_manager/controller_manager.py
/home/farah/ws_farah/install/rqt_controller_manager/lib/python3.10/site-packages/rqt_controller_manager/update_combo.py
/home/farah/ws_farah/install/rqt_controller_manager/lib/python3.10/site-packages/rqt_controller_manager/__init__.py
/home/farah/ws_farah/install/rqt_controller_manager/lib/python3.10/site-packages/rqt_controller_manager/main.py
/home/farah/ws_farah/install/rqt_controller_manager/lib/python3.10/site-packages/rqt_controller_manager/__pycache__/controller_manager.cpython-310.pyc
/home/farah/ws_farah/install/rqt_controller_manager/lib/python3.10/site-packages/rqt_controller_manager/__pycache__/update_combo.cpython-310.pyc
/home/farah/ws_farah/install/rqt_controller_manager/lib/python3.10/site-packages/rqt_controller_manager/__pycache__/__init__.cpython-310.pyc
/home/farah/ws_farah/install/rqt_controller_manager/lib/python3.10/site-packages/rqt_controller_manager/__pycache__/main.cpython-310.pyc
/home/farah/ws_farah/install/rqt_controller_manager/share/ament_index/resource_index/packages/rqt_controller_manager
/home/farah/ws_farah/install/rqt_controller_manager/share/rqt_controller_manager/package.xml
/home/farah/ws_farah/install/rqt_controller_manager/share/rqt_controller_manager/resource/cm_icon.png
/home/farah/ws_farah/install/rqt_controller_manager/share/rqt_controller_manager/resource/popup_info.ui
/home/farah/ws_farah/install/rqt_controller_manager/share/rqt_controller_manager/resource/controller_manager.ui
/home/farah/ws_farah/install/rqt_controller_manager/share/rqt_controller_manager/resource/led_red.png
/home/farah/ws_farah/install/rqt_controller_manager/share/rqt_controller_manager/resource/led_off.png
/home/farah/ws_farah/install/rqt_controller_manager/share/rqt_controller_manager/resource/led_green.png
/home/farah/ws_farah/install/rqt_controller_manager/share/rqt_controller_manager/plugin.xml
/home/farah/ws_farah/install/rqt_controller_manager/lib/python3.10/site-packages/rqt_controller_manager-2.50.0-py3.10.egg-info/requires.txt
/home/farah/ws_farah/install/rqt_controller_manager/lib/python3.10/site-packages/rqt_controller_manager-2.50.0-py3.10.egg-info/dependency_links.txt
/home/farah/ws_farah/install/rqt_controller_manager/lib/python3.10/site-packages/rqt_controller_manager-2.50.0-py3.10.egg-info/top_level.txt
/home/farah/ws_farah/install/rqt_controller_manager/lib/python3.10/site-packages/rqt_controller_manager-2.50.0-py3.10.egg-info/zip-safe
/home/farah/ws_farah/install/rqt_controller_manager/lib/python3.10/site-packages/rqt_controller_manager-2.50.0-py3.10.egg-info/entry_points.txt
/home/farah/ws_farah/install/rqt_controller_manager/lib/python3.10/site-packages/rqt_controller_manager-2.50.0-py3.10.egg-info/PKG-INFO
/home/farah/ws_farah/install/rqt_controller_manager/lib/python3.10/site-packages/rqt_controller_manager-2.50.0-py3.10.egg-info/SOURCES.txt
/home/farah/ws_farah/install/rqt_controller_manager/lib/rqt_controller_manager/rqt_controller_manager
