[1.046s] Invoking command in '/home/farah/ws_farah/src/ros2_control/ros2controlcli': CMAKE_PREFIX_PATH=/home/farah/ws_farah/install/controller_manager_msgs:/home/farah/ws_farah/install/libserial_vendor:/home/farah/ws_farah/install/ros2_controllers:/home/farah/ws_farah/install/ros2_control_demos:/home/farah/ws_farah/install/ros2_control_demo_example_3:/home/farah/ws_farah/install/velocity_controllers:/home/farah/ws_farah/install/tricycle_steering_controller:/home/farah/ws_farah/install/tricycle_controller:/home/farah/ws_farah/install/ros2_control_demo_example_8:/home/farah/ws_farah/install/ros2_control:/home/farah/ws_farah/install/transmission_interface:/home/farah/ws_farah/install/ros2_control_demo_example_11:/home/farah/ws_farah/install/bicycle_steering_controller:/home/farah/ws_farah/install/ackermann_steering_controller:/home/farah/ws_farah/install/steering_controllers_library:/home/farah/ws_farah/install/ros2_control_demo_example_15:/home/farah/ws_farah/install/ros2_control_demo_example_1:/home/farah/ws_farah/install/ros2_control_demo_example_9:/home/farah/ws_farah/install/ros2_control_demo_example_7:/home/farah/ws_farah/install/ros2_control_demo_example_6:/home/farah/ws_farah/install/ros2_control_demo_example_13:/home/farah/ws_farah/install/ros2_control_demo_example_5:/home/farah/ws_farah/install/ros2_control_demo_example_4:/home/farah/ws_farah/install/ros2_control_demo_example_2:/home/farah/ws_farah/install/ros2_control_demo_example_14:/home/farah/ws_farah/install/ros2_control_demo_example_12:/home/farah/ws_farah/install/ros2_control_demo_example_10:/home/farah/ws_farah/install/hardware_interface_testing:/home/farah/ws_farah/install/ros2_control_test_assets:/home/farah/ws_farah/install/ros2_control_demo_description:/home/farah/ws_farah/install/range_sensor_broadcaster:/home/farah/ws_farah/install/race_it:/home/farah/ws_farah/install/position_controllers:/home/farah/ws_farah/install/pose_broadcaster:/home/farah/ws_farah/install/pid_controller:/home/farah/ws_farah/install/mecanum_drive_controller:/home/farah/ws_farah/install/joint_trajectory_controller:/home/farah/ws_farah/install/joint_state_broadcaster:/home/farah/ws_farah/install/joint_limits:/home/farah/ws_farah/install/imu_sensor_broadcaster:/home/farah/ws_farah/install/gripper_controllers:/home/farah/ws_farah/install/gpio_controllers:/home/farah/ws_farah/install/effort_controllers:/home/farah/ws_farah/install/forward_command_controller:/home/farah/ws_farah/install/force_torque_sensor_broadcaster:/home/farah/ws_farah/install/diff_drive_controller:/home/farah/ws_farah/install/admittance_controller:/home/farah/ws_farah/install/controller_interface:/home/farah/ws_farah/install/hardware_interface LD_LIBRARY_PATH=/home/farah/ws_farah/install/controller_manager_msgs/lib:/home/farah/ws_farah/install/libserial_vendor/lib:/home/farah/ws_farah/install/race_it/lib:/home/farah/ws_farah/install/ros2_control_demo_example_3/lib:/home/farah/ws_farah/install/velocity_controllers/lib:/home/farah/ws_farah/install/tricycle_steering_controller/lib:/home/farah/ws_farah/install/tricycle_controller/lib:/home/farah/ws_farah/install/ros2_control_demo_example_8/lib:/home/farah/ws_farah/install/transmission_interface/lib:/home/farah/ws_farah/install/ros2_control_demo_example_11/lib:/home/farah/ws_farah/install/bicycle_steering_controller/lib:/home/farah/ws_farah/install/ackermann_steering_controller/lib:/home/farah/ws_farah/install/steering_controllers_library/lib:/home/farah/ws_farah/install/ros2_control_demo_example_1/lib:/home/farah/ws_farah/install/ros2_control_demo_example_9/lib:/home/farah/ws_farah/install/ros2_control_demo_example_7/lib:/home/farah/ws_farah/install/ros2_control_demo_example_6/lib:/home/farah/ws_farah/install/ros2_control_demo_example_5/lib:/home/farah/ws_farah/install/ros2_control_demo_example_4/lib:/home/farah/ws_farah/install/ros2_control_demo_example_2/lib:/home/farah/ws_farah/install/ros2_control_demo_example_14/lib:/home/farah/ws_farah/install/ros2_control_demo_example_12/lib:/home/farah/ws_farah/install/ros2_control_demo_example_10/lib:/home/farah/ws_farah/install/hardware_interface_testing/lib:/home/farah/ws_farah/install/range_sensor_broadcaster/lib:/home/farah/ws_farah/install/position_controllers/lib:/home/farah/ws_farah/install/pose_broadcaster/lib:/home/farah/ws_farah/install/pid_controller/lib:/home/farah/ws_farah/install/mecanum_drive_controller/lib:/home/farah/ws_farah/install/joint_trajectory_controller/lib:/home/farah/ws_farah/install/joint_state_broadcaster/lib:/home/farah/ws_farah/install/joint_limits/lib:/home/farah/ws_farah/install/imu_sensor_broadcaster/lib:/home/farah/ws_farah/install/gripper_controllers/lib:/home/farah/ws_farah/install/gpio_controllers/lib:/home/farah/ws_farah/install/effort_controllers/lib:/home/farah/ws_farah/install/forward_command_controller/lib:/home/farah/ws_farah/install/force_torque_sensor_broadcaster/lib:/home/farah/ws_farah/install/diff_drive_controller/lib:/home/farah/ws_farah/install/admittance_controller/lib:/home/farah/ws_farah/install/controller_interface/lib:/home/farah/ws_farah/install/hardware_interface/lib:/usr/lib/x86_64-linux-gnu/gazebo-11/plugins:/opt/ros/humble/opt/rviz_ogre_vendor/lib:/opt/ros/humble/lib/x86_64-linux-gnu:/opt/ros/humble/lib PYTHONPATH=/home/farah/ws_farah/build/ros2controlcli/prefix_override:/usr/lib/python3/dist-packages/colcon_core/task/python/colcon_distutils_commands:/home/farah/ws_farah/install/ros2controlcli/lib/python3.10/site-packages:${PYTHONPATH} /usr/bin/python3 -W ignore:setup.py install is deprecated -W ignore:easy_install command is deprecated setup.py egg_info --egg-base ../../../build/ros2controlcli build --build-base /home/farah/ws_farah/build/ros2controlcli/build install --record /home/farah/ws_farah/build/ros2controlcli/install.log --single-version-externally-managed install_data
[1.286s] running egg_info
[1.286s] creating ../../../build/ros2controlcli/ros2controlcli.egg-info
[1.304s] writing ../../../build/ros2controlcli/ros2controlcli.egg-info/PKG-INFO
[1.304s] writing dependency_links to ../../../build/ros2controlcli/ros2controlcli.egg-info/dependency_links.txt
[1.305s] writing entry points to ../../../build/ros2controlcli/ros2controlcli.egg-info/entry_points.txt
[1.305s] writing requirements to ../../../build/ros2controlcli/ros2controlcli.egg-info/requires.txt
[1.305s] writing top-level names to ../../../build/ros2controlcli/ros2controlcli.egg-info/top_level.txt
[1.305s] writing manifest file '../../../build/ros2controlcli/ros2controlcli.egg-info/SOURCES.txt'
[1.342s] reading manifest file '../../../build/ros2controlcli/ros2controlcli.egg-info/SOURCES.txt'
[1.343s] writing manifest file '../../../build/ros2controlcli/ros2controlcli.egg-info/SOURCES.txt'
[1.343s] running build
[1.343s] running build_py
[1.343s] creating /home/farah/ws_farah/build/ros2controlcli/build
[1.343s] creating /home/farah/ws_farah/build/ros2controlcli/build/lib
[1.343s] creating /home/farah/ws_farah/build/ros2controlcli/build/lib/ros2controlcli
[1.343s] copying ros2controlcli/__init__.py -> /home/farah/ws_farah/build/ros2controlcli/build/lib/ros2controlcli
[1.343s] creating /home/farah/ws_farah/build/ros2controlcli/build/lib/ros2controlcli/command
[1.344s] copying ros2controlcli/command/control.py -> /home/farah/ws_farah/build/ros2controlcli/build/lib/ros2controlcli/command
[1.344s] copying ros2controlcli/command/__init__.py -> /home/farah/ws_farah/build/ros2controlcli/build/lib/ros2controlcli/command
[1.344s] creating /home/farah/ws_farah/build/ros2controlcli/build/lib/ros2controlcli/verb
[1.344s] copying ros2controlcli/verb/set_controller_state.py -> /home/farah/ws_farah/build/ros2controlcli/build/lib/ros2controlcli/verb
[1.344s] copying ros2controlcli/verb/load_controller.py -> /home/farah/ws_farah/build/ros2controlcli/build/lib/ros2controlcli/verb
[1.344s] copying ros2controlcli/verb/list_controllers.py -> /home/farah/ws_farah/build/ros2controlcli/build/lib/ros2controlcli/verb
[1.345s] copying ros2controlcli/verb/view_controller_chains.py -> /home/farah/ws_farah/build/ros2controlcli/build/lib/ros2controlcli/verb
[1.345s] copying ros2controlcli/verb/list_controller_types.py -> /home/farah/ws_farah/build/ros2controlcli/build/lib/ros2controlcli/verb
[1.345s] copying ros2controlcli/verb/list_hardware_interfaces.py -> /home/farah/ws_farah/build/ros2controlcli/build/lib/ros2controlcli/verb
[1.345s] copying ros2controlcli/verb/list_hardware_components.py -> /home/farah/ws_farah/build/ros2controlcli/build/lib/ros2controlcli/verb
[1.345s] copying ros2controlcli/verb/unload_controller.py -> /home/farah/ws_farah/build/ros2controlcli/build/lib/ros2controlcli/verb
[1.345s] copying ros2controlcli/verb/reload_controller_libraries.py -> /home/farah/ws_farah/build/ros2controlcli/build/lib/ros2controlcli/verb
[1.346s] copying ros2controlcli/verb/__init__.py -> /home/farah/ws_farah/build/ros2controlcli/build/lib/ros2controlcli/verb
[1.346s] copying ros2controlcli/verb/set_hardware_component_state.py -> /home/farah/ws_farah/build/ros2controlcli/build/lib/ros2controlcli/verb
[1.346s] copying ros2controlcli/verb/switch_controllers.py -> /home/farah/ws_farah/build/ros2controlcli/build/lib/ros2controlcli/verb
[1.346s] creating /home/farah/ws_farah/build/ros2controlcli/build/lib/ros2controlcli/api
[1.346s] copying ros2controlcli/api/__init__.py -> /home/farah/ws_farah/build/ros2controlcli/build/lib/ros2controlcli/api
[1.347s] running install
[1.351s] running install_lib
[1.371s] creating /home/farah/ws_farah/install/ros2controlcli/lib/python3.10/site-packages/ros2controlcli
[1.371s] creating /home/farah/ws_farah/install/ros2controlcli/lib/python3.10/site-packages/ros2controlcli/command
[1.371s] copying /home/farah/ws_farah/build/ros2controlcli/build/lib/ros2controlcli/command/control.py -> /home/farah/ws_farah/install/ros2controlcli/lib/python3.10/site-packages/ros2controlcli/command
[1.371s] copying /home/farah/ws_farah/build/ros2controlcli/build/lib/ros2controlcli/command/__init__.py -> /home/farah/ws_farah/install/ros2controlcli/lib/python3.10/site-packages/ros2controlcli/command
[1.371s] creating /home/farah/ws_farah/install/ros2controlcli/lib/python3.10/site-packages/ros2controlcli/verb
[1.372s] copying /home/farah/ws_farah/build/ros2controlcli/build/lib/ros2controlcli/verb/set_controller_state.py -> /home/farah/ws_farah/install/ros2controlcli/lib/python3.10/site-packages/ros2controlcli/verb
[1.372s] copying /home/farah/ws_farah/build/ros2controlcli/build/lib/ros2controlcli/verb/load_controller.py -> /home/farah/ws_farah/install/ros2controlcli/lib/python3.10/site-packages/ros2controlcli/verb
[1.372s] copying /home/farah/ws_farah/build/ros2controlcli/build/lib/ros2controlcli/verb/list_controllers.py -> /home/farah/ws_farah/install/ros2controlcli/lib/python3.10/site-packages/ros2controlcli/verb
[1.372s] copying /home/farah/ws_farah/build/ros2controlcli/build/lib/ros2controlcli/verb/view_controller_chains.py -> /home/farah/ws_farah/install/ros2controlcli/lib/python3.10/site-packages/ros2controlcli/verb
[1.372s] copying /home/farah/ws_farah/build/ros2controlcli/build/lib/ros2controlcli/verb/list_controller_types.py -> /home/farah/ws_farah/install/ros2controlcli/lib/python3.10/site-packages/ros2controlcli/verb
[1.372s] copying /home/farah/ws_farah/build/ros2controlcli/build/lib/ros2controlcli/verb/list_hardware_interfaces.py -> /home/farah/ws_farah/install/ros2controlcli/lib/python3.10/site-packages/ros2controlcli/verb
[1.372s] copying /home/farah/ws_farah/build/ros2controlcli/build/lib/ros2controlcli/verb/list_hardware_components.py -> /home/farah/ws_farah/install/ros2controlcli/lib/python3.10/site-packages/ros2controlcli/verb
[1.373s] copying /home/farah/ws_farah/build/ros2controlcli/build/lib/ros2controlcli/verb/unload_controller.py -> /home/farah/ws_farah/install/ros2controlcli/lib/python3.10/site-packages/ros2controlcli/verb
[1.373s] copying /home/farah/ws_farah/build/ros2controlcli/build/lib/ros2controlcli/verb/reload_controller_libraries.py -> /home/farah/ws_farah/install/ros2controlcli/lib/python3.10/site-packages/ros2controlcli/verb
[1.373s] copying /home/farah/ws_farah/build/ros2controlcli/build/lib/ros2controlcli/verb/__init__.py -> /home/farah/ws_farah/install/ros2controlcli/lib/python3.10/site-packages/ros2controlcli/verb
[1.373s] copying /home/farah/ws_farah/build/ros2controlcli/build/lib/ros2controlcli/verb/set_hardware_component_state.py -> /home/farah/ws_farah/install/ros2controlcli/lib/python3.10/site-packages/ros2controlcli/verb
[1.373s] copying /home/farah/ws_farah/build/ros2controlcli/build/lib/ros2controlcli/verb/switch_controllers.py -> /home/farah/ws_farah/install/ros2controlcli/lib/python3.10/site-packages/ros2controlcli/verb
[1.373s] creating /home/farah/ws_farah/install/ros2controlcli/lib/python3.10/site-packages/ros2controlcli/api
[1.373s] copying /home/farah/ws_farah/build/ros2controlcli/build/lib/ros2controlcli/api/__init__.py -> /home/farah/ws_farah/install/ros2controlcli/lib/python3.10/site-packages/ros2controlcli/api
[1.374s] copying /home/farah/ws_farah/build/ros2controlcli/build/lib/ros2controlcli/__init__.py -> /home/farah/ws_farah/install/ros2controlcli/lib/python3.10/site-packages/ros2controlcli
[1.374s] byte-compiling /home/farah/ws_farah/install/ros2controlcli/lib/python3.10/site-packages/ros2controlcli/command/control.py to control.cpython-310.pyc
[1.374s] byte-compiling /home/farah/ws_farah/install/ros2controlcli/lib/python3.10/site-packages/ros2controlcli/command/__init__.py to __init__.cpython-310.pyc
[1.375s] byte-compiling /home/farah/ws_farah/install/ros2controlcli/lib/python3.10/site-packages/ros2controlcli/verb/set_controller_state.py to set_controller_state.cpython-310.pyc
[1.375s] byte-compiling /home/farah/ws_farah/install/ros2controlcli/lib/python3.10/site-packages/ros2controlcli/verb/load_controller.py to load_controller.cpython-310.pyc
[1.376s] byte-compiling /home/farah/ws_farah/install/ros2controlcli/lib/python3.10/site-packages/ros2controlcli/verb/list_controllers.py to list_controllers.cpython-310.pyc
[1.376s] byte-compiling /home/farah/ws_farah/install/ros2controlcli/lib/python3.10/site-packages/ros2controlcli/verb/view_controller_chains.py to view_controller_chains.cpython-310.pyc
[1.377s] byte-compiling /home/farah/ws_farah/install/ros2controlcli/lib/python3.10/site-packages/ros2controlcli/verb/list_controller_types.py to list_controller_types.cpython-310.pyc
[1.378s] byte-compiling /home/farah/ws_farah/install/ros2controlcli/lib/python3.10/site-packages/ros2controlcli/verb/list_hardware_interfaces.py to list_hardware_interfaces.cpython-310.pyc
[1.378s] byte-compiling /home/farah/ws_farah/install/ros2controlcli/lib/python3.10/site-packages/ros2controlcli/verb/list_hardware_components.py to list_hardware_components.cpython-310.pyc
[1.379s] byte-compiling /home/farah/ws_farah/install/ros2controlcli/lib/python3.10/site-packages/ros2controlcli/verb/unload_controller.py to unload_controller.cpython-310.pyc
[1.379s] byte-compiling /home/farah/ws_farah/install/ros2controlcli/lib/python3.10/site-packages/ros2controlcli/verb/reload_controller_libraries.py to reload_controller_libraries.cpython-310.pyc
[1.379s] byte-compiling /home/farah/ws_farah/install/ros2controlcli/lib/python3.10/site-packages/ros2controlcli/verb/__init__.py to __init__.cpython-310.pyc
[1.380s] byte-compiling /home/farah/ws_farah/install/ros2controlcli/lib/python3.10/site-packages/ros2controlcli/verb/set_hardware_component_state.py to set_hardware_component_state.cpython-310.pyc
[1.380s] byte-compiling /home/farah/ws_farah/install/ros2controlcli/lib/python3.10/site-packages/ros2controlcli/verb/switch_controllers.py to switch_controllers.cpython-310.pyc
[1.381s] byte-compiling /home/farah/ws_farah/install/ros2controlcli/lib/python3.10/site-packages/ros2controlcli/api/__init__.py to __init__.cpython-310.pyc
[1.381s] byte-compiling /home/farah/ws_farah/install/ros2controlcli/lib/python3.10/site-packages/ros2controlcli/__init__.py to __init__.cpython-310.pyc
[1.381s] running install_data
[1.382s] copying package.xml -> /home/farah/ws_farah/install/ros2controlcli/share/ros2controlcli
[1.382s] creating /home/farah/ws_farah/install/ros2controlcli/share/ament_index
[1.382s] creating /home/farah/ws_farah/install/ros2controlcli/share/ament_index/resource_index
[1.382s] creating /home/farah/ws_farah/install/ros2controlcli/share/ament_index/resource_index/packages
[1.382s] copying resource/ros2controlcli -> /home/farah/ws_farah/install/ros2controlcli/share/ament_index/resource_index/packages
[1.382s] running install_egg_info
[1.402s] Copying ../../../build/ros2controlcli/ros2controlcli.egg-info to /home/farah/ws_farah/install/ros2controlcli/lib/python3.10/site-packages/ros2controlcli-2.50.0-py3.10.egg-info
[1.403s] running install_scripts
[1.563s] writing list of installed files to '/home/farah/ws_farah/build/ros2controlcli/install.log'
[1.590s] Invoked command in '/home/farah/ws_farah/src/ros2_control/ros2controlcli' returned '0': CMAKE_PREFIX_PATH=/home/farah/ws_farah/install/controller_manager_msgs:/home/farah/ws_farah/install/libserial_vendor:/home/farah/ws_farah/install/ros2_controllers:/home/farah/ws_farah/install/ros2_control_demos:/home/farah/ws_farah/install/ros2_control_demo_example_3:/home/farah/ws_farah/install/velocity_controllers:/home/farah/ws_farah/install/tricycle_steering_controller:/home/farah/ws_farah/install/tricycle_controller:/home/farah/ws_farah/install/ros2_control_demo_example_8:/home/farah/ws_farah/install/ros2_control:/home/farah/ws_farah/install/transmission_interface:/home/farah/ws_farah/install/ros2_control_demo_example_11:/home/farah/ws_farah/install/bicycle_steering_controller:/home/farah/ws_farah/install/ackermann_steering_controller:/home/farah/ws_farah/install/steering_controllers_library:/home/farah/ws_farah/install/ros2_control_demo_example_15:/home/farah/ws_farah/install/ros2_control_demo_example_1:/home/farah/ws_farah/install/ros2_control_demo_example_9:/home/farah/ws_farah/install/ros2_control_demo_example_7:/home/farah/ws_farah/install/ros2_control_demo_example_6:/home/farah/ws_farah/install/ros2_control_demo_example_13:/home/farah/ws_farah/install/ros2_control_demo_example_5:/home/farah/ws_farah/install/ros2_control_demo_example_4:/home/farah/ws_farah/install/ros2_control_demo_example_2:/home/farah/ws_farah/install/ros2_control_demo_example_14:/home/farah/ws_farah/install/ros2_control_demo_example_12:/home/farah/ws_farah/install/ros2_control_demo_example_10:/home/farah/ws_farah/install/hardware_interface_testing:/home/farah/ws_farah/install/ros2_control_test_assets:/home/farah/ws_farah/install/ros2_control_demo_description:/home/farah/ws_farah/install/range_sensor_broadcaster:/home/farah/ws_farah/install/race_it:/home/farah/ws_farah/install/position_controllers:/home/farah/ws_farah/install/pose_broadcaster:/home/farah/ws_farah/install/pid_controller:/home/farah/ws_farah/install/mecanum_drive_controller:/home/farah/ws_farah/install/joint_trajectory_controller:/home/farah/ws_farah/install/joint_state_broadcaster:/home/farah/ws_farah/install/joint_limits:/home/farah/ws_farah/install/imu_sensor_broadcaster:/home/farah/ws_farah/install/gripper_controllers:/home/farah/ws_farah/install/gpio_controllers:/home/farah/ws_farah/install/effort_controllers:/home/farah/ws_farah/install/forward_command_controller:/home/farah/ws_farah/install/force_torque_sensor_broadcaster:/home/farah/ws_farah/install/diff_drive_controller:/home/farah/ws_farah/install/admittance_controller:/home/farah/ws_farah/install/controller_interface:/home/farah/ws_farah/install/hardware_interface LD_LIBRARY_PATH=/home/farah/ws_farah/install/controller_manager_msgs/lib:/home/farah/ws_farah/install/libserial_vendor/lib:/home/farah/ws_farah/install/race_it/lib:/home/farah/ws_farah/install/ros2_control_demo_example_3/lib:/home/farah/ws_farah/install/velocity_controllers/lib:/home/farah/ws_farah/install/tricycle_steering_controller/lib:/home/farah/ws_farah/install/tricycle_controller/lib:/home/farah/ws_farah/install/ros2_control_demo_example_8/lib:/home/farah/ws_farah/install/transmission_interface/lib:/home/farah/ws_farah/install/ros2_control_demo_example_11/lib:/home/farah/ws_farah/install/bicycle_steering_controller/lib:/home/farah/ws_farah/install/ackermann_steering_controller/lib:/home/farah/ws_farah/install/steering_controllers_library/lib:/home/farah/ws_farah/install/ros2_control_demo_example_1/lib:/home/farah/ws_farah/install/ros2_control_demo_example_9/lib:/home/farah/ws_farah/install/ros2_control_demo_example_7/lib:/home/farah/ws_farah/install/ros2_control_demo_example_6/lib:/home/farah/ws_farah/install/ros2_control_demo_example_5/lib:/home/farah/ws_farah/install/ros2_control_demo_example_4/lib:/home/farah/ws_farah/install/ros2_control_demo_example_2/lib:/home/farah/ws_farah/install/ros2_control_demo_example_14/lib:/home/farah/ws_farah/install/ros2_control_demo_example_12/lib:/home/farah/ws_farah/install/ros2_control_demo_example_10/lib:/home/farah/ws_farah/install/hardware_interface_testing/lib:/home/farah/ws_farah/install/range_sensor_broadcaster/lib:/home/farah/ws_farah/install/position_controllers/lib:/home/farah/ws_farah/install/pose_broadcaster/lib:/home/farah/ws_farah/install/pid_controller/lib:/home/farah/ws_farah/install/mecanum_drive_controller/lib:/home/farah/ws_farah/install/joint_trajectory_controller/lib:/home/farah/ws_farah/install/joint_state_broadcaster/lib:/home/farah/ws_farah/install/joint_limits/lib:/home/farah/ws_farah/install/imu_sensor_broadcaster/lib:/home/farah/ws_farah/install/gripper_controllers/lib:/home/farah/ws_farah/install/gpio_controllers/lib:/home/farah/ws_farah/install/effort_controllers/lib:/home/farah/ws_farah/install/forward_command_controller/lib:/home/farah/ws_farah/install/force_torque_sensor_broadcaster/lib:/home/farah/ws_farah/install/diff_drive_controller/lib:/home/farah/ws_farah/install/admittance_controller/lib:/home/farah/ws_farah/install/controller_interface/lib:/home/farah/ws_farah/install/hardware_interface/lib:/usr/lib/x86_64-linux-gnu/gazebo-11/plugins:/opt/ros/humble/opt/rviz_ogre_vendor/lib:/opt/ros/humble/lib/x86_64-linux-gnu:/opt/ros/humble/lib PYTHONPATH=/home/farah/ws_farah/build/ros2controlcli/prefix_override:/usr/lib/python3/dist-packages/colcon_core/task/python/colcon_distutils_commands:/home/farah/ws_farah/install/ros2controlcli/lib/python3.10/site-packages:${PYTHONPATH} /usr/bin/python3 -W ignore:setup.py install is deprecated -W ignore:easy_install command is deprecated setup.py egg_info --egg-base ../../../build/ros2controlcli build --build-base /home/farah/ws_farah/build/ros2controlcli/build install --record /home/farah/ws_farah/build/ros2controlcli/install.log --single-version-externally-managed install_data
