[0.009s] Invoking command in '/home/farah/ws_farah/build/force_torque_sensor_broadcaster': AMENT_PREFIX_PATH=/home/farah/ws_farah/install/hardware_interface_testing:/home/farah/ws_farah/install/controller_interface:/home/farah/ws_farah/install/hardware_interface:/home/farah/ws_farah/install/ros2_control_test_assets:${AMENT_PREFIX_PATH} CMAKE_PREFIX_PATH=/home/farah/ws_farah/install/hardware_interface_testing:/home/farah/ws_farah/install/controller_interface:/home/farah/ws_farah/install/hardware_interface:/home/farah/ws_farah/install/ros2_control_test_assets:/opt/ros/humble LD_LIBRARY_PATH=/home/farah/ws_farah/install/hardware_interface_testing/lib:/home/farah/ws_farah/install/controller_interface/lib:/home/farah/ws_farah/install/hardware_interface/lib:${LD_LIBRARY_PATH} /usr/bin/cmake /home/farah/ws_farah/src/ros2_controllers/force_torque_sensor_broadcaster -DCMAKE_INSTALL_PREFIX=/home/farah/ws_farah/install/force_torque_sensor_broadcaster
[0.058s] -- The CXX compiler identification is GNU 11.4.0
[0.064s] -- Detecting CXX compiler ABI info
[0.127s] -- Detecting CXX compiler ABI info - done
[0.133s] -- Check for working CXX compiler: /usr/bin/c++ - skipped
[0.133s] -- Detecting CXX compile features
[0.134s] -- Detecting CXX compile features - done
[0.136s] -- Found ament_cmake: 1.3.11 (/opt/ros/humble/share/ament_cmake/cmake)
[0.448s] -- Found Python3: /usr/bin/python3 (found version "3.10.12") found components: Interpreter 
[0.524s] -- Found controller_interface: 2.50.0 (/home/farah/ws_farah/install/controller_interface/share/controller_interface/cmake)
[0.559s] -- Found rosidl_generator_c: 3.1.6 (/opt/ros/humble/share/rosidl_generator_c/cmake)
[0.564s] -- Found rosidl_adapter: 3.1.6 (/opt/ros/humble/share/rosidl_adapter/cmake)
[0.571s] -- Found rosidl_generator_cpp: 3.1.6 (/opt/ros/humble/share/rosidl_generator_cpp/cmake)
[0.581s] -- Using all available rosidl_typesupport_c: rosidl_typesupport_fastrtps_c;rosidl_typesupport_introspection_c
[0.595s] -- Using all available rosidl_typesupport_cpp: rosidl_typesupport_fastrtps_cpp;rosidl_typesupport_introspection_cpp
[0.770s] -- Found rmw_implementation_cmake: 6.1.2 (/opt/ros/humble/share/rmw_implementation_cmake/cmake)
[0.773s] -- Found rmw_fastrtps_cpp: 6.2.7 (/opt/ros/humble/share/rmw_fastrtps_cpp/cmake)
[0.795s] -- Found TinyXML2 via Config file: TinyXML2_DIR-NOTFOUND
[0.830s] -- Found OpenSSL: /usr/lib/x86_64-linux-gnu/libcrypto.so (found version "3.0.2")  
[0.833s] -- Found TinyXML2 via Config file: TinyXML2_DIR-NOTFOUND
[0.846s] -- Found FastRTPS: /opt/ros/humble/include  
[0.849s] -- Found TinyXML2 via Config file: TinyXML2_DIR-NOTFOUND
[0.856s] -- Found TinyXML2 via Config file: TinyXML2_DIR-NOTFOUND
[0.865s] -- Using RMW implementation 'rmw_fastrtps_cpp' as default
[0.873s] -- Looking for C++ include pthread.h
[0.959s] -- Looking for C++ include pthread.h - found
[0.959s] -- Performing Test CMAKE_HAVE_LIBC_PTHREAD
[1.044s] -- Performing Test CMAKE_HAVE_LIBC_PTHREAD - Success
[1.045s] -- Found Threads: TRUE  
[1.090s] -- Found generate_parameter_library: 0.4.0 (/opt/ros/humble/share/generate_parameter_library/cmake)
[1.092s] -- Found parameter_traits: 0.4.0 (/opt/ros/humble/share/parameter_traits/cmake)
[1.109s] -- Found realtime_tools: 2.13.0 (/opt/ros/humble/share/realtime_tools/cmake)
[1.133s] -- Found ament_cmake_gmock: 1.3.11 (/opt/ros/humble/share/ament_cmake_gmock/cmake)
[1.134s] -- Found controller_manager: 2.50.0 (/opt/ros/humble/share/controller_manager/cmake)
[1.156s] -- Found ros2_control_test_assets: 2.50.0 (/home/farah/ws_farah/install/ros2_control_test_assets/share/ros2_control_test_assets/cmake)
[1.158s] -- Found gmock sources under '/opt/ros/humble/src/gmock_vendor': C++ tests using 'Google Mock' will be built
[1.191s] -- The C compiler identification is GNU 11.4.0
[1.197s] -- Detecting C compiler ABI info
[1.274s] -- Detecting C compiler ABI info - done
[1.281s] -- Check for working C compiler: /usr/bin/cc - skipped
[1.281s] -- Detecting C compile features
[1.282s] -- Detecting C compile features - done
[1.285s] -- Found ament_cmake_gtest: 1.3.11 (/opt/ros/humble/share/ament_cmake_gtest/cmake)
[1.286s] -- Found gtest sources under '/opt/ros/humble/src/gtest_vendor': C++ tests using 'Google Test' will be built
[1.309s] -- Found gmock sources under '/opt/ros/humble/src/gmock_vendor': C++ tests using 'Google Mock' will be built
[1.310s] -- Found ament_cmake_gtest: 1.3.11 (/opt/ros/humble/share/ament_cmake_gtest/cmake)
[1.310s] -- Found gtest sources under '/opt/ros/humble/src/gtest_vendor': C++ tests using 'Google Test' will be built
[1.371s] -- Configuring done
[1.430s] -- Generating done
[1.441s] -- Build files have been written to: /home/farah/ws_farah/build/force_torque_sensor_broadcaster
[1.451s] Invoked command in '/home/farah/ws_farah/build/force_torque_sensor_broadcaster' returned '0': AMENT_PREFIX_PATH=/home/farah/ws_farah/install/hardware_interface_testing:/home/farah/ws_farah/install/controller_interface:/home/farah/ws_farah/install/hardware_interface:/home/farah/ws_farah/install/ros2_control_test_assets:${AMENT_PREFIX_PATH} CMAKE_PREFIX_PATH=/home/farah/ws_farah/install/hardware_interface_testing:/home/farah/ws_farah/install/controller_interface:/home/farah/ws_farah/install/hardware_interface:/home/farah/ws_farah/install/ros2_control_test_assets:/opt/ros/humble LD_LIBRARY_PATH=/home/farah/ws_farah/install/hardware_interface_testing/lib:/home/farah/ws_farah/install/controller_interface/lib:/home/farah/ws_farah/install/hardware_interface/lib:${LD_LIBRARY_PATH} /usr/bin/cmake /home/farah/ws_farah/src/ros2_controllers/force_torque_sensor_broadcaster -DCMAKE_INSTALL_PREFIX=/home/farah/ws_farah/install/force_torque_sensor_broadcaster
[1.453s] Invoking command in '/home/farah/ws_farah/build/force_torque_sensor_broadcaster': AMENT_PREFIX_PATH=/home/farah/ws_farah/install/hardware_interface_testing:/home/farah/ws_farah/install/controller_interface:/home/farah/ws_farah/install/hardware_interface:/home/farah/ws_farah/install/ros2_control_test_assets:${AMENT_PREFIX_PATH} CMAKE_PREFIX_PATH=/home/farah/ws_farah/install/hardware_interface_testing:/home/farah/ws_farah/install/controller_interface:/home/farah/ws_farah/install/hardware_interface:/home/farah/ws_farah/install/ros2_control_test_assets:/opt/ros/humble LD_LIBRARY_PATH=/home/farah/ws_farah/install/hardware_interface_testing/lib:/home/farah/ws_farah/install/controller_interface/lib:/home/farah/ws_farah/install/hardware_interface/lib:${LD_LIBRARY_PATH} /usr/bin/cmake --build /home/farah/ws_farah/build/force_torque_sensor_broadcaster -- -j8 -l8
[1.491s] [ 27%] [32mBuilding CXX object gmock/CMakeFiles/gmock.dir/src/gmock-all.cc.o[0m
[1.492s] [ 27%] [34m[1mRunning `/opt/ros/humble/bin/generate_parameter_library_cpp /home/farah/ws_farah/build/force_torque_sensor_broadcaster/include/force_torque_sensor_broadcaster/force_torque_sensor_broadcaster_parameters.hpp /home/farah/ws_farah/src/ros2_controllers/force_torque_sensor_broadcaster/src/force_torque_sensor_broadcaster_parameters.yaml `[0m
[1.492s] [ 27%] [32mBuilding CXX object gmock/CMakeFiles/gmock.dir/opt/ros/humble/src/gtest_vendor/src/gtest-all.cc.o[0m
[1.739s] [ 36%] [34m[1mCreating deprecated header file /home/farah/ws_farah/build/force_torque_sensor_broadcaster/include/force_torque_sensor_broadcaster_parameters.hpp[0m
[1.774s] [ 36%] Built target force_torque_sensor_broadcaster_parameters
[1.791s] [ 45%] [32mBuilding CXX object CMakeFiles/force_torque_sensor_broadcaster.dir/src/force_torque_sensor_broadcaster.cpp.o[0m
[4.332s] [ 54%] [32m[1mLinking CXX static library libgmock.a[0m
[4.386s] [ 54%] Built target gmock
[6.258s] [ 63%] [32m[1mLinking CXX shared library libforce_torque_sensor_broadcaster.so[0m
[6.496s] [ 63%] Built target force_torque_sensor_broadcaster
[6.514s] [ 81%] [32mBuilding CXX object CMakeFiles/test_load_force_torque_sensor_broadcaster.dir/test/test_load_force_torque_sensor_broadcaster.cpp.o[0m
[6.514s] [ 81%] [32mBuilding CXX object CMakeFiles/test_force_torque_sensor_broadcaster.dir/test/test_force_torque_sensor_broadcaster.cpp.o[0m
[11.493s] [ 90%] [32m[1mLinking CXX executable test_load_force_torque_sensor_broadcaster[0m
[12.060s] [ 90%] Built target test_load_force_torque_sensor_broadcaster
[16.132s] [100%] [32m[1mLinking CXX executable test_force_torque_sensor_broadcaster[0m
[16.918s] [100%] Built target test_force_torque_sensor_broadcaster
[16.927s] Invoked command in '/home/farah/ws_farah/build/force_torque_sensor_broadcaster' returned '0': AMENT_PREFIX_PATH=/home/farah/ws_farah/install/hardware_interface_testing:/home/farah/ws_farah/install/controller_interface:/home/farah/ws_farah/install/hardware_interface:/home/farah/ws_farah/install/ros2_control_test_assets:${AMENT_PREFIX_PATH} CMAKE_PREFIX_PATH=/home/farah/ws_farah/install/hardware_interface_testing:/home/farah/ws_farah/install/controller_interface:/home/farah/ws_farah/install/hardware_interface:/home/farah/ws_farah/install/ros2_control_test_assets:/opt/ros/humble LD_LIBRARY_PATH=/home/farah/ws_farah/install/hardware_interface_testing/lib:/home/farah/ws_farah/install/controller_interface/lib:/home/farah/ws_farah/install/hardware_interface/lib:${LD_LIBRARY_PATH} /usr/bin/cmake --build /home/farah/ws_farah/build/force_torque_sensor_broadcaster -- -j8 -l8
[16.928s] Invoking command in '/home/farah/ws_farah/build/force_torque_sensor_broadcaster': AMENT_PREFIX_PATH=/home/farah/ws_farah/install/hardware_interface_testing:/home/farah/ws_farah/install/controller_interface:/home/farah/ws_farah/install/hardware_interface:/home/farah/ws_farah/install/ros2_control_test_assets:${AMENT_PREFIX_PATH} CMAKE_PREFIX_PATH=/home/farah/ws_farah/install/hardware_interface_testing:/home/farah/ws_farah/install/controller_interface:/home/farah/ws_farah/install/hardware_interface:/home/farah/ws_farah/install/ros2_control_test_assets:/opt/ros/humble LD_LIBRARY_PATH=/home/farah/ws_farah/install/hardware_interface_testing/lib:/home/farah/ws_farah/install/controller_interface/lib:/home/farah/ws_farah/install/hardware_interface/lib:${LD_LIBRARY_PATH} /usr/bin/cmake --install /home/farah/ws_farah/build/force_torque_sensor_broadcaster
[16.934s] -- Install configuration: ""
[16.934s] -- Installing: /home/farah/ws_farah/install/force_torque_sensor_broadcaster/include/force_torque_sensor_broadcaster
[16.934s] -- Installing: /home/farah/ws_farah/install/force_torque_sensor_broadcaster/include/force_torque_sensor_broadcaster/force_torque_sensor_broadcaster_parameters.hpp
[16.934s] -- Installing: /home/farah/ws_farah/install/force_torque_sensor_broadcaster/share/force_torque_sensor_broadcaster/force_torque_sensor_broadcaster.xml
[16.934s] -- Up-to-date: /home/farah/ws_farah/install/force_torque_sensor_broadcaster/include/force_torque_sensor_broadcaster
[16.934s] -- Installing: /home/farah/ws_farah/install/force_torque_sensor_broadcaster/include/force_torque_sensor_broadcaster/force_torque_sensor_broadcaster
[16.934s] -- Installing: /home/farah/ws_farah/install/force_torque_sensor_broadcaster/include/force_torque_sensor_broadcaster/force_torque_sensor_broadcaster/force_torque_sensor_broadcaster.hpp
[16.934s] -- Installing: /home/farah/ws_farah/install/force_torque_sensor_broadcaster/include/force_torque_sensor_broadcaster/force_torque_sensor_broadcaster/visibility_control.h
[16.935s] -- Installing: /home/farah/ws_farah/install/force_torque_sensor_broadcaster/lib/libforce_torque_sensor_broadcaster.so
[16.936s] -- Set runtime path of "/home/farah/ws_farah/install/force_torque_sensor_broadcaster/lib/libforce_torque_sensor_broadcaster.so" to ""
[16.936s] -- Installing: /home/farah/ws_farah/install/force_torque_sensor_broadcaster/share/force_torque_sensor_broadcaster/environment/library_path.sh
[16.936s] -- Installing: /home/farah/ws_farah/install/force_torque_sensor_broadcaster/share/force_torque_sensor_broadcaster/environment/library_path.dsv
[16.937s] -- Installing: /home/farah/ws_farah/install/force_torque_sensor_broadcaster/share/ament_index/resource_index/package_run_dependencies/force_torque_sensor_broadcaster
[16.937s] -- Installing: /home/farah/ws_farah/install/force_torque_sensor_broadcaster/share/ament_index/resource_index/parent_prefix_path/force_torque_sensor_broadcaster
[16.937s] -- Installing: /home/farah/ws_farah/install/force_torque_sensor_broadcaster/share/force_torque_sensor_broadcaster/environment/ament_prefix_path.sh
[16.937s] -- Installing: /home/farah/ws_farah/install/force_torque_sensor_broadcaster/share/force_torque_sensor_broadcaster/environment/ament_prefix_path.dsv
[16.937s] -- Installing: /home/farah/ws_farah/install/force_torque_sensor_broadcaster/share/force_torque_sensor_broadcaster/environment/path.sh
[16.937s] -- Installing: /home/farah/ws_farah/install/force_torque_sensor_broadcaster/share/force_torque_sensor_broadcaster/environment/path.dsv
[16.937s] -- Installing: /home/farah/ws_farah/install/force_torque_sensor_broadcaster/share/force_torque_sensor_broadcaster/local_setup.bash
[16.937s] -- Installing: /home/farah/ws_farah/install/force_torque_sensor_broadcaster/share/force_torque_sensor_broadcaster/local_setup.sh
[16.937s] -- Installing: /home/farah/ws_farah/install/force_torque_sensor_broadcaster/share/force_torque_sensor_broadcaster/local_setup.zsh
[16.937s] -- Installing: /home/farah/ws_farah/install/force_torque_sensor_broadcaster/share/force_torque_sensor_broadcaster/local_setup.dsv
[16.938s] -- Installing: /home/farah/ws_farah/install/force_torque_sensor_broadcaster/share/force_torque_sensor_broadcaster/package.dsv
[16.938s] -- Installing: /home/farah/ws_farah/install/force_torque_sensor_broadcaster/share/ament_index/resource_index/packages/force_torque_sensor_broadcaster
[16.938s] -- Installing: /home/farah/ws_farah/install/force_torque_sensor_broadcaster/share/ament_index/resource_index/controller_interface__pluginlib__plugin/force_torque_sensor_broadcaster
[16.938s] -- Installing: /home/farah/ws_farah/install/force_torque_sensor_broadcaster/share/force_torque_sensor_broadcaster/cmake/export_force_torque_sensor_broadcasterExport.cmake
[16.938s] -- Installing: /home/farah/ws_farah/install/force_torque_sensor_broadcaster/share/force_torque_sensor_broadcaster/cmake/export_force_torque_sensor_broadcasterExport-noconfig.cmake
[16.938s] -- Installing: /home/farah/ws_farah/install/force_torque_sensor_broadcaster/share/force_torque_sensor_broadcaster/cmake/ament_cmake_export_dependencies-extras.cmake
[16.938s] -- Installing: /home/farah/ws_farah/install/force_torque_sensor_broadcaster/share/force_torque_sensor_broadcaster/cmake/ament_cmake_export_targets-extras.cmake
[16.938s] -- Installing: /home/farah/ws_farah/install/force_torque_sensor_broadcaster/share/force_torque_sensor_broadcaster/cmake/force_torque_sensor_broadcasterConfig.cmake
[16.938s] -- Installing: /home/farah/ws_farah/install/force_torque_sensor_broadcaster/share/force_torque_sensor_broadcaster/cmake/force_torque_sensor_broadcasterConfig-version.cmake
[16.938s] -- Installing: /home/farah/ws_farah/install/force_torque_sensor_broadcaster/share/force_torque_sensor_broadcaster/package.xml
[16.940s] Invoked command in '/home/farah/ws_farah/build/force_torque_sensor_broadcaster' returned '0': AMENT_PREFIX_PATH=/home/farah/ws_farah/install/hardware_interface_testing:/home/farah/ws_farah/install/controller_interface:/home/farah/ws_farah/install/hardware_interface:/home/farah/ws_farah/install/ros2_control_test_assets:${AMENT_PREFIX_PATH} CMAKE_PREFIX_PATH=/home/farah/ws_farah/install/hardware_interface_testing:/home/farah/ws_farah/install/controller_interface:/home/farah/ws_farah/install/hardware_interface:/home/farah/ws_farah/install/ros2_control_test_assets:/opt/ros/humble LD_LIBRARY_PATH=/home/farah/ws_farah/install/hardware_interface_testing/lib:/home/farah/ws_farah/install/controller_interface/lib:/home/farah/ws_farah/install/hardware_interface/lib:${LD_LIBRARY_PATH} /usr/bin/cmake --install /home/farah/ws_farah/build/force_torque_sensor_broadcaster
