[0.015s] Invoking command in '/home/farah/ws_farah/build/ros2_control_demo_example_11': AMENT_PREFIX_PATH=/home/farah/ws_farah/install/bicycle_steering_controller:/home/farah/ws_farah/install/steering_controllers_library:/home/farah/ws_farah/install/joint_state_broadcaster:/home/farah/ws_farah/install/hardware_interface_testing:/home/farah/ws_farah/install/controller_interface:/home/farah/ws_farah/install/ros2controlcli:/home/farah/ws_farah/install/hardware_interface:/home/farah/ws_farah/install/ros2_control_test_assets:/home/farah/ws_farah/install/ros2_control_demo_description:/home/farah/ws_farah/install/controller_manager_msgs:${AMENT_PREFIX_PATH} CMAKE_PREFIX_PATH=/home/farah/ws_farah/install/bicycle_steering_controller:/home/farah/ws_farah/install/steering_controllers_library:/home/farah/ws_farah/install/joint_state_broadcaster:/home/farah/ws_farah/install/hardware_interface_testing:/home/farah/ws_farah/install/controller_interface:/home/farah/ws_farah/install/hardware_interface:/home/farah/ws_farah/install/ros2_control_test_assets:/home/farah/ws_farah/install/ros2_control_demo_description:/home/farah/ws_farah/install/controller_manager_msgs:/opt/ros/humble LD_LIBRARY_PATH=/home/farah/ws_farah/install/bicycle_steering_controller/lib:/home/farah/ws_farah/install/steering_controllers_library/lib:/home/farah/ws_farah/install/joint_state_broadcaster/lib:/home/farah/ws_farah/install/hardware_interface_testing/lib:/home/farah/ws_farah/install/controller_interface/lib:/home/farah/ws_farah/install/hardware_interface/lib:/home/farah/ws_farah/install/controller_manager_msgs/lib:${LD_LIBRARY_PATH} PYTHONPATH=/home/farah/ws_farah/install/ros2controlcli/lib/python3.10/site-packages:/home/farah/ws_farah/install/controller_manager_msgs/local/lib/python3.10/dist-packages:${PYTHONPATH} /usr/bin/cmake /home/farah/ws_farah/src/ros2_control_demos/example_11 -DCMAKE_INSTALL_PREFIX=/home/farah/ws_farah/install/ros2_control_demo_example_11
[0.064s] -- The CXX compiler identification is GNU 11.4.0
[0.070s] -- Detecting CXX compiler ABI info
[0.132s] -- Detecting CXX compiler ABI info - done
[0.138s] -- Check for working CXX compiler: /usr/bin/c++ - skipped
[0.138s] -- Detecting CXX compile features
[0.139s] -- Detecting CXX compile features - done
[0.143s] -- Found ament_cmake: 1.3.11 (/opt/ros/humble/share/ament_cmake/cmake)
[0.429s] -- Found Python3: /usr/bin/python3 (found version "3.10.12") found components: Interpreter 
[0.512s] -- Found hardware_interface: 2.50.0 (/home/farah/ws_farah/install/hardware_interface/share/hardware_interface/cmake)
[0.552s] -- Found rosidl_generator_c: 3.1.6 (/opt/ros/humble/share/rosidl_generator_c/cmake)
[0.557s] -- Found rosidl_adapter: 3.1.6 (/opt/ros/humble/share/rosidl_adapter/cmake)
[0.565s] -- Found rosidl_generator_cpp: 3.1.6 (/opt/ros/humble/share/rosidl_generator_cpp/cmake)
[0.577s] -- Using all available rosidl_typesupport_c: rosidl_typesupport_fastrtps_c;rosidl_typesupport_introspection_c
[0.592s] -- Using all available rosidl_typesupport_cpp: rosidl_typesupport_fastrtps_cpp;rosidl_typesupport_introspection_cpp
[0.776s] -- Found rmw_implementation_cmake: 6.1.2 (/opt/ros/humble/share/rmw_implementation_cmake/cmake)
[0.779s] -- Found rmw_fastrtps_cpp: 6.2.7 (/opt/ros/humble/share/rmw_fastrtps_cpp/cmake)
[0.802s] -- Found TinyXML2 via Config file: TinyXML2_DIR-NOTFOUND
[0.838s] -- Found OpenSSL: /usr/lib/x86_64-linux-gnu/libcrypto.so (found version "3.0.2")  
[0.841s] -- Found TinyXML2 via Config file: TinyXML2_DIR-NOTFOUND
[0.853s] -- Found FastRTPS: /opt/ros/humble/include  
[0.856s] -- Found TinyXML2 via Config file: TinyXML2_DIR-NOTFOUND
[0.862s] -- Found TinyXML2 via Config file: TinyXML2_DIR-NOTFOUND
[0.871s] -- Using RMW implementation 'rmw_fastrtps_cpp' as default
[0.879s] -- Looking for C++ include pthread.h
[0.967s] -- Looking for C++ include pthread.h - found
[0.968s] -- Performing Test CMAKE_HAVE_LIBC_PTHREAD
[1.055s] -- Performing Test CMAKE_HAVE_LIBC_PTHREAD - Success
[1.056s] -- Found Threads: TRUE  
[1.104s] -- Found ament_cmake_pytest: 1.3.11 (/opt/ros/humble/share/ament_cmake_pytest/cmake)
[2.224s] -- Configuring done
[2.242s] -- Generating done
[2.247s] -- Build files have been written to: /home/farah/ws_farah/build/ros2_control_demo_example_11
[2.256s] Invoked command in '/home/farah/ws_farah/build/ros2_control_demo_example_11' returned '0': AMENT_PREFIX_PATH=/home/farah/ws_farah/install/bicycle_steering_controller:/home/farah/ws_farah/install/steering_controllers_library:/home/farah/ws_farah/install/joint_state_broadcaster:/home/farah/ws_farah/install/hardware_interface_testing:/home/farah/ws_farah/install/controller_interface:/home/farah/ws_farah/install/ros2controlcli:/home/farah/ws_farah/install/hardware_interface:/home/farah/ws_farah/install/ros2_control_test_assets:/home/farah/ws_farah/install/ros2_control_demo_description:/home/farah/ws_farah/install/controller_manager_msgs:${AMENT_PREFIX_PATH} CMAKE_PREFIX_PATH=/home/farah/ws_farah/install/bicycle_steering_controller:/home/farah/ws_farah/install/steering_controllers_library:/home/farah/ws_farah/install/joint_state_broadcaster:/home/farah/ws_farah/install/hardware_interface_testing:/home/farah/ws_farah/install/controller_interface:/home/farah/ws_farah/install/hardware_interface:/home/farah/ws_farah/install/ros2_control_test_assets:/home/farah/ws_farah/install/ros2_control_demo_description:/home/farah/ws_farah/install/controller_manager_msgs:/opt/ros/humble LD_LIBRARY_PATH=/home/farah/ws_farah/install/bicycle_steering_controller/lib:/home/farah/ws_farah/install/steering_controllers_library/lib:/home/farah/ws_farah/install/joint_state_broadcaster/lib:/home/farah/ws_farah/install/hardware_interface_testing/lib:/home/farah/ws_farah/install/controller_interface/lib:/home/farah/ws_farah/install/hardware_interface/lib:/home/farah/ws_farah/install/controller_manager_msgs/lib:${LD_LIBRARY_PATH} PYTHONPATH=/home/farah/ws_farah/install/ros2controlcli/lib/python3.10/site-packages:/home/farah/ws_farah/install/controller_manager_msgs/local/lib/python3.10/dist-packages:${PYTHONPATH} /usr/bin/cmake /home/farah/ws_farah/src/ros2_control_demos/example_11 -DCMAKE_INSTALL_PREFIX=/home/farah/ws_farah/install/ros2_control_demo_example_11
[2.257s] Invoking command in '/home/farah/ws_farah/build/ros2_control_demo_example_11': AMENT_PREFIX_PATH=/home/farah/ws_farah/install/bicycle_steering_controller:/home/farah/ws_farah/install/steering_controllers_library:/home/farah/ws_farah/install/joint_state_broadcaster:/home/farah/ws_farah/install/hardware_interface_testing:/home/farah/ws_farah/install/controller_interface:/home/farah/ws_farah/install/ros2controlcli:/home/farah/ws_farah/install/hardware_interface:/home/farah/ws_farah/install/ros2_control_test_assets:/home/farah/ws_farah/install/ros2_control_demo_description:/home/farah/ws_farah/install/controller_manager_msgs:${AMENT_PREFIX_PATH} CMAKE_PREFIX_PATH=/home/farah/ws_farah/install/bicycle_steering_controller:/home/farah/ws_farah/install/steering_controllers_library:/home/farah/ws_farah/install/joint_state_broadcaster:/home/farah/ws_farah/install/hardware_interface_testing:/home/farah/ws_farah/install/controller_interface:/home/farah/ws_farah/install/hardware_interface:/home/farah/ws_farah/install/ros2_control_test_assets:/home/farah/ws_farah/install/ros2_control_demo_description:/home/farah/ws_farah/install/controller_manager_msgs:/opt/ros/humble LD_LIBRARY_PATH=/home/farah/ws_farah/install/bicycle_steering_controller/lib:/home/farah/ws_farah/install/steering_controllers_library/lib:/home/farah/ws_farah/install/joint_state_broadcaster/lib:/home/farah/ws_farah/install/hardware_interface_testing/lib:/home/farah/ws_farah/install/controller_interface/lib:/home/farah/ws_farah/install/hardware_interface/lib:/home/farah/ws_farah/install/controller_manager_msgs/lib:${LD_LIBRARY_PATH} PYTHONPATH=/home/farah/ws_farah/install/ros2controlcli/lib/python3.10/site-packages:/home/farah/ws_farah/install/controller_manager_msgs/local/lib/python3.10/dist-packages:${PYTHONPATH} /usr/bin/cmake --build /home/farah/ws_farah/build/ros2_control_demo_example_11 -- -j8 -l8
[2.297s] [ 50%] [32mBuilding CXX object CMakeFiles/ros2_control_demo_example_11.dir/hardware/carlikebot_system.cpp.o[0m
[5.439s] [100%] [32m[1mLinking CXX shared library libros2_control_demo_example_11.so[0m
[5.588s] [100%] Built target ros2_control_demo_example_11
[5.596s] Invoked command in '/home/farah/ws_farah/build/ros2_control_demo_example_11' returned '0': AMENT_PREFIX_PATH=/home/farah/ws_farah/install/bicycle_steering_controller:/home/farah/ws_farah/install/steering_controllers_library:/home/farah/ws_farah/install/joint_state_broadcaster:/home/farah/ws_farah/install/hardware_interface_testing:/home/farah/ws_farah/install/controller_interface:/home/farah/ws_farah/install/ros2controlcli:/home/farah/ws_farah/install/hardware_interface:/home/farah/ws_farah/install/ros2_control_test_assets:/home/farah/ws_farah/install/ros2_control_demo_description:/home/farah/ws_farah/install/controller_manager_msgs:${AMENT_PREFIX_PATH} CMAKE_PREFIX_PATH=/home/farah/ws_farah/install/bicycle_steering_controller:/home/farah/ws_farah/install/steering_controllers_library:/home/farah/ws_farah/install/joint_state_broadcaster:/home/farah/ws_farah/install/hardware_interface_testing:/home/farah/ws_farah/install/controller_interface:/home/farah/ws_farah/install/hardware_interface:/home/farah/ws_farah/install/ros2_control_test_assets:/home/farah/ws_farah/install/ros2_control_demo_description:/home/farah/ws_farah/install/controller_manager_msgs:/opt/ros/humble LD_LIBRARY_PATH=/home/farah/ws_farah/install/bicycle_steering_controller/lib:/home/farah/ws_farah/install/steering_controllers_library/lib:/home/farah/ws_farah/install/joint_state_broadcaster/lib:/home/farah/ws_farah/install/hardware_interface_testing/lib:/home/farah/ws_farah/install/controller_interface/lib:/home/farah/ws_farah/install/hardware_interface/lib:/home/farah/ws_farah/install/controller_manager_msgs/lib:${LD_LIBRARY_PATH} PYTHONPATH=/home/farah/ws_farah/install/ros2controlcli/lib/python3.10/site-packages:/home/farah/ws_farah/install/controller_manager_msgs/local/lib/python3.10/dist-packages:${PYTHONPATH} /usr/bin/cmake --build /home/farah/ws_farah/build/ros2_control_demo_example_11 -- -j8 -l8
[5.597s] Invoking command in '/home/farah/ws_farah/build/ros2_control_demo_example_11': AMENT_PREFIX_PATH=/home/farah/ws_farah/install/bicycle_steering_controller:/home/farah/ws_farah/install/steering_controllers_library:/home/farah/ws_farah/install/joint_state_broadcaster:/home/farah/ws_farah/install/hardware_interface_testing:/home/farah/ws_farah/install/controller_interface:/home/farah/ws_farah/install/ros2controlcli:/home/farah/ws_farah/install/hardware_interface:/home/farah/ws_farah/install/ros2_control_test_assets:/home/farah/ws_farah/install/ros2_control_demo_description:/home/farah/ws_farah/install/controller_manager_msgs:${AMENT_PREFIX_PATH} CMAKE_PREFIX_PATH=/home/farah/ws_farah/install/bicycle_steering_controller:/home/farah/ws_farah/install/steering_controllers_library:/home/farah/ws_farah/install/joint_state_broadcaster:/home/farah/ws_farah/install/hardware_interface_testing:/home/farah/ws_farah/install/controller_interface:/home/farah/ws_farah/install/hardware_interface:/home/farah/ws_farah/install/ros2_control_test_assets:/home/farah/ws_farah/install/ros2_control_demo_description:/home/farah/ws_farah/install/controller_manager_msgs:/opt/ros/humble LD_LIBRARY_PATH=/home/farah/ws_farah/install/bicycle_steering_controller/lib:/home/farah/ws_farah/install/steering_controllers_library/lib:/home/farah/ws_farah/install/joint_state_broadcaster/lib:/home/farah/ws_farah/install/hardware_interface_testing/lib:/home/farah/ws_farah/install/controller_interface/lib:/home/farah/ws_farah/install/hardware_interface/lib:/home/farah/ws_farah/install/controller_manager_msgs/lib:${LD_LIBRARY_PATH} PYTHONPATH=/home/farah/ws_farah/install/ros2controlcli/lib/python3.10/site-packages:/home/farah/ws_farah/install/controller_manager_msgs/local/lib/python3.10/dist-packages:${PYTHONPATH} /usr/bin/cmake --install /home/farah/ws_farah/build/ros2_control_demo_example_11
[5.603s] -- Install configuration: ""
[5.603s] -- Installing: /home/farah/ws_farah/install/ros2_control_demo_example_11/share/ros2_control_demo_example_11/ros2_control_demo_example_11.xml
[5.603s] -- Installing: /home/farah/ws_farah/install/ros2_control_demo_example_11/include/ros2_control_demo_example_11
[5.603s] -- Installing: /home/farah/ws_farah/install/ros2_control_demo_example_11/include/ros2_control_demo_example_11/ros2_control_demo_example_11
[5.603s] -- Installing: /home/farah/ws_farah/install/ros2_control_demo_example_11/include/ros2_control_demo_example_11/ros2_control_demo_example_11/carlikebot_system.hpp
[5.603s] -- Installing: /home/farah/ws_farah/install/ros2_control_demo_example_11/share/ros2_control_demo_example_11/launch
[5.604s] -- Installing: /home/farah/ws_farah/install/ros2_control_demo_example_11/share/ros2_control_demo_example_11/launch/view_robot.launch.py
[5.604s] -- Installing: /home/farah/ws_farah/install/ros2_control_demo_example_11/share/ros2_control_demo_example_11/ros2_control
[5.604s] -- Installing: /home/farah/ws_farah/install/ros2_control_demo_example_11/share/ros2_control_demo_example_11/ros2_control/carlikebot.ros2_control.xacro
[5.604s] -- Installing: /home/farah/ws_farah/install/ros2_control_demo_example_11/share/ros2_control_demo_example_11/urdf
[5.604s] -- Installing: /home/farah/ws_farah/install/ros2_control_demo_example_11/share/ros2_control_demo_example_11/urdf/carlikebot.urdf.xacro
[5.604s] -- Up-to-date: /home/farah/ws_farah/install/ros2_control_demo_example_11/share/ros2_control_demo_example_11/launch
[5.604s] -- Installing: /home/farah/ws_farah/install/ros2_control_demo_example_11/share/ros2_control_demo_example_11/launch/carlikebot.launch.py
[5.604s] -- Installing: /home/farah/ws_farah/install/ros2_control_demo_example_11/share/ros2_control_demo_example_11/config
[5.604s] -- Installing: /home/farah/ws_farah/install/ros2_control_demo_example_11/share/ros2_control_demo_example_11/config/carlikebot_controllers.yaml
[5.604s] -- Installing: /home/farah/ws_farah/install/ros2_control_demo_example_11/lib/libros2_control_demo_example_11.so
[5.605s] -- Set runtime path of "/home/farah/ws_farah/install/ros2_control_demo_example_11/lib/libros2_control_demo_example_11.so" to ""
[5.605s] -- Installing: /home/farah/ws_farah/install/ros2_control_demo_example_11/share/ros2_control_demo_example_11/environment/library_path.sh
[5.605s] -- Installing: /home/farah/ws_farah/install/ros2_control_demo_example_11/share/ros2_control_demo_example_11/environment/library_path.dsv
[5.605s] -- Installing: /home/farah/ws_farah/install/ros2_control_demo_example_11/share/ament_index/resource_index/package_run_dependencies/ros2_control_demo_example_11
[5.605s] -- Installing: /home/farah/ws_farah/install/ros2_control_demo_example_11/share/ament_index/resource_index/parent_prefix_path/ros2_control_demo_example_11
[5.605s] -- Installing: /home/farah/ws_farah/install/ros2_control_demo_example_11/share/ros2_control_demo_example_11/environment/ament_prefix_path.sh
[5.605s] -- Installing: /home/farah/ws_farah/install/ros2_control_demo_example_11/share/ros2_control_demo_example_11/environment/ament_prefix_path.dsv
[5.606s] -- Installing: /home/farah/ws_farah/install/ros2_control_demo_example_11/share/ros2_control_demo_example_11/environment/path.sh
[5.606s] -- Installing: /home/farah/ws_farah/install/ros2_control_demo_example_11/share/ros2_control_demo_example_11/environment/path.dsv
[5.606s] -- Installing: /home/farah/ws_farah/install/ros2_control_demo_example_11/share/ros2_control_demo_example_11/local_setup.bash
[5.606s] -- Installing: /home/farah/ws_farah/install/ros2_control_demo_example_11/share/ros2_control_demo_example_11/local_setup.sh
[5.606s] -- Installing: /home/farah/ws_farah/install/ros2_control_demo_example_11/share/ros2_control_demo_example_11/local_setup.zsh
[5.606s] -- Installing: /home/farah/ws_farah/install/ros2_control_demo_example_11/share/ros2_control_demo_example_11/local_setup.dsv
[5.606s] -- Installing: /home/farah/ws_farah/install/ros2_control_demo_example_11/share/ros2_control_demo_example_11/package.dsv
[5.606s] -- Installing: /home/farah/ws_farah/install/ros2_control_demo_example_11/share/ament_index/resource_index/packages/ros2_control_demo_example_11
[5.606s] -- Installing: /home/farah/ws_farah/install/ros2_control_demo_example_11/share/ament_index/resource_index/hardware_interface__pluginlib__plugin/ros2_control_demo_example_11
[5.606s] -- Installing: /home/farah/ws_farah/install/ros2_control_demo_example_11/share/ros2_control_demo_example_11/cmake/export_ros2_control_demo_example_11Export.cmake
[5.606s] -- Installing: /home/farah/ws_farah/install/ros2_control_demo_example_11/share/ros2_control_demo_example_11/cmake/export_ros2_control_demo_example_11Export-noconfig.cmake
[5.607s] -- Installing: /home/farah/ws_farah/install/ros2_control_demo_example_11/share/ros2_control_demo_example_11/cmake/ament_cmake_export_targets-extras.cmake
[5.607s] -- Installing: /home/farah/ws_farah/install/ros2_control_demo_example_11/share/ros2_control_demo_example_11/cmake/ament_cmake_export_dependencies-extras.cmake
[5.607s] -- Installing: /home/farah/ws_farah/install/ros2_control_demo_example_11/share/ros2_control_demo_example_11/cmake/ros2_control_demo_example_11Config.cmake
[5.607s] -- Installing: /home/farah/ws_farah/install/ros2_control_demo_example_11/share/ros2_control_demo_example_11/cmake/ros2_control_demo_example_11Config-version.cmake
[5.607s] -- Installing: /home/farah/ws_farah/install/ros2_control_demo_example_11/share/ros2_control_demo_example_11/package.xml
[5.609s] Invoked command in '/home/farah/ws_farah/build/ros2_control_demo_example_11' returned '0': AMENT_PREFIX_PATH=/home/farah/ws_farah/install/bicycle_steering_controller:/home/farah/ws_farah/install/steering_controllers_library:/home/farah/ws_farah/install/joint_state_broadcaster:/home/farah/ws_farah/install/hardware_interface_testing:/home/farah/ws_farah/install/controller_interface:/home/farah/ws_farah/install/ros2controlcli:/home/farah/ws_farah/install/hardware_interface:/home/farah/ws_farah/install/ros2_control_test_assets:/home/farah/ws_farah/install/ros2_control_demo_description:/home/farah/ws_farah/install/controller_manager_msgs:${AMENT_PREFIX_PATH} CMAKE_PREFIX_PATH=/home/farah/ws_farah/install/bicycle_steering_controller:/home/farah/ws_farah/install/steering_controllers_library:/home/farah/ws_farah/install/joint_state_broadcaster:/home/farah/ws_farah/install/hardware_interface_testing:/home/farah/ws_farah/install/controller_interface:/home/farah/ws_farah/install/hardware_interface:/home/farah/ws_farah/install/ros2_control_test_assets:/home/farah/ws_farah/install/ros2_control_demo_description:/home/farah/ws_farah/install/controller_manager_msgs:/opt/ros/humble LD_LIBRARY_PATH=/home/farah/ws_farah/install/bicycle_steering_controller/lib:/home/farah/ws_farah/install/steering_controllers_library/lib:/home/farah/ws_farah/install/joint_state_broadcaster/lib:/home/farah/ws_farah/install/hardware_interface_testing/lib:/home/farah/ws_farah/install/controller_interface/lib:/home/farah/ws_farah/install/hardware_interface/lib:/home/farah/ws_farah/install/controller_manager_msgs/lib:${LD_LIBRARY_PATH} PYTHONPATH=/home/farah/ws_farah/install/ros2controlcli/lib/python3.10/site-packages:/home/farah/ws_farah/install/controller_manager_msgs/local/lib/python3.10/dist-packages:${PYTHONPATH} /usr/bin/cmake --install /home/farah/ws_farah/build/ros2_control_demo_example_11
