[0.009s] Invoking command in '/home/farah/ws_farah/build/bicycle_steering_controller': AMENT_PREFIX_PATH=/home/farah/ws_farah/install/steering_controllers_library:/home/farah/ws_farah/install/hardware_interface_testing:/home/farah/ws_farah/install/controller_interface:/home/farah/ws_farah/install/hardware_interface:/home/farah/ws_farah/install/ros2_control_test_assets:${AMENT_PREFIX_PATH} CMAKE_PREFIX_PATH=/home/farah/ws_farah/install/steering_controllers_library:/home/farah/ws_farah/install/hardware_interface_testing:/home/farah/ws_farah/install/controller_interface:/home/farah/ws_farah/install/hardware_interface:/home/farah/ws_farah/install/ros2_control_test_assets:/opt/ros/humble LD_LIBRARY_PATH=/home/farah/ws_farah/install/steering_controllers_library/lib:/home/farah/ws_farah/install/hardware_interface_testing/lib:/home/farah/ws_farah/install/controller_interface/lib:/home/farah/ws_farah/install/hardware_interface/lib:${LD_LIBRARY_PATH} /usr/bin/cmake /home/farah/ws_farah/src/ros2_controllers/bicycle_steering_controller -DCMAKE_INSTALL_PREFIX=/home/farah/ws_farah/install/bicycle_steering_controller
[0.058s] -- The CXX compiler identification is GNU 11.4.0
[0.064s] -- Detecting CXX compiler ABI info
[0.124s] -- Detecting CXX compiler ABI info - done
[0.130s] -- Check for working CXX compiler: /usr/bin/c++ - skipped
[0.130s] -- Detecting CXX compile features
[0.131s] -- Detecting CXX compile features - done
[0.133s] -- Found ament_cmake: 1.3.11 (/opt/ros/humble/share/ament_cmake/cmake)
[0.409s] -- Found Python3: /usr/bin/python3 (found version "3.10.12") found components: Interpreter 
[0.487s] -- Found controller_interface: 2.50.0 (/home/farah/ws_farah/install/controller_interface/share/controller_interface/cmake)
[0.523s] -- Found rosidl_generator_c: 3.1.6 (/opt/ros/humble/share/rosidl_generator_c/cmake)
[0.527s] -- Found rosidl_adapter: 3.1.6 (/opt/ros/humble/share/rosidl_adapter/cmake)
[0.535s] -- Found rosidl_generator_cpp: 3.1.6 (/opt/ros/humble/share/rosidl_generator_cpp/cmake)
[0.545s] -- Using all available rosidl_typesupport_c: rosidl_typesupport_fastrtps_c;rosidl_typesupport_introspection_c
[0.559s] -- Using all available rosidl_typesupport_cpp: rosidl_typesupport_fastrtps_cpp;rosidl_typesupport_introspection_cpp
[0.736s] -- Found rmw_implementation_cmake: 6.1.2 (/opt/ros/humble/share/rmw_implementation_cmake/cmake)
[0.738s] -- Found rmw_fastrtps_cpp: 6.2.7 (/opt/ros/humble/share/rmw_fastrtps_cpp/cmake)
[0.760s] -- Found TinyXML2 via Config file: TinyXML2_DIR-NOTFOUND
[0.795s] -- Found OpenSSL: /usr/lib/x86_64-linux-gnu/libcrypto.so (found version "3.0.2")  
[0.798s] -- Found TinyXML2 via Config file: TinyXML2_DIR-NOTFOUND
[0.810s] -- Found FastRTPS: /opt/ros/humble/include  
[0.813s] -- Found TinyXML2 via Config file: TinyXML2_DIR-NOTFOUND
[0.820s] -- Found TinyXML2 via Config file: TinyXML2_DIR-NOTFOUND
[0.828s] -- Using RMW implementation 'rmw_fastrtps_cpp' as default
[0.836s] -- Looking for C++ include pthread.h
[0.930s] -- Looking for C++ include pthread.h - found
[0.930s] -- Performing Test CMAKE_HAVE_LIBC_PTHREAD
[1.029s] -- Performing Test CMAKE_HAVE_LIBC_PTHREAD - Success
[1.030s] -- Found Threads: TRUE  
[1.076s] -- Found generate_parameter_library: 0.4.0 (/opt/ros/humble/share/generate_parameter_library/cmake)
[1.078s] -- Found parameter_traits: 0.4.0 (/opt/ros/humble/share/parameter_traits/cmake)
[1.095s] -- Found realtime_tools: 2.13.0 (/opt/ros/humble/share/realtime_tools/cmake)
[1.108s] -- Found std_srvs: 4.8.0 (/opt/ros/humble/share/std_srvs/cmake)
[1.116s] -- Found steering_controllers_library: 2.45.0 (/home/farah/ws_farah/install/steering_controllers_library/share/steering_controllers_library/cmake)
[1.177s] -- Found eigen3_cmake_module: 0.1.1 (/opt/ros/humble/share/eigen3_cmake_module/cmake)
[1.178s] -- Found Eigen3: TRUE (found version "3.4.0") 
[1.178s] -- Ensuring Eigen3 include directory is part of orocos-kdl CMake target
[1.223s] -- Found ament_cmake_gmock: 1.3.11 (/opt/ros/humble/share/ament_cmake_gmock/cmake)
[1.224s] -- Found controller_manager: 2.50.0 (/opt/ros/humble/share/controller_manager/cmake)
[1.246s] -- Found ros2_control_test_assets: 2.50.0 (/home/farah/ws_farah/install/ros2_control_test_assets/share/ros2_control_test_assets/cmake)
[1.248s] -- Found gmock sources under '/opt/ros/humble/src/gmock_vendor': C++ tests using 'Google Mock' will be built
[1.281s] -- The C compiler identification is GNU 11.4.0
[1.287s] -- Detecting C compiler ABI info
[1.358s] -- Detecting C compiler ABI info - done
[1.365s] -- Check for working C compiler: /usr/bin/cc - skipped
[1.365s] -- Detecting C compile features
[1.365s] -- Detecting C compile features - done
[1.369s] -- Found ament_cmake_gtest: 1.3.11 (/opt/ros/humble/share/ament_cmake_gtest/cmake)
[1.370s] -- Found gtest sources under '/opt/ros/humble/src/gtest_vendor': C++ tests using 'Google Test' will be built
[1.394s] -- Found gmock sources under '/opt/ros/humble/src/gmock_vendor': C++ tests using 'Google Mock' will be built
[1.394s] -- Found ament_cmake_gtest: 1.3.11 (/opt/ros/humble/share/ament_cmake_gtest/cmake)
[1.394s] -- Found gtest sources under '/opt/ros/humble/src/gtest_vendor': C++ tests using 'Google Test' will be built
[1.404s] -- Found gmock sources under '/opt/ros/humble/src/gmock_vendor': C++ tests using 'Google Mock' will be built
[1.404s] -- Found ament_cmake_gtest: 1.3.11 (/opt/ros/humble/share/ament_cmake_gtest/cmake)
[1.405s] -- Found gtest sources under '/opt/ros/humble/src/gtest_vendor': C++ tests using 'Google Test' will be built
[1.469s] -- Configuring done
[1.547s] -- Generating done
[1.560s] -- Build files have been written to: /home/farah/ws_farah/build/bicycle_steering_controller
[1.572s] Invoked command in '/home/farah/ws_farah/build/bicycle_steering_controller' returned '0': AMENT_PREFIX_PATH=/home/farah/ws_farah/install/steering_controllers_library:/home/farah/ws_farah/install/hardware_interface_testing:/home/farah/ws_farah/install/controller_interface:/home/farah/ws_farah/install/hardware_interface:/home/farah/ws_farah/install/ros2_control_test_assets:${AMENT_PREFIX_PATH} CMAKE_PREFIX_PATH=/home/farah/ws_farah/install/steering_controllers_library:/home/farah/ws_farah/install/hardware_interface_testing:/home/farah/ws_farah/install/controller_interface:/home/farah/ws_farah/install/hardware_interface:/home/farah/ws_farah/install/ros2_control_test_assets:/opt/ros/humble LD_LIBRARY_PATH=/home/farah/ws_farah/install/steering_controllers_library/lib:/home/farah/ws_farah/install/hardware_interface_testing/lib:/home/farah/ws_farah/install/controller_interface/lib:/home/farah/ws_farah/install/hardware_interface/lib:${LD_LIBRARY_PATH} /usr/bin/cmake /home/farah/ws_farah/src/ros2_controllers/bicycle_steering_controller -DCMAKE_INSTALL_PREFIX=/home/farah/ws_farah/install/bicycle_steering_controller
[1.573s] Invoking command in '/home/farah/ws_farah/build/bicycle_steering_controller': AMENT_PREFIX_PATH=/home/farah/ws_farah/install/steering_controllers_library:/home/farah/ws_farah/install/hardware_interface_testing:/home/farah/ws_farah/install/controller_interface:/home/farah/ws_farah/install/hardware_interface:/home/farah/ws_farah/install/ros2_control_test_assets:${AMENT_PREFIX_PATH} CMAKE_PREFIX_PATH=/home/farah/ws_farah/install/steering_controllers_library:/home/farah/ws_farah/install/hardware_interface_testing:/home/farah/ws_farah/install/controller_interface:/home/farah/ws_farah/install/hardware_interface:/home/farah/ws_farah/install/ros2_control_test_assets:/opt/ros/humble LD_LIBRARY_PATH=/home/farah/ws_farah/install/steering_controllers_library/lib:/home/farah/ws_farah/install/hardware_interface_testing/lib:/home/farah/ws_farah/install/controller_interface/lib:/home/farah/ws_farah/install/hardware_interface/lib:${LD_LIBRARY_PATH} /usr/bin/cmake --build /home/farah/ws_farah/build/bicycle_steering_controller -- -j8 -l8
[1.612s] [ 23%] [32mBuilding CXX object gmock/CMakeFiles/gmock.dir/src/gmock-all.cc.o[0m
[1.612s] [ 23%] [34m[1mRunning `/opt/ros/humble/bin/generate_parameter_library_cpp /home/farah/ws_farah/build/bicycle_steering_controller/include/bicycle_steering_controller/bicycle_steering_controller_parameters.hpp /home/farah/ws_farah/src/ros2_controllers/bicycle_steering_controller/src/bicycle_steering_controller.yaml `[0m
[1.612s] [ 23%] [32mBuilding CXX object gmock/CMakeFiles/gmock.dir/opt/ros/humble/src/gtest_vendor/src/gtest-all.cc.o[0m
[1.803s] [ 30%] [34m[1mCreating deprecated header file /home/farah/ws_farah/build/bicycle_steering_controller/include/bicycle_steering_controller_parameters.hpp[0m
[1.837s] [ 30%] Built target bicycle_steering_controller_parameters
[1.856s] [ 38%] [32mBuilding CXX object CMakeFiles/bicycle_steering_controller.dir/src/bicycle_steering_controller.cpp.o[0m
[4.503s] [ 46%] [32m[1mLinking CXX static library libgmock.a[0m
[4.555s] [ 46%] Built target gmock
[4.572s] [ 53%] [32mBuilding CXX object CMakeFiles/test_load_bicycle_steering_controller.dir/test/test_load_bicycle_steering_controller.cpp.o[0m
[5.277s] [ 61%] [32m[1mLinking CXX shared library libbicycle_steering_controller.so[0m
[5.776s] [ 61%] Built target bicycle_steering_controller
[5.794s] [ 76%] [32mBuilding CXX object CMakeFiles/test_bicycle_steering_controller_preceding.dir/test/test_bicycle_steering_controller_preceding.cpp.o[0m
[5.794s] [ 76%] [32mBuilding CXX object CMakeFiles/test_bicycle_steering_controller.dir/test/test_bicycle_steering_controller.cpp.o[0m
[9.395s] [ 84%] [32m[1mLinking CXX executable test_load_bicycle_steering_controller[0m
[9.846s] [ 84%] Built target test_load_bicycle_steering_controller
[11.485s] [ 92%] [32m[1mLinking CXX executable test_bicycle_steering_controller_preceding[0m
[12.221s] [ 92%] Built target test_bicycle_steering_controller_preceding
[15.382s] [100%] [32m[1mLinking CXX executable test_bicycle_steering_controller[0m
[16.449s] [100%] Built target test_bicycle_steering_controller
[16.458s] Invoked command in '/home/farah/ws_farah/build/bicycle_steering_controller' returned '0': AMENT_PREFIX_PATH=/home/farah/ws_farah/install/steering_controllers_library:/home/farah/ws_farah/install/hardware_interface_testing:/home/farah/ws_farah/install/controller_interface:/home/farah/ws_farah/install/hardware_interface:/home/farah/ws_farah/install/ros2_control_test_assets:${AMENT_PREFIX_PATH} CMAKE_PREFIX_PATH=/home/farah/ws_farah/install/steering_controllers_library:/home/farah/ws_farah/install/hardware_interface_testing:/home/farah/ws_farah/install/controller_interface:/home/farah/ws_farah/install/hardware_interface:/home/farah/ws_farah/install/ros2_control_test_assets:/opt/ros/humble LD_LIBRARY_PATH=/home/farah/ws_farah/install/steering_controllers_library/lib:/home/farah/ws_farah/install/hardware_interface_testing/lib:/home/farah/ws_farah/install/controller_interface/lib:/home/farah/ws_farah/install/hardware_interface/lib:${LD_LIBRARY_PATH} /usr/bin/cmake --build /home/farah/ws_farah/build/bicycle_steering_controller -- -j8 -l8
[16.459s] Invoking command in '/home/farah/ws_farah/build/bicycle_steering_controller': AMENT_PREFIX_PATH=/home/farah/ws_farah/install/steering_controllers_library:/home/farah/ws_farah/install/hardware_interface_testing:/home/farah/ws_farah/install/controller_interface:/home/farah/ws_farah/install/hardware_interface:/home/farah/ws_farah/install/ros2_control_test_assets:${AMENT_PREFIX_PATH} CMAKE_PREFIX_PATH=/home/farah/ws_farah/install/steering_controllers_library:/home/farah/ws_farah/install/hardware_interface_testing:/home/farah/ws_farah/install/controller_interface:/home/farah/ws_farah/install/hardware_interface:/home/farah/ws_farah/install/ros2_control_test_assets:/opt/ros/humble LD_LIBRARY_PATH=/home/farah/ws_farah/install/steering_controllers_library/lib:/home/farah/ws_farah/install/hardware_interface_testing/lib:/home/farah/ws_farah/install/controller_interface/lib:/home/farah/ws_farah/install/hardware_interface/lib:${LD_LIBRARY_PATH} /usr/bin/cmake --install /home/farah/ws_farah/build/bicycle_steering_controller
[16.464s] -- Install configuration: ""
[16.465s] -- Installing: /home/farah/ws_farah/install/bicycle_steering_controller/include/bicycle_steering_controller
[16.465s] -- Installing: /home/farah/ws_farah/install/bicycle_steering_controller/include/bicycle_steering_controller/bicycle_steering_controller_parameters.hpp
[16.465s] -- Installing: /home/farah/ws_farah/install/bicycle_steering_controller/share/bicycle_steering_controller/bicycle_steering_controller.xml
[16.465s] -- Up-to-date: /home/farah/ws_farah/install/bicycle_steering_controller/include/bicycle_steering_controller
[16.465s] -- Installing: /home/farah/ws_farah/install/bicycle_steering_controller/include/bicycle_steering_controller/bicycle_steering_controller
[16.465s] -- Installing: /home/farah/ws_farah/install/bicycle_steering_controller/include/bicycle_steering_controller/bicycle_steering_controller/bicycle_steering_controller.hpp
[16.465s] -- Installing: /home/farah/ws_farah/install/bicycle_steering_controller/include/bicycle_steering_controller/bicycle_steering_controller/visibility_control.h
[16.465s] -- Installing: /home/farah/ws_farah/install/bicycle_steering_controller/lib/libbicycle_steering_controller.so
[16.466s] -- Set runtime path of "/home/farah/ws_farah/install/bicycle_steering_controller/lib/libbicycle_steering_controller.so" to ""
[16.466s] -- Installing: /home/farah/ws_farah/install/bicycle_steering_controller/share/bicycle_steering_controller/environment/library_path.sh
[16.466s] -- Installing: /home/farah/ws_farah/install/bicycle_steering_controller/share/bicycle_steering_controller/environment/library_path.dsv
[16.466s] -- Installing: /home/farah/ws_farah/install/bicycle_steering_controller/share/ament_index/resource_index/package_run_dependencies/bicycle_steering_controller
[16.466s] -- Installing: /home/farah/ws_farah/install/bicycle_steering_controller/share/ament_index/resource_index/parent_prefix_path/bicycle_steering_controller
[16.466s] -- Installing: /home/farah/ws_farah/install/bicycle_steering_controller/share/bicycle_steering_controller/environment/ament_prefix_path.sh
[16.466s] -- Installing: /home/farah/ws_farah/install/bicycle_steering_controller/share/bicycle_steering_controller/environment/ament_prefix_path.dsv
[16.466s] -- Installing: /home/farah/ws_farah/install/bicycle_steering_controller/share/bicycle_steering_controller/environment/path.sh
[16.467s] -- Installing: /home/farah/ws_farah/install/bicycle_steering_controller/share/bicycle_steering_controller/environment/path.dsv
[16.467s] -- Installing: /home/farah/ws_farah/install/bicycle_steering_controller/share/bicycle_steering_controller/local_setup.bash
[16.467s] -- Installing: /home/farah/ws_farah/install/bicycle_steering_controller/share/bicycle_steering_controller/local_setup.sh
[16.467s] -- Installing: /home/farah/ws_farah/install/bicycle_steering_controller/share/bicycle_steering_controller/local_setup.zsh
[16.467s] -- Installing: /home/farah/ws_farah/install/bicycle_steering_controller/share/bicycle_steering_controller/local_setup.dsv
[16.467s] -- Installing: /home/farah/ws_farah/install/bicycle_steering_controller/share/bicycle_steering_controller/package.dsv
[16.467s] -- Installing: /home/farah/ws_farah/install/bicycle_steering_controller/share/ament_index/resource_index/packages/bicycle_steering_controller
[16.467s] -- Installing: /home/farah/ws_farah/install/bicycle_steering_controller/share/ament_index/resource_index/controller_interface__pluginlib__plugin/bicycle_steering_controller
[16.468s] -- Installing: /home/farah/ws_farah/install/bicycle_steering_controller/share/bicycle_steering_controller/cmake/export_bicycle_steering_controllerExport.cmake
[16.468s] -- Installing: /home/farah/ws_farah/install/bicycle_steering_controller/share/bicycle_steering_controller/cmake/export_bicycle_steering_controllerExport-noconfig.cmake
[16.468s] -- Installing: /home/farah/ws_farah/install/bicycle_steering_controller/share/bicycle_steering_controller/cmake/ament_cmake_export_dependencies-extras.cmake
[16.468s] -- Installing: /home/farah/ws_farah/install/bicycle_steering_controller/share/bicycle_steering_controller/cmake/ament_cmake_export_targets-extras.cmake
[16.468s] -- Installing: /home/farah/ws_farah/install/bicycle_steering_controller/share/bicycle_steering_controller/cmake/bicycle_steering_controllerConfig.cmake
[16.468s] -- Installing: /home/farah/ws_farah/install/bicycle_steering_controller/share/bicycle_steering_controller/cmake/bicycle_steering_controllerConfig-version.cmake
[16.468s] -- Installing: /home/farah/ws_farah/install/bicycle_steering_controller/share/bicycle_steering_controller/package.xml
[16.470s] Invoked command in '/home/farah/ws_farah/build/bicycle_steering_controller' returned '0': AMENT_PREFIX_PATH=/home/farah/ws_farah/install/steering_controllers_library:/home/farah/ws_farah/install/hardware_interface_testing:/home/farah/ws_farah/install/controller_interface:/home/farah/ws_farah/install/hardware_interface:/home/farah/ws_farah/install/ros2_control_test_assets:${AMENT_PREFIX_PATH} CMAKE_PREFIX_PATH=/home/farah/ws_farah/install/steering_controllers_library:/home/farah/ws_farah/install/hardware_interface_testing:/home/farah/ws_farah/install/controller_interface:/home/farah/ws_farah/install/hardware_interface:/home/farah/ws_farah/install/ros2_control_test_assets:/opt/ros/humble LD_LIBRARY_PATH=/home/farah/ws_farah/install/steering_controllers_library/lib:/home/farah/ws_farah/install/hardware_interface_testing/lib:/home/farah/ws_farah/install/controller_interface/lib:/home/farah/ws_farah/install/hardware_interface/lib:${LD_LIBRARY_PATH} /usr/bin/cmake --install /home/farah/ws_farah/build/bicycle_steering_controller
