[0.014s] Invoking command in '/home/farah/ws_farah/build/ros2_control_demo_example_2': AMENT_PREFIX_PATH=/home/farah/ws_farah/install/joint_state_broadcaster:/home/farah/ws_farah/install/diff_drive_controller:/home/farah/ws_farah/install/hardware_interface_testing:/home/farah/ws_farah/install/controller_interface:/home/farah/ws_farah/install/ros2controlcli:/home/farah/ws_farah/install/hardware_interface:/home/farah/ws_farah/install/ros2_controllers_test_nodes:/home/farah/ws_farah/install/ros2_control_test_assets:/home/farah/ws_farah/install/ros2_control_demo_description:/home/farah/ws_farah/install/controller_manager_msgs:${AMENT_PREFIX_PATH} CMAKE_PREFIX_PATH=/home/farah/ws_farah/install/joint_state_broadcaster:/home/farah/ws_farah/install/diff_drive_controller:/home/farah/ws_farah/install/hardware_interface_testing:/home/farah/ws_farah/install/controller_interface:/home/farah/ws_farah/install/hardware_interface:/home/farah/ws_farah/install/ros2_control_test_assets:/home/farah/ws_farah/install/ros2_control_demo_description:/home/farah/ws_farah/install/controller_manager_msgs:/opt/ros/humble LD_LIBRARY_PATH=/home/farah/ws_farah/install/joint_state_broadcaster/lib:/home/farah/ws_farah/install/diff_drive_controller/lib:/home/farah/ws_farah/install/hardware_interface_testing/lib:/home/farah/ws_farah/install/controller_interface/lib:/home/farah/ws_farah/install/hardware_interface/lib:/home/farah/ws_farah/install/controller_manager_msgs/lib:${LD_LIBRARY_PATH} PYTHONPATH=/home/farah/ws_farah/install/ros2controlcli/lib/python3.10/site-packages:/home/farah/ws_farah/install/ros2_controllers_test_nodes/lib/python3.10/site-packages:/home/farah/ws_farah/install/controller_manager_msgs/local/lib/python3.10/dist-packages:${PYTHONPATH} /usr/bin/cmake /home/farah/ws_farah/src/ros2_control_demos/example_2 -DCMAKE_INSTALL_PREFIX=/home/farah/ws_farah/install/ros2_control_demo_example_2
[0.064s] -- The CXX compiler identification is GNU 11.4.0
[0.070s] -- Detecting CXX compiler ABI info
[0.130s] -- Detecting CXX compiler ABI info - done
[0.137s] -- Check for working CXX compiler: /usr/bin/c++ - skipped
[0.137s] -- Detecting CXX compile features
[0.137s] -- Detecting CXX compile features - done
[0.141s] -- Found ament_cmake: 1.3.11 (/opt/ros/humble/share/ament_cmake/cmake)
[0.425s] -- Found Python3: /usr/bin/python3 (found version "3.10.12") found components: Interpreter 
[0.503s] -- Found hardware_interface: 2.50.0 (/home/farah/ws_farah/install/hardware_interface/share/hardware_interface/cmake)
[0.540s] -- Found rosidl_generator_c: 3.1.6 (/opt/ros/humble/share/rosidl_generator_c/cmake)
[0.545s] -- Found rosidl_adapter: 3.1.6 (/opt/ros/humble/share/rosidl_adapter/cmake)
[0.552s] -- Found rosidl_generator_cpp: 3.1.6 (/opt/ros/humble/share/rosidl_generator_cpp/cmake)
[0.564s] -- Using all available rosidl_typesupport_c: rosidl_typesupport_fastrtps_c;rosidl_typesupport_introspection_c
[0.578s] -- Using all available rosidl_typesupport_cpp: rosidl_typesupport_fastrtps_cpp;rosidl_typesupport_introspection_cpp
[0.761s] -- Found rmw_implementation_cmake: 6.1.2 (/opt/ros/humble/share/rmw_implementation_cmake/cmake)
[0.764s] -- Found rmw_fastrtps_cpp: 6.2.7 (/opt/ros/humble/share/rmw_fastrtps_cpp/cmake)
[0.791s] -- Found TinyXML2 via Config file: TinyXML2_DIR-NOTFOUND
[0.832s] -- Found OpenSSL: /usr/lib/x86_64-linux-gnu/libcrypto.so (found version "3.0.2")  
[0.835s] -- Found TinyXML2 via Config file: TinyXML2_DIR-NOTFOUND
[0.847s] -- Found FastRTPS: /opt/ros/humble/include  
[0.851s] -- Found TinyXML2 via Config file: TinyXML2_DIR-NOTFOUND
[0.858s] -- Found TinyXML2 via Config file: TinyXML2_DIR-NOTFOUND
[0.867s] -- Using RMW implementation 'rmw_fastrtps_cpp' as default
[0.876s] -- Looking for C++ include pthread.h
[0.966s] -- Looking for C++ include pthread.h - found
[0.967s] -- Performing Test CMAKE_HAVE_LIBC_PTHREAD
[1.056s] -- Performing Test CMAKE_HAVE_LIBC_PTHREAD - Success
[1.057s] -- Found Threads: TRUE  
[1.105s] -- Found ament_cmake_pytest: 1.3.11 (/opt/ros/humble/share/ament_cmake_pytest/cmake)
[1.974s] -- Configuring done
[1.995s] -- Generating done
[2.002s] -- Build files have been written to: /home/farah/ws_farah/build/ros2_control_demo_example_2
[2.011s] Invoked command in '/home/farah/ws_farah/build/ros2_control_demo_example_2' returned '0': AMENT_PREFIX_PATH=/home/farah/ws_farah/install/joint_state_broadcaster:/home/farah/ws_farah/install/diff_drive_controller:/home/farah/ws_farah/install/hardware_interface_testing:/home/farah/ws_farah/install/controller_interface:/home/farah/ws_farah/install/ros2controlcli:/home/farah/ws_farah/install/hardware_interface:/home/farah/ws_farah/install/ros2_controllers_test_nodes:/home/farah/ws_farah/install/ros2_control_test_assets:/home/farah/ws_farah/install/ros2_control_demo_description:/home/farah/ws_farah/install/controller_manager_msgs:${AMENT_PREFIX_PATH} CMAKE_PREFIX_PATH=/home/farah/ws_farah/install/joint_state_broadcaster:/home/farah/ws_farah/install/diff_drive_controller:/home/farah/ws_farah/install/hardware_interface_testing:/home/farah/ws_farah/install/controller_interface:/home/farah/ws_farah/install/hardware_interface:/home/farah/ws_farah/install/ros2_control_test_assets:/home/farah/ws_farah/install/ros2_control_demo_description:/home/farah/ws_farah/install/controller_manager_msgs:/opt/ros/humble LD_LIBRARY_PATH=/home/farah/ws_farah/install/joint_state_broadcaster/lib:/home/farah/ws_farah/install/diff_drive_controller/lib:/home/farah/ws_farah/install/hardware_interface_testing/lib:/home/farah/ws_farah/install/controller_interface/lib:/home/farah/ws_farah/install/hardware_interface/lib:/home/farah/ws_farah/install/controller_manager_msgs/lib:${LD_LIBRARY_PATH} PYTHONPATH=/home/farah/ws_farah/install/ros2controlcli/lib/python3.10/site-packages:/home/farah/ws_farah/install/ros2_controllers_test_nodes/lib/python3.10/site-packages:/home/farah/ws_farah/install/controller_manager_msgs/local/lib/python3.10/dist-packages:${PYTHONPATH} /usr/bin/cmake /home/farah/ws_farah/src/ros2_control_demos/example_2 -DCMAKE_INSTALL_PREFIX=/home/farah/ws_farah/install/ros2_control_demo_example_2
[2.011s] Invoking command in '/home/farah/ws_farah/build/ros2_control_demo_example_2': AMENT_PREFIX_PATH=/home/farah/ws_farah/install/joint_state_broadcaster:/home/farah/ws_farah/install/diff_drive_controller:/home/farah/ws_farah/install/hardware_interface_testing:/home/farah/ws_farah/install/controller_interface:/home/farah/ws_farah/install/ros2controlcli:/home/farah/ws_farah/install/hardware_interface:/home/farah/ws_farah/install/ros2_controllers_test_nodes:/home/farah/ws_farah/install/ros2_control_test_assets:/home/farah/ws_farah/install/ros2_control_demo_description:/home/farah/ws_farah/install/controller_manager_msgs:${AMENT_PREFIX_PATH} CMAKE_PREFIX_PATH=/home/farah/ws_farah/install/joint_state_broadcaster:/home/farah/ws_farah/install/diff_drive_controller:/home/farah/ws_farah/install/hardware_interface_testing:/home/farah/ws_farah/install/controller_interface:/home/farah/ws_farah/install/hardware_interface:/home/farah/ws_farah/install/ros2_control_test_assets:/home/farah/ws_farah/install/ros2_control_demo_description:/home/farah/ws_farah/install/controller_manager_msgs:/opt/ros/humble LD_LIBRARY_PATH=/home/farah/ws_farah/install/joint_state_broadcaster/lib:/home/farah/ws_farah/install/diff_drive_controller/lib:/home/farah/ws_farah/install/hardware_interface_testing/lib:/home/farah/ws_farah/install/controller_interface/lib:/home/farah/ws_farah/install/hardware_interface/lib:/home/farah/ws_farah/install/controller_manager_msgs/lib:${LD_LIBRARY_PATH} PYTHONPATH=/home/farah/ws_farah/install/ros2controlcli/lib/python3.10/site-packages:/home/farah/ws_farah/install/ros2_controllers_test_nodes/lib/python3.10/site-packages:/home/farah/ws_farah/install/controller_manager_msgs/local/lib/python3.10/dist-packages:${PYTHONPATH} /usr/bin/cmake --build /home/farah/ws_farah/build/ros2_control_demo_example_2 -- -j8 -l8
[2.050s] [ 50%] [32mBuilding CXX object CMakeFiles/ros2_control_demo_example_2.dir/hardware/diffbot_system.cpp.o[0m
[4.985s] [100%] [32m[1mLinking CXX shared library libros2_control_demo_example_2.so[0m
[5.184s] [100%] Built target ros2_control_demo_example_2
[5.192s] Invoked command in '/home/farah/ws_farah/build/ros2_control_demo_example_2' returned '0': AMENT_PREFIX_PATH=/home/farah/ws_farah/install/joint_state_broadcaster:/home/farah/ws_farah/install/diff_drive_controller:/home/farah/ws_farah/install/hardware_interface_testing:/home/farah/ws_farah/install/controller_interface:/home/farah/ws_farah/install/ros2controlcli:/home/farah/ws_farah/install/hardware_interface:/home/farah/ws_farah/install/ros2_controllers_test_nodes:/home/farah/ws_farah/install/ros2_control_test_assets:/home/farah/ws_farah/install/ros2_control_demo_description:/home/farah/ws_farah/install/controller_manager_msgs:${AMENT_PREFIX_PATH} CMAKE_PREFIX_PATH=/home/farah/ws_farah/install/joint_state_broadcaster:/home/farah/ws_farah/install/diff_drive_controller:/home/farah/ws_farah/install/hardware_interface_testing:/home/farah/ws_farah/install/controller_interface:/home/farah/ws_farah/install/hardware_interface:/home/farah/ws_farah/install/ros2_control_test_assets:/home/farah/ws_farah/install/ros2_control_demo_description:/home/farah/ws_farah/install/controller_manager_msgs:/opt/ros/humble LD_LIBRARY_PATH=/home/farah/ws_farah/install/joint_state_broadcaster/lib:/home/farah/ws_farah/install/diff_drive_controller/lib:/home/farah/ws_farah/install/hardware_interface_testing/lib:/home/farah/ws_farah/install/controller_interface/lib:/home/farah/ws_farah/install/hardware_interface/lib:/home/farah/ws_farah/install/controller_manager_msgs/lib:${LD_LIBRARY_PATH} PYTHONPATH=/home/farah/ws_farah/install/ros2controlcli/lib/python3.10/site-packages:/home/farah/ws_farah/install/ros2_controllers_test_nodes/lib/python3.10/site-packages:/home/farah/ws_farah/install/controller_manager_msgs/local/lib/python3.10/dist-packages:${PYTHONPATH} /usr/bin/cmake --build /home/farah/ws_farah/build/ros2_control_demo_example_2 -- -j8 -l8
[5.193s] Invoking command in '/home/farah/ws_farah/build/ros2_control_demo_example_2': AMENT_PREFIX_PATH=/home/farah/ws_farah/install/joint_state_broadcaster:/home/farah/ws_farah/install/diff_drive_controller:/home/farah/ws_farah/install/hardware_interface_testing:/home/farah/ws_farah/install/controller_interface:/home/farah/ws_farah/install/ros2controlcli:/home/farah/ws_farah/install/hardware_interface:/home/farah/ws_farah/install/ros2_controllers_test_nodes:/home/farah/ws_farah/install/ros2_control_test_assets:/home/farah/ws_farah/install/ros2_control_demo_description:/home/farah/ws_farah/install/controller_manager_msgs:${AMENT_PREFIX_PATH} CMAKE_PREFIX_PATH=/home/farah/ws_farah/install/joint_state_broadcaster:/home/farah/ws_farah/install/diff_drive_controller:/home/farah/ws_farah/install/hardware_interface_testing:/home/farah/ws_farah/install/controller_interface:/home/farah/ws_farah/install/hardware_interface:/home/farah/ws_farah/install/ros2_control_test_assets:/home/farah/ws_farah/install/ros2_control_demo_description:/home/farah/ws_farah/install/controller_manager_msgs:/opt/ros/humble LD_LIBRARY_PATH=/home/farah/ws_farah/install/joint_state_broadcaster/lib:/home/farah/ws_farah/install/diff_drive_controller/lib:/home/farah/ws_farah/install/hardware_interface_testing/lib:/home/farah/ws_farah/install/controller_interface/lib:/home/farah/ws_farah/install/hardware_interface/lib:/home/farah/ws_farah/install/controller_manager_msgs/lib:${LD_LIBRARY_PATH} PYTHONPATH=/home/farah/ws_farah/install/ros2controlcli/lib/python3.10/site-packages:/home/farah/ws_farah/install/ros2_controllers_test_nodes/lib/python3.10/site-packages:/home/farah/ws_farah/install/controller_manager_msgs/local/lib/python3.10/dist-packages:${PYTHONPATH} /usr/bin/cmake --install /home/farah/ws_farah/build/ros2_control_demo_example_2
[5.200s] -- Install configuration: ""
[5.200s] -- Installing: /home/farah/ws_farah/install/ros2_control_demo_example_2/share/ros2_control_demo_example_2/ros2_control_demo_example_2.xml
[5.200s] -- Installing: /home/farah/ws_farah/install/ros2_control_demo_example_2/include/ros2_control_demo_example_2
[5.200s] -- Installing: /home/farah/ws_farah/install/ros2_control_demo_example_2/include/ros2_control_demo_example_2/ros2_control_demo_example_2
[5.200s] -- Installing: /home/farah/ws_farah/install/ros2_control_demo_example_2/include/ros2_control_demo_example_2/ros2_control_demo_example_2/diffbot_system.hpp
[5.200s] -- Installing: /home/farah/ws_farah/install/ros2_control_demo_example_2/share/ros2_control_demo_example_2/launch
[5.200s] -- Installing: /home/farah/ws_farah/install/ros2_control_demo_example_2/share/ros2_control_demo_example_2/launch/view_robot.launch.py
[5.200s] -- Installing: /home/farah/ws_farah/install/ros2_control_demo_example_2/share/ros2_control_demo_example_2/ros2_control
[5.200s] -- Installing: /home/farah/ws_farah/install/ros2_control_demo_example_2/share/ros2_control_demo_example_2/ros2_control/diffbot.ros2_control.xacro
[5.200s] -- Installing: /home/farah/ws_farah/install/ros2_control_demo_example_2/share/ros2_control_demo_example_2/urdf
[5.200s] -- Installing: /home/farah/ws_farah/install/ros2_control_demo_example_2/share/ros2_control_demo_example_2/urdf/diffbot.urdf.xacro
[5.200s] -- Up-to-date: /home/farah/ws_farah/install/ros2_control_demo_example_2/share/ros2_control_demo_example_2/launch
[5.200s] -- Installing: /home/farah/ws_farah/install/ros2_control_demo_example_2/share/ros2_control_demo_example_2/launch/diffbot.launch.py
[5.201s] -- Installing: /home/farah/ws_farah/install/ros2_control_demo_example_2/share/ros2_control_demo_example_2/config
[5.201s] -- Installing: /home/farah/ws_farah/install/ros2_control_demo_example_2/share/ros2_control_demo_example_2/config/diffbot_controllers.yaml
[5.201s] -- Installing: /home/farah/ws_farah/install/ros2_control_demo_example_2/lib/libros2_control_demo_example_2.so
[5.201s] -- Set runtime path of "/home/farah/ws_farah/install/ros2_control_demo_example_2/lib/libros2_control_demo_example_2.so" to ""
[5.201s] -- Installing: /home/farah/ws_farah/install/ros2_control_demo_example_2/share/ros2_control_demo_example_2/environment/library_path.sh
[5.201s] -- Installing: /home/farah/ws_farah/install/ros2_control_demo_example_2/share/ros2_control_demo_example_2/environment/library_path.dsv
[5.201s] -- Installing: /home/farah/ws_farah/install/ros2_control_demo_example_2/share/ament_index/resource_index/package_run_dependencies/ros2_control_demo_example_2
[5.202s] -- Installing: /home/farah/ws_farah/install/ros2_control_demo_example_2/share/ament_index/resource_index/parent_prefix_path/ros2_control_demo_example_2
[5.202s] -- Installing: /home/farah/ws_farah/install/ros2_control_demo_example_2/share/ros2_control_demo_example_2/environment/ament_prefix_path.sh
[5.202s] -- Installing: /home/farah/ws_farah/install/ros2_control_demo_example_2/share/ros2_control_demo_example_2/environment/ament_prefix_path.dsv
[5.202s] -- Installing: /home/farah/ws_farah/install/ros2_control_demo_example_2/share/ros2_control_demo_example_2/environment/path.sh
[5.202s] -- Installing: /home/farah/ws_farah/install/ros2_control_demo_example_2/share/ros2_control_demo_example_2/environment/path.dsv
[5.202s] -- Installing: /home/farah/ws_farah/install/ros2_control_demo_example_2/share/ros2_control_demo_example_2/local_setup.bash
[5.202s] -- Installing: /home/farah/ws_farah/install/ros2_control_demo_example_2/share/ros2_control_demo_example_2/local_setup.sh
[5.202s] -- Installing: /home/farah/ws_farah/install/ros2_control_demo_example_2/share/ros2_control_demo_example_2/local_setup.zsh
[5.202s] -- Installing: /home/farah/ws_farah/install/ros2_control_demo_example_2/share/ros2_control_demo_example_2/local_setup.dsv
[5.202s] -- Installing: /home/farah/ws_farah/install/ros2_control_demo_example_2/share/ros2_control_demo_example_2/package.dsv
[5.202s] -- Installing: /home/farah/ws_farah/install/ros2_control_demo_example_2/share/ament_index/resource_index/packages/ros2_control_demo_example_2
[5.203s] -- Installing: /home/farah/ws_farah/install/ros2_control_demo_example_2/share/ament_index/resource_index/hardware_interface__pluginlib__plugin/ros2_control_demo_example_2
[5.203s] -- Installing: /home/farah/ws_farah/install/ros2_control_demo_example_2/share/ros2_control_demo_example_2/cmake/export_ros2_control_demo_example_2Export.cmake
[5.203s] -- Installing: /home/farah/ws_farah/install/ros2_control_demo_example_2/share/ros2_control_demo_example_2/cmake/export_ros2_control_demo_example_2Export-noconfig.cmake
[5.203s] -- Installing: /home/farah/ws_farah/install/ros2_control_demo_example_2/share/ros2_control_demo_example_2/cmake/ament_cmake_export_targets-extras.cmake
[5.203s] -- Installing: /home/farah/ws_farah/install/ros2_control_demo_example_2/share/ros2_control_demo_example_2/cmake/ament_cmake_export_dependencies-extras.cmake
[5.203s] -- Installing: /home/farah/ws_farah/install/ros2_control_demo_example_2/share/ros2_control_demo_example_2/cmake/ros2_control_demo_example_2Config.cmake
[5.203s] -- Installing: /home/farah/ws_farah/install/ros2_control_demo_example_2/share/ros2_control_demo_example_2/cmake/ros2_control_demo_example_2Config-version.cmake
[5.203s] -- Installing: /home/farah/ws_farah/install/ros2_control_demo_example_2/share/ros2_control_demo_example_2/package.xml
[5.205s] Invoked command in '/home/farah/ws_farah/build/ros2_control_demo_example_2' returned '0': AMENT_PREFIX_PATH=/home/farah/ws_farah/install/joint_state_broadcaster:/home/farah/ws_farah/install/diff_drive_controller:/home/farah/ws_farah/install/hardware_interface_testing:/home/farah/ws_farah/install/controller_interface:/home/farah/ws_farah/install/ros2controlcli:/home/farah/ws_farah/install/hardware_interface:/home/farah/ws_farah/install/ros2_controllers_test_nodes:/home/farah/ws_farah/install/ros2_control_test_assets:/home/farah/ws_farah/install/ros2_control_demo_description:/home/farah/ws_farah/install/controller_manager_msgs:${AMENT_PREFIX_PATH} CMAKE_PREFIX_PATH=/home/farah/ws_farah/install/joint_state_broadcaster:/home/farah/ws_farah/install/diff_drive_controller:/home/farah/ws_farah/install/hardware_interface_testing:/home/farah/ws_farah/install/controller_interface:/home/farah/ws_farah/install/hardware_interface:/home/farah/ws_farah/install/ros2_control_test_assets:/home/farah/ws_farah/install/ros2_control_demo_description:/home/farah/ws_farah/install/controller_manager_msgs:/opt/ros/humble LD_LIBRARY_PATH=/home/farah/ws_farah/install/joint_state_broadcaster/lib:/home/farah/ws_farah/install/diff_drive_controller/lib:/home/farah/ws_farah/install/hardware_interface_testing/lib:/home/farah/ws_farah/install/controller_interface/lib:/home/farah/ws_farah/install/hardware_interface/lib:/home/farah/ws_farah/install/controller_manager_msgs/lib:${LD_LIBRARY_PATH} PYTHONPATH=/home/farah/ws_farah/install/ros2controlcli/lib/python3.10/site-packages:/home/farah/ws_farah/install/ros2_controllers_test_nodes/lib/python3.10/site-packages:/home/farah/ws_farah/install/controller_manager_msgs/local/lib/python3.10/dist-packages:${PYTHONPATH} /usr/bin/cmake --install /home/farah/ws_farah/build/ros2_control_demo_example_2
