/home/farah/ws_farah/install/temp_teleop/lib/python3.10/site-packages/temp_teleop/serial_test.py
/home/farah/ws_farah/install/temp_teleop/lib/python3.10/site-packages/temp_teleop/arduino.py
/home/farah/ws_farah/install/temp_teleop/lib/python3.10/site-packages/temp_teleop/auton.py
/home/farah/ws_farah/install/temp_teleop/lib/python3.10/site-packages/temp_teleop/__init__.py
/home/farah/ws_farah/install/temp_teleop/lib/python3.10/site-packages/temp_teleop/submit.py
/home/farah/ws_farah/install/temp_teleop/lib/python3.10/site-packages/temp_teleop/__pycache__/serial_test.cpython-310.pyc
/home/farah/ws_farah/install/temp_teleop/lib/python3.10/site-packages/temp_teleop/__pycache__/arduino.cpython-310.pyc
/home/farah/ws_farah/install/temp_teleop/lib/python3.10/site-packages/temp_teleop/__pycache__/auton.cpython-310.pyc
/home/farah/ws_farah/install/temp_teleop/lib/python3.10/site-packages/temp_teleop/__pycache__/__init__.cpython-310.pyc
/home/farah/ws_farah/install/temp_teleop/lib/python3.10/site-packages/temp_teleop/__pycache__/submit.cpython-310.pyc
/home/farah/ws_farah/install/temp_teleop/share/ament_index/resource_index/packages/temp_teleop
/home/farah/ws_farah/install/temp_teleop/share/temp_teleop/package.xml
/home/farah/ws_farah/install/temp_teleop/lib/python3.10/site-packages/temp_teleop-0.0.0-py3.10.egg-info/requires.txt
/home/farah/ws_farah/install/temp_teleop/lib/python3.10/site-packages/temp_teleop-0.0.0-py3.10.egg-info/dependency_links.txt
/home/farah/ws_farah/install/temp_teleop/lib/python3.10/site-packages/temp_teleop-0.0.0-py3.10.egg-info/top_level.txt
/home/farah/ws_farah/install/temp_teleop/lib/python3.10/site-packages/temp_teleop-0.0.0-py3.10.egg-info/zip-safe
/home/farah/ws_farah/install/temp_teleop/lib/python3.10/site-packages/temp_teleop-0.0.0-py3.10.egg-info/entry_points.txt
/home/farah/ws_farah/install/temp_teleop/lib/python3.10/site-packages/temp_teleop-0.0.0-py3.10.egg-info/PKG-INFO
/home/farah/ws_farah/install/temp_teleop/lib/python3.10/site-packages/temp_teleop-0.0.0-py3.10.egg-info/SOURCES.txt
/home/farah/ws_farah/install/temp_teleop/lib/temp_teleop/talker
