[0.008s] Invoking command in '/home/farah/ws_farah/build/joint_state_broadcaster': AMENT_PREFIX_PATH=/home/farah/ws_farah/install/hardware_interface_testing:/home/farah/ws_farah/install/controller_interface:/home/farah/ws_farah/install/hardware_interface:/home/farah/ws_farah/install/ros2_control_test_assets:${AMENT_PREFIX_PATH} CMAKE_PREFIX_PATH=/home/farah/ws_farah/install/hardware_interface_testing:/home/farah/ws_farah/install/controller_interface:/home/farah/ws_farah/install/hardware_interface:/home/farah/ws_farah/install/ros2_control_test_assets:/opt/ros/humble LD_LIBRARY_PATH=/home/farah/ws_farah/install/hardware_interface_testing/lib:/home/farah/ws_farah/install/controller_interface/lib:/home/farah/ws_farah/install/hardware_interface/lib:${LD_LIBRARY_PATH} /usr/bin/cmake /home/farah/ws_farah/src/ros2_controllers/joint_state_broadcaster -DCMAKE_INSTALL_PREFIX=/home/farah/ws_farah/install/joint_state_broadcaster
[0.058s] -- The CXX compiler identification is GNU 11.4.0
[0.064s] -- Detecting CXX compiler ABI info
[0.124s] -- Detecting CXX compiler ABI info - done
[0.133s] -- Check for working CXX compiler: /usr/bin/c++ - skipped
[0.133s] -- Detecting CXX compile features
[0.133s] -- Detecting CXX compile features - done
[0.136s] -- Found ament_cmake: 1.3.11 (/opt/ros/humble/share/ament_cmake/cmake)
[0.413s] -- Found Python3: /usr/bin/python3 (found version "3.10.12") found components: Interpreter 
[0.495s] -- Found builtin_interfaces: 1.2.1 (/opt/ros/humble/share/builtin_interfaces/cmake)
[0.523s] -- Found rosidl_generator_c: 3.1.6 (/opt/ros/humble/share/rosidl_generator_c/cmake)
[0.528s] -- Found rosidl_adapter: 3.1.6 (/opt/ros/humble/share/rosidl_adapter/cmake)
[0.535s] -- Found rosidl_generator_cpp: 3.1.6 (/opt/ros/humble/share/rosidl_generator_cpp/cmake)
[0.545s] -- Using all available rosidl_typesupport_c: rosidl_typesupport_fastrtps_c;rosidl_typesupport_introspection_c
[0.559s] -- Using all available rosidl_typesupport_cpp: rosidl_typesupport_fastrtps_cpp;rosidl_typesupport_introspection_cpp
[0.572s] -- Found control_msgs: 4.8.0 (/opt/ros/humble/share/control_msgs/cmake)
[0.671s] -- Found controller_interface: 2.50.0 (/home/farah/ws_farah/install/controller_interface/share/controller_interface/cmake)
[0.746s] -- Found rmw_implementation_cmake: 6.1.2 (/opt/ros/humble/share/rmw_implementation_cmake/cmake)
[0.749s] -- Found rmw_fastrtps_cpp: 6.2.7 (/opt/ros/humble/share/rmw_fastrtps_cpp/cmake)
[0.771s] -- Found TinyXML2 via Config file: TinyXML2_DIR-NOTFOUND
[0.807s] -- Found OpenSSL: /usr/lib/x86_64-linux-gnu/libcrypto.so (found version "3.0.2")  
[0.809s] -- Found TinyXML2 via Config file: TinyXML2_DIR-NOTFOUND
[0.821s] -- Found FastRTPS: /opt/ros/humble/include  
[0.824s] -- Found TinyXML2 via Config file: TinyXML2_DIR-NOTFOUND
[0.831s] -- Found TinyXML2 via Config file: TinyXML2_DIR-NOTFOUND
[0.839s] -- Using RMW implementation 'rmw_fastrtps_cpp' as default
[0.846s] -- Looking for C++ include pthread.h
[0.933s] -- Looking for C++ include pthread.h - found
[0.933s] -- Performing Test CMAKE_HAVE_LIBC_PTHREAD
[1.021s] -- Performing Test CMAKE_HAVE_LIBC_PTHREAD - Success
[1.023s] -- Found Threads: TRUE  
[1.066s] -- Found generate_parameter_library: 0.4.0 (/opt/ros/humble/share/generate_parameter_library/cmake)
[1.068s] -- Found parameter_traits: 0.4.0 (/opt/ros/humble/share/parameter_traits/cmake)
[1.084s] -- Found realtime_tools: 2.13.0 (/opt/ros/humble/share/realtime_tools/cmake)
[1.102s] -- Found ament_cmake_gmock: 1.3.11 (/opt/ros/humble/share/ament_cmake_gmock/cmake)
[1.104s] -- Found controller_manager: 2.50.0 (/opt/ros/humble/share/controller_manager/cmake)
[1.124s] -- Found ros2_control_test_assets: 2.50.0 (/home/farah/ws_farah/install/ros2_control_test_assets/share/ros2_control_test_assets/cmake)
[1.126s] -- Found gmock sources under '/opt/ros/humble/src/gmock_vendor': C++ tests using 'Google Mock' will be built
[1.159s] -- The C compiler identification is GNU 11.4.0
[1.164s] -- Detecting C compiler ABI info
[1.239s] -- Detecting C compiler ABI info - done
[1.248s] -- Check for working C compiler: /usr/bin/cc - skipped
[1.248s] -- Detecting C compile features
[1.248s] -- Detecting C compile features - done
[1.252s] -- Found ament_cmake_gtest: 1.3.11 (/opt/ros/humble/share/ament_cmake_gtest/cmake)
[1.253s] -- Found gtest sources under '/opt/ros/humble/src/gtest_vendor': C++ tests using 'Google Test' will be built
[1.332s] -- Configuring done
[1.381s] -- Generating done
[1.395s] -- Build files have been written to: /home/farah/ws_farah/build/joint_state_broadcaster
[1.405s] Invoked command in '/home/farah/ws_farah/build/joint_state_broadcaster' returned '0': AMENT_PREFIX_PATH=/home/farah/ws_farah/install/hardware_interface_testing:/home/farah/ws_farah/install/controller_interface:/home/farah/ws_farah/install/hardware_interface:/home/farah/ws_farah/install/ros2_control_test_assets:${AMENT_PREFIX_PATH} CMAKE_PREFIX_PATH=/home/farah/ws_farah/install/hardware_interface_testing:/home/farah/ws_farah/install/controller_interface:/home/farah/ws_farah/install/hardware_interface:/home/farah/ws_farah/install/ros2_control_test_assets:/opt/ros/humble LD_LIBRARY_PATH=/home/farah/ws_farah/install/hardware_interface_testing/lib:/home/farah/ws_farah/install/controller_interface/lib:/home/farah/ws_farah/install/hardware_interface/lib:${LD_LIBRARY_PATH} /usr/bin/cmake /home/farah/ws_farah/src/ros2_controllers/joint_state_broadcaster -DCMAKE_INSTALL_PREFIX=/home/farah/ws_farah/install/joint_state_broadcaster
[1.406s] Invoking command in '/home/farah/ws_farah/build/joint_state_broadcaster': AMENT_PREFIX_PATH=/home/farah/ws_farah/install/hardware_interface_testing:/home/farah/ws_farah/install/controller_interface:/home/farah/ws_farah/install/hardware_interface:/home/farah/ws_farah/install/ros2_control_test_assets:${AMENT_PREFIX_PATH} CMAKE_PREFIX_PATH=/home/farah/ws_farah/install/hardware_interface_testing:/home/farah/ws_farah/install/controller_interface:/home/farah/ws_farah/install/hardware_interface:/home/farah/ws_farah/install/ros2_control_test_assets:/opt/ros/humble LD_LIBRARY_PATH=/home/farah/ws_farah/install/hardware_interface_testing/lib:/home/farah/ws_farah/install/controller_interface/lib:/home/farah/ws_farah/install/hardware_interface/lib:${LD_LIBRARY_PATH} /usr/bin/cmake --build /home/farah/ws_farah/build/joint_state_broadcaster -- -j8 -l8
[1.445s] [ 30%] [32mBuilding CXX object gmock/CMakeFiles/gmock.dir/opt/ros/humble/src/gtest_vendor/src/gtest-all.cc.o[0m
[1.445s] [ 30%] [32mBuilding CXX object gmock/CMakeFiles/gmock_main.dir/src/gmock_main.cc.o[0m
[1.446s] [ 30%] [34m[1mRunning `/opt/ros/humble/bin/generate_parameter_library_cpp /home/farah/ws_farah/build/joint_state_broadcaster/include/joint_state_broadcaster/joint_state_broadcaster_parameters.hpp /home/farah/ws_farah/src/ros2_controllers/joint_state_broadcaster/src/joint_state_broadcaster_parameters.yaml `[0m
[1.446s] [ 30%] [32mBuilding CXX object gmock/CMakeFiles/gmock.dir/src/gmock-all.cc.o[0m
[1.699s] [ 38%] [34m[1mCreating deprecated header file /home/farah/ws_farah/build/joint_state_broadcaster/include/joint_state_broadcaster_parameters.hpp[0m
[1.740s] [ 38%] Built target joint_state_broadcaster_parameters
[1.760s] [ 46%] [32mBuilding CXX object CMakeFiles/joint_state_broadcaster.dir/src/joint_state_broadcaster.cpp.o[0m
[2.957s] [ 53%] [32m[1mLinking CXX static library libgmock_main.a[0m
[2.987s] [ 53%] Built target gmock_main
[4.455s] [ 61%] [32m[1mLinking CXX static library libgmock.a[0m
[4.507s] [ 61%] Built target gmock
[7.050s] [ 69%] [32m[1mLinking CXX shared library libjoint_state_broadcaster.so[0m
[7.299s] [ 69%] Built target joint_state_broadcaster
[7.314s] [ 84%] [32mBuilding CXX object CMakeFiles/test_load_joint_state_broadcaster.dir/test/test_load_joint_state_broadcaster.cpp.o[0m
[7.314s] [ 84%] [32mBuilding CXX object CMakeFiles/test_joint_state_broadcaster.dir/test/test_joint_state_broadcaster.cpp.o[0m
[11.756s] [ 92%] [32m[1mLinking CXX executable test_load_joint_state_broadcaster[0m
[12.127s] [ 92%] Built target test_load_joint_state_broadcaster
[19.057s] [100%] [32m[1mLinking CXX executable test_joint_state_broadcaster[0m
[19.924s] [100%] Built target test_joint_state_broadcaster
[19.933s] Invoked command in '/home/farah/ws_farah/build/joint_state_broadcaster' returned '0': AMENT_PREFIX_PATH=/home/farah/ws_farah/install/hardware_interface_testing:/home/farah/ws_farah/install/controller_interface:/home/farah/ws_farah/install/hardware_interface:/home/farah/ws_farah/install/ros2_control_test_assets:${AMENT_PREFIX_PATH} CMAKE_PREFIX_PATH=/home/farah/ws_farah/install/hardware_interface_testing:/home/farah/ws_farah/install/controller_interface:/home/farah/ws_farah/install/hardware_interface:/home/farah/ws_farah/install/ros2_control_test_assets:/opt/ros/humble LD_LIBRARY_PATH=/home/farah/ws_farah/install/hardware_interface_testing/lib:/home/farah/ws_farah/install/controller_interface/lib:/home/farah/ws_farah/install/hardware_interface/lib:${LD_LIBRARY_PATH} /usr/bin/cmake --build /home/farah/ws_farah/build/joint_state_broadcaster -- -j8 -l8
[19.934s] Invoking command in '/home/farah/ws_farah/build/joint_state_broadcaster': AMENT_PREFIX_PATH=/home/farah/ws_farah/install/hardware_interface_testing:/home/farah/ws_farah/install/controller_interface:/home/farah/ws_farah/install/hardware_interface:/home/farah/ws_farah/install/ros2_control_test_assets:${AMENT_PREFIX_PATH} CMAKE_PREFIX_PATH=/home/farah/ws_farah/install/hardware_interface_testing:/home/farah/ws_farah/install/controller_interface:/home/farah/ws_farah/install/hardware_interface:/home/farah/ws_farah/install/ros2_control_test_assets:/opt/ros/humble LD_LIBRARY_PATH=/home/farah/ws_farah/install/hardware_interface_testing/lib:/home/farah/ws_farah/install/controller_interface/lib:/home/farah/ws_farah/install/hardware_interface/lib:${LD_LIBRARY_PATH} /usr/bin/cmake --install /home/farah/ws_farah/build/joint_state_broadcaster
[19.939s] -- Install configuration: ""
[19.939s] -- Installing: /home/farah/ws_farah/install/joint_state_broadcaster/include/joint_state_broadcaster
[19.940s] -- Installing: /home/farah/ws_farah/install/joint_state_broadcaster/include/joint_state_broadcaster/joint_state_broadcaster_parameters.hpp
[19.940s] -- Installing: /home/farah/ws_farah/install/joint_state_broadcaster/share/joint_state_broadcaster/joint_state_plugin.xml
[19.940s] -- Up-to-date: /home/farah/ws_farah/install/joint_state_broadcaster/include/joint_state_broadcaster
[19.940s] -- Installing: /home/farah/ws_farah/install/joint_state_broadcaster/include/joint_state_broadcaster/joint_state_broadcaster
[19.940s] -- Installing: /home/farah/ws_farah/install/joint_state_broadcaster/include/joint_state_broadcaster/joint_state_broadcaster/joint_state_broadcaster.hpp
[19.940s] -- Installing: /home/farah/ws_farah/install/joint_state_broadcaster/include/joint_state_broadcaster/joint_state_broadcaster/visibility_control.h
[19.940s] -- Installing: /home/farah/ws_farah/install/joint_state_broadcaster/lib/libjoint_state_broadcaster.so
[19.944s] -- Set runtime path of "/home/farah/ws_farah/install/joint_state_broadcaster/lib/libjoint_state_broadcaster.so" to ""
[19.944s] -- Installing: /home/farah/ws_farah/install/joint_state_broadcaster/share/joint_state_broadcaster/environment/library_path.sh
[19.944s] -- Installing: /home/farah/ws_farah/install/joint_state_broadcaster/share/joint_state_broadcaster/environment/library_path.dsv
[19.944s] -- Installing: /home/farah/ws_farah/install/joint_state_broadcaster/share/ament_index/resource_index/package_run_dependencies/joint_state_broadcaster
[19.944s] -- Installing: /home/farah/ws_farah/install/joint_state_broadcaster/share/ament_index/resource_index/parent_prefix_path/joint_state_broadcaster
[19.944s] -- Installing: /home/farah/ws_farah/install/joint_state_broadcaster/share/joint_state_broadcaster/environment/ament_prefix_path.sh
[19.944s] -- Installing: /home/farah/ws_farah/install/joint_state_broadcaster/share/joint_state_broadcaster/environment/ament_prefix_path.dsv
[19.944s] -- Installing: /home/farah/ws_farah/install/joint_state_broadcaster/share/joint_state_broadcaster/environment/path.sh
[19.944s] -- Installing: /home/farah/ws_farah/install/joint_state_broadcaster/share/joint_state_broadcaster/environment/path.dsv
[19.945s] -- Installing: /home/farah/ws_farah/install/joint_state_broadcaster/share/joint_state_broadcaster/local_setup.bash
[19.945s] -- Installing: /home/farah/ws_farah/install/joint_state_broadcaster/share/joint_state_broadcaster/local_setup.sh
[19.945s] -- Installing: /home/farah/ws_farah/install/joint_state_broadcaster/share/joint_state_broadcaster/local_setup.zsh
[19.945s] -- Installing: /home/farah/ws_farah/install/joint_state_broadcaster/share/joint_state_broadcaster/local_setup.dsv
[19.945s] -- Installing: /home/farah/ws_farah/install/joint_state_broadcaster/share/joint_state_broadcaster/package.dsv
[19.945s] -- Installing: /home/farah/ws_farah/install/joint_state_broadcaster/share/ament_index/resource_index/packages/joint_state_broadcaster
[19.945s] -- Installing: /home/farah/ws_farah/install/joint_state_broadcaster/share/ament_index/resource_index/controller_interface__pluginlib__plugin/joint_state_broadcaster
[19.945s] -- Installing: /home/farah/ws_farah/install/joint_state_broadcaster/share/joint_state_broadcaster/cmake/export_joint_state_broadcasterExport.cmake
[19.945s] -- Installing: /home/farah/ws_farah/install/joint_state_broadcaster/share/joint_state_broadcaster/cmake/export_joint_state_broadcasterExport-noconfig.cmake
[19.945s] -- Installing: /home/farah/ws_farah/install/joint_state_broadcaster/share/joint_state_broadcaster/cmake/ament_cmake_export_dependencies-extras.cmake
[19.945s] -- Installing: /home/farah/ws_farah/install/joint_state_broadcaster/share/joint_state_broadcaster/cmake/ament_cmake_export_targets-extras.cmake
[19.946s] -- Installing: /home/farah/ws_farah/install/joint_state_broadcaster/share/joint_state_broadcaster/cmake/joint_state_broadcasterConfig.cmake
[19.946s] -- Installing: /home/farah/ws_farah/install/joint_state_broadcaster/share/joint_state_broadcaster/cmake/joint_state_broadcasterConfig-version.cmake
[19.946s] -- Installing: /home/farah/ws_farah/install/joint_state_broadcaster/share/joint_state_broadcaster/package.xml
[19.948s] Invoked command in '/home/farah/ws_farah/build/joint_state_broadcaster' returned '0': AMENT_PREFIX_PATH=/home/farah/ws_farah/install/hardware_interface_testing:/home/farah/ws_farah/install/controller_interface:/home/farah/ws_farah/install/hardware_interface:/home/farah/ws_farah/install/ros2_control_test_assets:${AMENT_PREFIX_PATH} CMAKE_PREFIX_PATH=/home/farah/ws_farah/install/hardware_interface_testing:/home/farah/ws_farah/install/controller_interface:/home/farah/ws_farah/install/hardware_interface:/home/farah/ws_farah/install/ros2_control_test_assets:/opt/ros/humble LD_LIBRARY_PATH=/home/farah/ws_farah/install/hardware_interface_testing/lib:/home/farah/ws_farah/install/controller_interface/lib:/home/farah/ws_farah/install/hardware_interface/lib:${LD_LIBRARY_PATH} /usr/bin/cmake --install /home/farah/ws_farah/build/joint_state_broadcaster
