[0.010s] Invoking command in '/home/farah/ws_farah/build/velocity_controllers': AMENT_PREFIX_PATH=/home/farah/ws_farah/install/forward_command_controller:/home/farah/ws_farah/install/hardware_interface_testing:/home/farah/ws_farah/install/controller_interface:/home/farah/ws_farah/install/hardware_interface:/home/farah/ws_farah/install/ros2_control_test_assets:${AMENT_PREFIX_PATH} CMAKE_PREFIX_PATH=/home/farah/ws_farah/install/forward_command_controller:/home/farah/ws_farah/install/hardware_interface_testing:/home/farah/ws_farah/install/controller_interface:/home/farah/ws_farah/install/hardware_interface:/home/farah/ws_farah/install/ros2_control_test_assets:/opt/ros/humble LD_LIBRARY_PATH=/home/farah/ws_farah/install/forward_command_controller/lib:/home/farah/ws_farah/install/hardware_interface_testing/lib:/home/farah/ws_farah/install/controller_interface/lib:/home/farah/ws_farah/install/hardware_interface/lib:${LD_LIBRARY_PATH} /usr/bin/cmake /home/farah/ws_farah/src/ros2_controllers/velocity_controllers -DCMAKE_INSTALL_PREFIX=/home/farah/ws_farah/install/velocity_controllers
[0.063s] -- The CXX compiler identification is GNU 11.4.0
[0.069s] -- Detecting CXX compiler ABI info
[0.132s] -- Detecting CXX compiler ABI info - done
[0.139s] -- Check for working CXX compiler: /usr/bin/c++ - skipped
[0.139s] -- Detecting CXX compile features
[0.139s] -- Detecting CXX compile features - done
[0.142s] -- Found ament_cmake: 1.3.11 (/opt/ros/humble/share/ament_cmake/cmake)
[0.440s] -- Found Python3: /usr/bin/python3 (found version "3.10.12") found components: Interpreter 
[0.518s] -- Found forward_command_controller: 2.45.0 (/home/farah/ws_farah/install/forward_command_controller/share/forward_command_controller/cmake)
[0.562s] -- Found rosidl_generator_c: 3.1.6 (/opt/ros/humble/share/rosidl_generator_c/cmake)
[0.567s] -- Found rosidl_adapter: 3.1.6 (/opt/ros/humble/share/rosidl_adapter/cmake)
[0.575s] -- Found rosidl_generator_cpp: 3.1.6 (/opt/ros/humble/share/rosidl_generator_cpp/cmake)
[0.586s] -- Using all available rosidl_typesupport_c: rosidl_typesupport_fastrtps_c;rosidl_typesupport_introspection_c
[0.601s] -- Using all available rosidl_typesupport_cpp: rosidl_typesupport_fastrtps_cpp;rosidl_typesupport_introspection_cpp
[0.641s] -- Found rmw_implementation_cmake: 6.1.2 (/opt/ros/humble/share/rmw_implementation_cmake/cmake)
[0.644s] -- Found rmw_fastrtps_cpp: 6.2.7 (/opt/ros/humble/share/rmw_fastrtps_cpp/cmake)
[0.714s] -- Found OpenSSL: /usr/lib/x86_64-linux-gnu/libcrypto.so (found version "3.0.2")  
[0.738s] -- Found FastRTPS: /opt/ros/humble/include  
[0.786s] -- Using RMW implementation 'rmw_fastrtps_cpp' as default
[0.798s] -- Looking for C++ include pthread.h
[0.919s] -- Looking for C++ include pthread.h - found
[0.919s] -- Performing Test CMAKE_HAVE_LIBC_PTHREAD
[1.019s] -- Performing Test CMAKE_HAVE_LIBC_PTHREAD - Success
[1.020s] -- Found Threads: TRUE  
[1.264s] -- Found ament_cmake_gmock: 1.3.11 (/opt/ros/humble/share/ament_cmake_gmock/cmake)
[1.266s] -- Found controller_manager: 2.50.0 (/opt/ros/humble/share/controller_manager/cmake)
[1.288s] -- Found ros2_control_test_assets: 2.50.0 (/home/farah/ws_farah/install/ros2_control_test_assets/share/ros2_control_test_assets/cmake)
[1.290s] -- Found gmock sources under '/opt/ros/humble/src/gmock_vendor': C++ tests using 'Google Mock' will be built
[1.324s] -- The C compiler identification is GNU 11.4.0
[1.330s] -- Detecting C compiler ABI info
[1.413s] -- Detecting C compiler ABI info - done
[1.420s] -- Check for working C compiler: /usr/bin/cc - skipped
[1.420s] -- Detecting C compile features
[1.420s] -- Detecting C compile features - done
[1.423s] -- Found ament_cmake_gtest: 1.3.11 (/opt/ros/humble/share/ament_cmake_gtest/cmake)
[1.424s] -- Found gtest sources under '/opt/ros/humble/src/gtest_vendor': C++ tests using 'Google Test' will be built
[1.503s] -- Configuring done
[1.561s] -- Generating done
[1.571s] -- Build files have been written to: /home/farah/ws_farah/build/velocity_controllers
[1.582s] Invoked command in '/home/farah/ws_farah/build/velocity_controllers' returned '0': AMENT_PREFIX_PATH=/home/farah/ws_farah/install/forward_command_controller:/home/farah/ws_farah/install/hardware_interface_testing:/home/farah/ws_farah/install/controller_interface:/home/farah/ws_farah/install/hardware_interface:/home/farah/ws_farah/install/ros2_control_test_assets:${AMENT_PREFIX_PATH} CMAKE_PREFIX_PATH=/home/farah/ws_farah/install/forward_command_controller:/home/farah/ws_farah/install/hardware_interface_testing:/home/farah/ws_farah/install/controller_interface:/home/farah/ws_farah/install/hardware_interface:/home/farah/ws_farah/install/ros2_control_test_assets:/opt/ros/humble LD_LIBRARY_PATH=/home/farah/ws_farah/install/forward_command_controller/lib:/home/farah/ws_farah/install/hardware_interface_testing/lib:/home/farah/ws_farah/install/controller_interface/lib:/home/farah/ws_farah/install/hardware_interface/lib:${LD_LIBRARY_PATH} /usr/bin/cmake /home/farah/ws_farah/src/ros2_controllers/velocity_controllers -DCMAKE_INSTALL_PREFIX=/home/farah/ws_farah/install/velocity_controllers
[1.584s] Invoking command in '/home/farah/ws_farah/build/velocity_controllers': AMENT_PREFIX_PATH=/home/farah/ws_farah/install/forward_command_controller:/home/farah/ws_farah/install/hardware_interface_testing:/home/farah/ws_farah/install/controller_interface:/home/farah/ws_farah/install/hardware_interface:/home/farah/ws_farah/install/ros2_control_test_assets:${AMENT_PREFIX_PATH} CMAKE_PREFIX_PATH=/home/farah/ws_farah/install/forward_command_controller:/home/farah/ws_farah/install/hardware_interface_testing:/home/farah/ws_farah/install/controller_interface:/home/farah/ws_farah/install/hardware_interface:/home/farah/ws_farah/install/ros2_control_test_assets:/opt/ros/humble LD_LIBRARY_PATH=/home/farah/ws_farah/install/forward_command_controller/lib:/home/farah/ws_farah/install/hardware_interface_testing/lib:/home/farah/ws_farah/install/controller_interface/lib:/home/farah/ws_farah/install/hardware_interface/lib:${LD_LIBRARY_PATH} /usr/bin/cmake --build /home/farah/ws_farah/build/velocity_controllers -- -j8 -l8
[1.626s] [ 36%] [32mBuilding CXX object gmock/CMakeFiles/gmock.dir/opt/ros/humble/src/gtest_vendor/src/gtest-all.cc.o[0m
[1.626s] [ 36%] [32mBuilding CXX object CMakeFiles/velocity_controllers.dir/src/joint_group_velocity_controller.cpp.o[0m
[1.626s] [ 36%] [32mBuilding CXX object gmock/CMakeFiles/gmock.dir/src/gmock-all.cc.o[0m
[1.626s] [ 36%] [32mBuilding CXX object gmock/CMakeFiles/gmock_main.dir/src/gmock_main.cc.o[0m
[2.940s] [ 45%] [32m[1mLinking CXX static library libgmock_main.a[0m
[2.976s] [ 45%] Built target gmock_main
[5.007s] [ 54%] [32m[1mLinking CXX shared library libvelocity_controllers.so[0m
[5.095s] [ 63%] [32m[1mLinking CXX static library libgmock.a[0m
[5.191s] [ 63%] Built target gmock
[5.508s] [ 63%] Built target velocity_controllers
[5.525s] [ 81%] [32mBuilding CXX object CMakeFiles/test_joint_group_velocity_controller.dir/test/test_joint_group_velocity_controller.cpp.o[0m
[5.525s] [ 81%] [32mBuilding CXX object CMakeFiles/test_load_joint_group_velocity_controller.dir/test/test_load_joint_group_velocity_controller.cpp.o[0m
[10.525s] [ 90%] [32m[1mLinking CXX executable test_load_joint_group_velocity_controller[0m
[11.015s] [ 90%] Built target test_load_joint_group_velocity_controller
[11.127s] [100%] [32m[1mLinking CXX executable test_joint_group_velocity_controller[0m
[11.547s] [100%] Built target test_joint_group_velocity_controller
[11.556s] Invoked command in '/home/farah/ws_farah/build/velocity_controllers' returned '0': AMENT_PREFIX_PATH=/home/farah/ws_farah/install/forward_command_controller:/home/farah/ws_farah/install/hardware_interface_testing:/home/farah/ws_farah/install/controller_interface:/home/farah/ws_farah/install/hardware_interface:/home/farah/ws_farah/install/ros2_control_test_assets:${AMENT_PREFIX_PATH} CMAKE_PREFIX_PATH=/home/farah/ws_farah/install/forward_command_controller:/home/farah/ws_farah/install/hardware_interface_testing:/home/farah/ws_farah/install/controller_interface:/home/farah/ws_farah/install/hardware_interface:/home/farah/ws_farah/install/ros2_control_test_assets:/opt/ros/humble LD_LIBRARY_PATH=/home/farah/ws_farah/install/forward_command_controller/lib:/home/farah/ws_farah/install/hardware_interface_testing/lib:/home/farah/ws_farah/install/controller_interface/lib:/home/farah/ws_farah/install/hardware_interface/lib:${LD_LIBRARY_PATH} /usr/bin/cmake --build /home/farah/ws_farah/build/velocity_controllers -- -j8 -l8
[11.557s] Invoking command in '/home/farah/ws_farah/build/velocity_controllers': AMENT_PREFIX_PATH=/home/farah/ws_farah/install/forward_command_controller:/home/farah/ws_farah/install/hardware_interface_testing:/home/farah/ws_farah/install/controller_interface:/home/farah/ws_farah/install/hardware_interface:/home/farah/ws_farah/install/ros2_control_test_assets:${AMENT_PREFIX_PATH} CMAKE_PREFIX_PATH=/home/farah/ws_farah/install/forward_command_controller:/home/farah/ws_farah/install/hardware_interface_testing:/home/farah/ws_farah/install/controller_interface:/home/farah/ws_farah/install/hardware_interface:/home/farah/ws_farah/install/ros2_control_test_assets:/opt/ros/humble LD_LIBRARY_PATH=/home/farah/ws_farah/install/forward_command_controller/lib:/home/farah/ws_farah/install/hardware_interface_testing/lib:/home/farah/ws_farah/install/controller_interface/lib:/home/farah/ws_farah/install/hardware_interface/lib:${LD_LIBRARY_PATH} /usr/bin/cmake --install /home/farah/ws_farah/build/velocity_controllers
[11.563s] -- Install configuration: ""
[11.563s] -- Installing: /home/farah/ws_farah/install/velocity_controllers/share/velocity_controllers/velocity_controllers_plugins.xml
[11.563s] -- Installing: /home/farah/ws_farah/install/velocity_controllers/include/velocity_controllers
[11.563s] -- Installing: /home/farah/ws_farah/install/velocity_controllers/include/velocity_controllers/velocity_controllers
[11.563s] -- Installing: /home/farah/ws_farah/install/velocity_controllers/include/velocity_controllers/velocity_controllers/joint_group_velocity_controller.hpp
[11.563s] -- Installing: /home/farah/ws_farah/install/velocity_controllers/include/velocity_controllers/velocity_controllers/visibility_control.h
[11.563s] -- Installing: /home/farah/ws_farah/install/velocity_controllers/lib/libvelocity_controllers.so
[11.564s] -- Set runtime path of "/home/farah/ws_farah/install/velocity_controllers/lib/libvelocity_controllers.so" to ""
[11.564s] -- Installing: /home/farah/ws_farah/install/velocity_controllers/share/velocity_controllers/environment/library_path.sh
[11.564s] -- Installing: /home/farah/ws_farah/install/velocity_controllers/share/velocity_controllers/environment/library_path.dsv
[11.564s] -- Installing: /home/farah/ws_farah/install/velocity_controllers/share/ament_index/resource_index/package_run_dependencies/velocity_controllers
[11.564s] -- Installing: /home/farah/ws_farah/install/velocity_controllers/share/ament_index/resource_index/parent_prefix_path/velocity_controllers
[11.564s] -- Installing: /home/farah/ws_farah/install/velocity_controllers/share/velocity_controllers/environment/ament_prefix_path.sh
[11.564s] -- Installing: /home/farah/ws_farah/install/velocity_controllers/share/velocity_controllers/environment/ament_prefix_path.dsv
[11.564s] -- Installing: /home/farah/ws_farah/install/velocity_controllers/share/velocity_controllers/environment/path.sh
[11.565s] -- Installing: /home/farah/ws_farah/install/velocity_controllers/share/velocity_controllers/environment/path.dsv
[11.565s] -- Installing: /home/farah/ws_farah/install/velocity_controllers/share/velocity_controllers/local_setup.bash
[11.565s] -- Installing: /home/farah/ws_farah/install/velocity_controllers/share/velocity_controllers/local_setup.sh
[11.565s] -- Installing: /home/farah/ws_farah/install/velocity_controllers/share/velocity_controllers/local_setup.zsh
[11.565s] -- Installing: /home/farah/ws_farah/install/velocity_controllers/share/velocity_controllers/local_setup.dsv
[11.565s] -- Installing: /home/farah/ws_farah/install/velocity_controllers/share/velocity_controllers/package.dsv
[11.565s] -- Installing: /home/farah/ws_farah/install/velocity_controllers/share/ament_index/resource_index/packages/velocity_controllers
[11.565s] -- Installing: /home/farah/ws_farah/install/velocity_controllers/share/ament_index/resource_index/controller_interface__pluginlib__plugin/velocity_controllers
[11.565s] -- Installing: /home/farah/ws_farah/install/velocity_controllers/share/velocity_controllers/cmake/export_velocity_controllersExport.cmake
[11.565s] -- Installing: /home/farah/ws_farah/install/velocity_controllers/share/velocity_controllers/cmake/export_velocity_controllersExport-noconfig.cmake
[11.565s] -- Installing: /home/farah/ws_farah/install/velocity_controllers/share/velocity_controllers/cmake/ament_cmake_export_targets-extras.cmake
[11.566s] -- Installing: /home/farah/ws_farah/install/velocity_controllers/share/velocity_controllers/cmake/ament_cmake_export_dependencies-extras.cmake
[11.566s] -- Installing: /home/farah/ws_farah/install/velocity_controllers/share/velocity_controllers/cmake/velocity_controllersConfig.cmake
[11.566s] -- Installing: /home/farah/ws_farah/install/velocity_controllers/share/velocity_controllers/cmake/velocity_controllersConfig-version.cmake
[11.566s] -- Installing: /home/farah/ws_farah/install/velocity_controllers/share/velocity_controllers/package.xml
[11.567s] Invoked command in '/home/farah/ws_farah/build/velocity_controllers' returned '0': AMENT_PREFIX_PATH=/home/farah/ws_farah/install/forward_command_controller:/home/farah/ws_farah/install/hardware_interface_testing:/home/farah/ws_farah/install/controller_interface:/home/farah/ws_farah/install/hardware_interface:/home/farah/ws_farah/install/ros2_control_test_assets:${AMENT_PREFIX_PATH} CMAKE_PREFIX_PATH=/home/farah/ws_farah/install/forward_command_controller:/home/farah/ws_farah/install/hardware_interface_testing:/home/farah/ws_farah/install/controller_interface:/home/farah/ws_farah/install/hardware_interface:/home/farah/ws_farah/install/ros2_control_test_assets:/opt/ros/humble LD_LIBRARY_PATH=/home/farah/ws_farah/install/forward_command_controller/lib:/home/farah/ws_farah/install/hardware_interface_testing/lib:/home/farah/ws_farah/install/controller_interface/lib:/home/farah/ws_farah/install/hardware_interface/lib:${LD_LIBRARY_PATH} /usr/bin/cmake --install /home/farah/ws_farah/build/velocity_controllers
