[0.009s] Invoking command in '/home/farah/ws_farah/build/pose_broadcaster': AMENT_PREFIX_PATH=/home/farah/ws_farah/install/hardware_interface_testing:/home/farah/ws_farah/install/controller_interface:/home/farah/ws_farah/install/hardware_interface:/home/farah/ws_farah/install/ros2_control_test_assets:${AMENT_PREFIX_PATH} CMAKE_PREFIX_PATH=/home/farah/ws_farah/install/hardware_interface_testing:/home/farah/ws_farah/install/controller_interface:/home/farah/ws_farah/install/hardware_interface:/home/farah/ws_farah/install/ros2_control_test_assets:/opt/ros/humble LD_LIBRARY_PATH=/home/farah/ws_farah/install/hardware_interface_testing/lib:/home/farah/ws_farah/install/controller_interface/lib:/home/farah/ws_farah/install/hardware_interface/lib:${LD_LIBRARY_PATH} /usr/bin/cmake /home/farah/ws_farah/src/ros2_controllers/pose_broadcaster -DCMAKE_INSTALL_PREFIX=/home/farah/ws_farah/install/pose_broadcaster
[0.067s] -- The CXX compiler identification is GNU 11.4.0
[0.073s] -- Detecting CXX compiler ABI info
[0.136s] -- Detecting CXX compiler ABI info - done
[0.143s] -- Check for working CXX compiler: /usr/bin/c++ - skipped
[0.143s] -- Detecting CXX compile features
[0.143s] -- Detecting CXX compile features - done
[0.146s] -- Found ament_cmake: 1.3.11 (/opt/ros/humble/share/ament_cmake/cmake)
[0.434s] -- Found Python3: /usr/bin/python3 (found version "3.10.12") found components: Interpreter 
[0.525s] -- Found controller_interface: 2.50.0 (/home/farah/ws_farah/install/controller_interface/share/controller_interface/cmake)
[0.561s] -- Found rosidl_generator_c: 3.1.6 (/opt/ros/humble/share/rosidl_generator_c/cmake)
[0.565s] -- Found rosidl_adapter: 3.1.6 (/opt/ros/humble/share/rosidl_adapter/cmake)
[0.572s] -- Found rosidl_generator_cpp: 3.1.6 (/opt/ros/humble/share/rosidl_generator_cpp/cmake)
[0.583s] -- Using all available rosidl_typesupport_c: rosidl_typesupport_fastrtps_c;rosidl_typesupport_introspection_c
[0.597s] -- Using all available rosidl_typesupport_cpp: rosidl_typesupport_fastrtps_cpp;rosidl_typesupport_introspection_cpp
[0.773s] -- Found rmw_implementation_cmake: 6.1.2 (/opt/ros/humble/share/rmw_implementation_cmake/cmake)
[0.776s] -- Found rmw_fastrtps_cpp: 6.2.7 (/opt/ros/humble/share/rmw_fastrtps_cpp/cmake)
[0.797s] -- Found TinyXML2 via Config file: TinyXML2_DIR-NOTFOUND
[0.842s] -- Found OpenSSL: /usr/lib/x86_64-linux-gnu/libcrypto.so (found version "3.0.2")  
[0.844s] -- Found TinyXML2 via Config file: TinyXML2_DIR-NOTFOUND
[0.857s] -- Found FastRTPS: /opt/ros/humble/include  
[0.860s] -- Found TinyXML2 via Config file: TinyXML2_DIR-NOTFOUND
[0.867s] -- Found TinyXML2 via Config file: TinyXML2_DIR-NOTFOUND
[0.877s] -- Using RMW implementation 'rmw_fastrtps_cpp' as default
[0.885s] -- Looking for C++ include pthread.h
[0.979s] -- Looking for C++ include pthread.h - found
[0.980s] -- Performing Test CMAKE_HAVE_LIBC_PTHREAD
[1.064s] -- Performing Test CMAKE_HAVE_LIBC_PTHREAD - Success
[1.065s] -- Found Threads: TRUE  
[1.110s] -- Found generate_parameter_library: 0.4.0 (/opt/ros/humble/share/generate_parameter_library/cmake)
[1.112s] -- Found parameter_traits: 0.4.0 (/opt/ros/humble/share/parameter_traits/cmake)
[1.129s] -- Found realtime_tools: 2.13.0 (/opt/ros/humble/share/realtime_tools/cmake)
[1.141s] -- Found tf2_msgs: 0.25.12 (/opt/ros/humble/share/tf2_msgs/cmake)
[1.172s] -- Found ament_cmake_gmock: 1.3.11 (/opt/ros/humble/share/ament_cmake_gmock/cmake)
[1.174s] -- Found controller_manager: 2.50.0 (/opt/ros/humble/share/controller_manager/cmake)
[1.197s] -- Found ros2_control_test_assets: 2.50.0 (/home/farah/ws_farah/install/ros2_control_test_assets/share/ros2_control_test_assets/cmake)
[1.199s] -- Found gmock sources under '/opt/ros/humble/src/gmock_vendor': C++ tests using 'Google Mock' will be built
[1.231s] -- The C compiler identification is GNU 11.4.0
[1.236s] -- Detecting C compiler ABI info
[1.308s] -- Detecting C compiler ABI info - done
[1.315s] -- Check for working C compiler: /usr/bin/cc - skipped
[1.315s] -- Detecting C compile features
[1.315s] -- Detecting C compile features - done
[1.318s] -- Found ament_cmake_gtest: 1.3.11 (/opt/ros/humble/share/ament_cmake_gtest/cmake)
[1.319s] -- Found gtest sources under '/opt/ros/humble/src/gtest_vendor': C++ tests using 'Google Test' will be built
[1.395s] -- Configuring done
[1.456s] -- Generating done
[1.466s] -- Build files have been written to: /home/farah/ws_farah/build/pose_broadcaster
[1.478s] Invoked command in '/home/farah/ws_farah/build/pose_broadcaster' returned '0': AMENT_PREFIX_PATH=/home/farah/ws_farah/install/hardware_interface_testing:/home/farah/ws_farah/install/controller_interface:/home/farah/ws_farah/install/hardware_interface:/home/farah/ws_farah/install/ros2_control_test_assets:${AMENT_PREFIX_PATH} CMAKE_PREFIX_PATH=/home/farah/ws_farah/install/hardware_interface_testing:/home/farah/ws_farah/install/controller_interface:/home/farah/ws_farah/install/hardware_interface:/home/farah/ws_farah/install/ros2_control_test_assets:/opt/ros/humble LD_LIBRARY_PATH=/home/farah/ws_farah/install/hardware_interface_testing/lib:/home/farah/ws_farah/install/controller_interface/lib:/home/farah/ws_farah/install/hardware_interface/lib:${LD_LIBRARY_PATH} /usr/bin/cmake /home/farah/ws_farah/src/ros2_controllers/pose_broadcaster -DCMAKE_INSTALL_PREFIX=/home/farah/ws_farah/install/pose_broadcaster
[1.479s] Invoking command in '/home/farah/ws_farah/build/pose_broadcaster': AMENT_PREFIX_PATH=/home/farah/ws_farah/install/hardware_interface_testing:/home/farah/ws_farah/install/controller_interface:/home/farah/ws_farah/install/hardware_interface:/home/farah/ws_farah/install/ros2_control_test_assets:${AMENT_PREFIX_PATH} CMAKE_PREFIX_PATH=/home/farah/ws_farah/install/hardware_interface_testing:/home/farah/ws_farah/install/controller_interface:/home/farah/ws_farah/install/hardware_interface:/home/farah/ws_farah/install/ros2_control_test_assets:/opt/ros/humble LD_LIBRARY_PATH=/home/farah/ws_farah/install/hardware_interface_testing/lib:/home/farah/ws_farah/install/controller_interface/lib:/home/farah/ws_farah/install/hardware_interface/lib:${LD_LIBRARY_PATH} /usr/bin/cmake --build /home/farah/ws_farah/build/pose_broadcaster -- -j8 -l8
[1.519s] [ 23%] [32mBuilding CXX object gmock/CMakeFiles/gmock.dir/opt/ros/humble/src/gtest_vendor/src/gtest-all.cc.o[0m
[1.519s] [ 23%] [34m[1mRunning `/opt/ros/humble/bin/generate_parameter_library_cpp /home/farah/ws_farah/build/pose_broadcaster/include/pose_broadcaster/pose_broadcaster_parameters.hpp /home/farah/ws_farah/src/ros2_controllers/pose_broadcaster/src/pose_broadcaster_parameters.yaml `[0m
[1.519s] [ 23%] [32mBuilding CXX object gmock/CMakeFiles/gmock_main.dir/src/gmock_main.cc.o[0m
[1.519s] [ 30%] [32mBuilding CXX object gmock/CMakeFiles/gmock.dir/src/gmock-all.cc.o[0m
[1.763s] [ 38%] [34m[1mCreating deprecated header file /home/farah/ws_farah/build/pose_broadcaster/include/pose_broadcaster_parameters.hpp[0m
[1.808s] [ 38%] Built target pose_broadcaster_parameters
[1.829s] [ 46%] [32mBuilding CXX object CMakeFiles/pose_broadcaster.dir/src/pose_broadcaster.cpp.o[0m
[2.878s] [ 53%] [32m[1mLinking CXX static library libgmock_main.a[0m
[2.918s] [ 53%] Built target gmock_main
[4.993s] [ 61%] [32m[1mLinking CXX static library libgmock.a[0m
[5.049s] [ 61%] Built target gmock
[7.300s] [ 69%] [32m[1mLinking CXX shared library libpose_broadcaster.so[0m
[7.591s] [ 69%] Built target pose_broadcaster
[7.606s] [ 84%] [32mBuilding CXX object CMakeFiles/test_pose_broadcaster.dir/test/test_pose_broadcaster.cpp.o[0m
[7.607s] [ 84%] [32mBuilding CXX object CMakeFiles/test_load_pose_broadcaster.dir/test/test_load_pose_broadcaster.cpp.o[0m
[12.328s] [ 92%] [32m[1mLinking CXX executable test_load_pose_broadcaster[0m
[12.765s] [ 92%] Built target test_load_pose_broadcaster
[18.788s] [100%] [32m[1mLinking CXX executable test_pose_broadcaster[0m
[20.037s] [100%] Built target test_pose_broadcaster
[20.047s] Invoked command in '/home/farah/ws_farah/build/pose_broadcaster' returned '0': AMENT_PREFIX_PATH=/home/farah/ws_farah/install/hardware_interface_testing:/home/farah/ws_farah/install/controller_interface:/home/farah/ws_farah/install/hardware_interface:/home/farah/ws_farah/install/ros2_control_test_assets:${AMENT_PREFIX_PATH} CMAKE_PREFIX_PATH=/home/farah/ws_farah/install/hardware_interface_testing:/home/farah/ws_farah/install/controller_interface:/home/farah/ws_farah/install/hardware_interface:/home/farah/ws_farah/install/ros2_control_test_assets:/opt/ros/humble LD_LIBRARY_PATH=/home/farah/ws_farah/install/hardware_interface_testing/lib:/home/farah/ws_farah/install/controller_interface/lib:/home/farah/ws_farah/install/hardware_interface/lib:${LD_LIBRARY_PATH} /usr/bin/cmake --build /home/farah/ws_farah/build/pose_broadcaster -- -j8 -l8
[20.047s] Invoking command in '/home/farah/ws_farah/build/pose_broadcaster': AMENT_PREFIX_PATH=/home/farah/ws_farah/install/hardware_interface_testing:/home/farah/ws_farah/install/controller_interface:/home/farah/ws_farah/install/hardware_interface:/home/farah/ws_farah/install/ros2_control_test_assets:${AMENT_PREFIX_PATH} CMAKE_PREFIX_PATH=/home/farah/ws_farah/install/hardware_interface_testing:/home/farah/ws_farah/install/controller_interface:/home/farah/ws_farah/install/hardware_interface:/home/farah/ws_farah/install/ros2_control_test_assets:/opt/ros/humble LD_LIBRARY_PATH=/home/farah/ws_farah/install/hardware_interface_testing/lib:/home/farah/ws_farah/install/controller_interface/lib:/home/farah/ws_farah/install/hardware_interface/lib:${LD_LIBRARY_PATH} /usr/bin/cmake --install /home/farah/ws_farah/build/pose_broadcaster
[20.053s] -- Install configuration: ""
[20.053s] -- Installing: /home/farah/ws_farah/install/pose_broadcaster/include/pose_broadcaster
[20.053s] -- Installing: /home/farah/ws_farah/install/pose_broadcaster/include/pose_broadcaster/pose_broadcaster_parameters.hpp
[20.053s] -- Installing: /home/farah/ws_farah/install/pose_broadcaster/share/pose_broadcaster/pose_broadcaster.xml
[20.053s] -- Up-to-date: /home/farah/ws_farah/install/pose_broadcaster/include/pose_broadcaster
[20.053s] -- Installing: /home/farah/ws_farah/install/pose_broadcaster/include/pose_broadcaster/pose_broadcaster
[20.053s] -- Installing: /home/farah/ws_farah/install/pose_broadcaster/include/pose_broadcaster/pose_broadcaster/pose_broadcaster.hpp
[20.054s] -- Installing: /home/farah/ws_farah/install/pose_broadcaster/include/pose_broadcaster/pose_broadcaster/visibility_control.h
[20.054s] -- Installing: /home/farah/ws_farah/install/pose_broadcaster/lib/libpose_broadcaster.so
[20.056s] -- Set runtime path of "/home/farah/ws_farah/install/pose_broadcaster/lib/libpose_broadcaster.so" to ""
[20.056s] -- Installing: /home/farah/ws_farah/install/pose_broadcaster/share/pose_broadcaster/environment/library_path.sh
[20.056s] -- Installing: /home/farah/ws_farah/install/pose_broadcaster/share/pose_broadcaster/environment/library_path.dsv
[20.056s] -- Installing: /home/farah/ws_farah/install/pose_broadcaster/share/ament_index/resource_index/package_run_dependencies/pose_broadcaster
[20.056s] -- Installing: /home/farah/ws_farah/install/pose_broadcaster/share/ament_index/resource_index/parent_prefix_path/pose_broadcaster
[20.056s] -- Installing: /home/farah/ws_farah/install/pose_broadcaster/share/pose_broadcaster/environment/ament_prefix_path.sh
[20.056s] -- Installing: /home/farah/ws_farah/install/pose_broadcaster/share/pose_broadcaster/environment/ament_prefix_path.dsv
[20.056s] -- Installing: /home/farah/ws_farah/install/pose_broadcaster/share/pose_broadcaster/environment/path.sh
[20.057s] -- Installing: /home/farah/ws_farah/install/pose_broadcaster/share/pose_broadcaster/environment/path.dsv
[20.057s] -- Installing: /home/farah/ws_farah/install/pose_broadcaster/share/pose_broadcaster/local_setup.bash
[20.057s] -- Installing: /home/farah/ws_farah/install/pose_broadcaster/share/pose_broadcaster/local_setup.sh
[20.057s] -- Installing: /home/farah/ws_farah/install/pose_broadcaster/share/pose_broadcaster/local_setup.zsh
[20.057s] -- Installing: /home/farah/ws_farah/install/pose_broadcaster/share/pose_broadcaster/local_setup.dsv
[20.057s] -- Installing: /home/farah/ws_farah/install/pose_broadcaster/share/pose_broadcaster/package.dsv
[20.057s] -- Installing: /home/farah/ws_farah/install/pose_broadcaster/share/ament_index/resource_index/packages/pose_broadcaster
[20.057s] -- Installing: /home/farah/ws_farah/install/pose_broadcaster/share/ament_index/resource_index/controller_interface__pluginlib__plugin/pose_broadcaster
[20.057s] -- Installing: /home/farah/ws_farah/install/pose_broadcaster/share/pose_broadcaster/cmake/export_pose_broadcasterExport.cmake
[20.057s] -- Installing: /home/farah/ws_farah/install/pose_broadcaster/share/pose_broadcaster/cmake/export_pose_broadcasterExport-noconfig.cmake
[20.058s] -- Installing: /home/farah/ws_farah/install/pose_broadcaster/share/pose_broadcaster/cmake/ament_cmake_export_dependencies-extras.cmake
[20.058s] -- Installing: /home/farah/ws_farah/install/pose_broadcaster/share/pose_broadcaster/cmake/ament_cmake_export_targets-extras.cmake
[20.058s] -- Installing: /home/farah/ws_farah/install/pose_broadcaster/share/pose_broadcaster/cmake/pose_broadcasterConfig.cmake
[20.058s] -- Installing: /home/farah/ws_farah/install/pose_broadcaster/share/pose_broadcaster/cmake/pose_broadcasterConfig-version.cmake
[20.058s] -- Installing: /home/farah/ws_farah/install/pose_broadcaster/share/pose_broadcaster/package.xml
[20.060s] Invoked command in '/home/farah/ws_farah/build/pose_broadcaster' returned '0': AMENT_PREFIX_PATH=/home/farah/ws_farah/install/hardware_interface_testing:/home/farah/ws_farah/install/controller_interface:/home/farah/ws_farah/install/hardware_interface:/home/farah/ws_farah/install/ros2_control_test_assets:${AMENT_PREFIX_PATH} CMAKE_PREFIX_PATH=/home/farah/ws_farah/install/hardware_interface_testing:/home/farah/ws_farah/install/controller_interface:/home/farah/ws_farah/install/hardware_interface:/home/farah/ws_farah/install/ros2_control_test_assets:/opt/ros/humble LD_LIBRARY_PATH=/home/farah/ws_farah/install/hardware_interface_testing/lib:/home/farah/ws_farah/install/controller_interface/lib:/home/farah/ws_farah/install/hardware_interface/lib:${LD_LIBRARY_PATH} /usr/bin/cmake --install /home/farah/ws_farah/build/pose_broadcaster
