[0.005s] Invoking command in '/home/farah/ws_farah/build/hardware_interface': AMENT_PREFIX_PATH=/home/farah/ws_farah/install/ros2_control_test_assets:${AMENT_PREFIX_PATH} CMAKE_PREFIX_PATH=/home/farah/ws_farah/install/ros2_control_test_assets:/opt/ros/humble /usr/bin/cmake /home/farah/ws_farah/src/ros2_control/hardware_interface -DCMAKE_INSTALL_PREFIX=/home/farah/ws_farah/install/hardware_interface
[0.045s] -- The C compiler identification is GNU 11.4.0
[0.092s] -- The CXX compiler identification is GNU 11.4.0
[0.099s] -- Detecting C compiler ABI info
[0.149s] -- Detecting C compiler ABI info - done
[0.156s] -- Check for working C compiler: /usr/bin/cc - skipped
[0.156s] -- Detecting C compile features
[0.156s] -- Detecting C compile features - done
[0.159s] -- Detecting CXX compiler ABI info
[0.219s] -- Detecting CXX compiler ABI info - done
[0.225s] -- Check for working CXX compiler: /usr/bin/c++ - skipped
[0.225s] -- Detecting CXX compile features
[0.226s] -- Detecting CXX compile features - done
[0.228s] -- Found ament_cmake: 1.3.11 (/opt/ros/humble/share/ament_cmake/cmake)
[0.514s] -- Found Python3: /usr/bin/python3 (found version "3.10.12") found components: Interpreter 
[0.586s] -- Found control_msgs: 4.8.0 (/opt/ros/humble/share/control_msgs/cmake)
[0.617s] -- Found rosidl_generator_c: 3.1.6 (/opt/ros/humble/share/rosidl_generator_c/cmake)
[0.621s] -- Found rosidl_adapter: 3.1.6 (/opt/ros/humble/share/rosidl_adapter/cmake)
[0.628s] -- Found rosidl_generator_cpp: 3.1.6 (/opt/ros/humble/share/rosidl_generator_cpp/cmake)
[0.638s] -- Using all available rosidl_typesupport_c: rosidl_typesupport_fastrtps_c;rosidl_typesupport_introspection_c
[0.652s] -- Using all available rosidl_typesupport_cpp: rosidl_typesupport_fastrtps_cpp;rosidl_typesupport_introspection_cpp
[0.761s] -- Found lifecycle_msgs: 1.2.1 (/opt/ros/humble/share/lifecycle_msgs/cmake)
[0.769s] -- Found pluginlib: 5.1.0 (/opt/ros/humble/share/pluginlib/cmake)
[0.792s] -- Found rclcpp_lifecycle: 16.0.12 (/opt/ros/humble/share/rclcpp_lifecycle/cmake)
[0.825s] -- Found rmw_implementation_cmake: 6.1.2 (/opt/ros/humble/share/rmw_implementation_cmake/cmake)
[0.828s] -- Found rmw_fastrtps_cpp: 6.2.7 (/opt/ros/humble/share/rmw_fastrtps_cpp/cmake)
[0.850s] -- Found TinyXML2 via Config file: TinyXML2_DIR-NOTFOUND
[0.893s] -- Found OpenSSL: /usr/lib/x86_64-linux-gnu/libcrypto.so (found version "3.0.2")  
[0.895s] -- Found TinyXML2 via Config file: TinyXML2_DIR-NOTFOUND
[0.908s] -- Found FastRTPS: /opt/ros/humble/include  
[0.911s] -- Found TinyXML2 via Config file: TinyXML2_DIR-NOTFOUND
[0.918s] -- Found TinyXML2 via Config file: TinyXML2_DIR-NOTFOUND
[0.927s] -- Using RMW implementation 'rmw_fastrtps_cpp' as default
[0.934s] -- Looking for pthread.h
[0.990s] -- Looking for pthread.h - found
[0.991s] -- Performing Test CMAKE_HAVE_LIBC_PTHREAD
[1.045s] -- Performing Test CMAKE_HAVE_LIBC_PTHREAD - Success
[1.046s] -- Found Threads: TRUE  
[1.085s] -- Found TinyXML2 via Config file: TinyXML2_DIR-NOTFOUND
[1.088s] -- Found ament_cmake_gmock: 1.3.11 (/opt/ros/humble/share/ament_cmake_gmock/cmake)
[1.088s] -- Found ros2_control_test_assets: 2.50.0 (/home/farah/ws_farah/install/ros2_control_test_assets/share/ros2_control_test_assets/cmake)
[1.090s] -- Found gmock sources under '/opt/ros/humble/src/gmock_vendor': C++ tests using 'Google Mock' will be built
[1.094s] -- Found ament_cmake_gtest: 1.3.11 (/opt/ros/humble/share/ament_cmake_gtest/cmake)
[1.095s] -- Found gtest sources under '/opt/ros/humble/src/gtest_vendor': C++ tests using 'Google Test' will be built
[1.156s] -- Configuring done
[1.196s] -- Generating done
[1.213s] -- Build files have been written to: /home/farah/ws_farah/build/hardware_interface
[1.225s] Invoked command in '/home/farah/ws_farah/build/hardware_interface' returned '0': AMENT_PREFIX_PATH=/home/farah/ws_farah/install/ros2_control_test_assets:${AMENT_PREFIX_PATH} CMAKE_PREFIX_PATH=/home/farah/ws_farah/install/ros2_control_test_assets:/opt/ros/humble /usr/bin/cmake /home/farah/ws_farah/src/ros2_control/hardware_interface -DCMAKE_INSTALL_PREFIX=/home/farah/ws_farah/install/hardware_interface
[1.226s] Invoking command in '/home/farah/ws_farah/build/hardware_interface': AMENT_PREFIX_PATH=/home/farah/ws_farah/install/ros2_control_test_assets:${AMENT_PREFIX_PATH} CMAKE_PREFIX_PATH=/home/farah/ws_farah/install/ros2_control_test_assets:/opt/ros/humble /usr/bin/cmake --build /home/farah/ws_farah/build/hardware_interface -- -j8 -l8
[1.264s] [ 11%] [32mBuilding CXX object gmock/CMakeFiles/gmock.dir/src/gmock-all.cc.o[0m
[1.264s] [ 11%] [32mBuilding CXX object gmock/CMakeFiles/gmock.dir/opt/ros/humble/src/gtest_vendor/src/gtest-all.cc.o[0m
[1.264s] [ 11%] [32mBuilding CXX object gmock/CMakeFiles/gmock_main.dir/src/gmock_main.cc.o[0m
[1.264s] [ 11%] [34m[1mGenerating hardware_interface/version.h[0m
[1.279s] [ 11%] Built target ament_generate_version_header__hardware_interface
[1.300s] [ 22%] [32mBuilding CXX object CMakeFiles/hardware_interface.dir/src/system.cpp.o[0m
[1.300s] [ 22%] [32mBuilding CXX object CMakeFiles/hardware_interface.dir/src/sensor.cpp.o[0m
[1.300s] [ 22%] [32mBuilding CXX object CMakeFiles/hardware_interface.dir/src/component_parser.cpp.o[0m
[1.300s] [ 25%] [32mBuilding CXX object CMakeFiles/hardware_interface.dir/src/actuator.cpp.o[0m
[1.300s] [ 25%] [32mBuilding CXX object CMakeFiles/hardware_interface.dir/src/resource_manager.cpp.o[0m
[2.633s] [ 28%] [32mBuilding CXX object CMakeFiles/hardware_interface.dir/src/lexical_casts.cpp.o[0m
[3.225s] [ 31%] [32m[1mLinking CXX static library libgmock_main.a[0m
[3.253s] [ 31%] Built target gmock_main
[4.932s] [ 34%] [32m[1mLinking CXX static library libgmock.a[0m
[4.981s] [ 34%] Built target gmock
[4.997s] [ 37%] [32mBuilding CXX object CMakeFiles/test_macros.dir/test/test_macros.cpp.o[0m
[6.100s] [ 40%] [32m[1mLinking CXX executable test_macros[0m
[6.242s] [ 40%] Built target test_macros
[6.271s] [ 42%] [32m[1mLinking CXX shared library libhardware_interface.so[0m
[6.508s] [ 42%] Built target hardware_interface
[6.533s] [ 60%] [32mBuilding CXX object CMakeFiles/test_component_parser.dir/test/test_component_parser.cpp.o[0m
[6.533s] [ 60%] [32mBuilding CXX object CMakeFiles/mock_components.dir/src/mock_components/generic_system.cpp.o[0m
[6.536s] [ 60%] [32mBuilding CXX object CMakeFiles/test_joint_handle.dir/test/test_handle.cpp.o[0m
[6.536s] [ 60%] [32mBuilding CXX object CMakeFiles/test_inst_hardwares.dir/test/test_inst_hardwares.cpp.o[0m
[6.536s] [ 60%] [32mBuilding CXX object CMakeFiles/test_component_interfaces.dir/test/test_component_interfaces.cpp.o[0m
[6.537s] [ 60%] [32mBuilding CXX object CMakeFiles/fake_components.dir/src/mock_components/generic_system.cpp.o[0m
[6.537s] [ 62%] [32mBuilding CXX object CMakeFiles/test_hardware_components.dir/test/test_hardware_components/test_single_joint_actuator.cpp.o[0m
[6.537s] [ 65%] [32mBuilding CXX object CMakeFiles/test_generic_system.dir/test/mock_components/test_generic_system.cpp.o[0m
[8.760s] [ 68%] [32mBuilding CXX object CMakeFiles/test_hardware_components.dir/test/test_hardware_components/test_force_torque_sensor.cpp.o[0m
[9.230s] [ 71%] [32m[1mLinking CXX executable test_joint_handle[0m
[9.470s] [ 74%] [32m[1mLinking CXX shared library libmock_components.so[0m
[9.478s] [ 77%] [32m[1mLinking CXX executable test_inst_hardwares[0m
[9.507s] [ 80%] [32mBuilding CXX object CMakeFiles/fake_components.dir/src/mock_components/fake_generic_system.cpp.o[0m
[9.890s] [ 80%] Built target test_joint_handle
[9.907s] [ 82%] [32mBuilding CXX object CMakeFiles/test_hardware_components.dir/test/test_hardware_components/test_two_joint_system.cpp.o[0m
[10.051s] [ 82%] Built target mock_components
[10.066s] [ 85%] [32mBuilding CXX object CMakeFiles/test_hardware_components.dir/test/test_hardware_components/test_system_with_command_modes.cpp.o[0m
[10.093s] [ 85%] Built target test_inst_hardwares
[11.142s] [ 88%] [32m[1mLinking CXX shared library libfake_components.so[0m
[11.482s] [ 88%] Built target fake_components
[11.568s] [ 91%] [32m[1mLinking CXX executable test_component_interfaces[0m
[11.916s] [ 94%] [32m[1mLinking CXX executable test_generic_system[0m
[12.158s] [ 94%] Built target test_component_interfaces
[12.182s] [ 97%] [32m[1mLinking CXX executable test_component_parser[0m
[12.246s] [100%] [32m[1mLinking CXX shared library libtest_hardware_components.so[0m
[12.450s] [100%] Built target test_generic_system
[12.481s] [100%] Built target test_hardware_components
[12.580s] [100%] Built target test_component_parser
[12.589s] Invoked command in '/home/farah/ws_farah/build/hardware_interface' returned '0': AMENT_PREFIX_PATH=/home/farah/ws_farah/install/ros2_control_test_assets:${AMENT_PREFIX_PATH} CMAKE_PREFIX_PATH=/home/farah/ws_farah/install/ros2_control_test_assets:/opt/ros/humble /usr/bin/cmake --build /home/farah/ws_farah/build/hardware_interface -- -j8 -l8
[12.590s] Invoking command in '/home/farah/ws_farah/build/hardware_interface': AMENT_PREFIX_PATH=/home/farah/ws_farah/install/ros2_control_test_assets:${AMENT_PREFIX_PATH} CMAKE_PREFIX_PATH=/home/farah/ws_farah/install/ros2_control_test_assets:/opt/ros/humble /usr/bin/cmake --install /home/farah/ws_farah/build/hardware_interface
[12.596s] -- Install configuration: ""
[12.596s] -- Installing: /home/farah/ws_farah/install/hardware_interface/share/hardware_interface/mock_components_plugin_description.xml
[12.596s] -- Installing: /home/farah/ws_farah/install/hardware_interface/share/hardware_interface/fake_components_plugin_description.xml
[12.596s] -- Installing: /home/farah/ws_farah/install/hardware_interface/include
[12.596s] -- Installing: /home/farah/ws_farah/install/hardware_interface/include/hardware_interface
[12.596s] -- Installing: /home/farah/ws_farah/install/hardware_interface/include/hardware_interface/sensor_interface.hpp
[12.596s] -- Installing: /home/farah/ws_farah/install/hardware_interface/include/hardware_interface/loaned_command_interface.hpp
[12.596s] -- Installing: /home/farah/ws_farah/install/hardware_interface/include/hardware_interface/system.hpp
[12.596s] -- Installing: /home/farah/ws_farah/install/hardware_interface/include/hardware_interface/loaned_state_interface.hpp
[12.596s] -- Installing: /home/farah/ws_farah/install/hardware_interface/include/hardware_interface/types
[12.596s] -- Installing: /home/farah/ws_farah/install/hardware_interface/include/hardware_interface/types/hardware_interface_type_values.hpp
[12.596s] -- Installing: /home/farah/ws_farah/install/hardware_interface/include/hardware_interface/types/lifecycle_state_names.hpp
[12.596s] -- Installing: /home/farah/ws_farah/install/hardware_interface/include/hardware_interface/types/hardware_interface_return_values.hpp
[12.597s] -- Installing: /home/farah/ws_farah/install/hardware_interface/include/hardware_interface/actuator.hpp
[12.597s] -- Installing: /home/farah/ws_farah/install/hardware_interface/include/hardware_interface/resource_manager.hpp
[12.597s] -- Installing: /home/farah/ws_farah/install/hardware_interface/include/hardware_interface/hardware_info.hpp
[12.597s] -- Installing: /home/farah/ws_farah/install/hardware_interface/include/hardware_interface/hardware_component_info.hpp
[12.597s] -- Installing: /home/farah/ws_farah/install/hardware_interface/include/hardware_interface/controller_info.hpp
[12.597s] -- Installing: /home/farah/ws_farah/install/hardware_interface/include/hardware_interface/actuator_interface.hpp
[12.597s] -- Installing: /home/farah/ws_farah/install/hardware_interface/include/hardware_interface/lexical_casts.hpp
[12.597s] -- Installing: /home/farah/ws_farah/install/hardware_interface/include/hardware_interface/sensor.hpp
[12.597s] -- Installing: /home/farah/ws_farah/install/hardware_interface/include/hardware_interface/component_parser.hpp
[12.597s] -- Installing: /home/farah/ws_farah/install/hardware_interface/include/hardware_interface/handle.hpp
[12.597s] -- Installing: /home/farah/ws_farah/install/hardware_interface/include/hardware_interface/system_interface.hpp
[12.597s] -- Installing: /home/farah/ws_farah/install/hardware_interface/include/hardware_interface/visibility_control.h
[12.597s] -- Installing: /home/farah/ws_farah/install/hardware_interface/include/hardware_interface/macros.hpp
[12.598s] -- Installing: /home/farah/ws_farah/install/hardware_interface/include/mock_components
[12.598s] -- Installing: /home/farah/ws_farah/install/hardware_interface/include/mock_components/generic_system.hpp
[12.598s] -- Installing: /home/farah/ws_farah/install/hardware_interface/include/mock_components/visibility_control.h
[12.598s] -- Installing: /home/farah/ws_farah/install/hardware_interface/include/fake_components
[12.598s] -- Installing: /home/farah/ws_farah/install/hardware_interface/include/fake_components/generic_system.hpp
[12.598s] -- Installing: /home/farah/ws_farah/install/hardware_interface/include/fake_components/visibility_control.h
[12.598s] -- Installing: /home/farah/ws_farah/install/hardware_interface/lib/libfake_components.so
[12.599s] -- Set runtime path of "/home/farah/ws_farah/install/hardware_interface/lib/libfake_components.so" to ""
[12.599s] -- Installing: /home/farah/ws_farah/install/hardware_interface/lib/libmock_components.so
[12.600s] -- Set runtime path of "/home/farah/ws_farah/install/hardware_interface/lib/libmock_components.so" to ""
[12.600s] -- Installing: /home/farah/ws_farah/install/hardware_interface/lib/libhardware_interface.so
[12.602s] -- Set runtime path of "/home/farah/ws_farah/install/hardware_interface/lib/libhardware_interface.so" to ""
[12.602s] -- Installing: /home/farah/ws_farah/install/hardware_interface/lib/libtest_hardware_components.so
[12.603s] -- Set runtime path of "/home/farah/ws_farah/install/hardware_interface/lib/libtest_hardware_components.so" to ""
[12.603s] -- Installing: /home/farah/ws_farah/install/hardware_interface/share/hardware_interface/test/test_hardware_components/test_hardware_components.xml
[12.603s] -- Installing: /home/farah/ws_farah/install/hardware_interface/share/hardware_interface/environment/library_path.sh
[12.603s] -- Installing: /home/farah/ws_farah/install/hardware_interface/share/hardware_interface/environment/library_path.dsv
[12.603s] -- Installing: /home/farah/ws_farah/install/hardware_interface/share/ament_index/resource_index/package_run_dependencies/hardware_interface
[12.603s] -- Installing: /home/farah/ws_farah/install/hardware_interface/share/ament_index/resource_index/parent_prefix_path/hardware_interface
[12.603s] -- Installing: /home/farah/ws_farah/install/hardware_interface/share/hardware_interface/environment/ament_prefix_path.sh
[12.603s] -- Installing: /home/farah/ws_farah/install/hardware_interface/share/hardware_interface/environment/ament_prefix_path.dsv
[12.604s] -- Installing: /home/farah/ws_farah/install/hardware_interface/share/hardware_interface/environment/path.sh
[12.604s] -- Installing: /home/farah/ws_farah/install/hardware_interface/share/hardware_interface/environment/path.dsv
[12.604s] -- Installing: /home/farah/ws_farah/install/hardware_interface/share/hardware_interface/local_setup.bash
[12.604s] -- Installing: /home/farah/ws_farah/install/hardware_interface/share/hardware_interface/local_setup.sh
[12.604s] -- Installing: /home/farah/ws_farah/install/hardware_interface/share/hardware_interface/local_setup.zsh
[12.604s] -- Installing: /home/farah/ws_farah/install/hardware_interface/share/hardware_interface/local_setup.dsv
[12.604s] -- Installing: /home/farah/ws_farah/install/hardware_interface/share/hardware_interface/package.dsv
[12.604s] -- Installing: /home/farah/ws_farah/install/hardware_interface/share/ament_index/resource_index/packages/hardware_interface
[12.604s] -- Installing: /home/farah/ws_farah/install/hardware_interface/share/ament_index/resource_index/hardware_interface__pluginlib__plugin/hardware_interface
[12.604s] -- Installing: /home/farah/ws_farah/install/hardware_interface/share/hardware_interface/cmake/ament_cmake_export_include_directories-extras.cmake
[12.604s] -- Installing: /home/farah/ws_farah/install/hardware_interface/share/hardware_interface/cmake/ament_cmake_export_libraries-extras.cmake
[12.605s] -- Installing: /home/farah/ws_farah/install/hardware_interface/share/hardware_interface/cmake/ament_cmake_export_dependencies-extras.cmake
[12.605s] -- Installing: /home/farah/ws_farah/install/hardware_interface/share/hardware_interface/cmake/hardware_interfaceConfig.cmake
[12.605s] -- Installing: /home/farah/ws_farah/install/hardware_interface/share/hardware_interface/cmake/hardware_interfaceConfig-version.cmake
[12.605s] -- Installing: /home/farah/ws_farah/install/hardware_interface/share/hardware_interface/package.xml
[12.605s] -- Installing: /home/farah/ws_farah/install/hardware_interface/include/hardware_interface/hardware_interface/version.h
[12.607s] Invoked command in '/home/farah/ws_farah/build/hardware_interface' returned '0': AMENT_PREFIX_PATH=/home/farah/ws_farah/install/ros2_control_test_assets:${AMENT_PREFIX_PATH} CMAKE_PREFIX_PATH=/home/farah/ws_farah/install/ros2_control_test_assets:/opt/ros/humble /usr/bin/cmake --install /home/farah/ws_farah/build/hardware_interface
