running egg_info
creating ../../../build/temp_teleop/temp_teleop.egg-info
writing ../../../build/temp_teleop/temp_teleop.egg-info/PKG-INFO
writing dependency_links to ../../../build/temp_teleop/temp_teleop.egg-info/dependency_links.txt
writing entry points to ../../../build/temp_teleop/temp_teleop.egg-info/entry_points.txt
writing requirements to ../../../build/temp_teleop/temp_teleop.egg-info/requires.txt
writing top-level names to ../../../build/temp_teleop/temp_teleop.egg-info/top_level.txt
writing manifest file '../../../build/temp_teleop/temp_teleop.egg-info/SOURCES.txt'
reading manifest file '../../../build/temp_teleop/temp_teleop.egg-info/SOURCES.txt'
writing manifest file '../../../build/temp_teleop/temp_teleop.egg-info/SOURCES.txt'
running build
running build_py
creating /home/farah/ws_farah/build/temp_teleop/build
creating /home/farah/ws_farah/build/temp_teleop/build/lib
creating /home/farah/ws_farah/build/temp_teleop/build/lib/temp_teleop
copying temp_teleop/serial_test.py -> /home/farah/ws_farah/build/temp_teleop/build/lib/temp_teleop
copying temp_teleop/arduino.py -> /home/farah/ws_farah/build/temp_teleop/build/lib/temp_teleop
copying temp_teleop/auton.py -> /home/farah/ws_farah/build/temp_teleop/build/lib/temp_teleop
copying temp_teleop/__init__.py -> /home/farah/ws_farah/build/temp_teleop/build/lib/temp_teleop
copying temp_teleop/submit.py -> /home/farah/ws_farah/build/temp_teleop/build/lib/temp_teleop
running install
running install_lib
creating /home/farah/ws_farah/install/temp_teleop/lib/python3.10/site-packages/temp_teleop
copying /home/farah/ws_farah/build/temp_teleop/build/lib/temp_teleop/serial_test.py -> /home/farah/ws_farah/install/temp_teleop/lib/python3.10/site-packages/temp_teleop
copying /home/farah/ws_farah/build/temp_teleop/build/lib/temp_teleop/arduino.py -> /home/farah/ws_farah/install/temp_teleop/lib/python3.10/site-packages/temp_teleop
copying /home/farah/ws_farah/build/temp_teleop/build/lib/temp_teleop/auton.py -> /home/farah/ws_farah/install/temp_teleop/lib/python3.10/site-packages/temp_teleop
copying /home/farah/ws_farah/build/temp_teleop/build/lib/temp_teleop/__init__.py -> /home/farah/ws_farah/install/temp_teleop/lib/python3.10/site-packages/temp_teleop
copying /home/farah/ws_farah/build/temp_teleop/build/lib/temp_teleop/submit.py -> /home/farah/ws_farah/install/temp_teleop/lib/python3.10/site-packages/temp_teleop
byte-compiling /home/farah/ws_farah/install/temp_teleop/lib/python3.10/site-packages/temp_teleop/serial_test.py to serial_test.cpython-310.pyc
byte-compiling /home/farah/ws_farah/install/temp_teleop/lib/python3.10/site-packages/temp_teleop/arduino.py to arduino.cpython-310.pyc
byte-compiling /home/farah/ws_farah/install/temp_teleop/lib/python3.10/site-packages/temp_teleop/auton.py to auton.cpython-310.pyc
byte-compiling /home/farah/ws_farah/install/temp_teleop/lib/python3.10/site-packages/temp_teleop/__init__.py to __init__.cpython-310.pyc
byte-compiling /home/farah/ws_farah/install/temp_teleop/lib/python3.10/site-packages/temp_teleop/submit.py to submit.cpython-310.pyc
running install_data
creating /home/farah/ws_farah/install/temp_teleop/share/ament_index
creating /home/farah/ws_farah/install/temp_teleop/share/ament_index/resource_index
creating /home/farah/ws_farah/install/temp_teleop/share/ament_index/resource_index/packages
copying resource/temp_teleop -> /home/farah/ws_farah/install/temp_teleop/share/ament_index/resource_index/packages
copying package.xml -> /home/farah/ws_farah/install/temp_teleop/share/temp_teleop
running install_egg_info
Copying ../../../build/temp_teleop/temp_teleop.egg-info to /home/farah/ws_farah/install/temp_teleop/lib/python3.10/site-packages/temp_teleop-0.0.0-py3.10.egg-info
running install_scripts
Installing talker script to /home/farah/ws_farah/install/temp_teleop/lib/temp_teleop
writing list of installed files to '/home/farah/ws_farah/build/temp_teleop/install.log'
