[0.781s] Invoking command in '/home/farah/ws_farah/src/ros2_acker/temp_teleop': PYTHONPATH=/home/farah/ws_farah/build/temp_teleop/prefix_override:/usr/lib/python3/dist-packages/colcon_core/task/python/colcon_distutils_commands:/home/farah/ws_farah/install/temp_teleop/lib/python3.10/site-packages:${PYTHONPATH} /usr/bin/python3 -W ignore:setup.py install is deprecated -W ignore:easy_install command is deprecated setup.py egg_info --egg-base ../../../build/temp_teleop build --build-base /home/farah/ws_farah/build/temp_teleop/build install --record /home/farah/ws_farah/build/temp_teleop/install.log --single-version-externally-managed install_data
[1.032s] running egg_info
[1.033s] creating ../../../build/temp_teleop/temp_teleop.egg-info
[1.051s] writing ../../../build/temp_teleop/temp_teleop.egg-info/PKG-INFO
[1.051s] writing dependency_links to ../../../build/temp_teleop/temp_teleop.egg-info/dependency_links.txt
[1.051s] writing entry points to ../../../build/temp_teleop/temp_teleop.egg-info/entry_points.txt
[1.052s] writing requirements to ../../../build/temp_teleop/temp_teleop.egg-info/requires.txt
[1.052s] writing top-level names to ../../../build/temp_teleop/temp_teleop.egg-info/top_level.txt
[1.052s] writing manifest file '../../../build/temp_teleop/temp_teleop.egg-info/SOURCES.txt'
[1.089s] reading manifest file '../../../build/temp_teleop/temp_teleop.egg-info/SOURCES.txt'
[1.089s] writing manifest file '../../../build/temp_teleop/temp_teleop.egg-info/SOURCES.txt'
[1.089s] running build
[1.090s] running build_py
[1.090s] creating /home/farah/ws_farah/build/temp_teleop/build
[1.090s] creating /home/farah/ws_farah/build/temp_teleop/build/lib
[1.090s] creating /home/farah/ws_farah/build/temp_teleop/build/lib/temp_teleop
[1.090s] copying temp_teleop/serial_test.py -> /home/farah/ws_farah/build/temp_teleop/build/lib/temp_teleop
[1.090s] copying temp_teleop/arduino.py -> /home/farah/ws_farah/build/temp_teleop/build/lib/temp_teleop
[1.090s] copying temp_teleop/auton.py -> /home/farah/ws_farah/build/temp_teleop/build/lib/temp_teleop
[1.090s] copying temp_teleop/__init__.py -> /home/farah/ws_farah/build/temp_teleop/build/lib/temp_teleop
[1.090s] copying temp_teleop/submit.py -> /home/farah/ws_farah/build/temp_teleop/build/lib/temp_teleop
[1.091s] running install
[1.096s] running install_lib
[1.116s] creating /home/farah/ws_farah/install/temp_teleop/lib/python3.10/site-packages/temp_teleop
[1.116s] copying /home/farah/ws_farah/build/temp_teleop/build/lib/temp_teleop/serial_test.py -> /home/farah/ws_farah/install/temp_teleop/lib/python3.10/site-packages/temp_teleop
[1.116s] copying /home/farah/ws_farah/build/temp_teleop/build/lib/temp_teleop/arduino.py -> /home/farah/ws_farah/install/temp_teleop/lib/python3.10/site-packages/temp_teleop
[1.116s] copying /home/farah/ws_farah/build/temp_teleop/build/lib/temp_teleop/auton.py -> /home/farah/ws_farah/install/temp_teleop/lib/python3.10/site-packages/temp_teleop
[1.116s] copying /home/farah/ws_farah/build/temp_teleop/build/lib/temp_teleop/__init__.py -> /home/farah/ws_farah/install/temp_teleop/lib/python3.10/site-packages/temp_teleop
[1.116s] copying /home/farah/ws_farah/build/temp_teleop/build/lib/temp_teleop/submit.py -> /home/farah/ws_farah/install/temp_teleop/lib/python3.10/site-packages/temp_teleop
[1.116s] byte-compiling /home/farah/ws_farah/install/temp_teleop/lib/python3.10/site-packages/temp_teleop/serial_test.py to serial_test.cpython-310.pyc
[1.117s] byte-compiling /home/farah/ws_farah/install/temp_teleop/lib/python3.10/site-packages/temp_teleop/arduino.py to arduino.cpython-310.pyc
[1.118s] byte-compiling /home/farah/ws_farah/install/temp_teleop/lib/python3.10/site-packages/temp_teleop/auton.py to auton.cpython-310.pyc
[1.118s] byte-compiling /home/farah/ws_farah/install/temp_teleop/lib/python3.10/site-packages/temp_teleop/__init__.py to __init__.cpython-310.pyc
[1.118s] byte-compiling /home/farah/ws_farah/install/temp_teleop/lib/python3.10/site-packages/temp_teleop/submit.py to submit.cpython-310.pyc
[1.119s] running install_data
[1.119s] creating /home/farah/ws_farah/install/temp_teleop/share/ament_index
[1.119s] creating /home/farah/ws_farah/install/temp_teleop/share/ament_index/resource_index
[1.119s] creating /home/farah/ws_farah/install/temp_teleop/share/ament_index/resource_index/packages
[1.120s] copying resource/temp_teleop -> /home/farah/ws_farah/install/temp_teleop/share/ament_index/resource_index/packages
[1.120s] copying package.xml -> /home/farah/ws_farah/install/temp_teleop/share/temp_teleop
[1.120s] running install_egg_info
[1.139s] Copying ../../../build/temp_teleop/temp_teleop.egg-info to /home/farah/ws_farah/install/temp_teleop/lib/python3.10/site-packages/temp_teleop-0.0.0-py3.10.egg-info
[1.140s] running install_scripts
[1.300s] Installing talker script to /home/farah/ws_farah/install/temp_teleop/lib/temp_teleop
[1.301s] writing list of installed files to '/home/farah/ws_farah/build/temp_teleop/install.log'
[1.325s] Invoked command in '/home/farah/ws_farah/src/ros2_acker/temp_teleop' returned '0': PYTHONPATH=/home/farah/ws_farah/build/temp_teleop/prefix_override:/usr/lib/python3/dist-packages/colcon_core/task/python/colcon_distutils_commands:/home/farah/ws_farah/install/temp_teleop/lib/python3.10/site-packages:${PYTHONPATH} /usr/bin/python3 -W ignore:setup.py install is deprecated -W ignore:easy_install command is deprecated setup.py egg_info --egg-base ../../../build/temp_teleop build --build-base /home/farah/ws_farah/build/temp_teleop/build install --record /home/farah/ws_farah/build/temp_teleop/install.log --single-version-externally-managed install_data
