[0.744s] Invoking command in '/home/farah/ws_farah/src/ros2_controllers/rqt_joint_trajectory_controller': AMENT_PREFIX_PATH=/home/farah/ws_farah/install/controller_manager_msgs:${AMENT_PREFIX_PATH} CMAKE_PREFIX_PATH=/home/farah/ws_farah/install/controller_manager_msgs LD_LIBRARY_PATH=/home/farah/ws_farah/install/controller_manager_msgs/lib:${LD_LIBRARY_PATH} PYTHONPATH=/home/farah/ws_farah/build/rqt_joint_trajectory_controller/prefix_override:/usr/lib/python3/dist-packages/colcon_core/task/python/colcon_distutils_commands:/home/farah/ws_farah/install/rqt_joint_trajectory_controller/lib/python3.10/site-packages:/home/farah/ws_farah/install/controller_manager_msgs/local/lib/python3.10/dist-packages:${PYTHONPATH} /usr/bin/python3 -W ignore:setup.py install is deprecated -W ignore:easy_install command is deprecated setup.py egg_info --egg-base ../../../build/rqt_joint_trajectory_controller build --build-base /home/farah/ws_farah/build/rqt_joint_trajectory_controller/build install --record /home/farah/ws_farah/build/rqt_joint_trajectory_controller/install.log --single-version-externally-managed install_data
[0.979s] running egg_info
[0.979s] creating ../../../build/rqt_joint_trajectory_controller/rqt_joint_trajectory_controller.egg-info
[0.997s] writing ../../../build/rqt_joint_trajectory_controller/rqt_joint_trajectory_controller.egg-info/PKG-INFO
[0.997s] writing dependency_links to ../../../build/rqt_joint_trajectory_controller/rqt_joint_trajectory_controller.egg-info/dependency_links.txt
[0.998s] writing entry points to ../../../build/rqt_joint_trajectory_controller/rqt_joint_trajectory_controller.egg-info/entry_points.txt
[0.998s] writing requirements to ../../../build/rqt_joint_trajectory_controller/rqt_joint_trajectory_controller.egg-info/requires.txt
[0.998s] writing top-level names to ../../../build/rqt_joint_trajectory_controller/rqt_joint_trajectory_controller.egg-info/top_level.txt
[0.998s] writing manifest file '../../../build/rqt_joint_trajectory_controller/rqt_joint_trajectory_controller.egg-info/SOURCES.txt'
[1.035s] reading manifest file '../../../build/rqt_joint_trajectory_controller/rqt_joint_trajectory_controller.egg-info/SOURCES.txt'
[1.036s] writing manifest file '../../../build/rqt_joint_trajectory_controller/rqt_joint_trajectory_controller.egg-info/SOURCES.txt'
[1.036s] running build
[1.036s] running build_py
[1.036s] creating /home/farah/ws_farah/build/rqt_joint_trajectory_controller/build
[1.037s] creating /home/farah/ws_farah/build/rqt_joint_trajectory_controller/build/lib
[1.037s] creating /home/farah/ws_farah/build/rqt_joint_trajectory_controller/build/lib/rqt_joint_trajectory_controller
[1.037s] copying rqt_joint_trajectory_controller/double_editor.py -> /home/farah/ws_farah/build/rqt_joint_trajectory_controller/build/lib/rqt_joint_trajectory_controller
[1.037s] copying rqt_joint_trajectory_controller/joint_trajectory_controller.py -> /home/farah/ws_farah/build/rqt_joint_trajectory_controller/build/lib/rqt_joint_trajectory_controller
[1.037s] copying rqt_joint_trajectory_controller/rqt_joint_trajectory_controller.py -> /home/farah/ws_farah/build/rqt_joint_trajectory_controller/build/lib/rqt_joint_trajectory_controller
[1.037s] copying rqt_joint_trajectory_controller/update_combo.py -> /home/farah/ws_farah/build/rqt_joint_trajectory_controller/build/lib/rqt_joint_trajectory_controller
[1.037s] copying rqt_joint_trajectory_controller/utils.py -> /home/farah/ws_farah/build/rqt_joint_trajectory_controller/build/lib/rqt_joint_trajectory_controller
[1.038s] copying rqt_joint_trajectory_controller/__init__.py -> /home/farah/ws_farah/build/rqt_joint_trajectory_controller/build/lib/rqt_joint_trajectory_controller
[1.038s] copying rqt_joint_trajectory_controller/joint_limits_urdf.py -> /home/farah/ws_farah/build/rqt_joint_trajectory_controller/build/lib/rqt_joint_trajectory_controller
[1.038s] running install
[1.043s] running install_lib
[1.062s] creating /home/farah/ws_farah/install/rqt_joint_trajectory_controller/lib/python3.10/site-packages/rqt_joint_trajectory_controller
[1.062s] copying /home/farah/ws_farah/build/rqt_joint_trajectory_controller/build/lib/rqt_joint_trajectory_controller/double_editor.py -> /home/farah/ws_farah/install/rqt_joint_trajectory_controller/lib/python3.10/site-packages/rqt_joint_trajectory_controller
[1.062s] copying /home/farah/ws_farah/build/rqt_joint_trajectory_controller/build/lib/rqt_joint_trajectory_controller/joint_trajectory_controller.py -> /home/farah/ws_farah/install/rqt_joint_trajectory_controller/lib/python3.10/site-packages/rqt_joint_trajectory_controller
[1.062s] copying /home/farah/ws_farah/build/rqt_joint_trajectory_controller/build/lib/rqt_joint_trajectory_controller/rqt_joint_trajectory_controller.py -> /home/farah/ws_farah/install/rqt_joint_trajectory_controller/lib/python3.10/site-packages/rqt_joint_trajectory_controller
[1.062s] copying /home/farah/ws_farah/build/rqt_joint_trajectory_controller/build/lib/rqt_joint_trajectory_controller/update_combo.py -> /home/farah/ws_farah/install/rqt_joint_trajectory_controller/lib/python3.10/site-packages/rqt_joint_trajectory_controller
[1.063s] copying /home/farah/ws_farah/build/rqt_joint_trajectory_controller/build/lib/rqt_joint_trajectory_controller/utils.py -> /home/farah/ws_farah/install/rqt_joint_trajectory_controller/lib/python3.10/site-packages/rqt_joint_trajectory_controller
[1.063s] copying /home/farah/ws_farah/build/rqt_joint_trajectory_controller/build/lib/rqt_joint_trajectory_controller/__init__.py -> /home/farah/ws_farah/install/rqt_joint_trajectory_controller/lib/python3.10/site-packages/rqt_joint_trajectory_controller
[1.063s] copying /home/farah/ws_farah/build/rqt_joint_trajectory_controller/build/lib/rqt_joint_trajectory_controller/joint_limits_urdf.py -> /home/farah/ws_farah/install/rqt_joint_trajectory_controller/lib/python3.10/site-packages/rqt_joint_trajectory_controller
[1.063s] byte-compiling /home/farah/ws_farah/install/rqt_joint_trajectory_controller/lib/python3.10/site-packages/rqt_joint_trajectory_controller/double_editor.py to double_editor.cpython-310.pyc
[1.064s] byte-compiling /home/farah/ws_farah/install/rqt_joint_trajectory_controller/lib/python3.10/site-packages/rqt_joint_trajectory_controller/joint_trajectory_controller.py to joint_trajectory_controller.cpython-310.pyc
[1.066s] byte-compiling /home/farah/ws_farah/install/rqt_joint_trajectory_controller/lib/python3.10/site-packages/rqt_joint_trajectory_controller/rqt_joint_trajectory_controller.py to rqt_joint_trajectory_controller.cpython-310.pyc
[1.066s] byte-compiling /home/farah/ws_farah/install/rqt_joint_trajectory_controller/lib/python3.10/site-packages/rqt_joint_trajectory_controller/update_combo.py to update_combo.cpython-310.pyc
[1.067s] byte-compiling /home/farah/ws_farah/install/rqt_joint_trajectory_controller/lib/python3.10/site-packages/rqt_joint_trajectory_controller/utils.py to utils.cpython-310.pyc
[1.068s] byte-compiling /home/farah/ws_farah/install/rqt_joint_trajectory_controller/lib/python3.10/site-packages/rqt_joint_trajectory_controller/__init__.py to __init__.cpython-310.pyc
[1.068s] byte-compiling /home/farah/ws_farah/install/rqt_joint_trajectory_controller/lib/python3.10/site-packages/rqt_joint_trajectory_controller/joint_limits_urdf.py to joint_limits_urdf.cpython-310.pyc
[1.069s] running install_data
[1.069s] creating /home/farah/ws_farah/install/rqt_joint_trajectory_controller/share/ament_index
[1.069s] creating /home/farah/ws_farah/install/rqt_joint_trajectory_controller/share/ament_index/resource_index
[1.069s] creating /home/farah/ws_farah/install/rqt_joint_trajectory_controller/share/ament_index/resource_index/packages
[1.069s] copying resource/rqt_joint_trajectory_controller -> /home/farah/ws_farah/install/rqt_joint_trajectory_controller/share/ament_index/resource_index/packages
[1.069s] copying package.xml -> /home/farah/ws_farah/install/rqt_joint_trajectory_controller/share/rqt_joint_trajectory_controller
[1.069s] creating /home/farah/ws_farah/install/rqt_joint_trajectory_controller/share/rqt_joint_trajectory_controller/resource
[1.070s] copying resource/double_editor.ui -> /home/farah/ws_farah/install/rqt_joint_trajectory_controller/share/rqt_joint_trajectory_controller/resource
[1.070s] copying resource/off.svg -> /home/farah/ws_farah/install/rqt_joint_trajectory_controller/share/rqt_joint_trajectory_controller/resource
[1.070s] copying resource/joint_trajectory_controller.ui -> /home/farah/ws_farah/install/rqt_joint_trajectory_controller/share/rqt_joint_trajectory_controller/resource
[1.070s] copying resource/on.svg -> /home/farah/ws_farah/install/rqt_joint_trajectory_controller/share/rqt_joint_trajectory_controller/resource
[1.070s] copying resource/scope.svg -> /home/farah/ws_farah/install/rqt_joint_trajectory_controller/share/rqt_joint_trajectory_controller/resource
[1.070s] copying resource/scope.png -> /home/farah/ws_farah/install/rqt_joint_trajectory_controller/share/rqt_joint_trajectory_controller/resource
[1.070s] copying plugin.xml -> /home/farah/ws_farah/install/rqt_joint_trajectory_controller/share/rqt_joint_trajectory_controller
[1.070s] running install_egg_info
[1.090s] Copying ../../../build/rqt_joint_trajectory_controller/rqt_joint_trajectory_controller.egg-info to /home/farah/ws_farah/install/rqt_joint_trajectory_controller/lib/python3.10/site-packages/rqt_joint_trajectory_controller-2.45.0-py3.10.egg-info
[1.090s] running install_scripts
[1.246s] Installing rqt_joint_trajectory_controller script to /home/farah/ws_farah/install/rqt_joint_trajectory_controller/lib/rqt_joint_trajectory_controller
[1.246s] writing list of installed files to '/home/farah/ws_farah/build/rqt_joint_trajectory_controller/install.log'
[1.267s] Invoked command in '/home/farah/ws_farah/src/ros2_controllers/rqt_joint_trajectory_controller' returned '0': AMENT_PREFIX_PATH=/home/farah/ws_farah/install/controller_manager_msgs:${AMENT_PREFIX_PATH} CMAKE_PREFIX_PATH=/home/farah/ws_farah/install/controller_manager_msgs LD_LIBRARY_PATH=/home/farah/ws_farah/install/controller_manager_msgs/lib:${LD_LIBRARY_PATH} PYTHONPATH=/home/farah/ws_farah/build/rqt_joint_trajectory_controller/prefix_override:/usr/lib/python3/dist-packages/colcon_core/task/python/colcon_distutils_commands:/home/farah/ws_farah/install/rqt_joint_trajectory_controller/lib/python3.10/site-packages:/home/farah/ws_farah/install/controller_manager_msgs/local/lib/python3.10/dist-packages:${PYTHONPATH} /usr/bin/python3 -W ignore:setup.py install is deprecated -W ignore:easy_install command is deprecated setup.py egg_info --egg-base ../../../build/rqt_joint_trajectory_controller build --build-base /home/farah/ws_farah/build/rqt_joint_trajectory_controller/build install --record /home/farah/ws_farah/build/rqt_joint_trajectory_controller/install.log --single-version-externally-managed install_data
