[0.015s] Invoking command in '/home/farah/ws_farah/build/ros2_control_demo_example_14': AMENT_PREFIX_PATH=/home/farah/ws_farah/install/joint_state_broadcaster:/home/farah/ws_farah/install/forward_command_controller:/home/farah/ws_farah/install/hardware_interface_testing:/home/farah/ws_farah/install/controller_interface:/home/farah/ws_farah/install/ros2controlcli:/home/farah/ws_farah/install/hardware_interface:/home/farah/ws_farah/install/ros2_controllers_test_nodes:/home/farah/ws_farah/install/ros2_control_test_assets:/home/farah/ws_farah/install/ros2_control_demo_description:/home/farah/ws_farah/install/controller_manager_msgs:${AMENT_PREFIX_PATH} CMAKE_PREFIX_PATH=/home/farah/ws_farah/install/joint_state_broadcaster:/home/farah/ws_farah/install/forward_command_controller:/home/farah/ws_farah/install/hardware_interface_testing:/home/farah/ws_farah/install/controller_interface:/home/farah/ws_farah/install/hardware_interface:/home/farah/ws_farah/install/ros2_control_test_assets:/home/farah/ws_farah/install/ros2_control_demo_description:/home/farah/ws_farah/install/controller_manager_msgs:/opt/ros/humble LD_LIBRARY_PATH=/home/farah/ws_farah/install/joint_state_broadcaster/lib:/home/farah/ws_farah/install/forward_command_controller/lib:/home/farah/ws_farah/install/hardware_interface_testing/lib:/home/farah/ws_farah/install/controller_interface/lib:/home/farah/ws_farah/install/hardware_interface/lib:/home/farah/ws_farah/install/controller_manager_msgs/lib:${LD_LIBRARY_PATH} PYTHONPATH=/home/farah/ws_farah/install/ros2controlcli/lib/python3.10/site-packages:/home/farah/ws_farah/install/ros2_controllers_test_nodes/lib/python3.10/site-packages:/home/farah/ws_farah/install/controller_manager_msgs/local/lib/python3.10/dist-packages:${PYTHONPATH} /usr/bin/cmake /home/farah/ws_farah/src/ros2_control_demos/example_14 -DCMAKE_INSTALL_PREFIX=/home/farah/ws_farah/install/ros2_control_demo_example_14
[0.065s] -- The CXX compiler identification is GNU 11.4.0
[0.072s] -- Detecting CXX compiler ABI info
[0.134s] -- Detecting CXX compiler ABI info - done
[0.140s] -- Check for working CXX compiler: /usr/bin/c++ - skipped
[0.140s] -- Detecting CXX compile features
[0.141s] -- Detecting CXX compile features - done
[0.145s] -- Found ament_cmake: 1.3.11 (/opt/ros/humble/share/ament_cmake/cmake)
[0.442s] -- Found Python3: /usr/bin/python3 (found version "3.10.12") found components: Interpreter 
[0.519s] -- Found hardware_interface: 2.50.0 (/home/farah/ws_farah/install/hardware_interface/share/hardware_interface/cmake)
[0.556s] -- Found rosidl_generator_c: 3.1.6 (/opt/ros/humble/share/rosidl_generator_c/cmake)
[0.561s] -- Found rosidl_adapter: 3.1.6 (/opt/ros/humble/share/rosidl_adapter/cmake)
[0.568s] -- Found rosidl_generator_cpp: 3.1.6 (/opt/ros/humble/share/rosidl_generator_cpp/cmake)
[0.579s] -- Using all available rosidl_typesupport_c: rosidl_typesupport_fastrtps_c;rosidl_typesupport_introspection_c
[0.594s] -- Using all available rosidl_typesupport_cpp: rosidl_typesupport_fastrtps_cpp;rosidl_typesupport_introspection_cpp
[0.790s] -- Found rmw_implementation_cmake: 6.1.2 (/opt/ros/humble/share/rmw_implementation_cmake/cmake)
[0.792s] -- Found rmw_fastrtps_cpp: 6.2.7 (/opt/ros/humble/share/rmw_fastrtps_cpp/cmake)
[0.815s] -- Found TinyXML2 via Config file: TinyXML2_DIR-NOTFOUND
[0.851s] -- Found OpenSSL: /usr/lib/x86_64-linux-gnu/libcrypto.so (found version "3.0.2")  
[0.853s] -- Found TinyXML2 via Config file: TinyXML2_DIR-NOTFOUND
[0.866s] -- Found FastRTPS: /opt/ros/humble/include  
[0.868s] -- Found TinyXML2 via Config file: TinyXML2_DIR-NOTFOUND
[0.875s] -- Found TinyXML2 via Config file: TinyXML2_DIR-NOTFOUND
[0.884s] -- Using RMW implementation 'rmw_fastrtps_cpp' as default
[0.891s] -- Looking for C++ include pthread.h
[0.979s] -- Looking for C++ include pthread.h - found
[0.980s] -- Performing Test CMAKE_HAVE_LIBC_PTHREAD
[1.068s] -- Performing Test CMAKE_HAVE_LIBC_PTHREAD - Success
[1.068s] -- Found Threads: TRUE  
[1.111s] -- Found realtime_tools: 2.13.0 (/opt/ros/humble/share/realtime_tools/cmake)
[1.130s] -- Found ament_cmake_pytest: 1.3.11 (/opt/ros/humble/share/ament_cmake_pytest/cmake)
[2.003s] -- Configuring done
[2.021s] -- Generating done
[2.025s] -- Build files have been written to: /home/farah/ws_farah/build/ros2_control_demo_example_14
[2.033s] Invoked command in '/home/farah/ws_farah/build/ros2_control_demo_example_14' returned '0': AMENT_PREFIX_PATH=/home/farah/ws_farah/install/joint_state_broadcaster:/home/farah/ws_farah/install/forward_command_controller:/home/farah/ws_farah/install/hardware_interface_testing:/home/farah/ws_farah/install/controller_interface:/home/farah/ws_farah/install/ros2controlcli:/home/farah/ws_farah/install/hardware_interface:/home/farah/ws_farah/install/ros2_controllers_test_nodes:/home/farah/ws_farah/install/ros2_control_test_assets:/home/farah/ws_farah/install/ros2_control_demo_description:/home/farah/ws_farah/install/controller_manager_msgs:${AMENT_PREFIX_PATH} CMAKE_PREFIX_PATH=/home/farah/ws_farah/install/joint_state_broadcaster:/home/farah/ws_farah/install/forward_command_controller:/home/farah/ws_farah/install/hardware_interface_testing:/home/farah/ws_farah/install/controller_interface:/home/farah/ws_farah/install/hardware_interface:/home/farah/ws_farah/install/ros2_control_test_assets:/home/farah/ws_farah/install/ros2_control_demo_description:/home/farah/ws_farah/install/controller_manager_msgs:/opt/ros/humble LD_LIBRARY_PATH=/home/farah/ws_farah/install/joint_state_broadcaster/lib:/home/farah/ws_farah/install/forward_command_controller/lib:/home/farah/ws_farah/install/hardware_interface_testing/lib:/home/farah/ws_farah/install/controller_interface/lib:/home/farah/ws_farah/install/hardware_interface/lib:/home/farah/ws_farah/install/controller_manager_msgs/lib:${LD_LIBRARY_PATH} PYTHONPATH=/home/farah/ws_farah/install/ros2controlcli/lib/python3.10/site-packages:/home/farah/ws_farah/install/ros2_controllers_test_nodes/lib/python3.10/site-packages:/home/farah/ws_farah/install/controller_manager_msgs/local/lib/python3.10/dist-packages:${PYTHONPATH} /usr/bin/cmake /home/farah/ws_farah/src/ros2_control_demos/example_14 -DCMAKE_INSTALL_PREFIX=/home/farah/ws_farah/install/ros2_control_demo_example_14
[2.034s] Invoking command in '/home/farah/ws_farah/build/ros2_control_demo_example_14': AMENT_PREFIX_PATH=/home/farah/ws_farah/install/joint_state_broadcaster:/home/farah/ws_farah/install/forward_command_controller:/home/farah/ws_farah/install/hardware_interface_testing:/home/farah/ws_farah/install/controller_interface:/home/farah/ws_farah/install/ros2controlcli:/home/farah/ws_farah/install/hardware_interface:/home/farah/ws_farah/install/ros2_controllers_test_nodes:/home/farah/ws_farah/install/ros2_control_test_assets:/home/farah/ws_farah/install/ros2_control_demo_description:/home/farah/ws_farah/install/controller_manager_msgs:${AMENT_PREFIX_PATH} CMAKE_PREFIX_PATH=/home/farah/ws_farah/install/joint_state_broadcaster:/home/farah/ws_farah/install/forward_command_controller:/home/farah/ws_farah/install/hardware_interface_testing:/home/farah/ws_farah/install/controller_interface:/home/farah/ws_farah/install/hardware_interface:/home/farah/ws_farah/install/ros2_control_test_assets:/home/farah/ws_farah/install/ros2_control_demo_description:/home/farah/ws_farah/install/controller_manager_msgs:/opt/ros/humble LD_LIBRARY_PATH=/home/farah/ws_farah/install/joint_state_broadcaster/lib:/home/farah/ws_farah/install/forward_command_controller/lib:/home/farah/ws_farah/install/hardware_interface_testing/lib:/home/farah/ws_farah/install/controller_interface/lib:/home/farah/ws_farah/install/hardware_interface/lib:/home/farah/ws_farah/install/controller_manager_msgs/lib:${LD_LIBRARY_PATH} PYTHONPATH=/home/farah/ws_farah/install/ros2controlcli/lib/python3.10/site-packages:/home/farah/ws_farah/install/ros2_controllers_test_nodes/lib/python3.10/site-packages:/home/farah/ws_farah/install/controller_manager_msgs/local/lib/python3.10/dist-packages:${PYTHONPATH} /usr/bin/cmake --build /home/farah/ws_farah/build/ros2_control_demo_example_14 -- -j8 -l8
[2.074s] [ 66%] [32mBuilding CXX object CMakeFiles/ros2_control_demo_example_14.dir/hardware/rrbot_sensor_for_position_feedback.cpp.o[0m
[2.074s] [ 66%] [32mBuilding CXX object CMakeFiles/ros2_control_demo_example_14.dir/hardware/rrbot_actuator_without_feedback.cpp.o[0m
[5.181s] [100%] [32m[1mLinking CXX shared library libros2_control_demo_example_14.so[0m
[5.397s] [100%] Built target ros2_control_demo_example_14
[5.406s] Invoked command in '/home/farah/ws_farah/build/ros2_control_demo_example_14' returned '0': AMENT_PREFIX_PATH=/home/farah/ws_farah/install/joint_state_broadcaster:/home/farah/ws_farah/install/forward_command_controller:/home/farah/ws_farah/install/hardware_interface_testing:/home/farah/ws_farah/install/controller_interface:/home/farah/ws_farah/install/ros2controlcli:/home/farah/ws_farah/install/hardware_interface:/home/farah/ws_farah/install/ros2_controllers_test_nodes:/home/farah/ws_farah/install/ros2_control_test_assets:/home/farah/ws_farah/install/ros2_control_demo_description:/home/farah/ws_farah/install/controller_manager_msgs:${AMENT_PREFIX_PATH} CMAKE_PREFIX_PATH=/home/farah/ws_farah/install/joint_state_broadcaster:/home/farah/ws_farah/install/forward_command_controller:/home/farah/ws_farah/install/hardware_interface_testing:/home/farah/ws_farah/install/controller_interface:/home/farah/ws_farah/install/hardware_interface:/home/farah/ws_farah/install/ros2_control_test_assets:/home/farah/ws_farah/install/ros2_control_demo_description:/home/farah/ws_farah/install/controller_manager_msgs:/opt/ros/humble LD_LIBRARY_PATH=/home/farah/ws_farah/install/joint_state_broadcaster/lib:/home/farah/ws_farah/install/forward_command_controller/lib:/home/farah/ws_farah/install/hardware_interface_testing/lib:/home/farah/ws_farah/install/controller_interface/lib:/home/farah/ws_farah/install/hardware_interface/lib:/home/farah/ws_farah/install/controller_manager_msgs/lib:${LD_LIBRARY_PATH} PYTHONPATH=/home/farah/ws_farah/install/ros2controlcli/lib/python3.10/site-packages:/home/farah/ws_farah/install/ros2_controllers_test_nodes/lib/python3.10/site-packages:/home/farah/ws_farah/install/controller_manager_msgs/local/lib/python3.10/dist-packages:${PYTHONPATH} /usr/bin/cmake --build /home/farah/ws_farah/build/ros2_control_demo_example_14 -- -j8 -l8
[5.407s] Invoking command in '/home/farah/ws_farah/build/ros2_control_demo_example_14': AMENT_PREFIX_PATH=/home/farah/ws_farah/install/joint_state_broadcaster:/home/farah/ws_farah/install/forward_command_controller:/home/farah/ws_farah/install/hardware_interface_testing:/home/farah/ws_farah/install/controller_interface:/home/farah/ws_farah/install/ros2controlcli:/home/farah/ws_farah/install/hardware_interface:/home/farah/ws_farah/install/ros2_controllers_test_nodes:/home/farah/ws_farah/install/ros2_control_test_assets:/home/farah/ws_farah/install/ros2_control_demo_description:/home/farah/ws_farah/install/controller_manager_msgs:${AMENT_PREFIX_PATH} CMAKE_PREFIX_PATH=/home/farah/ws_farah/install/joint_state_broadcaster:/home/farah/ws_farah/install/forward_command_controller:/home/farah/ws_farah/install/hardware_interface_testing:/home/farah/ws_farah/install/controller_interface:/home/farah/ws_farah/install/hardware_interface:/home/farah/ws_farah/install/ros2_control_test_assets:/home/farah/ws_farah/install/ros2_control_demo_description:/home/farah/ws_farah/install/controller_manager_msgs:/opt/ros/humble LD_LIBRARY_PATH=/home/farah/ws_farah/install/joint_state_broadcaster/lib:/home/farah/ws_farah/install/forward_command_controller/lib:/home/farah/ws_farah/install/hardware_interface_testing/lib:/home/farah/ws_farah/install/controller_interface/lib:/home/farah/ws_farah/install/hardware_interface/lib:/home/farah/ws_farah/install/controller_manager_msgs/lib:${LD_LIBRARY_PATH} PYTHONPATH=/home/farah/ws_farah/install/ros2controlcli/lib/python3.10/site-packages:/home/farah/ws_farah/install/ros2_controllers_test_nodes/lib/python3.10/site-packages:/home/farah/ws_farah/install/controller_manager_msgs/local/lib/python3.10/dist-packages:${PYTHONPATH} /usr/bin/cmake --install /home/farah/ws_farah/build/ros2_control_demo_example_14
[5.413s] -- Install configuration: ""
[5.413s] -- Installing: /home/farah/ws_farah/install/ros2_control_demo_example_14/share/ros2_control_demo_example_14/ros2_control_demo_example_14.xml
[5.413s] -- Installing: /home/farah/ws_farah/install/ros2_control_demo_example_14/include/ros2_control_demo_example_14
[5.413s] -- Installing: /home/farah/ws_farah/install/ros2_control_demo_example_14/include/ros2_control_demo_example_14/ros2_control_demo_example_14
[5.413s] -- Installing: /home/farah/ws_farah/install/ros2_control_demo_example_14/include/ros2_control_demo_example_14/ros2_control_demo_example_14/rrbot_actuator_without_feedback.hpp
[5.413s] -- Installing: /home/farah/ws_farah/install/ros2_control_demo_example_14/include/ros2_control_demo_example_14/ros2_control_demo_example_14/rrbot_sensor_for_position_feedback.hpp
[5.413s] -- Installing: /home/farah/ws_farah/install/ros2_control_demo_example_14/share/ros2_control_demo_example_14/launch
[5.413s] -- Installing: /home/farah/ws_farah/install/ros2_control_demo_example_14/share/ros2_control_demo_example_14/launch/view_robot.launch.py
[5.413s] -- Installing: /home/farah/ws_farah/install/ros2_control_demo_example_14/share/ros2_control_demo_example_14/ros2_control
[5.413s] -- Installing: /home/farah/ws_farah/install/ros2_control_demo_example_14/share/ros2_control_demo_example_14/ros2_control/rrbot_modular_actuators_without_feedback_sensors_for_position_feedback.ros2_control.xacro
[5.413s] -- Installing: /home/farah/ws_farah/install/ros2_control_demo_example_14/share/ros2_control_demo_example_14/urdf
[5.414s] -- Installing: /home/farah/ws_farah/install/ros2_control_demo_example_14/share/ros2_control_demo_example_14/urdf/rrbot_modular_actuators_without_feedback_sensors_for_position_feedback.urdf.xacro
[5.414s] -- Up-to-date: /home/farah/ws_farah/install/ros2_control_demo_example_14/share/ros2_control_demo_example_14/launch
[5.414s] -- Installing: /home/farah/ws_farah/install/ros2_control_demo_example_14/share/ros2_control_demo_example_14/launch/rrbot_modular_actuators_without_feedback_sensors_for_position_feedback.launch.py
[5.414s] -- Installing: /home/farah/ws_farah/install/ros2_control_demo_example_14/share/ros2_control_demo_example_14/config
[5.414s] -- Installing: /home/farah/ws_farah/install/ros2_control_demo_example_14/share/ros2_control_demo_example_14/config/rrbot_modular_actuators_without_feedback_sensors_for_position_feedback.yaml
[5.414s] -- Installing: /home/farah/ws_farah/install/ros2_control_demo_example_14/lib/libros2_control_demo_example_14.so
[5.414s] -- Set runtime path of "/home/farah/ws_farah/install/ros2_control_demo_example_14/lib/libros2_control_demo_example_14.so" to ""
[5.415s] -- Installing: /home/farah/ws_farah/install/ros2_control_demo_example_14/share/ros2_control_demo_example_14/environment/library_path.sh
[5.415s] -- Installing: /home/farah/ws_farah/install/ros2_control_demo_example_14/share/ros2_control_demo_example_14/environment/library_path.dsv
[5.415s] -- Installing: /home/farah/ws_farah/install/ros2_control_demo_example_14/share/ament_index/resource_index/package_run_dependencies/ros2_control_demo_example_14
[5.415s] -- Installing: /home/farah/ws_farah/install/ros2_control_demo_example_14/share/ament_index/resource_index/parent_prefix_path/ros2_control_demo_example_14
[5.415s] -- Installing: /home/farah/ws_farah/install/ros2_control_demo_example_14/share/ros2_control_demo_example_14/environment/ament_prefix_path.sh
[5.415s] -- Installing: /home/farah/ws_farah/install/ros2_control_demo_example_14/share/ros2_control_demo_example_14/environment/ament_prefix_path.dsv
[5.415s] -- Installing: /home/farah/ws_farah/install/ros2_control_demo_example_14/share/ros2_control_demo_example_14/environment/path.sh
[5.415s] -- Installing: /home/farah/ws_farah/install/ros2_control_demo_example_14/share/ros2_control_demo_example_14/environment/path.dsv
[5.415s] -- Installing: /home/farah/ws_farah/install/ros2_control_demo_example_14/share/ros2_control_demo_example_14/local_setup.bash
[5.415s] -- Installing: /home/farah/ws_farah/install/ros2_control_demo_example_14/share/ros2_control_demo_example_14/local_setup.sh
[5.415s] -- Installing: /home/farah/ws_farah/install/ros2_control_demo_example_14/share/ros2_control_demo_example_14/local_setup.zsh
[5.416s] -- Installing: /home/farah/ws_farah/install/ros2_control_demo_example_14/share/ros2_control_demo_example_14/local_setup.dsv
[5.416s] -- Installing: /home/farah/ws_farah/install/ros2_control_demo_example_14/share/ros2_control_demo_example_14/package.dsv
[5.416s] -- Installing: /home/farah/ws_farah/install/ros2_control_demo_example_14/share/ament_index/resource_index/packages/ros2_control_demo_example_14
[5.416s] -- Installing: /home/farah/ws_farah/install/ros2_control_demo_example_14/share/ament_index/resource_index/hardware_interface__pluginlib__plugin/ros2_control_demo_example_14
[5.416s] -- Installing: /home/farah/ws_farah/install/ros2_control_demo_example_14/share/ros2_control_demo_example_14/cmake/export_ros2_control_demo_example_14Export.cmake
[5.416s] -- Installing: /home/farah/ws_farah/install/ros2_control_demo_example_14/share/ros2_control_demo_example_14/cmake/export_ros2_control_demo_example_14Export-noconfig.cmake
[5.416s] -- Installing: /home/farah/ws_farah/install/ros2_control_demo_example_14/share/ros2_control_demo_example_14/cmake/ament_cmake_export_targets-extras.cmake
[5.416s] -- Installing: /home/farah/ws_farah/install/ros2_control_demo_example_14/share/ros2_control_demo_example_14/cmake/ament_cmake_export_dependencies-extras.cmake
[5.416s] -- Installing: /home/farah/ws_farah/install/ros2_control_demo_example_14/share/ros2_control_demo_example_14/cmake/ros2_control_demo_example_14Config.cmake
[5.416s] -- Installing: /home/farah/ws_farah/install/ros2_control_demo_example_14/share/ros2_control_demo_example_14/cmake/ros2_control_demo_example_14Config-version.cmake
[5.416s] -- Installing: /home/farah/ws_farah/install/ros2_control_demo_example_14/share/ros2_control_demo_example_14/package.xml
[5.418s] Invoked command in '/home/farah/ws_farah/build/ros2_control_demo_example_14' returned '0': AMENT_PREFIX_PATH=/home/farah/ws_farah/install/joint_state_broadcaster:/home/farah/ws_farah/install/forward_command_controller:/home/farah/ws_farah/install/hardware_interface_testing:/home/farah/ws_farah/install/controller_interface:/home/farah/ws_farah/install/ros2controlcli:/home/farah/ws_farah/install/hardware_interface:/home/farah/ws_farah/install/ros2_controllers_test_nodes:/home/farah/ws_farah/install/ros2_control_test_assets:/home/farah/ws_farah/install/ros2_control_demo_description:/home/farah/ws_farah/install/controller_manager_msgs:${AMENT_PREFIX_PATH} CMAKE_PREFIX_PATH=/home/farah/ws_farah/install/joint_state_broadcaster:/home/farah/ws_farah/install/forward_command_controller:/home/farah/ws_farah/install/hardware_interface_testing:/home/farah/ws_farah/install/controller_interface:/home/farah/ws_farah/install/hardware_interface:/home/farah/ws_farah/install/ros2_control_test_assets:/home/farah/ws_farah/install/ros2_control_demo_description:/home/farah/ws_farah/install/controller_manager_msgs:/opt/ros/humble LD_LIBRARY_PATH=/home/farah/ws_farah/install/joint_state_broadcaster/lib:/home/farah/ws_farah/install/forward_command_controller/lib:/home/farah/ws_farah/install/hardware_interface_testing/lib:/home/farah/ws_farah/install/controller_interface/lib:/home/farah/ws_farah/install/hardware_interface/lib:/home/farah/ws_farah/install/controller_manager_msgs/lib:${LD_LIBRARY_PATH} PYTHONPATH=/home/farah/ws_farah/install/ros2controlcli/lib/python3.10/site-packages:/home/farah/ws_farah/install/ros2_controllers_test_nodes/lib/python3.10/site-packages:/home/farah/ws_farah/install/controller_manager_msgs/local/lib/python3.10/dist-packages:${PYTHONPATH} /usr/bin/cmake --install /home/farah/ws_farah/build/ros2_control_demo_example_14
