[0.008s] Invoking command in '/home/farah/ws_farah/build/range_sensor_broadcaster': AMENT_PREFIX_PATH=/home/farah/ws_farah/install/hardware_interface_testing:/home/farah/ws_farah/install/controller_interface:/home/farah/ws_farah/install/hardware_interface:/home/farah/ws_farah/install/ros2_control_test_assets:${AMENT_PREFIX_PATH} CMAKE_PREFIX_PATH=/home/farah/ws_farah/install/hardware_interface_testing:/home/farah/ws_farah/install/controller_interface:/home/farah/ws_farah/install/hardware_interface:/home/farah/ws_farah/install/ros2_control_test_assets:/opt/ros/humble LD_LIBRARY_PATH=/home/farah/ws_farah/install/hardware_interface_testing/lib:/home/farah/ws_farah/install/controller_interface/lib:/home/farah/ws_farah/install/hardware_interface/lib:${LD_LIBRARY_PATH} /usr/bin/cmake /home/farah/ws_farah/src/ros2_controllers/range_sensor_broadcaster -DCMAKE_INSTALL_PREFIX=/home/farah/ws_farah/install/range_sensor_broadcaster
[0.048s] -- The C compiler identification is GNU 11.4.0
[0.092s] -- The CXX compiler identification is GNU 11.4.0
[0.097s] -- Detecting C compiler ABI info
[0.148s] -- Detecting C compiler ABI info - done
[0.154s] -- Check for working C compiler: /usr/bin/cc - skipped
[0.154s] -- Detecting C compile features
[0.155s] -- Detecting C compile features - done
[0.157s] -- Detecting CXX compiler ABI info
[0.217s] -- Detecting CXX compiler ABI info - done
[0.223s] -- Check for working CXX compiler: /usr/bin/c++ - skipped
[0.223s] -- Detecting CXX compile features
[0.224s] -- Detecting CXX compile features - done
[0.226s] -- Found ament_cmake: 1.3.11 (/opt/ros/humble/share/ament_cmake/cmake)
[0.524s] -- Found Python3: /usr/bin/python3 (found version "3.10.12") found components: Interpreter 
[0.602s] -- Found controller_interface: 2.50.0 (/home/farah/ws_farah/install/controller_interface/share/controller_interface/cmake)
[0.638s] -- Found rosidl_generator_c: 3.1.6 (/opt/ros/humble/share/rosidl_generator_c/cmake)
[0.643s] -- Found rosidl_adapter: 3.1.6 (/opt/ros/humble/share/rosidl_adapter/cmake)
[0.650s] -- Found rosidl_generator_cpp: 3.1.6 (/opt/ros/humble/share/rosidl_generator_cpp/cmake)
[0.661s] -- Using all available rosidl_typesupport_c: rosidl_typesupport_fastrtps_c;rosidl_typesupport_introspection_c
[0.675s] -- Using all available rosidl_typesupport_cpp: rosidl_typesupport_fastrtps_cpp;rosidl_typesupport_introspection_cpp
[0.855s] -- Found rmw_implementation_cmake: 6.1.2 (/opt/ros/humble/share/rmw_implementation_cmake/cmake)
[0.857s] -- Found rmw_fastrtps_cpp: 6.2.7 (/opt/ros/humble/share/rmw_fastrtps_cpp/cmake)
[0.880s] -- Found TinyXML2 via Config file: TinyXML2_DIR-NOTFOUND
[0.919s] -- Found OpenSSL: /usr/lib/x86_64-linux-gnu/libcrypto.so (found version "3.0.2")  
[0.921s] -- Found TinyXML2 via Config file: TinyXML2_DIR-NOTFOUND
[0.935s] -- Found FastRTPS: /opt/ros/humble/include  
[0.938s] -- Found TinyXML2 via Config file: TinyXML2_DIR-NOTFOUND
[0.945s] -- Found TinyXML2 via Config file: TinyXML2_DIR-NOTFOUND
[0.955s] -- Using RMW implementation 'rmw_fastrtps_cpp' as default
[0.962s] -- Looking for pthread.h
[1.058s] -- Looking for pthread.h - found
[1.058s] -- Performing Test CMAKE_HAVE_LIBC_PTHREAD
[1.147s] -- Performing Test CMAKE_HAVE_LIBC_PTHREAD - Success
[1.148s] -- Found Threads: TRUE  
[1.193s] -- Found generate_parameter_library: 0.4.0 (/opt/ros/humble/share/generate_parameter_library/cmake)
[1.195s] -- Found parameter_traits: 0.4.0 (/opt/ros/humble/share/parameter_traits/cmake)
[1.213s] -- Found realtime_tools: 2.13.0 (/opt/ros/humble/share/realtime_tools/cmake)
[1.238s] -- Found ament_cmake_gmock: 1.3.11 (/opt/ros/humble/share/ament_cmake_gmock/cmake)
[1.239s] -- Found controller_manager: 2.50.0 (/opt/ros/humble/share/controller_manager/cmake)
[1.261s] -- Found ros2_control_test_assets: 2.50.0 (/home/farah/ws_farah/install/ros2_control_test_assets/share/ros2_control_test_assets/cmake)
[1.264s] -- Found gmock sources under '/opt/ros/humble/src/gmock_vendor': C++ tests using 'Google Mock' will be built
[1.268s] -- Found ament_cmake_gtest: 1.3.11 (/opt/ros/humble/share/ament_cmake_gtest/cmake)
[1.269s] -- Found gtest sources under '/opt/ros/humble/src/gtest_vendor': C++ tests using 'Google Test' will be built
[1.291s] -- Found gmock sources under '/opt/ros/humble/src/gmock_vendor': C++ tests using 'Google Mock' will be built
[1.292s] -- Found ament_cmake_gtest: 1.3.11 (/opt/ros/humble/share/ament_cmake_gtest/cmake)
[1.292s] -- Found gtest sources under '/opt/ros/humble/src/gtest_vendor': C++ tests using 'Google Test' will be built
[1.363s] -- Configuring done
[1.428s] -- Generating done
[1.441s] -- Build files have been written to: /home/farah/ws_farah/build/range_sensor_broadcaster
[1.453s] Invoked command in '/home/farah/ws_farah/build/range_sensor_broadcaster' returned '0': AMENT_PREFIX_PATH=/home/farah/ws_farah/install/hardware_interface_testing:/home/farah/ws_farah/install/controller_interface:/home/farah/ws_farah/install/hardware_interface:/home/farah/ws_farah/install/ros2_control_test_assets:${AMENT_PREFIX_PATH} CMAKE_PREFIX_PATH=/home/farah/ws_farah/install/hardware_interface_testing:/home/farah/ws_farah/install/controller_interface:/home/farah/ws_farah/install/hardware_interface:/home/farah/ws_farah/install/ros2_control_test_assets:/opt/ros/humble LD_LIBRARY_PATH=/home/farah/ws_farah/install/hardware_interface_testing/lib:/home/farah/ws_farah/install/controller_interface/lib:/home/farah/ws_farah/install/hardware_interface/lib:${LD_LIBRARY_PATH} /usr/bin/cmake /home/farah/ws_farah/src/ros2_controllers/range_sensor_broadcaster -DCMAKE_INSTALL_PREFIX=/home/farah/ws_farah/install/range_sensor_broadcaster
[1.454s] Invoking command in '/home/farah/ws_farah/build/range_sensor_broadcaster': AMENT_PREFIX_PATH=/home/farah/ws_farah/install/hardware_interface_testing:/home/farah/ws_farah/install/controller_interface:/home/farah/ws_farah/install/hardware_interface:/home/farah/ws_farah/install/ros2_control_test_assets:${AMENT_PREFIX_PATH} CMAKE_PREFIX_PATH=/home/farah/ws_farah/install/hardware_interface_testing:/home/farah/ws_farah/install/controller_interface:/home/farah/ws_farah/install/hardware_interface:/home/farah/ws_farah/install/ros2_control_test_assets:/opt/ros/humble LD_LIBRARY_PATH=/home/farah/ws_farah/install/hardware_interface_testing/lib:/home/farah/ws_farah/install/controller_interface/lib:/home/farah/ws_farah/install/hardware_interface/lib:${LD_LIBRARY_PATH} /usr/bin/cmake --build /home/farah/ws_farah/build/range_sensor_broadcaster -- -j8 -l8
[1.497s] [ 27%] [32mBuilding CXX object gmock/CMakeFiles/gmock.dir/src/gmock-all.cc.o[0m
[1.497s] [ 27%] [32mBuilding CXX object gmock/CMakeFiles/gmock.dir/opt/ros/humble/src/gtest_vendor/src/gtest-all.cc.o[0m
[1.497s] [ 27%] [34m[1mRunning `/opt/ros/humble/bin/generate_parameter_library_cpp /home/farah/ws_farah/build/range_sensor_broadcaster/include/range_sensor_broadcaster/range_sensor_broadcaster_parameters.hpp /home/farah/ws_farah/src/ros2_controllers/range_sensor_broadcaster/src/range_sensor_broadcaster_parameters.yaml `[0m
[1.762s] [ 36%] [34m[1mCreating deprecated header file /home/farah/ws_farah/build/range_sensor_broadcaster/include/range_sensor_broadcaster_parameters.hpp[0m
[1.808s] [ 36%] Built target range_sensor_broadcaster_parameters
[1.829s] [ 45%] [32mBuilding CXX object CMakeFiles/range_sensor_broadcaster.dir/src/range_sensor_broadcaster.cpp.o[0m
[4.749s] [ 54%] [32m[1mLinking CXX static library libgmock.a[0m
[4.805s] [ 54%] Built target gmock
[6.239s] [ 63%] [32m[1mLinking CXX shared library librange_sensor_broadcaster.so[0m
[6.455s] [ 63%] Built target range_sensor_broadcaster
[6.471s] [ 81%] [32mBuilding CXX object CMakeFiles/test_load_range_sensor_broadcaster.dir/test/test_load_range_sensor_broadcaster.cpp.o[0m
[6.471s] [ 81%] [32mBuilding CXX object CMakeFiles/test_range_sensor_broadcaster.dir/test/test_range_sensor_broadcaster.cpp.o[0m
[11.049s] [ 90%] [32m[1mLinking CXX executable test_load_range_sensor_broadcaster[0m
[11.445s] [ 90%] Built target test_load_range_sensor_broadcaster
[15.201s] [100%] [32m[1mLinking CXX executable test_range_sensor_broadcaster[0m
[15.906s] [100%] Built target test_range_sensor_broadcaster
[15.914s] Invoked command in '/home/farah/ws_farah/build/range_sensor_broadcaster' returned '0': AMENT_PREFIX_PATH=/home/farah/ws_farah/install/hardware_interface_testing:/home/farah/ws_farah/install/controller_interface:/home/farah/ws_farah/install/hardware_interface:/home/farah/ws_farah/install/ros2_control_test_assets:${AMENT_PREFIX_PATH} CMAKE_PREFIX_PATH=/home/farah/ws_farah/install/hardware_interface_testing:/home/farah/ws_farah/install/controller_interface:/home/farah/ws_farah/install/hardware_interface:/home/farah/ws_farah/install/ros2_control_test_assets:/opt/ros/humble LD_LIBRARY_PATH=/home/farah/ws_farah/install/hardware_interface_testing/lib:/home/farah/ws_farah/install/controller_interface/lib:/home/farah/ws_farah/install/hardware_interface/lib:${LD_LIBRARY_PATH} /usr/bin/cmake --build /home/farah/ws_farah/build/range_sensor_broadcaster -- -j8 -l8
[15.915s] Invoking command in '/home/farah/ws_farah/build/range_sensor_broadcaster': AMENT_PREFIX_PATH=/home/farah/ws_farah/install/hardware_interface_testing:/home/farah/ws_farah/install/controller_interface:/home/farah/ws_farah/install/hardware_interface:/home/farah/ws_farah/install/ros2_control_test_assets:${AMENT_PREFIX_PATH} CMAKE_PREFIX_PATH=/home/farah/ws_farah/install/hardware_interface_testing:/home/farah/ws_farah/install/controller_interface:/home/farah/ws_farah/install/hardware_interface:/home/farah/ws_farah/install/ros2_control_test_assets:/opt/ros/humble LD_LIBRARY_PATH=/home/farah/ws_farah/install/hardware_interface_testing/lib:/home/farah/ws_farah/install/controller_interface/lib:/home/farah/ws_farah/install/hardware_interface/lib:${LD_LIBRARY_PATH} /usr/bin/cmake --install /home/farah/ws_farah/build/range_sensor_broadcaster
[15.921s] -- Install configuration: ""
[15.922s] -- Installing: /home/farah/ws_farah/install/range_sensor_broadcaster/include/range_sensor_broadcaster
[15.922s] -- Installing: /home/farah/ws_farah/install/range_sensor_broadcaster/include/range_sensor_broadcaster/range_sensor_broadcaster_parameters.hpp
[15.922s] -- Installing: /home/farah/ws_farah/install/range_sensor_broadcaster/share/range_sensor_broadcaster/range_sensor_broadcaster.xml
[15.922s] -- Up-to-date: /home/farah/ws_farah/install/range_sensor_broadcaster/include
[15.922s] -- Up-to-date: /home/farah/ws_farah/install/range_sensor_broadcaster/include/range_sensor_broadcaster
[15.922s] -- Installing: /home/farah/ws_farah/install/range_sensor_broadcaster/include/range_sensor_broadcaster/range_sensor_broadcaster.hpp
[15.922s] -- Installing: /home/farah/ws_farah/install/range_sensor_broadcaster/include/range_sensor_broadcaster/visibility_control.h
[15.922s] -- Installing: /home/farah/ws_farah/install/range_sensor_broadcaster/lib/librange_sensor_broadcaster.so
[15.924s] -- Set runtime path of "/home/farah/ws_farah/install/range_sensor_broadcaster/lib/librange_sensor_broadcaster.so" to ""
[15.924s] -- Installing: /home/farah/ws_farah/install/range_sensor_broadcaster/share/range_sensor_broadcaster/environment/library_path.sh
[15.924s] -- Installing: /home/farah/ws_farah/install/range_sensor_broadcaster/share/range_sensor_broadcaster/environment/library_path.dsv
[15.924s] -- Installing: /home/farah/ws_farah/install/range_sensor_broadcaster/share/ament_index/resource_index/package_run_dependencies/range_sensor_broadcaster
[15.924s] -- Installing: /home/farah/ws_farah/install/range_sensor_broadcaster/share/ament_index/resource_index/parent_prefix_path/range_sensor_broadcaster
[15.925s] -- Installing: /home/farah/ws_farah/install/range_sensor_broadcaster/share/range_sensor_broadcaster/environment/ament_prefix_path.sh
[15.925s] -- Installing: /home/farah/ws_farah/install/range_sensor_broadcaster/share/range_sensor_broadcaster/environment/ament_prefix_path.dsv
[15.925s] -- Installing: /home/farah/ws_farah/install/range_sensor_broadcaster/share/range_sensor_broadcaster/environment/path.sh
[15.925s] -- Installing: /home/farah/ws_farah/install/range_sensor_broadcaster/share/range_sensor_broadcaster/environment/path.dsv
[15.925s] -- Installing: /home/farah/ws_farah/install/range_sensor_broadcaster/share/range_sensor_broadcaster/local_setup.bash
[15.925s] -- Installing: /home/farah/ws_farah/install/range_sensor_broadcaster/share/range_sensor_broadcaster/local_setup.sh
[15.925s] -- Installing: /home/farah/ws_farah/install/range_sensor_broadcaster/share/range_sensor_broadcaster/local_setup.zsh
[15.925s] -- Installing: /home/farah/ws_farah/install/range_sensor_broadcaster/share/range_sensor_broadcaster/local_setup.dsv
[15.925s] -- Installing: /home/farah/ws_farah/install/range_sensor_broadcaster/share/range_sensor_broadcaster/package.dsv
[15.925s] -- Installing: /home/farah/ws_farah/install/range_sensor_broadcaster/share/ament_index/resource_index/packages/range_sensor_broadcaster
[15.925s] -- Installing: /home/farah/ws_farah/install/range_sensor_broadcaster/share/ament_index/resource_index/controller_interface__pluginlib__plugin/range_sensor_broadcaster
[15.926s] -- Installing: /home/farah/ws_farah/install/range_sensor_broadcaster/share/range_sensor_broadcaster/cmake/export_range_sensor_broadcasterExport.cmake
[15.926s] -- Installing: /home/farah/ws_farah/install/range_sensor_broadcaster/share/range_sensor_broadcaster/cmake/export_range_sensor_broadcasterExport-noconfig.cmake
[15.926s] -- Installing: /home/farah/ws_farah/install/range_sensor_broadcaster/share/range_sensor_broadcaster/cmake/ament_cmake_export_dependencies-extras.cmake
[15.926s] -- Installing: /home/farah/ws_farah/install/range_sensor_broadcaster/share/range_sensor_broadcaster/cmake/ament_cmake_export_targets-extras.cmake
[15.926s] -- Installing: /home/farah/ws_farah/install/range_sensor_broadcaster/share/range_sensor_broadcaster/cmake/range_sensor_broadcasterConfig.cmake
[15.926s] -- Installing: /home/farah/ws_farah/install/range_sensor_broadcaster/share/range_sensor_broadcaster/cmake/range_sensor_broadcasterConfig-version.cmake
[15.926s] -- Installing: /home/farah/ws_farah/install/range_sensor_broadcaster/share/range_sensor_broadcaster/package.xml
[15.928s] Invoked command in '/home/farah/ws_farah/build/range_sensor_broadcaster' returned '0': AMENT_PREFIX_PATH=/home/farah/ws_farah/install/hardware_interface_testing:/home/farah/ws_farah/install/controller_interface:/home/farah/ws_farah/install/hardware_interface:/home/farah/ws_farah/install/ros2_control_test_assets:${AMENT_PREFIX_PATH} CMAKE_PREFIX_PATH=/home/farah/ws_farah/install/hardware_interface_testing:/home/farah/ws_farah/install/controller_interface:/home/farah/ws_farah/install/hardware_interface:/home/farah/ws_farah/install/ros2_control_test_assets:/opt/ros/humble LD_LIBRARY_PATH=/home/farah/ws_farah/install/hardware_interface_testing/lib:/home/farah/ws_farah/install/controller_interface/lib:/home/farah/ws_farah/install/hardware_interface/lib:${LD_LIBRARY_PATH} /usr/bin/cmake --install /home/farah/ws_farah/build/range_sensor_broadcaster
