running egg_info
creating ../../../build/rqt_controller_manager/rqt_controller_manager.egg-info
writing ../../../build/rqt_controller_manager/rqt_controller_manager.egg-info/PKG-INFO
writing dependency_links to ../../../build/rqt_controller_manager/rqt_controller_manager.egg-info/dependency_links.txt
writing entry points to ../../../build/rqt_controller_manager/rqt_controller_manager.egg-info/entry_points.txt
writing requirements to ../../../build/rqt_controller_manager/rqt_controller_manager.egg-info/requires.txt
writing top-level names to ../../../build/rqt_controller_manager/rqt_controller_manager.egg-info/top_level.txt
writing manifest file '../../../build/rqt_controller_manager/rqt_controller_manager.egg-info/SOURCES.txt'
reading manifest file '../../../build/rqt_controller_manager/rqt_controller_manager.egg-info/SOURCES.txt'
writing manifest file '../../../build/rqt_controller_manager/rqt_controller_manager.egg-info/SOURCES.txt'
running build
running build_py
creating /home/farah/ws_farah/build/rqt_controller_manager/build
creating /home/farah/ws_farah/build/rqt_controller_manager/build/lib
creating /home/farah/ws_farah/build/rqt_controller_manager/build/lib/rqt_controller_manager
copying rqt_controller_manager/controller_manager.py -> /home/farah/ws_farah/build/rqt_controller_manager/build/lib/rqt_controller_manager
copying rqt_controller_manager/update_combo.py -> /home/farah/ws_farah/build/rqt_controller_manager/build/lib/rqt_controller_manager
copying rqt_controller_manager/__init__.py -> /home/farah/ws_farah/build/rqt_controller_manager/build/lib/rqt_controller_manager
copying rqt_controller_manager/main.py -> /home/farah/ws_farah/build/rqt_controller_manager/build/lib/rqt_controller_manager
running install
running install_lib
creating /home/farah/ws_farah/install/rqt_controller_manager/lib/python3.10/site-packages/rqt_controller_manager
copying /home/farah/ws_farah/build/rqt_controller_manager/build/lib/rqt_controller_manager/controller_manager.py -> /home/farah/ws_farah/install/rqt_controller_manager/lib/python3.10/site-packages/rqt_controller_manager
copying /home/farah/ws_farah/build/rqt_controller_manager/build/lib/rqt_controller_manager/update_combo.py -> /home/farah/ws_farah/install/rqt_controller_manager/lib/python3.10/site-packages/rqt_controller_manager
copying /home/farah/ws_farah/build/rqt_controller_manager/build/lib/rqt_controller_manager/__init__.py -> /home/farah/ws_farah/install/rqt_controller_manager/lib/python3.10/site-packages/rqt_controller_manager
copying /home/farah/ws_farah/build/rqt_controller_manager/build/lib/rqt_controller_manager/main.py -> /home/farah/ws_farah/install/rqt_controller_manager/lib/python3.10/site-packages/rqt_controller_manager
byte-compiling /home/farah/ws_farah/install/rqt_controller_manager/lib/python3.10/site-packages/rqt_controller_manager/controller_manager.py to controller_manager.cpython-310.pyc
byte-compiling /home/farah/ws_farah/install/rqt_controller_manager/lib/python3.10/site-packages/rqt_controller_manager/update_combo.py to update_combo.cpython-310.pyc
byte-compiling /home/farah/ws_farah/install/rqt_controller_manager/lib/python3.10/site-packages/rqt_controller_manager/__init__.py to __init__.cpython-310.pyc
byte-compiling /home/farah/ws_farah/install/rqt_controller_manager/lib/python3.10/site-packages/rqt_controller_manager/main.py to main.cpython-310.pyc
running install_data
creating /home/farah/ws_farah/install/rqt_controller_manager/share/ament_index
creating /home/farah/ws_farah/install/rqt_controller_manager/share/ament_index/resource_index
creating /home/farah/ws_farah/install/rqt_controller_manager/share/ament_index/resource_index/packages
copying resource/rqt_controller_manager -> /home/farah/ws_farah/install/rqt_controller_manager/share/ament_index/resource_index/packages
copying package.xml -> /home/farah/ws_farah/install/rqt_controller_manager/share/rqt_controller_manager
creating /home/farah/ws_farah/install/rqt_controller_manager/share/rqt_controller_manager/resource
copying resource/cm_icon.png -> /home/farah/ws_farah/install/rqt_controller_manager/share/rqt_controller_manager/resource
copying resource/popup_info.ui -> /home/farah/ws_farah/install/rqt_controller_manager/share/rqt_controller_manager/resource
copying resource/controller_manager.ui -> /home/farah/ws_farah/install/rqt_controller_manager/share/rqt_controller_manager/resource
copying resource/led_red.png -> /home/farah/ws_farah/install/rqt_controller_manager/share/rqt_controller_manager/resource
copying resource/led_off.png -> /home/farah/ws_farah/install/rqt_controller_manager/share/rqt_controller_manager/resource
copying resource/led_green.png -> /home/farah/ws_farah/install/rqt_controller_manager/share/rqt_controller_manager/resource
copying plugin.xml -> /home/farah/ws_farah/install/rqt_controller_manager/share/rqt_controller_manager
running install_egg_info
Copying ../../../build/rqt_controller_manager/rqt_controller_manager.egg-info to /home/farah/ws_farah/install/rqt_controller_manager/lib/python3.10/site-packages/rqt_controller_manager-2.50.0-py3.10.egg-info
running install_scripts
Installing rqt_controller_manager script to /home/farah/ws_farah/install/rqt_controller_manager/lib/rqt_controller_manager
writing list of installed files to '/home/farah/ws_farah/build/rqt_controller_manager/install.log'
