[0.781s] Invoking command in '/home/farah/ws_farah/src/ros2_control/rqt_controller_manager': AMENT_PREFIX_PATH=/home/farah/ws_farah/install/controller_manager_msgs:${AMENT_PREFIX_PATH} CMAKE_PREFIX_PATH=/home/farah/ws_farah/install/controller_manager_msgs LD_LIBRARY_PATH=/home/farah/ws_farah/install/controller_manager_msgs/lib:${LD_LIBRARY_PATH} PYTHONPATH=/home/farah/ws_farah/build/rqt_controller_manager/prefix_override:/usr/lib/python3/dist-packages/colcon_core/task/python/colcon_distutils_commands:/home/farah/ws_farah/install/rqt_controller_manager/lib/python3.10/site-packages:/home/farah/ws_farah/install/controller_manager_msgs/local/lib/python3.10/dist-packages:${PYTHONPATH} /usr/bin/python3 -W ignore:setup.py install is deprecated -W ignore:easy_install command is deprecated setup.py egg_info --egg-base ../../../build/rqt_controller_manager build --build-base /home/farah/ws_farah/build/rqt_controller_manager/build install --record /home/farah/ws_farah/build/rqt_controller_manager/install.log --single-version-externally-managed install_data
[1.023s] running egg_info
[1.023s] creating ../../../build/rqt_controller_manager/rqt_controller_manager.egg-info
[1.041s] writing ../../../build/rqt_controller_manager/rqt_controller_manager.egg-info/PKG-INFO
[1.041s] writing dependency_links to ../../../build/rqt_controller_manager/rqt_controller_manager.egg-info/dependency_links.txt
[1.041s] writing entry points to ../../../build/rqt_controller_manager/rqt_controller_manager.egg-info/entry_points.txt
[1.042s] writing requirements to ../../../build/rqt_controller_manager/rqt_controller_manager.egg-info/requires.txt
[1.042s] writing top-level names to ../../../build/rqt_controller_manager/rqt_controller_manager.egg-info/top_level.txt
[1.042s] writing manifest file '../../../build/rqt_controller_manager/rqt_controller_manager.egg-info/SOURCES.txt'
[1.080s] reading manifest file '../../../build/rqt_controller_manager/rqt_controller_manager.egg-info/SOURCES.txt'
[1.081s] writing manifest file '../../../build/rqt_controller_manager/rqt_controller_manager.egg-info/SOURCES.txt'
[1.081s] running build
[1.081s] running build_py
[1.081s] creating /home/farah/ws_farah/build/rqt_controller_manager/build
[1.081s] creating /home/farah/ws_farah/build/rqt_controller_manager/build/lib
[1.081s] creating /home/farah/ws_farah/build/rqt_controller_manager/build/lib/rqt_controller_manager
[1.081s] copying rqt_controller_manager/controller_manager.py -> /home/farah/ws_farah/build/rqt_controller_manager/build/lib/rqt_controller_manager
[1.082s] copying rqt_controller_manager/update_combo.py -> /home/farah/ws_farah/build/rqt_controller_manager/build/lib/rqt_controller_manager
[1.082s] copying rqt_controller_manager/__init__.py -> /home/farah/ws_farah/build/rqt_controller_manager/build/lib/rqt_controller_manager
[1.082s] copying rqt_controller_manager/main.py -> /home/farah/ws_farah/build/rqt_controller_manager/build/lib/rqt_controller_manager
[1.082s] running install
[1.087s] running install_lib
[1.107s] creating /home/farah/ws_farah/install/rqt_controller_manager/lib/python3.10/site-packages/rqt_controller_manager
[1.107s] copying /home/farah/ws_farah/build/rqt_controller_manager/build/lib/rqt_controller_manager/controller_manager.py -> /home/farah/ws_farah/install/rqt_controller_manager/lib/python3.10/site-packages/rqt_controller_manager
[1.107s] copying /home/farah/ws_farah/build/rqt_controller_manager/build/lib/rqt_controller_manager/update_combo.py -> /home/farah/ws_farah/install/rqt_controller_manager/lib/python3.10/site-packages/rqt_controller_manager
[1.107s] copying /home/farah/ws_farah/build/rqt_controller_manager/build/lib/rqt_controller_manager/__init__.py -> /home/farah/ws_farah/install/rqt_controller_manager/lib/python3.10/site-packages/rqt_controller_manager
[1.107s] copying /home/farah/ws_farah/build/rqt_controller_manager/build/lib/rqt_controller_manager/main.py -> /home/farah/ws_farah/install/rqt_controller_manager/lib/python3.10/site-packages/rqt_controller_manager
[1.108s] byte-compiling /home/farah/ws_farah/install/rqt_controller_manager/lib/python3.10/site-packages/rqt_controller_manager/controller_manager.py to controller_manager.cpython-310.pyc
[1.111s] byte-compiling /home/farah/ws_farah/install/rqt_controller_manager/lib/python3.10/site-packages/rqt_controller_manager/update_combo.py to update_combo.cpython-310.pyc
[1.111s] byte-compiling /home/farah/ws_farah/install/rqt_controller_manager/lib/python3.10/site-packages/rqt_controller_manager/__init__.py to __init__.cpython-310.pyc
[1.111s] byte-compiling /home/farah/ws_farah/install/rqt_controller_manager/lib/python3.10/site-packages/rqt_controller_manager/main.py to main.cpython-310.pyc
[1.111s] running install_data
[1.111s] creating /home/farah/ws_farah/install/rqt_controller_manager/share/ament_index
[1.111s] creating /home/farah/ws_farah/install/rqt_controller_manager/share/ament_index/resource_index
[1.112s] creating /home/farah/ws_farah/install/rqt_controller_manager/share/ament_index/resource_index/packages
[1.112s] copying resource/rqt_controller_manager -> /home/farah/ws_farah/install/rqt_controller_manager/share/ament_index/resource_index/packages
[1.112s] copying package.xml -> /home/farah/ws_farah/install/rqt_controller_manager/share/rqt_controller_manager
[1.112s] creating /home/farah/ws_farah/install/rqt_controller_manager/share/rqt_controller_manager/resource
[1.112s] copying resource/cm_icon.png -> /home/farah/ws_farah/install/rqt_controller_manager/share/rqt_controller_manager/resource
[1.112s] copying resource/popup_info.ui -> /home/farah/ws_farah/install/rqt_controller_manager/share/rqt_controller_manager/resource
[1.112s] copying resource/controller_manager.ui -> /home/farah/ws_farah/install/rqt_controller_manager/share/rqt_controller_manager/resource
[1.112s] copying resource/led_red.png -> /home/farah/ws_farah/install/rqt_controller_manager/share/rqt_controller_manager/resource
[1.113s] copying resource/led_off.png -> /home/farah/ws_farah/install/rqt_controller_manager/share/rqt_controller_manager/resource
[1.113s] copying resource/led_green.png -> /home/farah/ws_farah/install/rqt_controller_manager/share/rqt_controller_manager/resource
[1.113s] copying plugin.xml -> /home/farah/ws_farah/install/rqt_controller_manager/share/rqt_controller_manager
[1.113s] running install_egg_info
[1.132s] Copying ../../../build/rqt_controller_manager/rqt_controller_manager.egg-info to /home/farah/ws_farah/install/rqt_controller_manager/lib/python3.10/site-packages/rqt_controller_manager-2.50.0-py3.10.egg-info
[1.133s] running install_scripts
[1.291s] Installing rqt_controller_manager script to /home/farah/ws_farah/install/rqt_controller_manager/lib/rqt_controller_manager
[1.291s] writing list of installed files to '/home/farah/ws_farah/build/rqt_controller_manager/install.log'
[1.314s] Invoked command in '/home/farah/ws_farah/src/ros2_control/rqt_controller_manager' returned '0': AMENT_PREFIX_PATH=/home/farah/ws_farah/install/controller_manager_msgs:${AMENT_PREFIX_PATH} CMAKE_PREFIX_PATH=/home/farah/ws_farah/install/controller_manager_msgs LD_LIBRARY_PATH=/home/farah/ws_farah/install/controller_manager_msgs/lib:${LD_LIBRARY_PATH} PYTHONPATH=/home/farah/ws_farah/build/rqt_controller_manager/prefix_override:/usr/lib/python3/dist-packages/colcon_core/task/python/colcon_distutils_commands:/home/farah/ws_farah/install/rqt_controller_manager/lib/python3.10/site-packages:/home/farah/ws_farah/install/controller_manager_msgs/local/lib/python3.10/dist-packages:${PYTHONPATH} /usr/bin/python3 -W ignore:setup.py install is deprecated -W ignore:easy_install command is deprecated setup.py egg_info --egg-base ../../../build/rqt_controller_manager build --build-base /home/farah/ws_farah/build/rqt_controller_manager/build install --record /home/farah/ws_farah/build/rqt_controller_manager/install.log --single-version-externally-managed install_data
