[0.008s] Invoking command in '/home/farah/ws_farah/build/diff_drive_controller': AMENT_PREFIX_PATH=/home/farah/ws_farah/install/hardware_interface_testing:/home/farah/ws_farah/install/controller_interface:/home/farah/ws_farah/install/hardware_interface:/home/farah/ws_farah/install/ros2_control_test_assets:${AMENT_PREFIX_PATH} CMAKE_PREFIX_PATH=/home/farah/ws_farah/install/hardware_interface_testing:/home/farah/ws_farah/install/controller_interface:/home/farah/ws_farah/install/hardware_interface:/home/farah/ws_farah/install/ros2_control_test_assets:/opt/ros/humble LD_LIBRARY_PATH=/home/farah/ws_farah/install/hardware_interface_testing/lib:/home/farah/ws_farah/install/controller_interface/lib:/home/farah/ws_farah/install/hardware_interface/lib:${LD_LIBRARY_PATH} /usr/bin/cmake /home/farah/ws_farah/src/ros2_controllers/diff_drive_controller -DCMAKE_INSTALL_PREFIX=/home/farah/ws_farah/install/diff_drive_controller
[0.057s] -- The CXX compiler identification is GNU 11.4.0
[0.064s] -- Detecting CXX compiler ABI info
[0.126s] -- Detecting CXX compiler ABI info - done
[0.135s] -- Check for working CXX compiler: /usr/bin/c++ - skipped
[0.136s] -- Detecting CXX compile features
[0.136s] -- Detecting CXX compile features - done
[0.139s] -- Found ament_cmake: 1.3.11 (/opt/ros/humble/share/ament_cmake/cmake)
[0.449s] -- Found Python3: /usr/bin/python3 (found version "3.10.12") found components: Interpreter 
[0.528s] -- Found controller_interface: 2.50.0 (/home/farah/ws_farah/install/controller_interface/share/controller_interface/cmake)
[0.564s] -- Found rosidl_generator_c: 3.1.6 (/opt/ros/humble/share/rosidl_generator_c/cmake)
[0.568s] -- Found rosidl_adapter: 3.1.6 (/opt/ros/humble/share/rosidl_adapter/cmake)
[0.576s] -- Found rosidl_generator_cpp: 3.1.6 (/opt/ros/humble/share/rosidl_generator_cpp/cmake)
[0.586s] -- Using all available rosidl_typesupport_c: rosidl_typesupport_fastrtps_c;rosidl_typesupport_introspection_c
[0.600s] -- Using all available rosidl_typesupport_cpp: rosidl_typesupport_fastrtps_cpp;rosidl_typesupport_introspection_cpp
[0.787s] -- Found rmw_implementation_cmake: 6.1.2 (/opt/ros/humble/share/rmw_implementation_cmake/cmake)
[0.790s] -- Found rmw_fastrtps_cpp: 6.2.7 (/opt/ros/humble/share/rmw_fastrtps_cpp/cmake)
[0.812s] -- Found TinyXML2 via Config file: TinyXML2_DIR-NOTFOUND
[0.847s] -- Found OpenSSL: /usr/lib/x86_64-linux-gnu/libcrypto.so (found version "3.0.2")  
[0.850s] -- Found TinyXML2 via Config file: TinyXML2_DIR-NOTFOUND
[0.862s] -- Found FastRTPS: /opt/ros/humble/include  
[0.865s] -- Found TinyXML2 via Config file: TinyXML2_DIR-NOTFOUND
[0.872s] -- Found TinyXML2 via Config file: TinyXML2_DIR-NOTFOUND
[0.882s] -- Using RMW implementation 'rmw_fastrtps_cpp' as default
[0.890s] -- Looking for C++ include pthread.h
[0.978s] -- Looking for C++ include pthread.h - found
[0.978s] -- Performing Test CMAKE_HAVE_LIBC_PTHREAD
[1.068s] -- Performing Test CMAKE_HAVE_LIBC_PTHREAD - Success
[1.069s] -- Found Threads: TRUE  
[1.115s] -- Found generate_parameter_library: 0.4.0 (/opt/ros/humble/share/generate_parameter_library/cmake)
[1.117s] -- Found parameter_traits: 0.4.0 (/opt/ros/humble/share/parameter_traits/cmake)
[1.134s] -- Found nav_msgs: 4.8.0 (/opt/ros/humble/share/nav_msgs/cmake)
[1.150s] -- Found realtime_tools: 2.13.0 (/opt/ros/humble/share/realtime_tools/cmake)
[1.163s] -- Found tf2: 0.25.12 (/opt/ros/humble/share/tf2/cmake)
[1.168s] -- Found tf2_msgs: 0.25.12 (/opt/ros/humble/share/tf2_msgs/cmake)
[1.201s] -- Found ament_cmake_gmock: 1.3.11 (/opt/ros/humble/share/ament_cmake_gmock/cmake)
[1.203s] -- Found controller_manager: 2.50.0 (/opt/ros/humble/share/controller_manager/cmake)
[1.229s] -- Found ros2_control_test_assets: 2.50.0 (/home/farah/ws_farah/install/ros2_control_test_assets/share/ros2_control_test_assets/cmake)
[1.231s] -- Found gmock sources under '/opt/ros/humble/src/gmock_vendor': C++ tests using 'Google Mock' will be built
[1.265s] -- The C compiler identification is GNU 11.4.0
[1.272s] -- Detecting C compiler ABI info
[1.358s] -- Detecting C compiler ABI info - done
[1.365s] -- Check for working C compiler: /usr/bin/cc - skipped
[1.365s] -- Detecting C compile features
[1.365s] -- Detecting C compile features - done
[1.369s] -- Found ament_cmake_gtest: 1.3.11 (/opt/ros/humble/share/ament_cmake_gtest/cmake)
[1.370s] -- Found gtest sources under '/opt/ros/humble/src/gtest_vendor': C++ tests using 'Google Test' will be built
[1.454s] -- Configuring done
[1.515s] -- Generating done
[1.526s] -- Build files have been written to: /home/farah/ws_farah/build/diff_drive_controller
[1.539s] Invoked command in '/home/farah/ws_farah/build/diff_drive_controller' returned '0': AMENT_PREFIX_PATH=/home/farah/ws_farah/install/hardware_interface_testing:/home/farah/ws_farah/install/controller_interface:/home/farah/ws_farah/install/hardware_interface:/home/farah/ws_farah/install/ros2_control_test_assets:${AMENT_PREFIX_PATH} CMAKE_PREFIX_PATH=/home/farah/ws_farah/install/hardware_interface_testing:/home/farah/ws_farah/install/controller_interface:/home/farah/ws_farah/install/hardware_interface:/home/farah/ws_farah/install/ros2_control_test_assets:/opt/ros/humble LD_LIBRARY_PATH=/home/farah/ws_farah/install/hardware_interface_testing/lib:/home/farah/ws_farah/install/controller_interface/lib:/home/farah/ws_farah/install/hardware_interface/lib:${LD_LIBRARY_PATH} /usr/bin/cmake /home/farah/ws_farah/src/ros2_controllers/diff_drive_controller -DCMAKE_INSTALL_PREFIX=/home/farah/ws_farah/install/diff_drive_controller
[1.540s] Invoking command in '/home/farah/ws_farah/build/diff_drive_controller': AMENT_PREFIX_PATH=/home/farah/ws_farah/install/hardware_interface_testing:/home/farah/ws_farah/install/controller_interface:/home/farah/ws_farah/install/hardware_interface:/home/farah/ws_farah/install/ros2_control_test_assets:${AMENT_PREFIX_PATH} CMAKE_PREFIX_PATH=/home/farah/ws_farah/install/hardware_interface_testing:/home/farah/ws_farah/install/controller_interface:/home/farah/ws_farah/install/hardware_interface:/home/farah/ws_farah/install/ros2_control_test_assets:/opt/ros/humble LD_LIBRARY_PATH=/home/farah/ws_farah/install/hardware_interface_testing/lib:/home/farah/ws_farah/install/controller_interface/lib:/home/farah/ws_farah/install/hardware_interface/lib:${LD_LIBRARY_PATH} /usr/bin/cmake --build /home/farah/ws_farah/build/diff_drive_controller -- -j8 -l8
[1.580s] [ 13%] [34m[1mRunning `/opt/ros/humble/bin/generate_parameter_library_cpp /home/farah/ws_farah/build/diff_drive_controller/include/diff_drive_controller/diff_drive_controller_parameters.hpp /home/farah/ws_farah/src/ros2_controllers/diff_drive_controller/src/diff_drive_controller_parameter.yaml `[0m
[1.581s] [ 13%] [32mBuilding CXX object gmock/CMakeFiles/gmock.dir/opt/ros/humble/src/gtest_vendor/src/gtest-all.cc.o[0m
[1.582s] [ 20%] [32mBuilding CXX object gmock/CMakeFiles/gmock_main.dir/src/gmock_main.cc.o[0m
[1.583s] [ 26%] [32mBuilding CXX object gmock/CMakeFiles/gmock.dir/src/gmock-all.cc.o[0m
[2.593s] [ 33%] [34m[1mCreating deprecated header file /home/farah/ws_farah/build/diff_drive_controller/include/diff_drive_controller_parameters.hpp[0m
[2.638s] [ 33%] Built target diff_drive_controller_parameters
[2.660s] [ 40%] [32mBuilding CXX object CMakeFiles/diff_drive_controller.dir/src/diff_drive_controller.cpp.o[0m
[2.663s] [ 53%] [32mBuilding CXX object CMakeFiles/diff_drive_controller.dir/src/odometry.cpp.o[0m
[2.664s] [ 53%] [32mBuilding CXX object CMakeFiles/diff_drive_controller.dir/src/speed_limiter.cpp.o[0m
[3.017s] [ 60%] [32m[1mLinking CXX static library libgmock_main.a[0m
[3.069s] [ 60%] Built target gmock_main
[4.975s] [ 66%] [32m[1mLinking CXX static library libgmock.a[0m
[5.028s] [ 66%] Built target gmock
[5.045s] [ 73%] [32mBuilding CXX object CMakeFiles/test_load_diff_drive_controller.dir/test/test_load_diff_drive_controller.cpp.o[0m
[9.796s] [ 80%] [32m[1mLinking CXX executable test_load_diff_drive_controller[0m
[10.167s] [ 80%] Built target test_load_diff_drive_controller
[15.542s] [ 86%] [32m[1mLinking CXX shared library libdiff_drive_controller.so[0m
[16.288s] [ 86%] Built target diff_drive_controller
[16.305s] [ 93%] [32mBuilding CXX object CMakeFiles/test_diff_drive_controller.dir/test/test_diff_drive_controller.cpp.o[0m
[21.797s] [100%] [32m[1mLinking CXX executable test_diff_drive_controller[0m
[22.719s] [100%] Built target test_diff_drive_controller
[22.728s] Invoked command in '/home/farah/ws_farah/build/diff_drive_controller' returned '0': AMENT_PREFIX_PATH=/home/farah/ws_farah/install/hardware_interface_testing:/home/farah/ws_farah/install/controller_interface:/home/farah/ws_farah/install/hardware_interface:/home/farah/ws_farah/install/ros2_control_test_assets:${AMENT_PREFIX_PATH} CMAKE_PREFIX_PATH=/home/farah/ws_farah/install/hardware_interface_testing:/home/farah/ws_farah/install/controller_interface:/home/farah/ws_farah/install/hardware_interface:/home/farah/ws_farah/install/ros2_control_test_assets:/opt/ros/humble LD_LIBRARY_PATH=/home/farah/ws_farah/install/hardware_interface_testing/lib:/home/farah/ws_farah/install/controller_interface/lib:/home/farah/ws_farah/install/hardware_interface/lib:${LD_LIBRARY_PATH} /usr/bin/cmake --build /home/farah/ws_farah/build/diff_drive_controller -- -j8 -l8
[22.730s] Invoking command in '/home/farah/ws_farah/build/diff_drive_controller': AMENT_PREFIX_PATH=/home/farah/ws_farah/install/hardware_interface_testing:/home/farah/ws_farah/install/controller_interface:/home/farah/ws_farah/install/hardware_interface:/home/farah/ws_farah/install/ros2_control_test_assets:${AMENT_PREFIX_PATH} CMAKE_PREFIX_PATH=/home/farah/ws_farah/install/hardware_interface_testing:/home/farah/ws_farah/install/controller_interface:/home/farah/ws_farah/install/hardware_interface:/home/farah/ws_farah/install/ros2_control_test_assets:/opt/ros/humble LD_LIBRARY_PATH=/home/farah/ws_farah/install/hardware_interface_testing/lib:/home/farah/ws_farah/install/controller_interface/lib:/home/farah/ws_farah/install/hardware_interface/lib:${LD_LIBRARY_PATH} /usr/bin/cmake --install /home/farah/ws_farah/build/diff_drive_controller
[22.736s] -- Install configuration: ""
[22.736s] -- Installing: /home/farah/ws_farah/install/diff_drive_controller/include/diff_drive_controller
[22.736s] -- Installing: /home/farah/ws_farah/install/diff_drive_controller/include/diff_drive_controller/diff_drive_controller_parameters.hpp
[22.736s] -- Installing: /home/farah/ws_farah/install/diff_drive_controller/share/diff_drive_controller/diff_drive_plugin.xml
[22.736s] -- Up-to-date: /home/farah/ws_farah/install/diff_drive_controller/include/diff_drive_controller
[22.737s] -- Installing: /home/farah/ws_farah/install/diff_drive_controller/include/diff_drive_controller/diff_drive_controller
[22.737s] -- Installing: /home/farah/ws_farah/install/diff_drive_controller/include/diff_drive_controller/diff_drive_controller/diff_drive_controller.hpp
[22.737s] -- Installing: /home/farah/ws_farah/install/diff_drive_controller/include/diff_drive_controller/diff_drive_controller/odometry.hpp
[22.737s] -- Installing: /home/farah/ws_farah/install/diff_drive_controller/include/diff_drive_controller/diff_drive_controller/visibility_control.h
[22.737s] -- Installing: /home/farah/ws_farah/install/diff_drive_controller/include/diff_drive_controller/diff_drive_controller/speed_limiter.hpp
[22.737s] -- Installing: /home/farah/ws_farah/install/diff_drive_controller/lib/libdiff_drive_controller.so
[22.746s] -- Set runtime path of "/home/farah/ws_farah/install/diff_drive_controller/lib/libdiff_drive_controller.so" to ""
[22.746s] -- Installing: /home/farah/ws_farah/install/diff_drive_controller/share/diff_drive_controller/environment/library_path.sh
[22.746s] -- Installing: /home/farah/ws_farah/install/diff_drive_controller/share/diff_drive_controller/environment/library_path.dsv
[22.746s] -- Installing: /home/farah/ws_farah/install/diff_drive_controller/share/ament_index/resource_index/package_run_dependencies/diff_drive_controller
[22.746s] -- Installing: /home/farah/ws_farah/install/diff_drive_controller/share/ament_index/resource_index/parent_prefix_path/diff_drive_controller
[22.747s] -- Installing: /home/farah/ws_farah/install/diff_drive_controller/share/diff_drive_controller/environment/ament_prefix_path.sh
[22.747s] -- Installing: /home/farah/ws_farah/install/diff_drive_controller/share/diff_drive_controller/environment/ament_prefix_path.dsv
[22.747s] -- Installing: /home/farah/ws_farah/install/diff_drive_controller/share/diff_drive_controller/environment/path.sh
[22.747s] -- Installing: /home/farah/ws_farah/install/diff_drive_controller/share/diff_drive_controller/environment/path.dsv
[22.747s] -- Installing: /home/farah/ws_farah/install/diff_drive_controller/share/diff_drive_controller/local_setup.bash
[22.747s] -- Installing: /home/farah/ws_farah/install/diff_drive_controller/share/diff_drive_controller/local_setup.sh
[22.747s] -- Installing: /home/farah/ws_farah/install/diff_drive_controller/share/diff_drive_controller/local_setup.zsh
[22.747s] -- Installing: /home/farah/ws_farah/install/diff_drive_controller/share/diff_drive_controller/local_setup.dsv
[22.747s] -- Installing: /home/farah/ws_farah/install/diff_drive_controller/share/diff_drive_controller/package.dsv
[22.747s] -- Installing: /home/farah/ws_farah/install/diff_drive_controller/share/ament_index/resource_index/packages/diff_drive_controller
[22.748s] -- Installing: /home/farah/ws_farah/install/diff_drive_controller/share/ament_index/resource_index/controller_interface__pluginlib__plugin/diff_drive_controller
[22.748s] -- Installing: /home/farah/ws_farah/install/diff_drive_controller/share/diff_drive_controller/cmake/export_diff_drive_controllerExport.cmake
[22.748s] -- Installing: /home/farah/ws_farah/install/diff_drive_controller/share/diff_drive_controller/cmake/export_diff_drive_controllerExport-noconfig.cmake
[22.748s] -- Installing: /home/farah/ws_farah/install/diff_drive_controller/share/diff_drive_controller/cmake/ament_cmake_export_dependencies-extras.cmake
[22.748s] -- Installing: /home/farah/ws_farah/install/diff_drive_controller/share/diff_drive_controller/cmake/ament_cmake_export_targets-extras.cmake
[22.748s] -- Installing: /home/farah/ws_farah/install/diff_drive_controller/share/diff_drive_controller/cmake/diff_drive_controllerConfig.cmake
[22.748s] -- Installing: /home/farah/ws_farah/install/diff_drive_controller/share/diff_drive_controller/cmake/diff_drive_controllerConfig-version.cmake
[22.748s] -- Installing: /home/farah/ws_farah/install/diff_drive_controller/share/diff_drive_controller/package.xml
[22.750s] Invoked command in '/home/farah/ws_farah/build/diff_drive_controller' returned '0': AMENT_PREFIX_PATH=/home/farah/ws_farah/install/hardware_interface_testing:/home/farah/ws_farah/install/controller_interface:/home/farah/ws_farah/install/hardware_interface:/home/farah/ws_farah/install/ros2_control_test_assets:${AMENT_PREFIX_PATH} CMAKE_PREFIX_PATH=/home/farah/ws_farah/install/hardware_interface_testing:/home/farah/ws_farah/install/controller_interface:/home/farah/ws_farah/install/hardware_interface:/home/farah/ws_farah/install/ros2_control_test_assets:/opt/ros/humble LD_LIBRARY_PATH=/home/farah/ws_farah/install/hardware_interface_testing/lib:/home/farah/ws_farah/install/controller_interface/lib:/home/farah/ws_farah/install/hardware_interface/lib:${LD_LIBRARY_PATH} /usr/bin/cmake --install /home/farah/ws_farah/build/diff_drive_controller
