[0.010s] Invoking command in '/home/farah/ws_farah/build/position_controllers': AMENT_PREFIX_PATH=/home/farah/ws_farah/install/forward_command_controller:/home/farah/ws_farah/install/hardware_interface_testing:/home/farah/ws_farah/install/controller_interface:/home/farah/ws_farah/install/hardware_interface:/home/farah/ws_farah/install/ros2_control_test_assets:${AMENT_PREFIX_PATH} CMAKE_PREFIX_PATH=/home/farah/ws_farah/install/forward_command_controller:/home/farah/ws_farah/install/hardware_interface_testing:/home/farah/ws_farah/install/controller_interface:/home/farah/ws_farah/install/hardware_interface:/home/farah/ws_farah/install/ros2_control_test_assets:/opt/ros/humble LD_LIBRARY_PATH=/home/farah/ws_farah/install/forward_command_controller/lib:/home/farah/ws_farah/install/hardware_interface_testing/lib:/home/farah/ws_farah/install/controller_interface/lib:/home/farah/ws_farah/install/hardware_interface/lib:${LD_LIBRARY_PATH} /usr/bin/cmake /home/farah/ws_farah/src/ros2_controllers/position_controllers -DCMAKE_INSTALL_PREFIX=/home/farah/ws_farah/install/position_controllers
[0.060s] -- The CXX compiler identification is GNU 11.4.0
[0.065s] -- Detecting CXX compiler ABI info
[0.125s] -- Detecting CXX compiler ABI info - done
[0.132s] -- Check for working CXX compiler: /usr/bin/c++ - skipped
[0.132s] -- Detecting CXX compile features
[0.132s] -- Detecting CXX compile features - done
[0.134s] -- Found ament_cmake: 1.3.11 (/opt/ros/humble/share/ament_cmake/cmake)
[0.412s] -- Found Python3: /usr/bin/python3 (found version "3.10.12") found components: Interpreter 
[0.488s] -- Found forward_command_controller: 2.45.0 (/home/farah/ws_farah/install/forward_command_controller/share/forward_command_controller/cmake)
[0.532s] -- Found rosidl_generator_c: 3.1.6 (/opt/ros/humble/share/rosidl_generator_c/cmake)
[0.537s] -- Found rosidl_adapter: 3.1.6 (/opt/ros/humble/share/rosidl_adapter/cmake)
[0.544s] -- Found rosidl_generator_cpp: 3.1.6 (/opt/ros/humble/share/rosidl_generator_cpp/cmake)
[0.554s] -- Using all available rosidl_typesupport_c: rosidl_typesupport_fastrtps_c;rosidl_typesupport_introspection_c
[0.568s] -- Using all available rosidl_typesupport_cpp: rosidl_typesupport_fastrtps_cpp;rosidl_typesupport_introspection_cpp
[0.607s] -- Found rmw_implementation_cmake: 6.1.2 (/opt/ros/humble/share/rmw_implementation_cmake/cmake)
[0.609s] -- Found rmw_fastrtps_cpp: 6.2.7 (/opt/ros/humble/share/rmw_fastrtps_cpp/cmake)
[0.675s] -- Found OpenSSL: /usr/lib/x86_64-linux-gnu/libcrypto.so (found version "3.0.2")  
[0.698s] -- Found FastRTPS: /opt/ros/humble/include  
[0.733s] -- Using RMW implementation 'rmw_fastrtps_cpp' as default
[0.740s] -- Looking for C++ include pthread.h
[0.827s] -- Looking for C++ include pthread.h - found
[0.827s] -- Performing Test CMAKE_HAVE_LIBC_PTHREAD
[0.914s] -- Performing Test CMAKE_HAVE_LIBC_PTHREAD - Success
[0.915s] -- Found Threads: TRUE  
[1.135s] -- Found ament_cmake_gmock: 1.3.11 (/opt/ros/humble/share/ament_cmake_gmock/cmake)
[1.136s] -- Found controller_manager: 2.50.0 (/opt/ros/humble/share/controller_manager/cmake)
[1.156s] -- Found ros2_control_test_assets: 2.50.0 (/home/farah/ws_farah/install/ros2_control_test_assets/share/ros2_control_test_assets/cmake)
[1.159s] -- Found gmock sources under '/opt/ros/humble/src/gmock_vendor': C++ tests using 'Google Mock' will be built
[1.191s] -- The C compiler identification is GNU 11.4.0
[1.196s] -- Detecting C compiler ABI info
[1.269s] -- Detecting C compiler ABI info - done
[1.275s] -- Check for working C compiler: /usr/bin/cc - skipped
[1.275s] -- Detecting C compile features
[1.275s] -- Detecting C compile features - done
[1.279s] -- Found ament_cmake_gtest: 1.3.11 (/opt/ros/humble/share/ament_cmake_gtest/cmake)
[1.280s] -- Found gtest sources under '/opt/ros/humble/src/gtest_vendor': C++ tests using 'Google Test' will be built
[1.350s] -- Configuring done
[1.404s] -- Generating done
[1.414s] -- Build files have been written to: /home/farah/ws_farah/build/position_controllers
[1.425s] Invoked command in '/home/farah/ws_farah/build/position_controllers' returned '0': AMENT_PREFIX_PATH=/home/farah/ws_farah/install/forward_command_controller:/home/farah/ws_farah/install/hardware_interface_testing:/home/farah/ws_farah/install/controller_interface:/home/farah/ws_farah/install/hardware_interface:/home/farah/ws_farah/install/ros2_control_test_assets:${AMENT_PREFIX_PATH} CMAKE_PREFIX_PATH=/home/farah/ws_farah/install/forward_command_controller:/home/farah/ws_farah/install/hardware_interface_testing:/home/farah/ws_farah/install/controller_interface:/home/farah/ws_farah/install/hardware_interface:/home/farah/ws_farah/install/ros2_control_test_assets:/opt/ros/humble LD_LIBRARY_PATH=/home/farah/ws_farah/install/forward_command_controller/lib:/home/farah/ws_farah/install/hardware_interface_testing/lib:/home/farah/ws_farah/install/controller_interface/lib:/home/farah/ws_farah/install/hardware_interface/lib:${LD_LIBRARY_PATH} /usr/bin/cmake /home/farah/ws_farah/src/ros2_controllers/position_controllers -DCMAKE_INSTALL_PREFIX=/home/farah/ws_farah/install/position_controllers
[1.426s] Invoking command in '/home/farah/ws_farah/build/position_controllers': AMENT_PREFIX_PATH=/home/farah/ws_farah/install/forward_command_controller:/home/farah/ws_farah/install/hardware_interface_testing:/home/farah/ws_farah/install/controller_interface:/home/farah/ws_farah/install/hardware_interface:/home/farah/ws_farah/install/ros2_control_test_assets:${AMENT_PREFIX_PATH} CMAKE_PREFIX_PATH=/home/farah/ws_farah/install/forward_command_controller:/home/farah/ws_farah/install/hardware_interface_testing:/home/farah/ws_farah/install/controller_interface:/home/farah/ws_farah/install/hardware_interface:/home/farah/ws_farah/install/ros2_control_test_assets:/opt/ros/humble LD_LIBRARY_PATH=/home/farah/ws_farah/install/forward_command_controller/lib:/home/farah/ws_farah/install/hardware_interface_testing/lib:/home/farah/ws_farah/install/controller_interface/lib:/home/farah/ws_farah/install/hardware_interface/lib:${LD_LIBRARY_PATH} /usr/bin/cmake --build /home/farah/ws_farah/build/position_controllers -- -j8 -l8
[1.466s] [ 18%] [32mBuilding CXX object CMakeFiles/position_controllers.dir/src/joint_group_position_controller.cpp.o[0m
[1.466s] [ 18%] [32mBuilding CXX object gmock/CMakeFiles/gmock_main.dir/src/gmock_main.cc.o[0m
[1.468s] [ 27%] [32mBuilding CXX object gmock/CMakeFiles/gmock.dir/opt/ros/humble/src/gtest_vendor/src/gtest-all.cc.o[0m
[1.468s] [ 36%] [32mBuilding CXX object gmock/CMakeFiles/gmock.dir/src/gmock-all.cc.o[0m
[2.681s] [ 45%] [32m[1mLinking CXX static library libgmock_main.a[0m
[2.711s] [ 45%] Built target gmock_main
[4.514s] [ 54%] [32m[1mLinking CXX static library libgmock.a[0m
[4.577s] [ 54%] Built target gmock
[4.652s] [ 63%] [32m[1mLinking CXX shared library libposition_controllers.so[0m
[4.933s] [ 63%] Built target position_controllers
[4.952s] [ 81%] [32mBuilding CXX object CMakeFiles/test_joint_group_position_controller.dir/test/test_joint_group_position_controller.cpp.o[0m
[4.952s] [ 81%] [32mBuilding CXX object CMakeFiles/test_load_joint_group_position_controller.dir/test/test_load_joint_group_position_controller.cpp.o[0m
[9.374s] [ 90%] [32m[1mLinking CXX executable test_load_joint_group_position_controller[0m
[10.112s] [ 90%] Built target test_load_joint_group_position_controller
[10.453s] [100%] [32m[1mLinking CXX executable test_joint_group_position_controller[0m
[10.989s] [100%] Built target test_joint_group_position_controller
[10.998s] Invoked command in '/home/farah/ws_farah/build/position_controllers' returned '0': AMENT_PREFIX_PATH=/home/farah/ws_farah/install/forward_command_controller:/home/farah/ws_farah/install/hardware_interface_testing:/home/farah/ws_farah/install/controller_interface:/home/farah/ws_farah/install/hardware_interface:/home/farah/ws_farah/install/ros2_control_test_assets:${AMENT_PREFIX_PATH} CMAKE_PREFIX_PATH=/home/farah/ws_farah/install/forward_command_controller:/home/farah/ws_farah/install/hardware_interface_testing:/home/farah/ws_farah/install/controller_interface:/home/farah/ws_farah/install/hardware_interface:/home/farah/ws_farah/install/ros2_control_test_assets:/opt/ros/humble LD_LIBRARY_PATH=/home/farah/ws_farah/install/forward_command_controller/lib:/home/farah/ws_farah/install/hardware_interface_testing/lib:/home/farah/ws_farah/install/controller_interface/lib:/home/farah/ws_farah/install/hardware_interface/lib:${LD_LIBRARY_PATH} /usr/bin/cmake --build /home/farah/ws_farah/build/position_controllers -- -j8 -l8
[10.999s] Invoking command in '/home/farah/ws_farah/build/position_controllers': AMENT_PREFIX_PATH=/home/farah/ws_farah/install/forward_command_controller:/home/farah/ws_farah/install/hardware_interface_testing:/home/farah/ws_farah/install/controller_interface:/home/farah/ws_farah/install/hardware_interface:/home/farah/ws_farah/install/ros2_control_test_assets:${AMENT_PREFIX_PATH} CMAKE_PREFIX_PATH=/home/farah/ws_farah/install/forward_command_controller:/home/farah/ws_farah/install/hardware_interface_testing:/home/farah/ws_farah/install/controller_interface:/home/farah/ws_farah/install/hardware_interface:/home/farah/ws_farah/install/ros2_control_test_assets:/opt/ros/humble LD_LIBRARY_PATH=/home/farah/ws_farah/install/forward_command_controller/lib:/home/farah/ws_farah/install/hardware_interface_testing/lib:/home/farah/ws_farah/install/controller_interface/lib:/home/farah/ws_farah/install/hardware_interface/lib:${LD_LIBRARY_PATH} /usr/bin/cmake --install /home/farah/ws_farah/build/position_controllers
[11.006s] -- Install configuration: ""
[11.006s] -- Installing: /home/farah/ws_farah/install/position_controllers/share/position_controllers/position_controllers_plugins.xml
[11.007s] -- Installing: /home/farah/ws_farah/install/position_controllers/include/position_controllers
[11.007s] -- Installing: /home/farah/ws_farah/install/position_controllers/include/position_controllers/position_controllers
[11.007s] -- Installing: /home/farah/ws_farah/install/position_controllers/include/position_controllers/position_controllers/joint_group_position_controller.hpp
[11.007s] -- Installing: /home/farah/ws_farah/install/position_controllers/include/position_controllers/position_controllers/visibility_control.h
[11.007s] -- Installing: /home/farah/ws_farah/install/position_controllers/lib/libposition_controllers.so
[11.008s] -- Set runtime path of "/home/farah/ws_farah/install/position_controllers/lib/libposition_controllers.so" to ""
[11.008s] -- Installing: /home/farah/ws_farah/install/position_controllers/share/position_controllers/environment/library_path.sh
[11.008s] -- Installing: /home/farah/ws_farah/install/position_controllers/share/position_controllers/environment/library_path.dsv
[11.008s] -- Installing: /home/farah/ws_farah/install/position_controllers/share/ament_index/resource_index/package_run_dependencies/position_controllers
[11.008s] -- Installing: /home/farah/ws_farah/install/position_controllers/share/ament_index/resource_index/parent_prefix_path/position_controllers
[11.008s] -- Installing: /home/farah/ws_farah/install/position_controllers/share/position_controllers/environment/ament_prefix_path.sh
[11.008s] -- Installing: /home/farah/ws_farah/install/position_controllers/share/position_controllers/environment/ament_prefix_path.dsv
[11.008s] -- Installing: /home/farah/ws_farah/install/position_controllers/share/position_controllers/environment/path.sh
[11.008s] -- Installing: /home/farah/ws_farah/install/position_controllers/share/position_controllers/environment/path.dsv
[11.008s] -- Installing: /home/farah/ws_farah/install/position_controllers/share/position_controllers/local_setup.bash
[11.009s] -- Installing: /home/farah/ws_farah/install/position_controllers/share/position_controllers/local_setup.sh
[11.009s] -- Installing: /home/farah/ws_farah/install/position_controllers/share/position_controllers/local_setup.zsh
[11.009s] -- Installing: /home/farah/ws_farah/install/position_controllers/share/position_controllers/local_setup.dsv
[11.009s] -- Installing: /home/farah/ws_farah/install/position_controllers/share/position_controllers/package.dsv
[11.009s] -- Installing: /home/farah/ws_farah/install/position_controllers/share/ament_index/resource_index/packages/position_controllers
[11.009s] -- Installing: /home/farah/ws_farah/install/position_controllers/share/ament_index/resource_index/controller_interface__pluginlib__plugin/position_controllers
[11.009s] -- Installing: /home/farah/ws_farah/install/position_controllers/share/position_controllers/cmake/export_position_controllersExport.cmake
[11.009s] -- Installing: /home/farah/ws_farah/install/position_controllers/share/position_controllers/cmake/export_position_controllersExport-noconfig.cmake
[11.009s] -- Installing: /home/farah/ws_farah/install/position_controllers/share/position_controllers/cmake/ament_cmake_export_targets-extras.cmake
[11.010s] -- Installing: /home/farah/ws_farah/install/position_controllers/share/position_controllers/cmake/ament_cmake_export_dependencies-extras.cmake
[11.010s] -- Installing: /home/farah/ws_farah/install/position_controllers/share/position_controllers/cmake/position_controllersConfig.cmake
[11.010s] -- Installing: /home/farah/ws_farah/install/position_controllers/share/position_controllers/cmake/position_controllersConfig-version.cmake
[11.010s] -- Installing: /home/farah/ws_farah/install/position_controllers/share/position_controllers/package.xml
[11.012s] Invoked command in '/home/farah/ws_farah/build/position_controllers' returned '0': AMENT_PREFIX_PATH=/home/farah/ws_farah/install/forward_command_controller:/home/farah/ws_farah/install/hardware_interface_testing:/home/farah/ws_farah/install/controller_interface:/home/farah/ws_farah/install/hardware_interface:/home/farah/ws_farah/install/ros2_control_test_assets:${AMENT_PREFIX_PATH} CMAKE_PREFIX_PATH=/home/farah/ws_farah/install/forward_command_controller:/home/farah/ws_farah/install/hardware_interface_testing:/home/farah/ws_farah/install/controller_interface:/home/farah/ws_farah/install/hardware_interface:/home/farah/ws_farah/install/ros2_control_test_assets:/opt/ros/humble LD_LIBRARY_PATH=/home/farah/ws_farah/install/forward_command_controller/lib:/home/farah/ws_farah/install/hardware_interface_testing/lib:/home/farah/ws_farah/install/controller_interface/lib:/home/farah/ws_farah/install/hardware_interface/lib:${LD_LIBRARY_PATH} /usr/bin/cmake --install /home/farah/ws_farah/build/position_controllers
