[0.016s] Invoking command in '/home/farah/ws_farah/build/ros2_control_demo_example_1': AMENT_PREFIX_PATH=/home/farah/ws_farah/install/joint_trajectory_controller:/home/farah/ws_farah/install/joint_state_broadcaster:/home/farah/ws_farah/install/forward_command_controller:/home/farah/ws_farah/install/hardware_interface_testing:/home/farah/ws_farah/install/controller_interface:/home/farah/ws_farah/install/rqt_joint_trajectory_controller:/home/farah/ws_farah/install/ros2controlcli:/home/farah/ws_farah/install/hardware_interface:/home/farah/ws_farah/install/ros2_controllers_test_nodes:/home/farah/ws_farah/install/ros2_control_test_assets:/home/farah/ws_farah/install/ros2_control_demo_description:/home/farah/ws_farah/install/controller_manager_msgs:${AMENT_PREFIX_PATH} CMAKE_PREFIX_PATH=/home/farah/ws_farah/install/joint_trajectory_controller:/home/farah/ws_farah/install/joint_state_broadcaster:/home/farah/ws_farah/install/forward_command_controller:/home/farah/ws_farah/install/hardware_interface_testing:/home/farah/ws_farah/install/controller_interface:/home/farah/ws_farah/install/hardware_interface:/home/farah/ws_farah/install/ros2_control_test_assets:/home/farah/ws_farah/install/ros2_control_demo_description:/home/farah/ws_farah/install/controller_manager_msgs:/opt/ros/humble LD_LIBRARY_PATH=/home/farah/ws_farah/install/joint_trajectory_controller/lib:/home/farah/ws_farah/install/joint_state_broadcaster/lib:/home/farah/ws_farah/install/forward_command_controller/lib:/home/farah/ws_farah/install/hardware_interface_testing/lib:/home/farah/ws_farah/install/controller_interface/lib:/home/farah/ws_farah/install/hardware_interface/lib:/home/farah/ws_farah/install/controller_manager_msgs/lib:${LD_LIBRARY_PATH} PYTHONPATH=/home/farah/ws_farah/install/rqt_joint_trajectory_controller/lib/python3.10/site-packages:/home/farah/ws_farah/install/ros2controlcli/lib/python3.10/site-packages:/home/farah/ws_farah/install/ros2_controllers_test_nodes/lib/python3.10/site-packages:/home/farah/ws_farah/install/controller_manager_msgs/local/lib/python3.10/dist-packages:${PYTHONPATH} /usr/bin/cmake /home/farah/ws_farah/src/ros2_control_demos/example_1 -DCMAKE_INSTALL_PREFIX=/home/farah/ws_farah/install/ros2_control_demo_example_1
[0.067s] -- The CXX compiler identification is GNU 11.4.0
[0.073s] -- Detecting CXX compiler ABI info
[0.134s] -- Detecting CXX compiler ABI info - done
[0.140s] -- Check for working CXX compiler: /usr/bin/c++ - skipped
[0.140s] -- Detecting CXX compile features
[0.141s] -- Detecting CXX compile features - done
[0.145s] -- Found ament_cmake: 1.3.11 (/opt/ros/humble/share/ament_cmake/cmake)
[0.430s] -- Found Python3: /usr/bin/python3 (found version "3.10.12") found components: Interpreter 
[0.510s] -- Found hardware_interface: 2.50.0 (/home/farah/ws_farah/install/hardware_interface/share/hardware_interface/cmake)
[0.549s] -- Found rosidl_generator_c: 3.1.6 (/opt/ros/humble/share/rosidl_generator_c/cmake)
[0.553s] -- Found rosidl_adapter: 3.1.6 (/opt/ros/humble/share/rosidl_adapter/cmake)
[0.561s] -- Found rosidl_generator_cpp: 3.1.6 (/opt/ros/humble/share/rosidl_generator_cpp/cmake)
[0.572s] -- Using all available rosidl_typesupport_c: rosidl_typesupport_fastrtps_c;rosidl_typesupport_introspection_c
[0.588s] -- Using all available rosidl_typesupport_cpp: rosidl_typesupport_fastrtps_cpp;rosidl_typesupport_introspection_cpp
[0.775s] -- Found rmw_implementation_cmake: 6.1.2 (/opt/ros/humble/share/rmw_implementation_cmake/cmake)
[0.779s] -- Found rmw_fastrtps_cpp: 6.2.7 (/opt/ros/humble/share/rmw_fastrtps_cpp/cmake)
[0.803s] -- Found TinyXML2 via Config file: TinyXML2_DIR-NOTFOUND
[0.842s] -- Found OpenSSL: /usr/lib/x86_64-linux-gnu/libcrypto.so (found version "3.0.2")  
[0.844s] -- Found TinyXML2 via Config file: TinyXML2_DIR-NOTFOUND
[0.857s] -- Found FastRTPS: /opt/ros/humble/include  
[0.859s] -- Found TinyXML2 via Config file: TinyXML2_DIR-NOTFOUND
[0.867s] -- Found TinyXML2 via Config file: TinyXML2_DIR-NOTFOUND
[0.875s] -- Using RMW implementation 'rmw_fastrtps_cpp' as default
[0.884s] -- Looking for C++ include pthread.h
[0.970s] -- Looking for C++ include pthread.h - found
[0.970s] -- Performing Test CMAKE_HAVE_LIBC_PTHREAD
[1.056s] -- Performing Test CMAKE_HAVE_LIBC_PTHREAD - Success
[1.057s] -- Found Threads: TRUE  
[1.106s] -- Found ament_cmake_pytest: 1.3.11 (/opt/ros/humble/share/ament_cmake_pytest/cmake)
[2.229s] -- Configuring done
[2.248s] -- Generating done
[2.252s] -- Build files have been written to: /home/farah/ws_farah/build/ros2_control_demo_example_1
[2.259s] Invoked command in '/home/farah/ws_farah/build/ros2_control_demo_example_1' returned '0': AMENT_PREFIX_PATH=/home/farah/ws_farah/install/joint_trajectory_controller:/home/farah/ws_farah/install/joint_state_broadcaster:/home/farah/ws_farah/install/forward_command_controller:/home/farah/ws_farah/install/hardware_interface_testing:/home/farah/ws_farah/install/controller_interface:/home/farah/ws_farah/install/rqt_joint_trajectory_controller:/home/farah/ws_farah/install/ros2controlcli:/home/farah/ws_farah/install/hardware_interface:/home/farah/ws_farah/install/ros2_controllers_test_nodes:/home/farah/ws_farah/install/ros2_control_test_assets:/home/farah/ws_farah/install/ros2_control_demo_description:/home/farah/ws_farah/install/controller_manager_msgs:${AMENT_PREFIX_PATH} CMAKE_PREFIX_PATH=/home/farah/ws_farah/install/joint_trajectory_controller:/home/farah/ws_farah/install/joint_state_broadcaster:/home/farah/ws_farah/install/forward_command_controller:/home/farah/ws_farah/install/hardware_interface_testing:/home/farah/ws_farah/install/controller_interface:/home/farah/ws_farah/install/hardware_interface:/home/farah/ws_farah/install/ros2_control_test_assets:/home/farah/ws_farah/install/ros2_control_demo_description:/home/farah/ws_farah/install/controller_manager_msgs:/opt/ros/humble LD_LIBRARY_PATH=/home/farah/ws_farah/install/joint_trajectory_controller/lib:/home/farah/ws_farah/install/joint_state_broadcaster/lib:/home/farah/ws_farah/install/forward_command_controller/lib:/home/farah/ws_farah/install/hardware_interface_testing/lib:/home/farah/ws_farah/install/controller_interface/lib:/home/farah/ws_farah/install/hardware_interface/lib:/home/farah/ws_farah/install/controller_manager_msgs/lib:${LD_LIBRARY_PATH} PYTHONPATH=/home/farah/ws_farah/install/rqt_joint_trajectory_controller/lib/python3.10/site-packages:/home/farah/ws_farah/install/ros2controlcli/lib/python3.10/site-packages:/home/farah/ws_farah/install/ros2_controllers_test_nodes/lib/python3.10/site-packages:/home/farah/ws_farah/install/controller_manager_msgs/local/lib/python3.10/dist-packages:${PYTHONPATH} /usr/bin/cmake /home/farah/ws_farah/src/ros2_control_demos/example_1 -DCMAKE_INSTALL_PREFIX=/home/farah/ws_farah/install/ros2_control_demo_example_1
[2.261s] Invoking command in '/home/farah/ws_farah/build/ros2_control_demo_example_1': AMENT_PREFIX_PATH=/home/farah/ws_farah/install/joint_trajectory_controller:/home/farah/ws_farah/install/joint_state_broadcaster:/home/farah/ws_farah/install/forward_command_controller:/home/farah/ws_farah/install/hardware_interface_testing:/home/farah/ws_farah/install/controller_interface:/home/farah/ws_farah/install/rqt_joint_trajectory_controller:/home/farah/ws_farah/install/ros2controlcli:/home/farah/ws_farah/install/hardware_interface:/home/farah/ws_farah/install/ros2_controllers_test_nodes:/home/farah/ws_farah/install/ros2_control_test_assets:/home/farah/ws_farah/install/ros2_control_demo_description:/home/farah/ws_farah/install/controller_manager_msgs:${AMENT_PREFIX_PATH} CMAKE_PREFIX_PATH=/home/farah/ws_farah/install/joint_trajectory_controller:/home/farah/ws_farah/install/joint_state_broadcaster:/home/farah/ws_farah/install/forward_command_controller:/home/farah/ws_farah/install/hardware_interface_testing:/home/farah/ws_farah/install/controller_interface:/home/farah/ws_farah/install/hardware_interface:/home/farah/ws_farah/install/ros2_control_test_assets:/home/farah/ws_farah/install/ros2_control_demo_description:/home/farah/ws_farah/install/controller_manager_msgs:/opt/ros/humble LD_LIBRARY_PATH=/home/farah/ws_farah/install/joint_trajectory_controller/lib:/home/farah/ws_farah/install/joint_state_broadcaster/lib:/home/farah/ws_farah/install/forward_command_controller/lib:/home/farah/ws_farah/install/hardware_interface_testing/lib:/home/farah/ws_farah/install/controller_interface/lib:/home/farah/ws_farah/install/hardware_interface/lib:/home/farah/ws_farah/install/controller_manager_msgs/lib:${LD_LIBRARY_PATH} PYTHONPATH=/home/farah/ws_farah/install/rqt_joint_trajectory_controller/lib/python3.10/site-packages:/home/farah/ws_farah/install/ros2controlcli/lib/python3.10/site-packages:/home/farah/ws_farah/install/ros2_controllers_test_nodes/lib/python3.10/site-packages:/home/farah/ws_farah/install/controller_manager_msgs/local/lib/python3.10/dist-packages:${PYTHONPATH} /usr/bin/cmake --build /home/farah/ws_farah/build/ros2_control_demo_example_1 -- -j8 -l8
[2.302s] [ 50%] [32mBuilding CXX object CMakeFiles/ros2_control_demo_example_1.dir/hardware/rrbot.cpp.o[0m
[5.214s] [100%] [32m[1mLinking CXX shared library libros2_control_demo_example_1.so[0m
[5.388s] [100%] Built target ros2_control_demo_example_1
[5.397s] Invoked command in '/home/farah/ws_farah/build/ros2_control_demo_example_1' returned '0': AMENT_PREFIX_PATH=/home/farah/ws_farah/install/joint_trajectory_controller:/home/farah/ws_farah/install/joint_state_broadcaster:/home/farah/ws_farah/install/forward_command_controller:/home/farah/ws_farah/install/hardware_interface_testing:/home/farah/ws_farah/install/controller_interface:/home/farah/ws_farah/install/rqt_joint_trajectory_controller:/home/farah/ws_farah/install/ros2controlcli:/home/farah/ws_farah/install/hardware_interface:/home/farah/ws_farah/install/ros2_controllers_test_nodes:/home/farah/ws_farah/install/ros2_control_test_assets:/home/farah/ws_farah/install/ros2_control_demo_description:/home/farah/ws_farah/install/controller_manager_msgs:${AMENT_PREFIX_PATH} CMAKE_PREFIX_PATH=/home/farah/ws_farah/install/joint_trajectory_controller:/home/farah/ws_farah/install/joint_state_broadcaster:/home/farah/ws_farah/install/forward_command_controller:/home/farah/ws_farah/install/hardware_interface_testing:/home/farah/ws_farah/install/controller_interface:/home/farah/ws_farah/install/hardware_interface:/home/farah/ws_farah/install/ros2_control_test_assets:/home/farah/ws_farah/install/ros2_control_demo_description:/home/farah/ws_farah/install/controller_manager_msgs:/opt/ros/humble LD_LIBRARY_PATH=/home/farah/ws_farah/install/joint_trajectory_controller/lib:/home/farah/ws_farah/install/joint_state_broadcaster/lib:/home/farah/ws_farah/install/forward_command_controller/lib:/home/farah/ws_farah/install/hardware_interface_testing/lib:/home/farah/ws_farah/install/controller_interface/lib:/home/farah/ws_farah/install/hardware_interface/lib:/home/farah/ws_farah/install/controller_manager_msgs/lib:${LD_LIBRARY_PATH} PYTHONPATH=/home/farah/ws_farah/install/rqt_joint_trajectory_controller/lib/python3.10/site-packages:/home/farah/ws_farah/install/ros2controlcli/lib/python3.10/site-packages:/home/farah/ws_farah/install/ros2_controllers_test_nodes/lib/python3.10/site-packages:/home/farah/ws_farah/install/controller_manager_msgs/local/lib/python3.10/dist-packages:${PYTHONPATH} /usr/bin/cmake --build /home/farah/ws_farah/build/ros2_control_demo_example_1 -- -j8 -l8
[5.399s] Invoking command in '/home/farah/ws_farah/build/ros2_control_demo_example_1': AMENT_PREFIX_PATH=/home/farah/ws_farah/install/joint_trajectory_controller:/home/farah/ws_farah/install/joint_state_broadcaster:/home/farah/ws_farah/install/forward_command_controller:/home/farah/ws_farah/install/hardware_interface_testing:/home/farah/ws_farah/install/controller_interface:/home/farah/ws_farah/install/rqt_joint_trajectory_controller:/home/farah/ws_farah/install/ros2controlcli:/home/farah/ws_farah/install/hardware_interface:/home/farah/ws_farah/install/ros2_controllers_test_nodes:/home/farah/ws_farah/install/ros2_control_test_assets:/home/farah/ws_farah/install/ros2_control_demo_description:/home/farah/ws_farah/install/controller_manager_msgs:${AMENT_PREFIX_PATH} CMAKE_PREFIX_PATH=/home/farah/ws_farah/install/joint_trajectory_controller:/home/farah/ws_farah/install/joint_state_broadcaster:/home/farah/ws_farah/install/forward_command_controller:/home/farah/ws_farah/install/hardware_interface_testing:/home/farah/ws_farah/install/controller_interface:/home/farah/ws_farah/install/hardware_interface:/home/farah/ws_farah/install/ros2_control_test_assets:/home/farah/ws_farah/install/ros2_control_demo_description:/home/farah/ws_farah/install/controller_manager_msgs:/opt/ros/humble LD_LIBRARY_PATH=/home/farah/ws_farah/install/joint_trajectory_controller/lib:/home/farah/ws_farah/install/joint_state_broadcaster/lib:/home/farah/ws_farah/install/forward_command_controller/lib:/home/farah/ws_farah/install/hardware_interface_testing/lib:/home/farah/ws_farah/install/controller_interface/lib:/home/farah/ws_farah/install/hardware_interface/lib:/home/farah/ws_farah/install/controller_manager_msgs/lib:${LD_LIBRARY_PATH} PYTHONPATH=/home/farah/ws_farah/install/rqt_joint_trajectory_controller/lib/python3.10/site-packages:/home/farah/ws_farah/install/ros2controlcli/lib/python3.10/site-packages:/home/farah/ws_farah/install/ros2_controllers_test_nodes/lib/python3.10/site-packages:/home/farah/ws_farah/install/controller_manager_msgs/local/lib/python3.10/dist-packages:${PYTHONPATH} /usr/bin/cmake --install /home/farah/ws_farah/build/ros2_control_demo_example_1
[5.405s] -- Install configuration: ""
[5.406s] -- Installing: /home/farah/ws_farah/install/ros2_control_demo_example_1/share/ros2_control_demo_example_1/ros2_control_demo_example_1.xml
[5.406s] -- Installing: /home/farah/ws_farah/install/ros2_control_demo_example_1/include/ros2_control_demo_example_1
[5.406s] -- Installing: /home/farah/ws_farah/install/ros2_control_demo_example_1/include/ros2_control_demo_example_1/ros2_control_demo_example_1
[5.406s] -- Installing: /home/farah/ws_farah/install/ros2_control_demo_example_1/include/ros2_control_demo_example_1/ros2_control_demo_example_1/rrbot.hpp
[5.406s] -- Installing: /home/farah/ws_farah/install/ros2_control_demo_example_1/share/ros2_control_demo_example_1/launch
[5.406s] -- Installing: /home/farah/ws_farah/install/ros2_control_demo_example_1/share/ros2_control_demo_example_1/launch/view_robot.launch.py
[5.406s] -- Installing: /home/farah/ws_farah/install/ros2_control_demo_example_1/share/ros2_control_demo_example_1/ros2_control
[5.406s] -- Installing: /home/farah/ws_farah/install/ros2_control_demo_example_1/share/ros2_control_demo_example_1/ros2_control/rrbot.ros2_control.xacro
[5.406s] -- Installing: /home/farah/ws_farah/install/ros2_control_demo_example_1/share/ros2_control_demo_example_1/urdf
[5.406s] -- Installing: /home/farah/ws_farah/install/ros2_control_demo_example_1/share/ros2_control_demo_example_1/urdf/rrbot.urdf.xacro
[5.406s] -- Up-to-date: /home/farah/ws_farah/install/ros2_control_demo_example_1/share/ros2_control_demo_example_1/launch
[5.406s] -- Installing: /home/farah/ws_farah/install/ros2_control_demo_example_1/share/ros2_control_demo_example_1/launch/test_forward_position_controller.launch.py
[5.407s] -- Installing: /home/farah/ws_farah/install/ros2_control_demo_example_1/share/ros2_control_demo_example_1/launch/rrbot.launch.py
[5.407s] -- Installing: /home/farah/ws_farah/install/ros2_control_demo_example_1/share/ros2_control_demo_example_1/launch/test_joint_trajectory_controller.launch.py
[5.407s] -- Installing: /home/farah/ws_farah/install/ros2_control_demo_example_1/share/ros2_control_demo_example_1/config
[5.407s] -- Installing: /home/farah/ws_farah/install/ros2_control_demo_example_1/share/ros2_control_demo_example_1/config/rrbot_controllers.yaml
[5.407s] -- Installing: /home/farah/ws_farah/install/ros2_control_demo_example_1/share/ros2_control_demo_example_1/config/rrbot_joint_trajectory_publisher.yaml
[5.407s] -- Installing: /home/farah/ws_farah/install/ros2_control_demo_example_1/share/ros2_control_demo_example_1/config/rrbot_forward_position_publisher.yaml
[5.407s] -- Installing: /home/farah/ws_farah/install/ros2_control_demo_example_1/lib/libros2_control_demo_example_1.so
[5.407s] -- Set runtime path of "/home/farah/ws_farah/install/ros2_control_demo_example_1/lib/libros2_control_demo_example_1.so" to ""
[5.408s] -- Installing: /home/farah/ws_farah/install/ros2_control_demo_example_1/share/ros2_control_demo_example_1/environment/library_path.sh
[5.408s] -- Installing: /home/farah/ws_farah/install/ros2_control_demo_example_1/share/ros2_control_demo_example_1/environment/library_path.dsv
[5.408s] -- Installing: /home/farah/ws_farah/install/ros2_control_demo_example_1/share/ament_index/resource_index/package_run_dependencies/ros2_control_demo_example_1
[5.408s] -- Installing: /home/farah/ws_farah/install/ros2_control_demo_example_1/share/ament_index/resource_index/parent_prefix_path/ros2_control_demo_example_1
[5.408s] -- Installing: /home/farah/ws_farah/install/ros2_control_demo_example_1/share/ros2_control_demo_example_1/environment/ament_prefix_path.sh
[5.408s] -- Installing: /home/farah/ws_farah/install/ros2_control_demo_example_1/share/ros2_control_demo_example_1/environment/ament_prefix_path.dsv
[5.408s] -- Installing: /home/farah/ws_farah/install/ros2_control_demo_example_1/share/ros2_control_demo_example_1/environment/path.sh
[5.408s] -- Installing: /home/farah/ws_farah/install/ros2_control_demo_example_1/share/ros2_control_demo_example_1/environment/path.dsv
[5.408s] -- Installing: /home/farah/ws_farah/install/ros2_control_demo_example_1/share/ros2_control_demo_example_1/local_setup.bash
[5.408s] -- Installing: /home/farah/ws_farah/install/ros2_control_demo_example_1/share/ros2_control_demo_example_1/local_setup.sh
[5.408s] -- Installing: /home/farah/ws_farah/install/ros2_control_demo_example_1/share/ros2_control_demo_example_1/local_setup.zsh
[5.409s] -- Installing: /home/farah/ws_farah/install/ros2_control_demo_example_1/share/ros2_control_demo_example_1/local_setup.dsv
[5.409s] -- Installing: /home/farah/ws_farah/install/ros2_control_demo_example_1/share/ros2_control_demo_example_1/package.dsv
[5.409s] -- Installing: /home/farah/ws_farah/install/ros2_control_demo_example_1/share/ament_index/resource_index/packages/ros2_control_demo_example_1
[5.409s] -- Installing: /home/farah/ws_farah/install/ros2_control_demo_example_1/share/ament_index/resource_index/hardware_interface__pluginlib__plugin/ros2_control_demo_example_1
[5.409s] -- Installing: /home/farah/ws_farah/install/ros2_control_demo_example_1/share/ros2_control_demo_example_1/cmake/export_ros2_control_demo_example_1Export.cmake
[5.409s] -- Installing: /home/farah/ws_farah/install/ros2_control_demo_example_1/share/ros2_control_demo_example_1/cmake/export_ros2_control_demo_example_1Export-noconfig.cmake
[5.409s] -- Installing: /home/farah/ws_farah/install/ros2_control_demo_example_1/share/ros2_control_demo_example_1/cmake/ament_cmake_export_targets-extras.cmake
[5.409s] -- Installing: /home/farah/ws_farah/install/ros2_control_demo_example_1/share/ros2_control_demo_example_1/cmake/ament_cmake_export_dependencies-extras.cmake
[5.409s] -- Installing: /home/farah/ws_farah/install/ros2_control_demo_example_1/share/ros2_control_demo_example_1/cmake/ros2_control_demo_example_1Config.cmake
[5.409s] -- Installing: /home/farah/ws_farah/install/ros2_control_demo_example_1/share/ros2_control_demo_example_1/cmake/ros2_control_demo_example_1Config-version.cmake
[5.410s] -- Installing: /home/farah/ws_farah/install/ros2_control_demo_example_1/share/ros2_control_demo_example_1/package.xml
[5.412s] Invoked command in '/home/farah/ws_farah/build/ros2_control_demo_example_1' returned '0': AMENT_PREFIX_PATH=/home/farah/ws_farah/install/joint_trajectory_controller:/home/farah/ws_farah/install/joint_state_broadcaster:/home/farah/ws_farah/install/forward_command_controller:/home/farah/ws_farah/install/hardware_interface_testing:/home/farah/ws_farah/install/controller_interface:/home/farah/ws_farah/install/rqt_joint_trajectory_controller:/home/farah/ws_farah/install/ros2controlcli:/home/farah/ws_farah/install/hardware_interface:/home/farah/ws_farah/install/ros2_controllers_test_nodes:/home/farah/ws_farah/install/ros2_control_test_assets:/home/farah/ws_farah/install/ros2_control_demo_description:/home/farah/ws_farah/install/controller_manager_msgs:${AMENT_PREFIX_PATH} CMAKE_PREFIX_PATH=/home/farah/ws_farah/install/joint_trajectory_controller:/home/farah/ws_farah/install/joint_state_broadcaster:/home/farah/ws_farah/install/forward_command_controller:/home/farah/ws_farah/install/hardware_interface_testing:/home/farah/ws_farah/install/controller_interface:/home/farah/ws_farah/install/hardware_interface:/home/farah/ws_farah/install/ros2_control_test_assets:/home/farah/ws_farah/install/ros2_control_demo_description:/home/farah/ws_farah/install/controller_manager_msgs:/opt/ros/humble LD_LIBRARY_PATH=/home/farah/ws_farah/install/joint_trajectory_controller/lib:/home/farah/ws_farah/install/joint_state_broadcaster/lib:/home/farah/ws_farah/install/forward_command_controller/lib:/home/farah/ws_farah/install/hardware_interface_testing/lib:/home/farah/ws_farah/install/controller_interface/lib:/home/farah/ws_farah/install/hardware_interface/lib:/home/farah/ws_farah/install/controller_manager_msgs/lib:${LD_LIBRARY_PATH} PYTHONPATH=/home/farah/ws_farah/install/rqt_joint_trajectory_controller/lib/python3.10/site-packages:/home/farah/ws_farah/install/ros2controlcli/lib/python3.10/site-packages:/home/farah/ws_farah/install/ros2_controllers_test_nodes/lib/python3.10/site-packages:/home/farah/ws_farah/install/controller_manager_msgs/local/lib/python3.10/dist-packages:${PYTHONPATH} /usr/bin/cmake --install /home/farah/ws_farah/build/ros2_control_demo_example_1
